
> test:e2e
> jest --config ./test/jest-e2e.json solicitacoes-servico

[2026-03-16 14:20:24.475] [34mDEBUG[39m: [36mundefined - Query executada[39m
    [35menv[39m: "test"
    [35mservice[39m: "aupus-service-api"
    [35mcontext[39m: "Database"
    [35mquery[39m: "SELECT 1"
    [35mparams[39m: "[]"
    [35mduration[39m: 1
    [35mtarget[39m: "quaint::connector::metrics"
  console.warn
    ⏸️ [MQTT] DESABILITADO para instância: local-dev

    [0m [90m 73 |[39m     [90m// Modo DISABLED: Não conectar ao MQTT[39m
     [90m 74 |[39m     [36mif[39m (mqttMode [33m===[39m [32m'disabled'[39m) {
    [31m[1m>[22m[39m[90m 75 |[39m       console[33m.[39mwarn([32m`⏸️ [MQTT] DESABILITADO para instância: ${instanceId}`[39m)[33m;[39m
     [90m    |[39m               [31m[1m^[22m[39m
     [90m 76 |[39m       console[33m.[39mwarn([32m`⏸️ [MQTT] Dados MQTT NÃO serão processados nesta instância`[39m)[33m;[39m
     [90m 77 |[39m       console[33m.[39mwarn([32m`⏸️ [MQTT] Configure MQTT_MODE=development ou production para habilitar`[39m)[33m;[39m
     [90m 78 |[39m       [36mreturn[39m[33m;[39m[0m

      at MqttService.connect (../src/shared/mqtt/mqtt.service.ts:75:15)
      at MqttService.onModuleInit (../src/shared/mqtt/mqtt.service.ts:45:16)
      at MapIterator.iteratee (../node_modules/@nestjs/core/hooks/on-module-init.hook.js:22:43)
      at MapIterator.next (../node_modules/iterare/src/map.ts:9:39)
      at IteratorWithOperators.next (../node_modules/iterare/src/iterate.ts:19:28)
          at Function.from (<anonymous>)
      at IteratorWithOperators.toArray (../node_modules/iterare/src/iterate.ts:227:22)
      at callOperator (../node_modules/@nestjs/core/hooks/on-module-init.hook.js:23:10)
      at callModuleInitHook (../node_modules/@nestjs/core/hooks/on-module-init.hook.js:43:23)
      at Proxy.callInitHook (../node_modules/@nestjs/core/nest-application-context.js:242:50)
      at Proxy.init (../node_modules/@nestjs/core/nest-application.js:103:9)
      at Object.<anonymous> (solicitacoes-servico.e2e-spec.ts:28:5)

  console.warn
    ⏸️ [MQTT] Dados MQTT NÃO serão processados nesta instância

    [0m [90m 74 |[39m     [36mif[39m (mqttMode [33m===[39m [32m'disabled'[39m) {
     [90m 75 |[39m       console[33m.[39mwarn([32m`⏸️ [MQTT] DESABILITADO para instância: ${instanceId}`[39m)[33m;[39m
    [31m[1m>[22m[39m[90m 76 |[39m       console[33m.[39mwarn([32m`⏸️ [MQTT] Dados MQTT NÃO serão processados nesta instância`[39m)[33m;[39m
     [90m    |[39m               [31m[1m^[22m[39m
     [90m 77 |[39m       console[33m.[39mwarn([32m`⏸️ [MQTT] Configure MQTT_MODE=development ou production para habilitar`[39m)[33m;[39m
     [90m 78 |[39m       [36mreturn[39m[33m;[39m
     [90m 79 |[39m     }[0m

      at MqttService.connect (../src/shared/mqtt/mqtt.service.ts:76:15)
      at MqttService.onModuleInit (../src/shared/mqtt/mqtt.service.ts:45:16)
      at MapIterator.iteratee (../node_modules/@nestjs/core/hooks/on-module-init.hook.js:22:43)
      at MapIterator.next (../node_modules/iterare/src/map.ts:9:39)
      at IteratorWithOperators.next (../node_modules/iterare/src/iterate.ts:19:28)
          at Function.from (<anonymous>)
      at IteratorWithOperators.toArray (../node_modules/iterare/src/iterate.ts:227:22)
      at callOperator (../node_modules/@nestjs/core/hooks/on-module-init.hook.js:23:10)
      at callModuleInitHook (../node_modules/@nestjs/core/hooks/on-module-init.hook.js:43:23)
      at Proxy.callInitHook (../node_modules/@nestjs/core/nest-application-context.js:242:50)
      at Proxy.init (../node_modules/@nestjs/core/nest-application.js:103:9)
      at Object.<anonymous> (solicitacoes-servico.e2e-spec.ts:28:5)

  console.warn
    ⏸️ [MQTT] Configure MQTT_MODE=development ou production para habilitar

    [0m [90m 75 |[39m       console[33m.[39mwarn([32m`⏸️ [MQTT] DESABILITADO para instância: ${instanceId}`[39m)[33m;[39m
     [90m 76 |[39m       console[33m.[39mwarn([32m`⏸️ [MQTT] Dados MQTT NÃO serão processados nesta instância`[39m)[33m;[39m
    [31m[1m>[22m[39m[90m 77 |[39m       console[33m.[39mwarn([32m`⏸️ [MQTT] Configure MQTT_MODE=development ou production para habilitar`[39m)[33m;[39m
     [90m    |[39m               [31m[1m^[22m[39m
     [90m 78 |[39m       [36mreturn[39m[33m;[39m
     [90m 79 |[39m     }
     [90m 80 |[39m[0m

      at MqttService.connect (../src/shared/mqtt/mqtt.service.ts:77:15)
      at MqttService.onModuleInit (../src/shared/mqtt/mqtt.service.ts:45:16)
      at MapIterator.iteratee (../node_modules/@nestjs/core/hooks/on-module-init.hook.js:22:43)
      at MapIterator.next (../node_modules/iterare/src/map.ts:9:39)
      at IteratorWithOperators.next (../node_modules/iterare/src/iterate.ts:19:28)
          at Function.from (<anonymous>)
      at IteratorWithOperators.toArray (../node_modules/iterare/src/iterate.ts:227:22)
      at callOperator (../node_modules/@nestjs/core/hooks/on-module-init.hook.js:23:10)
      at callModuleInitHook (../node_modules/@nestjs/core/hooks/on-module-init.hook.js:43:23)
      at Proxy.callInitHook (../node_modules/@nestjs/core/nest-application-context.js:242:50)
      at Proxy.init (../node_modules/@nestjs/core/nest-application.js:103:9)
      at Object.<anonymous> (solicitacoes-servico.e2e-spec.ts:28:5)

[2026-03-16 14:20:24.570] [34mDEBUG[39m: [36mundefined - Query executada[39m
    [35menv[39m: "test"
    [35mservice[39m: "aupus-service-api"
    [35mcontext[39m: "Database"
    [35mquery[39m: "SELECT 1"
    [35mparams[39m: "[]"
    [35mduration[39m: 2
    [35mtarget[39m: "quaint::connector::metrics"
[2026-03-16 14:20:24.588] [34mDEBUG[39m: [36mundefined - Query executada[39m
    [35menv[39m: "test"
    [35mservice[39m: "aupus-service-api"
    [35mcontext[39m: "Database"
    [35mquery[39m: "SELECT \"public\".\"usuarios\".\"id\", \"public\".\"usuarios\".\"concessionaria_atual_id\", \"public\".\"usuarios\".\"organizacao_atual_id\", \"public\".\"usuarios\".\"nome\", \"public\".\"usuarios\".\"email\", \"public\".\"usuarios\".\"telefone\", \"public\".\"usuarios\".\"instagram\", \"public\".\"usuarios\".\"status\", \"public\".\"usuarios\".\"cpf_cnpj\", \"public\".\"usuarios\".\"cidade\", \"public\".\"usuarios\".\"estado\", \"public\".\"usuarios\".\"endereco\", \"public\".\"usuarios\".\"cep\", \"public\".\"usuarios\".\"deleted_by\", \"public\".\"usuarios\".\"senha\", \"public\".\"usuarios\".\"remember_token\", \"public\".\"usuarios\".\"deleted_at\", \"public\".\"usuarios\".\"created_at\", \"public\".\"usuarios\".\"updated_at\", \"public\".\"usuarios\".\"role\", \"public\".\"usuarios\".\"manager_id\", \"public\".\"usuarios\".\"is_active\", \"public\".\"usuarios\".\"pix\", \"public\".\"usuarios\".\"avatar_url\", \"public\".\"usuarios\".\"created_by\" FROM \"public\".\"usuarios\" WHERE \"public\".\"usuarios\".\"email\" = $1 LIMIT $2 OFFSET $3"
    [35mparams[39m: "[\"admin@email.com\",1,0]"
    [35mduration[39m: 2
    [35mtarget[39m: "quaint::connector::metrics"
[2026-03-16 14:20:24.595] [34mDEBUG[39m: [36mundefined - Query executada[39m
    [35menv[39m: "test"
    [35mservice[39m: "aupus-service-api"
    [35mcontext[39m: "Database"
    [35mquery[39m: "SELECT \"public\".\"plantas\".\"id\", \"public\".\"plantas\".\"nome\", \"public\".\"plantas\".\"cnpj\", \"public\".\"plantas\".\"localizacao\", \"public\".\"plantas\".\"horario_funcionamento\", \"public\".\"plantas\".\"logradouro\", \"public\".\"plantas\".\"bairro\", \"public\".\"plantas\".\"cidade\", \"public\".\"plantas\".\"uf\", \"public\".\"plantas\".\"cep\", \"public\".\"plantas\".\"proprietario_id\", \"public\".\"plantas\".\"created_at\", \"public\".\"plantas\".\"updated_at\", \"public\".\"plantas\".\"deleted_at\", \"public\".\"plantas\".\"numero_uc\" FROM \"public\".\"plantas\" WHERE 1=1 LIMIT $1 OFFSET $2"
    [35mparams[39m: "[1,0]"
    [35mduration[39m: 2
    [35mtarget[39m: "quaint::connector::metrics"
[2026-03-16 14:20:24.600] [34mDEBUG[39m: [36mundefined - Query executada[39m
    [35menv[39m: "test"
    [35mservice[39m: "aupus-service-api"
    [35mcontext[39m: "Database"
    [35mquery[39m: "SELECT \"public\".\"equipamentos\".\"id\", \"public\".\"equipamentos\".\"nome\", \"public\".\"equipamentos\".\"classificacao\", \"public\".\"equipamentos\".\"equipamento_pai_id\", \"public\".\"equipamentos\".\"fabricante\", \"public\".\"equipamentos\".\"modelo\", \"public\".\"equipamentos\".\"numero_serie\", \"public\".\"equipamentos\".\"criticidade\", \"public\".\"equipamentos\".\"tipo_equipamento\", \"public\".\"equipamentos\".\"em_operacao\", \"public\".\"equipamentos\".\"tipo_depreciacao\", \"public\".\"equipamentos\".\"data_imobilizacao\", \"public\".\"equipamentos\".\"data_instalacao\", \"public\".\"equipamentos\".\"valor_imobilizado\", \"public\".\"equipamentos\".\"valor_depreciacao\", \"public\".\"equipamentos\".\"valor_contabil\", \"public\".\"equipamentos\".\"vida_util\", \"public\".\"equipamentos\".\"fornecedor\", \"public\".\"equipamentos\".\"centro_custo\", \"public\".\"equipamentos\".\"plano_manutencao\", \"public\".\"equipamentos\".\"localizacao\", \"public\".\"equipamentos\".\"localizacao_especifica\", \"public\".\"equipamentos\".\"observacoes\", \"public\".\"equipamentos\".\"mcpse\", \"public\".\"equipamentos\".\"tuc\", \"public\".\"equipamentos\".\"a1\", \"public\".\"equipamentos\".\"a2\", \"public\".\"equipamentos\".\"a3\", \"public\".\"equipamentos\".\"a4\", \"public\".\"equipamentos\".\"a5\", \"public\".\"equipamentos\".\"a6\", \"public\".\"equipamentos\".\"created_at\", \"public\".\"equipamentos\".\"updated_at\", \"public\".\"equipamentos\".\"deleted_at\", \"public\".\"equipamentos\".\"planta_id\", \"public\".\"equipamentos\".\"proprietario_id\", \"public\".\"equipamentos\".\"diagrama_id\", \"public\".\"equipamentos\".\"posicao_x\", \"public\".\"equipamentos\".\"posicao_y\", \"public\".\"equipamentos\".\"rotacao\", \"public\".\"equipamentos\".\"status\", \"public\".\"equipamentos\".\"tag\", \"public\".\"equipamentos\".\"tipo_equipamento_id\", \"public\".\"equipamentos\".\"unidade_id\", \"public\".\"equipamentos\".\"mqtt_habilitado\", \"public\".\"equipamentos\".\"topico_mqtt\", \"public\".\"equipamentos\".\"label_position\", \"public\".\"equipamentos\".\"fabricante_custom\", \"public\".\"equipamentos\".\"label_offset_x\", \"public\".\"equipamentos\".\"label_offset_y\" FROM \"public\".\"equipamentos\" WHERE \"public\".\"equipamentos\".\"planta_id\" = $1 LIMIT $2 OFFSET $3"
    [35mparams[39m: "[\"cmhbyqh6e00012faox255dzla \",1,0]"
    [35mduration[39m: 2
    [35mtarget[39m: "quaint::connector::metrics"
[2026-03-16 14:20:24.645] [34mDEBUG[39m: [36mundefined - Query executada[39m
    [35menv[39m: "test"
    [35mservice[39m: "aupus-service-api"
    [35mcontext[39m: "Database"
    [35mquery[39m: "SELECT \"public\".\"usuarios\".\"id\", \"public\".\"usuarios\".\"concessionaria_atual_id\", \"public\".\"usuarios\".\"organizacao_atual_id\", \"public\".\"usuarios\".\"nome\", \"public\".\"usuarios\".\"email\", \"public\".\"usuarios\".\"telefone\", \"public\".\"usuarios\".\"instagram\", \"public\".\"usuarios\".\"status\", \"public\".\"usuarios\".\"cpf_cnpj\", \"public\".\"usuarios\".\"cidade\", \"public\".\"usuarios\".\"estado\", \"public\".\"usuarios\".\"endereco\", \"public\".\"usuarios\".\"cep\", \"public\".\"usuarios\".\"deleted_by\", \"public\".\"usuarios\".\"senha\", \"public\".\"usuarios\".\"remember_token\", \"public\".\"usuarios\".\"deleted_at\", \"public\".\"usuarios\".\"created_at\", \"public\".\"usuarios\".\"updated_at\", \"public\".\"usuarios\".\"role\", \"public\".\"usuarios\".\"manager_id\", \"public\".\"usuarios\".\"is_active\", \"public\".\"usuarios\".\"pix\", \"public\".\"usuarios\".\"avatar_url\", \"public\".\"usuarios\".\"created_by\" FROM \"public\".\"usuarios\" WHERE (\"public\".\"usuarios\".\"id\" = $1 AND \"public\".\"usuarios\".\"deleted_at\" IS NULL) LIMIT $2 OFFSET $3"
    [35mparams[39m: "[\"k6g72ojagrl415bsak6y68qi96\",1,0]"
    [35mduration[39m: 1
    [35mtarget[39m: "quaint::connector::metrics"
[2026-03-16 14:20:24.647] [34mDEBUG[39m: [36mundefined - Query executada[39m
    [35menv[39m: "test"
    [35mservice[39m: "aupus-service-api"
    [35mcontext[39m: "Database"
    [35mquery[39m: "SELECT \"public\".\"usuarios\".\"id\", \"public\".\"usuarios\".\"concessionaria_atual_id\", \"public\".\"usuarios\".\"organizacao_atual_id\", \"public\".\"usuarios\".\"nome\", \"public\".\"usuarios\".\"email\", \"public\".\"usuarios\".\"telefone\", \"public\".\"usuarios\".\"instagram\", \"public\".\"usuarios\".\"status\", \"public\".\"usuarios\".\"cpf_cnpj\", \"public\".\"usuarios\".\"cidade\", \"public\".\"usuarios\".\"estado\", \"public\".\"usuarios\".\"endereco\", \"public\".\"usuarios\".\"cep\", \"public\".\"usuarios\".\"deleted_by\", \"public\".\"usuarios\".\"senha\", \"public\".\"usuarios\".\"remember_token\", \"public\".\"usuarios\".\"deleted_at\", \"public\".\"usuarios\".\"created_at\", \"public\".\"usuarios\".\"updated_at\", \"public\".\"usuarios\".\"role\", \"public\".\"usuarios\".\"manager_id\", \"public\".\"usuarios\".\"is_active\", \"public\".\"usuarios\".\"pix\", \"public\".\"usuarios\".\"avatar_url\", \"public\".\"usuarios\".\"created_by\" FROM \"public\".\"usuarios\" WHERE (\"public\".\"usuarios\".\"id\" = $1 AND \"public\".\"usuarios\".\"deleted_at\" IS NULL) LIMIT $2 OFFSET $3"
    [35mparams[39m: "[\"k6g72ojagrl415bsak6y68qi96\",1,0]"
    [35mduration[39m: 0
    [35mtarget[39m: "quaint::connector::metrics"
[2026-03-16 14:20:24.651] [34mDEBUG[39m: [36mundefined - Query executada[39m
    [35menv[39m: "test"
    [35mservice[39m: "aupus-service-api"
    [35mcontext[39m: "Database"
    [35mquery[39m: "SELECT \"public\".\"model_has_roles\".\"role_id\", \"public\".\"model_has_roles\".\"model_id\", \"public\".\"model_has_roles\".\"model_type\" FROM \"public\".\"model_has_roles\" WHERE (\"public\".\"model_has_roles\".\"model_id\" = $1 AND \"public\".\"model_has_roles\".\"model_type\" = $2) LIMIT $3 OFFSET $4"
    [35mparams[39m: "[\"k6g72ojagrl415bsak6y68qi96\",\"App\Models\User\",1,0]"
    [35mduration[39m: 1
    [35mtarget[39m: "quaint::connector::metrics"
[2026-03-16 14:20:24.653] [34mDEBUG[39m: [36mundefined - Query executada[39m
    [35menv[39m: "test"
    [35mservice[39m: "aupus-service-api"
    [35mcontext[39m: "Database"
    [35mquery[39m: "SELECT \"public\".\"roles\".\"id\", \"public\".\"roles\".\"name\", \"public\".\"roles\".\"guard_name\", \"public\".\"roles\".\"created_at\", \"public\".\"roles\".\"updated_at\" FROM \"public\".\"roles\" WHERE \"public\".\"roles\".\"id\" IN ($1) OFFSET $2"
    [35mparams[39m: "[1,0]"
    [35mduration[39m: 2
    [35mtarget[39m: "quaint::connector::metrics"
[2026-03-16 14:20:24.655] [34mDEBUG[39m: [36mundefined - Query executada[39m
    [35menv[39m: "test"
    [35mservice[39m: "aupus-service-api"
    [35mcontext[39m: "Database"
    [35mquery[39m: "SELECT \"public\".\"role_has_permissions\".\"permission_id\", \"public\".\"role_has_permissions\".\"role_id\" FROM \"public\".\"role_has_permissions\" WHERE \"public\".\"role_has_permissions\".\"role_id\" IN ($1) OFFSET $2"
    [35mparams[39m: "[1,0]"
    [35mduration[39m: 2
    [35mtarget[39m: "quaint::connector::metrics"
[2026-03-16 14:20:24.657] [34mDEBUG[39m: [36mundefined - Query executada[39m
    [35menv[39m: "test"
    [35mservice[39m: "aupus-service-api"
    [35mcontext[39m: "Database"
    [35mquery[39m: "SELECT \"public\".\"permissions\".\"id\", \"public\".\"permissions\".\"name\", \"public\".\"permissions\".\"guard_name\", \"public\".\"permissions\".\"created_at\", \"public\".\"permissions\".\"updated_at\", \"public\".\"permissions\".\"display_name\", \"public\".\"permissions\".\"description\" FROM \"public\".\"permissions\" WHERE \"public\".\"permissions\".\"id\" IN ($1,$2,$3,$4,$5,$6,$7,$8,$9,$10,$11,$12,$13,$14,$15,$16,$17,$18,$19,$20,$21,$22) OFFSET $23"
    [35mparams[39m: "[1,2,3,4,5,6,7,8,9,10,11,12,13,14,15,16,17,18,19,20,21,22,0]"
    [35mduration[39m: 2
    [35mtarget[39m: "quaint::connector::metrics"
[2026-03-16 14:20:24.661] [34mDEBUG[39m: [36mundefined - Query executada[39m
    [35menv[39m: "test"
    [35mservice[39m: "aupus-service-api"
    [35mcontext[39m: "Database"
    [35mquery[39m: "SELECT \"public\".\"model_has_permissions\".\"permission_id\", \"public\".\"model_has_permissions\".\"model_id\", \"public\".\"model_has_permissions\".\"model_type\" FROM \"public\".\"model_has_permissions\" WHERE (\"public\".\"model_has_permissions\".\"model_id\" = $1 AND \"public\".\"model_has_permissions\".\"model_type\" = $2) OFFSET $3"
    [35mparams[39m: "[\"k6g72ojagrl415bsak6y68qi96\",\"App\Models\User\",0]"
    [35mduration[39m: 1
    [35mtarget[39m: "quaint::connector::metrics"
[2026-03-16 14:20:24.670] [34mDEBUG[39m: [36mundefined - Query executada[39m
    [35menv[39m: "test"
    [35mservice[39m: "aupus-service-api"
    [35mcontext[39m: "Database"
    [35mquery[39m: "BEGIN"
    [35mparams[39m: "[]"
    [35mduration[39m: 0
    [35mtarget[39m: "quaint::connector::metrics"
[2026-03-16 14:20:24.686] [34mDEBUG[39m: [36mundefined - Query executada[39m
    [35menv[39m: "test"
    [35mservice[39m: "aupus-service-api"
    [35mcontext[39m: "Database"
    [35mquery[39m: "SELECT \"public\".\"solicitacoes_servico\".\"id\", \"public\".\"solicitacoes_servico\".\"numero\", \"public\".\"solicitacoes_servico\".\"titulo\", \"public\".\"solicitacoes_servico\".\"descricao\", \"public\".\"solicitacoes_servico\".\"tipo\"::text, \"public\".\"solicitacoes_servico\".\"prioridade\"::text, \"public\".\"solicitacoes_servico\".\"status\"::text, \"public\".\"solicitacoes_servico\".\"origem\"::text, \"public\".\"solicitacoes_servico\".\"planta_id\", \"public\".\"solicitacoes_servico\".\"area\", \"public\".\"solicitacoes_servico\".\"local_especifico\", \"public\".\"solicitacoes_servico\".\"equipamento_id\", \"public\".\"solicitacoes_servico\".\"solicitante_nome\", \"public\".\"solicitacoes_servico\".\"solicitante_email\", \"public\".\"solicitacoes_servico\".\"solicitante_telefone\", \"public\".\"solicitacoes_servico\".\"solicitante_departamento\", \"public\".\"solicitacoes_servico\".\"solicitante_id\", \"public\".\"solicitacoes_servico\".\"data_necessidade\", \"public\".\"solicitacoes_servico\".\"prazo_esperado\", \"public\".\"solicitacoes_servico\".\"data_inicio_previsto\", \"public\".\"solicitacoes_servico\".\"data_fim_previsto\", \"public\".\"solicitacoes_servico\".\"tempo_estimado\", \"public\".\"solicitacoes_servico\".\"custo_estimado\", \"public\".\"solicitacoes_servico\".\"analisado_por_id\", \"public\".\"solicitacoes_servico\".\"data_analise\", \"public\".\"solicitacoes_servico\".\"observacoes_analise\", \"public\".\"solicitacoes_servico\".\"aprovado_por_id\", \"public\".\"solicitacoes_servico\".\"data_aprovacao\", \"public\".\"solicitacoes_servico\".\"observacoes_aprovacao\", \"public\".\"solicitacoes_servico\".\"rejeitado_por_id\", \"public\".\"solicitacoes_servico\".\"data_rejeicao\", \"public\".\"solicitacoes_servico\".\"motivo_rejeicao\", \"public\".\"solicitacoes_servico\".\"cancelado_por_id\", \"public\".\"solicitacoes_servico\".\"data_cancelamento\", \"public\".\"solicitacoes_servico\".\"motivo_cancelamento\", \"public\".\"solicitacoes_servico\".\"concluido_por_id\", \"public\".\"solicitacoes_servico\".\"data_conclusao\", \"public\".\"solicitacoes_servico\".\"observacoes_conclusao\", \"public\".\"solicitacoes_servico\".\"programacao_os_id\", \"public\".\"solicitacoes_servico\".\"os_id\", \"public\".\"solicitacoes_servico\".\"observacoes\", \"public\".\"solicitacoes_servico\".\"requisitos_especiais\", \"public\".\"solicitacoes_servico\".\"riscos_identificados\", \"public\".\"solicitacoes_servico\".\"created_at\", \"public\".\"solicitacoes_servico\".\"updated_at\", \"public\".\"solicitacoes_servico\".\"deleted_at\", \"public\".\"solicitacoes_servico\".\"local\", \"public\".\"solicitacoes_servico\".\"data_solicitacao\", \"public\".\"solicitacoes_servico\".\"prazo_execucao\", \"public\".\"solicitacoes_servico\".\"data_prevista_inicio\", \"public\".\"solicitacoes_servico\".\"data_prevista_fim\", \"public\".\"solicitacoes_servico\".\"justificativa\", \"public\".\"solicitacoes_servico\".\"beneficios_esperados\", \"public\".\"solicitacoes_servico\".\"riscos_nao_execucao\", \"public\".\"solicitacoes_servico\".\"materiais_necessarios\", \"public\".\"solicitacoes_servico\".\"ferramentas_necessarias\", \"public\".\"solicitacoes_servico\".\"mao_obra_necessaria\", \"public\".\"solicitacoes_servico\".\"departamento\", \"public\".\"solicitacoes_servico\".\"contato\", \"public\".\"solicitacoes_servico\".\"analisado_por_nome\", \"public\".\"solicitacoes_servico\".\"parecer_tecnico\", \"public\".\"solicitacoes_servico\".\"aprovado_por_nome\", \"public\".\"solicitacoes_servico\".\"sugestoes_alternativas\", \"public\".\"solicitacoes_servico\".\"cancelado_por_nome\", \"public\".\"solicitacoes_servico\".\"ordem_servico_id\" FROM \"public\".\"solicitacoes_servico\" WHERE \"public\".\"solicitacoes_servico\".\"numero\"::text LIKE $1 ORDER BY \"public\".\"solicitacoes_servico\".\"numero\" DESC LIMIT $2 OFFSET $3"
    [35mparams[39m: "[\"SSV-2026-%\",1,0]"
    [35mduration[39m: 3
    [35mtarget[39m: "quaint::connector::metrics"
[2026-03-16 14:20:24.718] [34mDEBUG[39m: [36mundefined - Query executada[39m
    [35menv[39m: "test"
    [35mservice[39m: "aupus-service-api"
    [35mcontext[39m: "Database"
    [35mquery[39m: "INSERT INTO \"public\".\"solicitacoes_servico\" (\"id\",\"numero\",\"titulo\",\"descricao\",\"tipo\",\"prioridade\",\"status\",\"origem\",\"planta_id\",\"solicitante_nome\",\"solicitante_email\",\"solicitante_id\",\"created_at\",\"updated_at\",\"local\",\"data_solicitacao\",\"justificativa\") VALUES ($1,$2,$3,$4,CAST($5::text AS \"public\".\"TipoSolicitacaoServico\"),CAST($6::text AS \"public\".\"PrioridadeSolicitacao\"),CAST($7::text AS \"public\".\"StatusSolicitacaoServico\"),CAST($8::text AS \"public\".\"OrigemSolicitacao\"),$9,$10,$11,$12,$13,$14,$15,$16,$17) RETURNING \"public\".\"solicitacoes_servico\".\"id\""
    [35mparams[39m: "[\"cmmtg8sj500012fcwngsu1x7a\",\"SSV-2026-0033\",\"Solicitação de Teste\",\"Descrição detalhada da solicitação de teste\",\"MANUTENCAO_CORRETIVA\",\"MEDIA\",\"RASCUNHO\",\"PORTAL\",\"cmhbyqh6e00012faox255dzla \",\"João Silva\",\"joao@teste.com\",\"k6g72ojagrl415bsak6y68qi96\",\"2026-03-16 17:20:24.689 UTC\",\"2026-03-16 17:20:24.689 UTC\",\"Setor A\",\"2026-03-16 17:20:24.689 UTC\",\"Necessário para manter operação\"]"
    [35mduration[39m: 28
    [35mtarget[39m: "quaint::connector::metrics"
[2026-03-16 14:20:24.723] [34mDEBUG[39m: [36mundefined - Query executada[39m
    [35menv[39m: "test"
    [35mservice[39m: "aupus-service-api"
    [35mcontext[39m: "Database"
    [35mquery[39m: "SELECT \"public\".\"solicitacoes_servico\".\"id\", \"public\".\"solicitacoes_servico\".\"numero\", \"public\".\"solicitacoes_servico\".\"titulo\", \"public\".\"solicitacoes_servico\".\"descricao\", \"public\".\"solicitacoes_servico\".\"tipo\"::text, \"public\".\"solicitacoes_servico\".\"prioridade\"::text, \"public\".\"solicitacoes_servico\".\"status\"::text, \"public\".\"solicitacoes_servico\".\"origem\"::text, \"public\".\"solicitacoes_servico\".\"planta_id\", \"public\".\"solicitacoes_servico\".\"area\", \"public\".\"solicitacoes_servico\".\"local_especifico\", \"public\".\"solicitacoes_servico\".\"equipamento_id\", \"public\".\"solicitacoes_servico\".\"solicitante_nome\", \"public\".\"solicitacoes_servico\".\"solicitante_email\", \"public\".\"solicitacoes_servico\".\"solicitante_telefone\", \"public\".\"solicitacoes_servico\".\"solicitante_departamento\", \"public\".\"solicitacoes_servico\".\"solicitante_id\", \"public\".\"solicitacoes_servico\".\"data_necessidade\", \"public\".\"solicitacoes_servico\".\"prazo_esperado\", \"public\".\"solicitacoes_servico\".\"data_inicio_previsto\", \"public\".\"solicitacoes_servico\".\"data_fim_previsto\", \"public\".\"solicitacoes_servico\".\"tempo_estimado\", \"public\".\"solicitacoes_servico\".\"custo_estimado\", \"public\".\"solicitacoes_servico\".\"analisado_por_id\", \"public\".\"solicitacoes_servico\".\"data_analise\", \"public\".\"solicitacoes_servico\".\"observacoes_analise\", \"public\".\"solicitacoes_servico\".\"aprovado_por_id\", \"public\".\"solicitacoes_servico\".\"data_aprovacao\", \"public\".\"solicitacoes_servico\".\"observacoes_aprovacao\", \"public\".\"solicitacoes_servico\".\"rejeitado_por_id\", \"public\".\"solicitacoes_servico\".\"data_rejeicao\", \"public\".\"solicitacoes_servico\".\"motivo_rejeicao\", \"public\".\"solicitacoes_servico\".\"cancelado_por_id\", \"public\".\"solicitacoes_servico\".\"data_cancelamento\", \"public\".\"solicitacoes_servico\".\"motivo_cancelamento\", \"public\".\"solicitacoes_servico\".\"concluido_por_id\", \"public\".\"solicitacoes_servico\".\"data_conclusao\", \"public\".\"solicitacoes_servico\".\"observacoes_conclusao\", \"public\".\"solicitacoes_servico\".\"programacao_os_id\", \"public\".\"solicitacoes_servico\".\"os_id\", \"public\".\"solicitacoes_servico\".\"observacoes\", \"public\".\"solicitacoes_servico\".\"requisitos_especiais\", \"public\".\"solicitacoes_servico\".\"riscos_identificados\", \"public\".\"solicitacoes_servico\".\"created_at\", \"public\".\"solicitacoes_servico\".\"updated_at\", \"public\".\"solicitacoes_servico\".\"deleted_at\", \"public\".\"solicitacoes_servico\".\"local\", \"public\".\"solicitacoes_servico\".\"data_solicitacao\", \"public\".\"solicitacoes_servico\".\"prazo_execucao\", \"public\".\"solicitacoes_servico\".\"data_prevista_inicio\", \"public\".\"solicitacoes_servico\".\"data_prevista_fim\", \"public\".\"solicitacoes_servico\".\"justificativa\", \"public\".\"solicitacoes_servico\".\"beneficios_esperados\", \"public\".\"solicitacoes_servico\".\"riscos_nao_execucao\", \"public\".\"solicitacoes_servico\".\"materiais_necessarios\", \"public\".\"solicitacoes_servico\".\"ferramentas_necessarias\", \"public\".\"solicitacoes_servico\".\"mao_obra_necessaria\", \"public\".\"solicitacoes_servico\".\"departamento\", \"public\".\"solicitacoes_servico\".\"contato\", \"public\".\"solicitacoes_servico\".\"analisado_por_nome\", \"public\".\"solicitacoes_servico\".\"parecer_tecnico\", \"public\".\"solicitacoes_servico\".\"aprovado_por_nome\", \"public\".\"solicitacoes_servico\".\"sugestoes_alternativas\", \"public\".\"solicitacoes_servico\".\"cancelado_por_nome\", \"public\".\"solicitacoes_servico\".\"ordem_servico_id\" FROM \"public\".\"solicitacoes_servico\" WHERE \"public\".\"solicitacoes_servico\".\"id\" = $1 LIMIT $2 OFFSET $3"
    [35mparams[39m: "[\"cmmtg8sj500012fcwngsu1x7a\",1,0]"
    [35mduration[39m: 4
    [35mtarget[39m: "quaint::connector::metrics"
[2026-03-16 14:20:24.727] [34mDEBUG[39m: [36mundefined - Query executada[39m
    [35menv[39m: "test"
    [35mservice[39m: "aupus-service-api"
    [35mcontext[39m: "Database"
    [35mquery[39m: "SELECT \"public\".\"plantas\".\"id\", \"public\".\"plantas\".\"nome\", \"public\".\"plantas\".\"cnpj\", \"public\".\"plantas\".\"localizacao\", \"public\".\"plantas\".\"horario_funcionamento\", \"public\".\"plantas\".\"logradouro\", \"public\".\"plantas\".\"bairro\", \"public\".\"plantas\".\"cidade\", \"public\".\"plantas\".\"uf\", \"public\".\"plantas\".\"cep\", \"public\".\"plantas\".\"proprietario_id\", \"public\".\"plantas\".\"created_at\", \"public\".\"plantas\".\"updated_at\", \"public\".\"plantas\".\"deleted_at\", \"public\".\"plantas\".\"numero_uc\" FROM \"public\".\"plantas\" WHERE \"public\".\"plantas\".\"id\" IN ($1) OFFSET $2"
    [35mparams[39m: "[\"cmhbyqh6e00012faox255dzla \",0]"
    [35mduration[39m: 3
    [35mtarget[39m: "quaint::connector::metrics"
[2026-03-16 14:20:24.740] [34mDEBUG[39m: [36mundefined - Query executada[39m
    [35menv[39m: "test"
    [35mservice[39m: "aupus-service-api"
    [35mcontext[39m: "Database"
    [35mquery[39m: "INSERT INTO \"public\".\"historico_solicitacao_servico\" (\"id\",\"solicitacao_id\",\"acao\",\"usuario_nome\",\"usuario_id\",\"data\",\"observacoes\",\"status_anterior\",\"status_novo\") VALUES ($1,$2,$3,$4,$5,$6,$7,$8,CAST($9::text AS \"public\".\"StatusSolicitacaoServico\")) RETURNING \"public\".\"historico_solicitacao_servico\".\"id\", \"public\".\"historico_solicitacao_servico\".\"solicitacao_id\", \"public\".\"historico_solicitacao_servico\".\"acao\", \"public\".\"historico_solicitacao_servico\".\"usuario\", \"public\".\"historico_solicitacao_servico\".\"usuario_nome\", \"public\".\"historico_solicitacao_servico\".\"usuario_id\", \"public\".\"historico_solicitacao_servico\".\"data\", \"public\".\"historico_solicitacao_servico\".\"observacoes\", \"public\".\"historico_solicitacao_servico\".\"status_anterior\"::text, \"public\".\"historico_solicitacao_servico\".\"status_novo\"::text, \"public\".\"historico_solicitacao_servico\".\"dados_extras\""
    [35mparams[39m: "[\"cmmtg8ska00032fcw5d79ozf9\",\"cmmtg8sj500012fcwngsu1x7a\",\"CRIACAO\",\"João Silva\",\"k6g72ojagrl415bsak6y68qi96\",\"2026-03-16 17:20:24.731 UTC\",\"Solicitação criada\",null,\"RASCUNHO\"]"
    [35mduration[39m: 10
    [35mtarget[39m: "quaint::connector::metrics"
[2026-03-16 14:20:24.747] [34mDEBUG[39m: [36mundefined - Query executada[39m
    [35menv[39m: "test"
    [35mservice[39m: "aupus-service-api"
    [35mcontext[39m: "Database"
    [35mquery[39m: "COMMIT"
    [35mparams[39m: "[]"
    [35mduration[39m: 5
    [35mtarget[39m: "quaint::connector::metrics"
[2026-03-16 14:20:24.779] [34mDEBUG[39m: [36mundefined - Query executada[39m
    [35menv[39m: "test"
    [35mservice[39m: "aupus-service-api"
    [35mcontext[39m: "Database"
    [35mquery[39m: "SELECT \"public\".\"usuarios\".\"id\", \"public\".\"usuarios\".\"concessionaria_atual_id\", \"public\".\"usuarios\".\"organizacao_atual_id\", \"public\".\"usuarios\".\"nome\", \"public\".\"usuarios\".\"email\", \"public\".\"usuarios\".\"telefone\", \"public\".\"usuarios\".\"instagram\", \"public\".\"usuarios\".\"status\", \"public\".\"usuarios\".\"cpf_cnpj\", \"public\".\"usuarios\".\"cidade\", \"public\".\"usuarios\".\"estado\", \"public\".\"usuarios\".\"endereco\", \"public\".\"usuarios\".\"cep\", \"public\".\"usuarios\".\"deleted_by\", \"public\".\"usuarios\".\"senha\", \"public\".\"usuarios\".\"remember_token\", \"public\".\"usuarios\".\"deleted_at\", \"public\".\"usuarios\".\"created_at\", \"public\".\"usuarios\".\"updated_at\", \"public\".\"usuarios\".\"role\", \"public\".\"usuarios\".\"manager_id\", \"public\".\"usuarios\".\"is_active\", \"public\".\"usuarios\".\"pix\", \"public\".\"usuarios\".\"avatar_url\", \"public\".\"usuarios\".\"created_by\" FROM \"public\".\"usuarios\" WHERE (\"public\".\"usuarios\".\"id\" = $1 AND \"public\".\"usuarios\".\"deleted_at\" IS NULL) LIMIT $2 OFFSET $3"
    [35mparams[39m: "[\"k6g72ojagrl415bsak6y68qi96\",1,0]"
    [35mduration[39m: 1
    [35mtarget[39m: "quaint::connector::metrics"
[2026-03-16 14:20:24.783] [34mDEBUG[39m: [36mundefined - Query executada[39m
    [35menv[39m: "test"
    [35mservice[39m: "aupus-service-api"
    [35mcontext[39m: "Database"
    [35mquery[39m: "SELECT \"public\".\"usuarios\".\"id\", \"public\".\"usuarios\".\"concessionaria_atual_id\", \"public\".\"usuarios\".\"organizacao_atual_id\", \"public\".\"usuarios\".\"nome\", \"public\".\"usuarios\".\"email\", \"public\".\"usuarios\".\"telefone\", \"public\".\"usuarios\".\"instagram\", \"public\".\"usuarios\".\"status\", \"public\".\"usuarios\".\"cpf_cnpj\", \"public\".\"usuarios\".\"cidade\", \"public\".\"usuarios\".\"estado\", \"public\".\"usuarios\".\"endereco\", \"public\".\"usuarios\".\"cep\", \"public\".\"usuarios\".\"deleted_by\", \"public\".\"usuarios\".\"senha\", \"public\".\"usuarios\".\"remember_token\", \"public\".\"usuarios\".\"deleted_at\", \"public\".\"usuarios\".\"created_at\", \"public\".\"usuarios\".\"updated_at\", \"public\".\"usuarios\".\"role\", \"public\".\"usuarios\".\"manager_id\", \"public\".\"usuarios\".\"is_active\", \"public\".\"usuarios\".\"pix\", \"public\".\"usuarios\".\"avatar_url\", \"public\".\"usuarios\".\"created_by\" FROM \"public\".\"usuarios\" WHERE (\"public\".\"usuarios\".\"id\" = $1 AND \"public\".\"usuarios\".\"deleted_at\" IS NULL) LIMIT $2 OFFSET $3"
    [35mparams[39m: "[\"k6g72ojagrl415bsak6y68qi96\",1,0]"
    [35mduration[39m: 1
    [35mtarget[39m: "quaint::connector::metrics"
[2026-03-16 14:20:24.788] [34mDEBUG[39m: [36mundefined - Query executada[39m
    [35menv[39m: "test"
    [35mservice[39m: "aupus-service-api"
    [35mcontext[39m: "Database"
    [35mquery[39m: "SELECT \"public\".\"model_has_roles\".\"role_id\", \"public\".\"model_has_roles\".\"model_id\", \"public\".\"model_has_roles\".\"model_type\" FROM \"public\".\"model_has_roles\" WHERE (\"public\".\"model_has_roles\".\"model_id\" = $1 AND \"public\".\"model_has_roles\".\"model_type\" = $2) LIMIT $3 OFFSET $4"
    [35mparams[39m: "[\"k6g72ojagrl415bsak6y68qi96\",\"App\Models\User\",1,0]"
    [35mduration[39m: 2
    [35mtarget[39m: "quaint::connector::metrics"
[2026-03-16 14:20:24.790] [34mDEBUG[39m: [36mundefined - Query executada[39m
    [35menv[39m: "test"
    [35mservice[39m: "aupus-service-api"
    [35mcontext[39m: "Database"
    [35mquery[39m: "SELECT \"public\".\"roles\".\"id\", \"public\".\"roles\".\"name\", \"public\".\"roles\".\"guard_name\", \"public\".\"roles\".\"created_at\", \"public\".\"roles\".\"updated_at\" FROM \"public\".\"roles\" WHERE \"public\".\"roles\".\"id\" IN ($1) OFFSET $2"
    [35mparams[39m: "[1,0]"
    [35mduration[39m: 2
    [35mtarget[39m: "quaint::connector::metrics"
[2026-03-16 14:20:24.792] [34mDEBUG[39m: [36mundefined - Query executada[39m
    [35menv[39m: "test"
    [35mservice[39m: "aupus-service-api"
    [35mcontext[39m: "Database"
    [35mquery[39m: "SELECT \"public\".\"role_has_permissions\".\"permission_id\", \"public\".\"role_has_permissions\".\"role_id\" FROM \"public\".\"role_has_permissions\" WHERE \"public\".\"role_has_permissions\".\"role_id\" IN ($1) OFFSET $2"
    [35mparams[39m: "[1,0]"
    [35mduration[39m: 1
    [35mtarget[39m: "quaint::connector::metrics"
[2026-03-16 14:20:24.795] [34mDEBUG[39m: [36mundefined - Query executada[39m
    [35menv[39m: "test"
    [35mservice[39m: "aupus-service-api"
    [35mcontext[39m: "Database"
    [35mquery[39m: "SELECT \"public\".\"permissions\".\"id\", \"public\".\"permissions\".\"name\", \"public\".\"permissions\".\"guard_name\", \"public\".\"permissions\".\"created_at\", \"public\".\"permissions\".\"updated_at\", \"public\".\"permissions\".\"display_name\", \"public\".\"permissions\".\"description\" FROM \"public\".\"permissions\" WHERE \"public\".\"permissions\".\"id\" IN ($1,$2,$3,$4,$5,$6,$7,$8,$9,$10,$11,$12,$13,$14,$15,$16,$17,$18,$19,$20,$21,$22) OFFSET $23"
    [35mparams[39m: "[1,2,3,4,5,6,7,8,9,10,11,12,13,14,15,16,17,18,19,20,21,22,0]"
    [35mduration[39m: 2
    [35mtarget[39m: "quaint::connector::metrics"
[2026-03-16 14:20:24.798] [34mDEBUG[39m: [36mundefined - Query executada[39m
    [35menv[39m: "test"
    [35mservice[39m: "aupus-service-api"
    [35mcontext[39m: "Database"
    [35mquery[39m: "SELECT \"public\".\"model_has_permissions\".\"permission_id\", \"public\".\"model_has_permissions\".\"model_id\", \"public\".\"model_has_permissions\".\"model_type\" FROM \"public\".\"model_has_permissions\" WHERE (\"public\".\"model_has_permissions\".\"model_id\" = $1 AND \"public\".\"model_has_permissions\".\"model_type\" = $2) OFFSET $3"
    [35mparams[39m: "[\"k6g72ojagrl415bsak6y68qi96\",\"App\Models\User\",0]"
    [35mduration[39m: 1
    [35mtarget[39m: "quaint::connector::metrics"
[2026-03-16 14:20:24.809] [34mDEBUG[39m: [36mundefined - Query executada[39m
    [35menv[39m: "test"
    [35mservice[39m: "aupus-service-api"
    [35mcontext[39m: "Database"
    [35mquery[39m: "SELECT \"public\".\"usuarios\".\"id\", \"public\".\"usuarios\".\"concessionaria_atual_id\", \"public\".\"usuarios\".\"organizacao_atual_id\", \"public\".\"usuarios\".\"nome\", \"public\".\"usuarios\".\"email\", \"public\".\"usuarios\".\"telefone\", \"public\".\"usuarios\".\"instagram\", \"public\".\"usuarios\".\"status\", \"public\".\"usuarios\".\"cpf_cnpj\", \"public\".\"usuarios\".\"cidade\", \"public\".\"usuarios\".\"estado\", \"public\".\"usuarios\".\"endereco\", \"public\".\"usuarios\".\"cep\", \"public\".\"usuarios\".\"deleted_by\", \"public\".\"usuarios\".\"senha\", \"public\".\"usuarios\".\"remember_token\", \"public\".\"usuarios\".\"deleted_at\", \"public\".\"usuarios\".\"created_at\", \"public\".\"usuarios\".\"updated_at\", \"public\".\"usuarios\".\"role\", \"public\".\"usuarios\".\"manager_id\", \"public\".\"usuarios\".\"is_active\", \"public\".\"usuarios\".\"pix\", \"public\".\"usuarios\".\"avatar_url\", \"public\".\"usuarios\".\"created_by\" FROM \"public\".\"usuarios\" WHERE (\"public\".\"usuarios\".\"id\" = $1 AND \"public\".\"usuarios\".\"deleted_at\" IS NULL) LIMIT $2 OFFSET $3"
    [35mparams[39m: "[\"k6g72ojagrl415bsak6y68qi96\",1,0]"
    [35mduration[39m: 1
    [35mtarget[39m: "quaint::connector::metrics"
[2026-03-16 14:20:24.812] [34mDEBUG[39m: [36mundefined - Query executada[39m
    [35menv[39m: "test"
    [35mservice[39m: "aupus-service-api"
    [35mcontext[39m: "Database"
    [35mquery[39m: "SELECT \"public\".\"usuarios\".\"id\", \"public\".\"usuarios\".\"concessionaria_atual_id\", \"public\".\"usuarios\".\"organizacao_atual_id\", \"public\".\"usuarios\".\"nome\", \"public\".\"usuarios\".\"email\", \"public\".\"usuarios\".\"telefone\", \"public\".\"usuarios\".\"instagram\", \"public\".\"usuarios\".\"status\", \"public\".\"usuarios\".\"cpf_cnpj\", \"public\".\"usuarios\".\"cidade\", \"public\".\"usuarios\".\"estado\", \"public\".\"usuarios\".\"endereco\", \"public\".\"usuarios\".\"cep\", \"public\".\"usuarios\".\"deleted_by\", \"public\".\"usuarios\".\"senha\", \"public\".\"usuarios\".\"remember_token\", \"public\".\"usuarios\".\"deleted_at\", \"public\".\"usuarios\".\"created_at\", \"public\".\"usuarios\".\"updated_at\", \"public\".\"usuarios\".\"role\", \"public\".\"usuarios\".\"manager_id\", \"public\".\"usuarios\".\"is_active\", \"public\".\"usuarios\".\"pix\", \"public\".\"usuarios\".\"avatar_url\", \"public\".\"usuarios\".\"created_by\" FROM \"public\".\"usuarios\" WHERE (\"public\".\"usuarios\".\"id\" = $1 AND \"public\".\"usuarios\".\"deleted_at\" IS NULL) LIMIT $2 OFFSET $3"
    [35mparams[39m: "[\"k6g72ojagrl415bsak6y68qi96\",1,0]"
    [35mduration[39m: 0
    [35mtarget[39m: "quaint::connector::metrics"
[2026-03-16 14:20:24.813] [34mDEBUG[39m: [36mundefined - Query executada[39m
    [35menv[39m: "test"
    [35mservice[39m: "aupus-service-api"
    [35mcontext[39m: "Database"
    [35mquery[39m: "SELECT \"public\".\"model_has_roles\".\"role_id\", \"public\".\"model_has_roles\".\"model_id\", \"public\".\"model_has_roles\".\"model_type\" FROM \"public\".\"model_has_roles\" WHERE (\"public\".\"model_has_roles\".\"model_id\" = $1 AND \"public\".\"model_has_roles\".\"model_type\" = $2) LIMIT $3 OFFSET $4"
    [35mparams[39m: "[\"k6g72ojagrl415bsak6y68qi96\",\"App\Models\User\",1,0]"
    [35mduration[39m: 0
    [35mtarget[39m: "quaint::connector::metrics"
[2026-03-16 14:20:24.814] [34mDEBUG[39m: [36mundefined - Query executada[39m
    [35menv[39m: "test"
    [35mservice[39m: "aupus-service-api"
    [35mcontext[39m: "Database"
    [35mquery[39m: "SELECT \"public\".\"roles\".\"id\", \"public\".\"roles\".\"name\", \"public\".\"roles\".\"guard_name\", \"public\".\"roles\".\"created_at\", \"public\".\"roles\".\"updated_at\" FROM \"public\".\"roles\" WHERE \"public\".\"roles\".\"id\" IN ($1) OFFSET $2"
    [35mparams[39m: "[1,0]"
    [35mduration[39m: 0
    [35mtarget[39m: "quaint::connector::metrics"
[2026-03-16 14:20:24.815] [34mDEBUG[39m: [36mundefined - Query executada[39m
    [35menv[39m: "test"
    [35mservice[39m: "aupus-service-api"
    [35mcontext[39m: "Database"
    [35mquery[39m: "SELECT \"public\".\"role_has_permissions\".\"permission_id\", \"public\".\"role_has_permissions\".\"role_id\" FROM \"public\".\"role_has_permissions\" WHERE \"public\".\"role_has_permissions\".\"role_id\" IN ($1) OFFSET $2"
    [35mparams[39m: "[1,0]"
    [35mduration[39m: 0
    [35mtarget[39m: "quaint::connector::metrics"
[2026-03-16 14:20:24.816] [34mDEBUG[39m: [36mundefined - Query executada[39m
    [35menv[39m: "test"
    [35mservice[39m: "aupus-service-api"
    [35mcontext[39m: "Database"
    [35mquery[39m: "SELECT \"public\".\"permissions\".\"id\", \"public\".\"permissions\".\"name\", \"public\".\"permissions\".\"guard_name\", \"public\".\"permissions\".\"created_at\", \"public\".\"permissions\".\"updated_at\", \"public\".\"permissions\".\"display_name\", \"public\".\"permissions\".\"description\" FROM \"public\".\"permissions\" WHERE \"public\".\"permissions\".\"id\" IN ($1,$2,$3,$4,$5,$6,$7,$8,$9,$10,$11,$12,$13,$14,$15,$16,$17,$18,$19,$20,$21,$22) OFFSET $23"
    [35mparams[39m: "[1,2,3,4,5,6,7,8,9,10,11,12,13,14,15,16,17,18,19,20,21,22,0]"
    [35mduration[39m: 0
    [35mtarget[39m: "quaint::connector::metrics"
[2026-03-16 14:20:24.818] [34mDEBUG[39m: [36mundefined - Query executada[39m
    [35menv[39m: "test"
    [35mservice[39m: "aupus-service-api"
    [35mcontext[39m: "Database"
    [35mquery[39m: "SELECT \"public\".\"model_has_permissions\".\"permission_id\", \"public\".\"model_has_permissions\".\"model_id\", \"public\".\"model_has_permissions\".\"model_type\" FROM \"public\".\"model_has_permissions\" WHERE (\"public\".\"model_has_permissions\".\"model_id\" = $1 AND \"public\".\"model_has_permissions\".\"model_type\" = $2) OFFSET $3"
    [35mparams[39m: "[\"k6g72ojagrl415bsak6y68qi96\",\"App\Models\User\",0]"
    [35mduration[39m: 1
    [35mtarget[39m: "quaint::connector::metrics"
[2026-03-16 14:20:24.821] [34mDEBUG[39m: [36mundefined - Query executada[39m
    [35menv[39m: "test"
    [35mservice[39m: "aupus-service-api"
    [35mcontext[39m: "Database"
    [35mquery[39m: "BEGIN"
    [35mparams[39m: "[]"
    [35mduration[39m: 0
    [35mtarget[39m: "quaint::connector::metrics"
[2026-03-16 14:20:24.823] [34mDEBUG[39m: [36mundefined - Query executada[39m
    [35menv[39m: "test"
    [35mservice[39m: "aupus-service-api"
    [35mcontext[39m: "Database"
    [35mquery[39m: "SELECT \"public\".\"solicitacoes_servico\".\"id\", \"public\".\"solicitacoes_servico\".\"numero\", \"public\".\"solicitacoes_servico\".\"titulo\", \"public\".\"solicitacoes_servico\".\"descricao\", \"public\".\"solicitacoes_servico\".\"tipo\"::text, \"public\".\"solicitacoes_servico\".\"prioridade\"::text, \"public\".\"solicitacoes_servico\".\"status\"::text, \"public\".\"solicitacoes_servico\".\"origem\"::text, \"public\".\"solicitacoes_servico\".\"planta_id\", \"public\".\"solicitacoes_servico\".\"area\", \"public\".\"solicitacoes_servico\".\"local_especifico\", \"public\".\"solicitacoes_servico\".\"equipamento_id\", \"public\".\"solicitacoes_servico\".\"solicitante_nome\", \"public\".\"solicitacoes_servico\".\"solicitante_email\", \"public\".\"solicitacoes_servico\".\"solicitante_telefone\", \"public\".\"solicitacoes_servico\".\"solicitante_departamento\", \"public\".\"solicitacoes_servico\".\"solicitante_id\", \"public\".\"solicitacoes_servico\".\"data_necessidade\", \"public\".\"solicitacoes_servico\".\"prazo_esperado\", \"public\".\"solicitacoes_servico\".\"data_inicio_previsto\", \"public\".\"solicitacoes_servico\".\"data_fim_previsto\", \"public\".\"solicitacoes_servico\".\"tempo_estimado\", \"public\".\"solicitacoes_servico\".\"custo_estimado\", \"public\".\"solicitacoes_servico\".\"analisado_por_id\", \"public\".\"solicitacoes_servico\".\"data_analise\", \"public\".\"solicitacoes_servico\".\"observacoes_analise\", \"public\".\"solicitacoes_servico\".\"aprovado_por_id\", \"public\".\"solicitacoes_servico\".\"data_aprovacao\", \"public\".\"solicitacoes_servico\".\"observacoes_aprovacao\", \"public\".\"solicitacoes_servico\".\"rejeitado_por_id\", \"public\".\"solicitacoes_servico\".\"data_rejeicao\", \"public\".\"solicitacoes_servico\".\"motivo_rejeicao\", \"public\".\"solicitacoes_servico\".\"cancelado_por_id\", \"public\".\"solicitacoes_servico\".\"data_cancelamento\", \"public\".\"solicitacoes_servico\".\"motivo_cancelamento\", \"public\".\"solicitacoes_servico\".\"concluido_por_id\", \"public\".\"solicitacoes_servico\".\"data_conclusao\", \"public\".\"solicitacoes_servico\".\"observacoes_conclusao\", \"public\".\"solicitacoes_servico\".\"programacao_os_id\", \"public\".\"solicitacoes_servico\".\"os_id\", \"public\".\"solicitacoes_servico\".\"observacoes\", \"public\".\"solicitacoes_servico\".\"requisitos_especiais\", \"public\".\"solicitacoes_servico\".\"riscos_identificados\", \"public\".\"solicitacoes_servico\".\"created_at\", \"public\".\"solicitacoes_servico\".\"updated_at\", \"public\".\"solicitacoes_servico\".\"deleted_at\", \"public\".\"solicitacoes_servico\".\"local\", \"public\".\"solicitacoes_servico\".\"data_solicitacao\", \"public\".\"solicitacoes_servico\".\"prazo_execucao\", \"public\".\"solicitacoes_servico\".\"data_prevista_inicio\", \"public\".\"solicitacoes_servico\".\"data_prevista_fim\", \"public\".\"solicitacoes_servico\".\"justificativa\", \"public\".\"solicitacoes_servico\".\"beneficios_esperados\", \"public\".\"solicitacoes_servico\".\"riscos_nao_execucao\", \"public\".\"solicitacoes_servico\".\"materiais_necessarios\", \"public\".\"solicitacoes_servico\".\"ferramentas_necessarias\", \"public\".\"solicitacoes_servico\".\"mao_obra_necessaria\", \"public\".\"solicitacoes_servico\".\"departamento\", \"public\".\"solicitacoes_servico\".\"contato\", \"public\".\"solicitacoes_servico\".\"analisado_por_nome\", \"public\".\"solicitacoes_servico\".\"parecer_tecnico\", \"public\".\"solicitacoes_servico\".\"aprovado_por_nome\", \"public\".\"solicitacoes_servico\".\"sugestoes_alternativas\", \"public\".\"solicitacoes_servico\".\"cancelado_por_nome\", \"public\".\"solicitacoes_servico\".\"ordem_servico_id\" FROM \"public\".\"solicitacoes_servico\" WHERE \"public\".\"solicitacoes_servico\".\"numero\"::text LIKE $1 ORDER BY \"public\".\"solicitacoes_servico\".\"numero\" DESC LIMIT $2 OFFSET $3"
    [35mparams[39m: "[\"SSV-2026-%\",1,0]"
    [35mduration[39m: 0
    [35mtarget[39m: "quaint::connector::metrics"
[2026-03-16 14:20:24.826] [34mDEBUG[39m: [36mundefined - Query executada[39m
    [35menv[39m: "test"
    [35mservice[39m: "aupus-service-api"
    [35mcontext[39m: "Database"
    [35mquery[39m: "INSERT INTO \"public\".\"solicitacoes_servico\" (\"id\",\"numero\",\"titulo\",\"descricao\",\"tipo\",\"prioridade\",\"status\",\"origem\",\"planta_id\",\"solicitante_nome\",\"solicitante_id\",\"created_at\",\"updated_at\",\"local\",\"data_solicitacao\",\"justificativa\") VALUES ($1,$2,$3,$4,CAST($5::text AS \"public\".\"TipoSolicitacaoServico\"),CAST($6::text AS \"public\".\"PrioridadeSolicitacao\"),CAST($7::text AS \"public\".\"StatusSolicitacaoServico\"),CAST($8::text AS \"public\".\"OrigemSolicitacao\"),$9,$10,$11,$12,$13,$14,$15,$16) RETURNING \"public\".\"solicitacoes_servico\".\"id\""
    [35mparams[39m: "[\"cmmtg8smx00052fcwh9il3xf3\",\"SSV-2026-0034\",\"Teste Origem\",\"Teste de origem padrão\",\"OUTRO\",\"MEDIA\",\"RASCUNHO\",\"PORTAL\",\"cmhbyqh6e00012faox255dzla \",\"Maria Santos\",\"k6g72ojagrl415bsak6y68qi96\",\"2026-03-16 17:20:24.825 UTC\",\"2026-03-16 17:20:24.825 UTC\",\"Setor B\",\"2026-03-16 17:20:24.825 UTC\",\"Teste\"]"
    [35mduration[39m: 1
    [35mtarget[39m: "quaint::connector::metrics"
[2026-03-16 14:20:24.829] [34mDEBUG[39m: [36mundefined - Query executada[39m
    [35menv[39m: "test"
    [35mservice[39m: "aupus-service-api"
    [35mcontext[39m: "Database"
    [35mquery[39m: "SELECT \"public\".\"solicitacoes_servico\".\"id\", \"public\".\"solicitacoes_servico\".\"numero\", \"public\".\"solicitacoes_servico\".\"titulo\", \"public\".\"solicitacoes_servico\".\"descricao\", \"public\".\"solicitacoes_servico\".\"tipo\"::text, \"public\".\"solicitacoes_servico\".\"prioridade\"::text, \"public\".\"solicitacoes_servico\".\"status\"::text, \"public\".\"solicitacoes_servico\".\"origem\"::text, \"public\".\"solicitacoes_servico\".\"planta_id\", \"public\".\"solicitacoes_servico\".\"area\", \"public\".\"solicitacoes_servico\".\"local_especifico\", \"public\".\"solicitacoes_servico\".\"equipamento_id\", \"public\".\"solicitacoes_servico\".\"solicitante_nome\", \"public\".\"solicitacoes_servico\".\"solicitante_email\", \"public\".\"solicitacoes_servico\".\"solicitante_telefone\", \"public\".\"solicitacoes_servico\".\"solicitante_departamento\", \"public\".\"solicitacoes_servico\".\"solicitante_id\", \"public\".\"solicitacoes_servico\".\"data_necessidade\", \"public\".\"solicitacoes_servico\".\"prazo_esperado\", \"public\".\"solicitacoes_servico\".\"data_inicio_previsto\", \"public\".\"solicitacoes_servico\".\"data_fim_previsto\", \"public\".\"solicitacoes_servico\".\"tempo_estimado\", \"public\".\"solicitacoes_servico\".\"custo_estimado\", \"public\".\"solicitacoes_servico\".\"analisado_por_id\", \"public\".\"solicitacoes_servico\".\"data_analise\", \"public\".\"solicitacoes_servico\".\"observacoes_analise\", \"public\".\"solicitacoes_servico\".\"aprovado_por_id\", \"public\".\"solicitacoes_servico\".\"data_aprovacao\", \"public\".\"solicitacoes_servico\".\"observacoes_aprovacao\", \"public\".\"solicitacoes_servico\".\"rejeitado_por_id\", \"public\".\"solicitacoes_servico\".\"data_rejeicao\", \"public\".\"solicitacoes_servico\".\"motivo_rejeicao\", \"public\".\"solicitacoes_servico\".\"cancelado_por_id\", \"public\".\"solicitacoes_servico\".\"data_cancelamento\", \"public\".\"solicitacoes_servico\".\"motivo_cancelamento\", \"public\".\"solicitacoes_servico\".\"concluido_por_id\", \"public\".\"solicitacoes_servico\".\"data_conclusao\", \"public\".\"solicitacoes_servico\".\"observacoes_conclusao\", \"public\".\"solicitacoes_servico\".\"programacao_os_id\", \"public\".\"solicitacoes_servico\".\"os_id\", \"public\".\"solicitacoes_servico\".\"observacoes\", \"public\".\"solicitacoes_servico\".\"requisitos_especiais\", \"public\".\"solicitacoes_servico\".\"riscos_identificados\", \"public\".\"solicitacoes_servico\".\"created_at\", \"public\".\"solicitacoes_servico\".\"updated_at\", \"public\".\"solicitacoes_servico\".\"deleted_at\", \"public\".\"solicitacoes_servico\".\"local\", \"public\".\"solicitacoes_servico\".\"data_solicitacao\", \"public\".\"solicitacoes_servico\".\"prazo_execucao\", \"public\".\"solicitacoes_servico\".\"data_prevista_inicio\", \"public\".\"solicitacoes_servico\".\"data_prevista_fim\", \"public\".\"solicitacoes_servico\".\"justificativa\", \"public\".\"solicitacoes_servico\".\"beneficios_esperados\", \"public\".\"solicitacoes_servico\".\"riscos_nao_execucao\", \"public\".\"solicitacoes_servico\".\"materiais_necessarios\", \"public\".\"solicitacoes_servico\".\"ferramentas_necessarias\", \"public\".\"solicitacoes_servico\".\"mao_obra_necessaria\", \"public\".\"solicitacoes_servico\".\"departamento\", \"public\".\"solicitacoes_servico\".\"contato\", \"public\".\"solicitacoes_servico\".\"analisado_por_nome\", \"public\".\"solicitacoes_servico\".\"parecer_tecnico\", \"public\".\"solicitacoes_servico\".\"aprovado_por_nome\", \"public\".\"solicitacoes_servico\".\"sugestoes_alternativas\", \"public\".\"solicitacoes_servico\".\"cancelado_por_nome\", \"public\".\"solicitacoes_servico\".\"ordem_servico_id\" FROM \"public\".\"solicitacoes_servico\" WHERE \"public\".\"solicitacoes_servico\".\"id\" = $1 LIMIT $2 OFFSET $3"
    [35mparams[39m: "[\"cmmtg8smx00052fcwh9il3xf3\",1,0]"
    [35mduration[39m: 3
    [35mtarget[39m: "quaint::connector::metrics"
[2026-03-16 14:20:24.831] [34mDEBUG[39m: [36mundefined - Query executada[39m
    [35menv[39m: "test"
    [35mservice[39m: "aupus-service-api"
    [35mcontext[39m: "Database"
    [35mquery[39m: "SELECT \"public\".\"plantas\".\"id\", \"public\".\"plantas\".\"nome\", \"public\".\"plantas\".\"cnpj\", \"public\".\"plantas\".\"localizacao\", \"public\".\"plantas\".\"horario_funcionamento\", \"public\".\"plantas\".\"logradouro\", \"public\".\"plantas\".\"bairro\", \"public\".\"plantas\".\"cidade\", \"public\".\"plantas\".\"uf\", \"public\".\"plantas\".\"cep\", \"public\".\"plantas\".\"proprietario_id\", \"public\".\"plantas\".\"created_at\", \"public\".\"plantas\".\"updated_at\", \"public\".\"plantas\".\"deleted_at\", \"public\".\"plantas\".\"numero_uc\" FROM \"public\".\"plantas\" WHERE \"public\".\"plantas\".\"id\" IN ($1) OFFSET $2"
    [35mparams[39m: "[\"cmhbyqh6e00012faox255dzla \",0]"
    [35mduration[39m: 1
    [35mtarget[39m: "quaint::connector::metrics"
[2026-03-16 14:20:24.833] [34mDEBUG[39m: [36mundefined - Query executada[39m
    [35menv[39m: "test"
    [35mservice[39m: "aupus-service-api"
    [35mcontext[39m: "Database"
    [35mquery[39m: "INSERT INTO \"public\".\"historico_solicitacao_servico\" (\"id\",\"solicitacao_id\",\"acao\",\"usuario_nome\",\"usuario_id\",\"data\",\"observacoes\",\"status_anterior\",\"status_novo\") VALUES ($1,$2,$3,$4,$5,$6,$7,$8,CAST($9::text AS \"public\".\"StatusSolicitacaoServico\")) RETURNING \"public\".\"historico_solicitacao_servico\".\"id\", \"public\".\"historico_solicitacao_servico\".\"solicitacao_id\", \"public\".\"historico_solicitacao_servico\".\"acao\", \"public\".\"historico_solicitacao_servico\".\"usuario\", \"public\".\"historico_solicitacao_servico\".\"usuario_nome\", \"public\".\"historico_solicitacao_servico\".\"usuario_id\", \"public\".\"historico_solicitacao_servico\".\"data\", \"public\".\"historico_solicitacao_servico\".\"observacoes\", \"public\".\"historico_solicitacao_servico\".\"status_anterior\"::text, \"public\".\"historico_solicitacao_servico\".\"status_novo\"::text, \"public\".\"historico_solicitacao_servico\".\"dados_extras\""
    [35mparams[39m: "[\"cmmtg8sn500072fcwcqywu1gy\",\"cmmtg8smx00052fcwh9il3xf3\",\"CRIACAO\",\"Maria Santos\",\"k6g72ojagrl415bsak6y68qi96\",\"2026-03-16 17:20:24.833 UTC\",\"Solicitação criada\",null,\"RASCUNHO\"]"
    [35mduration[39m: 0
    [35mtarget[39m: "quaint::connector::metrics"
[2026-03-16 14:20:24.855] [34mDEBUG[39m: [36mundefined - Query executada[39m
    [35menv[39m: "test"
    [35mservice[39m: "aupus-service-api"
    [35mcontext[39m: "Database"
    [35mquery[39m: "COMMIT"
    [35mparams[39m: "[]"
    [35mduration[39m: 21
    [35mtarget[39m: "quaint::connector::metrics"
[2026-03-16 14:20:24.869] [34mDEBUG[39m: [36mundefined - Query executada[39m
    [35menv[39m: "test"
    [35mservice[39m: "aupus-service-api"
    [35mcontext[39m: "Database"
    [35mquery[39m: "SELECT \"public\".\"usuarios\".\"id\", \"public\".\"usuarios\".\"concessionaria_atual_id\", \"public\".\"usuarios\".\"organizacao_atual_id\", \"public\".\"usuarios\".\"nome\", \"public\".\"usuarios\".\"email\", \"public\".\"usuarios\".\"telefone\", \"public\".\"usuarios\".\"instagram\", \"public\".\"usuarios\".\"status\", \"public\".\"usuarios\".\"cpf_cnpj\", \"public\".\"usuarios\".\"cidade\", \"public\".\"usuarios\".\"estado\", \"public\".\"usuarios\".\"endereco\", \"public\".\"usuarios\".\"cep\", \"public\".\"usuarios\".\"deleted_by\", \"public\".\"usuarios\".\"senha\", \"public\".\"usuarios\".\"remember_token\", \"public\".\"usuarios\".\"deleted_at\", \"public\".\"usuarios\".\"created_at\", \"public\".\"usuarios\".\"updated_at\", \"public\".\"usuarios\".\"role\", \"public\".\"usuarios\".\"manager_id\", \"public\".\"usuarios\".\"is_active\", \"public\".\"usuarios\".\"pix\", \"public\".\"usuarios\".\"avatar_url\", \"public\".\"usuarios\".\"created_by\" FROM \"public\".\"usuarios\" WHERE (\"public\".\"usuarios\".\"id\" = $1 AND \"public\".\"usuarios\".\"deleted_at\" IS NULL) LIMIT $2 OFFSET $3"
    [35mparams[39m: "[\"k6g72ojagrl415bsak6y68qi96\",1,0]"
    [35mduration[39m: 1
    [35mtarget[39m: "quaint::connector::metrics"
[2026-03-16 14:20:24.872] [34mDEBUG[39m: [36mundefined - Query executada[39m
    [35menv[39m: "test"
    [35mservice[39m: "aupus-service-api"
    [35mcontext[39m: "Database"
    [35mquery[39m: "SELECT \"public\".\"usuarios\".\"id\", \"public\".\"usuarios\".\"concessionaria_atual_id\", \"public\".\"usuarios\".\"organizacao_atual_id\", \"public\".\"usuarios\".\"nome\", \"public\".\"usuarios\".\"email\", \"public\".\"usuarios\".\"telefone\", \"public\".\"usuarios\".\"instagram\", \"public\".\"usuarios\".\"status\", \"public\".\"usuarios\".\"cpf_cnpj\", \"public\".\"usuarios\".\"cidade\", \"public\".\"usuarios\".\"estado\", \"public\".\"usuarios\".\"endereco\", \"public\".\"usuarios\".\"cep\", \"public\".\"usuarios\".\"deleted_by\", \"public\".\"usuarios\".\"senha\", \"public\".\"usuarios\".\"remember_token\", \"public\".\"usuarios\".\"deleted_at\", \"public\".\"usuarios\".\"created_at\", \"public\".\"usuarios\".\"updated_at\", \"public\".\"usuarios\".\"role\", \"public\".\"usuarios\".\"manager_id\", \"public\".\"usuarios\".\"is_active\", \"public\".\"usuarios\".\"pix\", \"public\".\"usuarios\".\"avatar_url\", \"public\".\"usuarios\".\"created_by\" FROM \"public\".\"usuarios\" WHERE (\"public\".\"usuarios\".\"id\" = $1 AND \"public\".\"usuarios\".\"deleted_at\" IS NULL) LIMIT $2 OFFSET $3"
    [35mparams[39m: "[\"k6g72ojagrl415bsak6y68qi96\",1,0]"
    [35mduration[39m: 1
    [35mtarget[39m: "quaint::connector::metrics"
[2026-03-16 14:20:24.874] [34mDEBUG[39m: [36mundefined - Query executada[39m
    [35menv[39m: "test"
    [35mservice[39m: "aupus-service-api"
    [35mcontext[39m: "Database"
    [35mquery[39m: "SELECT \"public\".\"model_has_roles\".\"role_id\", \"public\".\"model_has_roles\".\"model_id\", \"public\".\"model_has_roles\".\"model_type\" FROM \"public\".\"model_has_roles\" WHERE (\"public\".\"model_has_roles\".\"model_id\" = $1 AND \"public\".\"model_has_roles\".\"model_type\" = $2) LIMIT $3 OFFSET $4"
    [35mparams[39m: "[\"k6g72ojagrl415bsak6y68qi96\",\"App\Models\User\",1,0]"
    [35mduration[39m: 1
    [35mtarget[39m: "quaint::connector::metrics"
[2026-03-16 14:20:24.876] [34mDEBUG[39m: [36mundefined - Query executada[39m
    [35menv[39m: "test"
    [35mservice[39m: "aupus-service-api"
    [35mcontext[39m: "Database"
    [35mquery[39m: "SELECT \"public\".\"roles\".\"id\", \"public\".\"roles\".\"name\", \"public\".\"roles\".\"guard_name\", \"public\".\"roles\".\"created_at\", \"public\".\"roles\".\"updated_at\" FROM \"public\".\"roles\" WHERE \"public\".\"roles\".\"id\" IN ($1) OFFSET $2"
    [35mparams[39m: "[1,0]"
    [35mduration[39m: 1
    [35mtarget[39m: "quaint::connector::metrics"
[2026-03-16 14:20:24.878] [34mDEBUG[39m: [36mundefined - Query executada[39m
    [35menv[39m: "test"
    [35mservice[39m: "aupus-service-api"
    [35mcontext[39m: "Database"
    [35mquery[39m: "SELECT \"public\".\"role_has_permissions\".\"permission_id\", \"public\".\"role_has_permissions\".\"role_id\" FROM \"public\".\"role_has_permissions\" WHERE \"public\".\"role_has_permissions\".\"role_id\" IN ($1) OFFSET $2"
    [35mparams[39m: "[1,0]"
    [35mduration[39m: 2
    [35mtarget[39m: "quaint::connector::metrics"
[2026-03-16 14:20:24.879] [34mDEBUG[39m: [36mundefined - Query executada[39m
    [35menv[39m: "test"
    [35mservice[39m: "aupus-service-api"
    [35mcontext[39m: "Database"
    [35mquery[39m: "SELECT \"public\".\"permissions\".\"id\", \"public\".\"permissions\".\"name\", \"public\".\"permissions\".\"guard_name\", \"public\".\"permissions\".\"created_at\", \"public\".\"permissions\".\"updated_at\", \"public\".\"permissions\".\"display_name\", \"public\".\"permissions\".\"description\" FROM \"public\".\"permissions\" WHERE \"public\".\"permissions\".\"id\" IN ($1,$2,$3,$4,$5,$6,$7,$8,$9,$10,$11,$12,$13,$14,$15,$16,$17,$18,$19,$20,$21,$22) OFFSET $23"
    [35mparams[39m: "[1,2,3,4,5,6,7,8,9,10,11,12,13,14,15,16,17,18,19,20,21,22,0]"
    [35mduration[39m: 1
    [35mtarget[39m: "quaint::connector::metrics"
[2026-03-16 14:20:24.883] [34mDEBUG[39m: [36mundefined - Query executada[39m
    [35menv[39m: "test"
    [35mservice[39m: "aupus-service-api"
    [35mcontext[39m: "Database"
    [35mquery[39m: "SELECT \"public\".\"model_has_permissions\".\"permission_id\", \"public\".\"model_has_permissions\".\"model_id\", \"public\".\"model_has_permissions\".\"model_type\" FROM \"public\".\"model_has_permissions\" WHERE (\"public\".\"model_has_permissions\".\"model_id\" = $1 AND \"public\".\"model_has_permissions\".\"model_type\" = $2) OFFSET $3"
    [35mparams[39m: "[\"k6g72ojagrl415bsak6y68qi96\",\"App\Models\User\",0]"
    [35mduration[39m: 1
    [35mtarget[39m: "quaint::connector::metrics"
[2026-03-16 14:20:24.892] [34mDEBUG[39m: [36mundefined - Query executada[39m
    [35menv[39m: "test"
    [35mservice[39m: "aupus-service-api"
    [35mcontext[39m: "Database"
    [35mquery[39m: "SELECT COUNT(*) AS \"_count$_all\" FROM (SELECT \"public\".\"solicitacoes_servico\".\"id\" FROM \"public\".\"solicitacoes_servico\" WHERE \"public\".\"solicitacoes_servico\".\"deleted_at\" IS NULL OFFSET $1) AS \"sub\""
    [35mparams[39m: "[0]"
    [35mduration[39m: 2
    [35mtarget[39m: "quaint::connector::metrics"
[2026-03-16 14:20:24.905] [34mDEBUG[39m: [36mundefined - Query executada[39m
    [35menv[39m: "test"
    [35mservice[39m: "aupus-service-api"
    [35mcontext[39m: "Database"
    [35mquery[39m: "SELECT \"public\".\"solicitacoes_servico\".\"id\", \"public\".\"solicitacoes_servico\".\"numero\", \"public\".\"solicitacoes_servico\".\"titulo\", \"public\".\"solicitacoes_servico\".\"descricao\", \"public\".\"solicitacoes_servico\".\"tipo\"::text, \"public\".\"solicitacoes_servico\".\"prioridade\"::text, \"public\".\"solicitacoes_servico\".\"status\"::text, \"public\".\"solicitacoes_servico\".\"origem\"::text, \"public\".\"solicitacoes_servico\".\"planta_id\", \"public\".\"solicitacoes_servico\".\"area\", \"public\".\"solicitacoes_servico\".\"local_especifico\", \"public\".\"solicitacoes_servico\".\"equipamento_id\", \"public\".\"solicitacoes_servico\".\"solicitante_nome\", \"public\".\"solicitacoes_servico\".\"solicitante_email\", \"public\".\"solicitacoes_servico\".\"solicitante_telefone\", \"public\".\"solicitacoes_servico\".\"solicitante_departamento\", \"public\".\"solicitacoes_servico\".\"solicitante_id\", \"public\".\"solicitacoes_servico\".\"data_necessidade\", \"public\".\"solicitacoes_servico\".\"prazo_esperado\", \"public\".\"solicitacoes_servico\".\"data_inicio_previsto\", \"public\".\"solicitacoes_servico\".\"data_fim_previsto\", \"public\".\"solicitacoes_servico\".\"tempo_estimado\", \"public\".\"solicitacoes_servico\".\"custo_estimado\", \"public\".\"solicitacoes_servico\".\"analisado_por_id\", \"public\".\"solicitacoes_servico\".\"data_analise\", \"public\".\"solicitacoes_servico\".\"observacoes_analise\", \"public\".\"solicitacoes_servico\".\"aprovado_por_id\", \"public\".\"solicitacoes_servico\".\"data_aprovacao\", \"public\".\"solicitacoes_servico\".\"observacoes_aprovacao\", \"public\".\"solicitacoes_servico\".\"rejeitado_por_id\", \"public\".\"solicitacoes_servico\".\"data_rejeicao\", \"public\".\"solicitacoes_servico\".\"motivo_rejeicao\", \"public\".\"solicitacoes_servico\".\"cancelado_por_id\", \"public\".\"solicitacoes_servico\".\"data_cancelamento\", \"public\".\"solicitacoes_servico\".\"motivo_cancelamento\", \"public\".\"solicitacoes_servico\".\"concluido_por_id\", \"public\".\"solicitacoes_servico\".\"data_conclusao\", \"public\".\"solicitacoes_servico\".\"observacoes_conclusao\", \"public\".\"solicitacoes_servico\".\"programacao_os_id\", \"public\".\"solicitacoes_servico\".\"os_id\", \"public\".\"solicitacoes_servico\".\"observacoes\", \"public\".\"solicitacoes_servico\".\"requisitos_especiais\", \"public\".\"solicitacoes_servico\".\"riscos_identificados\", \"public\".\"solicitacoes_servico\".\"created_at\", \"public\".\"solicitacoes_servico\".\"updated_at\", \"public\".\"solicitacoes_servico\".\"deleted_at\", \"public\".\"solicitacoes_servico\".\"local\", \"public\".\"solicitacoes_servico\".\"data_solicitacao\", \"public\".\"solicitacoes_servico\".\"prazo_execucao\", \"public\".\"solicitacoes_servico\".\"data_prevista_inicio\", \"public\".\"solicitacoes_servico\".\"data_prevista_fim\", \"public\".\"solicitacoes_servico\".\"justificativa\", \"public\".\"solicitacoes_servico\".\"beneficios_esperados\", \"public\".\"solicitacoes_servico\".\"riscos_nao_execucao\", \"public\".\"solicitacoes_servico\".\"materiais_necessarios\", \"public\".\"solicitacoes_servico\".\"ferramentas_necessarias\", \"public\".\"solicitacoes_servico\".\"mao_obra_necessaria\", \"public\".\"solicitacoes_servico\".\"departamento\", \"public\".\"solicitacoes_servico\".\"contato\", \"public\".\"solicitacoes_servico\".\"analisado_por_nome\", \"public\".\"solicitacoes_servico\".\"parecer_tecnico\", \"public\".\"solicitacoes_servico\".\"aprovado_por_nome\", \"public\".\"solicitacoes_servico\".\"sugestoes_alternativas\", \"public\".\"solicitacoes_servico\".\"cancelado_por_nome\", \"public\".\"solicitacoes_servico\".\"ordem_servico_id\", COALESCE(\"aggr_selection_0_comentarios_solicitacao_servico\".\"_aggr_count_comentarios\", 0) AS \"_aggr_count_comentarios\", COALESCE(\"aggr_selection_1_anexos_solicitacao_servico\".\"_aggr_count_anexos\", 0) AS \"_aggr_count_anexos\" FROM \"public\".\"solicitacoes_servico\" LEFT JOIN (SELECT \"public\".\"comentarios_solicitacao_servico\".\"solicitacao_id\", COUNT(*) AS \"_aggr_count_comentarios\" FROM \"public\".\"comentarios_solicitacao_servico\" WHERE 1=1 GROUP BY \"public\".\"comentarios_solicitacao_servico\".\"solicitacao_id\") AS \"aggr_selection_0_comentarios_solicitacao_servico\" ON (\"public\".\"solicitacoes_servico\".\"id\" = \"aggr_selection_0_comentarios_solicitacao_servico\".\"solicitacao_id\") LEFT JOIN (SELECT \"public\".\"anexos_solicitacao_servico\".\"solicitacao_id\", COUNT(*) AS \"_aggr_count_anexos\" FROM \"public\".\"anexos_solicitacao_servico\" WHERE 1=1 GROUP BY \"public\".\"anexos_solicitacao_servico\".\"solicitacao_id\") AS \"aggr_selection_1_anexos_solicitacao_servico\" ON (\"public\".\"solicitacoes_servico\".\"id\" = \"aggr_selection_1_anexos_solicitacao_servico\".\"solicitacao_id\") WHERE \"public\".\"solicitacoes_servico\".\"deleted_at\" IS NULL ORDER BY \"public\".\"solicitacoes_servico\".\"data_solicitacao\" DESC LIMIT $1 OFFSET $2"
    [35mparams[39m: "[10,0]"
    [35mduration[39m: 8
    [35mtarget[39m: "quaint::connector::metrics"
[2026-03-16 14:20:24.909] [34mDEBUG[39m: [36mundefined - Query executada[39m
    [35menv[39m: "test"
    [35mservice[39m: "aupus-service-api"
    [35mcontext[39m: "Database"
    [35mquery[39m: "SELECT \"public\".\"plantas\".\"id\", \"public\".\"plantas\".\"nome\", \"public\".\"plantas\".\"cidade\", \"public\".\"plantas\".\"uf\" FROM \"public\".\"plantas\" WHERE \"public\".\"plantas\".\"id\" IN ($1) OFFSET $2"
    [35mparams[39m: "[\"cmhbyqh6e00012faox255dzla \",0]"
    [35mduration[39m: 4
    [35mtarget[39m: "quaint::connector::metrics"
[2026-03-16 14:20:24.914] [34mDEBUG[39m: [36mundefined - Query executada[39m
    [35menv[39m: "test"
    [35mservice[39m: "aupus-service-api"
    [35mcontext[39m: "Database"
    [35mquery[39m: "SELECT \"public\".\"anexos_solicitacao_servico\".\"id\", \"public\".\"anexos_solicitacao_servico\".\"nome_arquivo\", \"public\".\"anexos_solicitacao_servico\".\"tipo_documento\", \"public\".\"anexos_solicitacao_servico\".\"tamanho\", \"public\".\"anexos_solicitacao_servico\".\"solicitacao_id\" FROM \"public\".\"anexos_solicitacao_servico\" WHERE \"public\".\"anexos_solicitacao_servico\".\"solicitacao_id\" IN ($1,$2,$3,$4,$5,$6,$7,$8,$9,$10) OFFSET $11"
    [35mparams[39m: "[\"cmmtg8smx00052fcwh9il3xf3\",\"cmmtg8sj500012fcwngsu1x7a\",\"cmmtg431w00052fww1ytic5ez\",\"cmmtg39j700052fssvd54ggrs\",\"cmmtg0j42000h2fzsiitai7xg\",\"cmmtg0izb000d2fzs71v4hphn\",\"cmmtg0hpf00052fzsl2w6s3s2\",\"cmmtfnhyf000h2f60vd5skbu7\",\"cmmtfnhvu000d2f60cynce9md\",\"cmmtfnh5a00052f609m8wxiqh\",0]"
    [35mduration[39m: 4
    [35mtarget[39m: "quaint::connector::metrics"
[2026-03-16 14:20:24.931] [34mDEBUG[39m: [36mundefined - Query executada[39m
    [35menv[39m: "test"
    [35mservice[39m: "aupus-service-api"
    [35mcontext[39m: "Database"
    [35mquery[39m: "SELECT \"public\".\"usuarios\".\"id\", \"public\".\"usuarios\".\"concessionaria_atual_id\", \"public\".\"usuarios\".\"organizacao_atual_id\", \"public\".\"usuarios\".\"nome\", \"public\".\"usuarios\".\"email\", \"public\".\"usuarios\".\"telefone\", \"public\".\"usuarios\".\"instagram\", \"public\".\"usuarios\".\"status\", \"public\".\"usuarios\".\"cpf_cnpj\", \"public\".\"usuarios\".\"cidade\", \"public\".\"usuarios\".\"estado\", \"public\".\"usuarios\".\"endereco\", \"public\".\"usuarios\".\"cep\", \"public\".\"usuarios\".\"deleted_by\", \"public\".\"usuarios\".\"senha\", \"public\".\"usuarios\".\"remember_token\", \"public\".\"usuarios\".\"deleted_at\", \"public\".\"usuarios\".\"created_at\", \"public\".\"usuarios\".\"updated_at\", \"public\".\"usuarios\".\"role\", \"public\".\"usuarios\".\"manager_id\", \"public\".\"usuarios\".\"is_active\", \"public\".\"usuarios\".\"pix\", \"public\".\"usuarios\".\"avatar_url\", \"public\".\"usuarios\".\"created_by\" FROM \"public\".\"usuarios\" WHERE (\"public\".\"usuarios\".\"id\" = $1 AND \"public\".\"usuarios\".\"deleted_at\" IS NULL) LIMIT $2 OFFSET $3"
    [35mparams[39m: "[\"k6g72ojagrl415bsak6y68qi96\",1,0]"
    [35mduration[39m: 1
    [35mtarget[39m: "quaint::connector::metrics"
[2026-03-16 14:20:24.933] [34mDEBUG[39m: [36mundefined - Query executada[39m
    [35menv[39m: "test"
    [35mservice[39m: "aupus-service-api"
    [35mcontext[39m: "Database"
    [35mquery[39m: "SELECT \"public\".\"usuarios\".\"id\", \"public\".\"usuarios\".\"concessionaria_atual_id\", \"public\".\"usuarios\".\"organizacao_atual_id\", \"public\".\"usuarios\".\"nome\", \"public\".\"usuarios\".\"email\", \"public\".\"usuarios\".\"telefone\", \"public\".\"usuarios\".\"instagram\", \"public\".\"usuarios\".\"status\", \"public\".\"usuarios\".\"cpf_cnpj\", \"public\".\"usuarios\".\"cidade\", \"public\".\"usuarios\".\"estado\", \"public\".\"usuarios\".\"endereco\", \"public\".\"usuarios\".\"cep\", \"public\".\"usuarios\".\"deleted_by\", \"public\".\"usuarios\".\"senha\", \"public\".\"usuarios\".\"remember_token\", \"public\".\"usuarios\".\"deleted_at\", \"public\".\"usuarios\".\"created_at\", \"public\".\"usuarios\".\"updated_at\", \"public\".\"usuarios\".\"role\", \"public\".\"usuarios\".\"manager_id\", \"public\".\"usuarios\".\"is_active\", \"public\".\"usuarios\".\"pix\", \"public\".\"usuarios\".\"avatar_url\", \"public\".\"usuarios\".\"created_by\" FROM \"public\".\"usuarios\" WHERE (\"public\".\"usuarios\".\"id\" = $1 AND \"public\".\"usuarios\".\"deleted_at\" IS NULL) LIMIT $2 OFFSET $3"
    [35mparams[39m: "[\"k6g72ojagrl415bsak6y68qi96\",1,0]"
    [35mduration[39m: 0
    [35mtarget[39m: "quaint::connector::metrics"
[2026-03-16 14:20:24.938] [34mDEBUG[39m: [36mundefined - Query executada[39m
    [35menv[39m: "test"
    [35mservice[39m: "aupus-service-api"
    [35mcontext[39m: "Database"
    [35mquery[39m: "SELECT \"public\".\"model_has_roles\".\"role_id\", \"public\".\"model_has_roles\".\"model_id\", \"public\".\"model_has_roles\".\"model_type\" FROM \"public\".\"model_has_roles\" WHERE (\"public\".\"model_has_roles\".\"model_id\" = $1 AND \"public\".\"model_has_roles\".\"model_type\" = $2) LIMIT $3 OFFSET $4"
    [35mparams[39m: "[\"k6g72ojagrl415bsak6y68qi96\",\"App\Models\User\",1,0]"
    [35mduration[39m: 2
    [35mtarget[39m: "quaint::connector::metrics"
[2026-03-16 14:20:24.940] [34mDEBUG[39m: [36mundefined - Query executada[39m
    [35menv[39m: "test"
    [35mservice[39m: "aupus-service-api"
    [35mcontext[39m: "Database"
    [35mquery[39m: "SELECT \"public\".\"roles\".\"id\", \"public\".\"roles\".\"name\", \"public\".\"roles\".\"guard_name\", \"public\".\"roles\".\"created_at\", \"public\".\"roles\".\"updated_at\" FROM \"public\".\"roles\" WHERE \"public\".\"roles\".\"id\" IN ($1) OFFSET $2"
    [35mparams[39m: "[1,0]"
    [35mduration[39m: 1
    [35mtarget[39m: "quaint::connector::metrics"
[2026-03-16 14:20:24.941] [34mDEBUG[39m: [36mundefined - Query executada[39m
    [35menv[39m: "test"
    [35mservice[39m: "aupus-service-api"
    [35mcontext[39m: "Database"
    [35mquery[39m: "SELECT \"public\".\"role_has_permissions\".\"permission_id\", \"public\".\"role_has_permissions\".\"role_id\" FROM \"public\".\"role_has_permissions\" WHERE \"public\".\"role_has_permissions\".\"role_id\" IN ($1) OFFSET $2"
    [35mparams[39m: "[1,0]"
    [35mduration[39m: 0
    [35mtarget[39m: "quaint::connector::metrics"
[2026-03-16 14:20:24.943] [34mDEBUG[39m: [36mundefined - Query executada[39m
    [35menv[39m: "test"
    [35mservice[39m: "aupus-service-api"
    [35mcontext[39m: "Database"
    [35mquery[39m: "SELECT \"public\".\"permissions\".\"id\", \"public\".\"permissions\".\"name\", \"public\".\"permissions\".\"guard_name\", \"public\".\"permissions\".\"created_at\", \"public\".\"permissions\".\"updated_at\", \"public\".\"permissions\".\"display_name\", \"public\".\"permissions\".\"description\" FROM \"public\".\"permissions\" WHERE \"public\".\"permissions\".\"id\" IN ($1,$2,$3,$4,$5,$6,$7,$8,$9,$10,$11,$12,$13,$14,$15,$16,$17,$18,$19,$20,$21,$22) OFFSET $23"
    [35mparams[39m: "[1,2,3,4,5,6,7,8,9,10,11,12,13,14,15,16,17,18,19,20,21,22,0]"
    [35mduration[39m: 1
    [35mtarget[39m: "quaint::connector::metrics"
[2026-03-16 14:20:24.946] [34mDEBUG[39m: [36mundefined - Query executada[39m
    [35menv[39m: "test"
    [35mservice[39m: "aupus-service-api"
    [35mcontext[39m: "Database"
    [35mquery[39m: "SELECT \"public\".\"model_has_permissions\".\"permission_id\", \"public\".\"model_has_permissions\".\"model_id\", \"public\".\"model_has_permissions\".\"model_type\" FROM \"public\".\"model_has_permissions\" WHERE (\"public\".\"model_has_permissions\".\"model_id\" = $1 AND \"public\".\"model_has_permissions\".\"model_type\" = $2) OFFSET $3"
    [35mparams[39m: "[\"k6g72ojagrl415bsak6y68qi96\",\"App\Models\User\",0]"
    [35mduration[39m: 0
    [35mtarget[39m: "quaint::connector::metrics"
[2026-03-16 14:20:24.951] [34mDEBUG[39m: [36mundefined - Query executada[39m
    [35menv[39m: "test"
    [35mservice[39m: "aupus-service-api"
    [35mcontext[39m: "Database"
    [35mquery[39m: "SELECT COUNT(*) AS \"_count$_all\" FROM (SELECT \"public\".\"solicitacoes_servico\".\"id\" FROM \"public\".\"solicitacoes_servico\" WHERE (\"public\".\"solicitacoes_servico\".\"deleted_at\" IS NULL AND \"public\".\"solicitacoes_servico\".\"status\" = CAST($1::text AS \"public\".\"StatusSolicitacaoServico\")) OFFSET $2) AS \"sub\""
    [35mparams[39m: "[\"RASCUNHO\",0]"
    [35mduration[39m: 3
    [35mtarget[39m: "quaint::connector::metrics"
[2026-03-16 14:20:24.960] [34mDEBUG[39m: [36mundefined - Query executada[39m
    [35menv[39m: "test"
    [35mservice[39m: "aupus-service-api"
    [35mcontext[39m: "Database"
    [35mquery[39m: "SELECT \"public\".\"solicitacoes_servico\".\"id\", \"public\".\"solicitacoes_servico\".\"numero\", \"public\".\"solicitacoes_servico\".\"titulo\", \"public\".\"solicitacoes_servico\".\"descricao\", \"public\".\"solicitacoes_servico\".\"tipo\"::text, \"public\".\"solicitacoes_servico\".\"prioridade\"::text, \"public\".\"solicitacoes_servico\".\"status\"::text, \"public\".\"solicitacoes_servico\".\"origem\"::text, \"public\".\"solicitacoes_servico\".\"planta_id\", \"public\".\"solicitacoes_servico\".\"area\", \"public\".\"solicitacoes_servico\".\"local_especifico\", \"public\".\"solicitacoes_servico\".\"equipamento_id\", \"public\".\"solicitacoes_servico\".\"solicitante_nome\", \"public\".\"solicitacoes_servico\".\"solicitante_email\", \"public\".\"solicitacoes_servico\".\"solicitante_telefone\", \"public\".\"solicitacoes_servico\".\"solicitante_departamento\", \"public\".\"solicitacoes_servico\".\"solicitante_id\", \"public\".\"solicitacoes_servico\".\"data_necessidade\", \"public\".\"solicitacoes_servico\".\"prazo_esperado\", \"public\".\"solicitacoes_servico\".\"data_inicio_previsto\", \"public\".\"solicitacoes_servico\".\"data_fim_previsto\", \"public\".\"solicitacoes_servico\".\"tempo_estimado\", \"public\".\"solicitacoes_servico\".\"custo_estimado\", \"public\".\"solicitacoes_servico\".\"analisado_por_id\", \"public\".\"solicitacoes_servico\".\"data_analise\", \"public\".\"solicitacoes_servico\".\"observacoes_analise\", \"public\".\"solicitacoes_servico\".\"aprovado_por_id\", \"public\".\"solicitacoes_servico\".\"data_aprovacao\", \"public\".\"solicitacoes_servico\".\"observacoes_aprovacao\", \"public\".\"solicitacoes_servico\".\"rejeitado_por_id\", \"public\".\"solicitacoes_servico\".\"data_rejeicao\", \"public\".\"solicitacoes_servico\".\"motivo_rejeicao\", \"public\".\"solicitacoes_servico\".\"cancelado_por_id\", \"public\".\"solicitacoes_servico\".\"data_cancelamento\", \"public\".\"solicitacoes_servico\".\"motivo_cancelamento\", \"public\".\"solicitacoes_servico\".\"concluido_por_id\", \"public\".\"solicitacoes_servico\".\"data_conclusao\", \"public\".\"solicitacoes_servico\".\"observacoes_conclusao\", \"public\".\"solicitacoes_servico\".\"programacao_os_id\", \"public\".\"solicitacoes_servico\".\"os_id\", \"public\".\"solicitacoes_servico\".\"observacoes\", \"public\".\"solicitacoes_servico\".\"requisitos_especiais\", \"public\".\"solicitacoes_servico\".\"riscos_identificados\", \"public\".\"solicitacoes_servico\".\"created_at\", \"public\".\"solicitacoes_servico\".\"updated_at\", \"public\".\"solicitacoes_servico\".\"deleted_at\", \"public\".\"solicitacoes_servico\".\"local\", \"public\".\"solicitacoes_servico\".\"data_solicitacao\", \"public\".\"solicitacoes_servico\".\"prazo_execucao\", \"public\".\"solicitacoes_servico\".\"data_prevista_inicio\", \"public\".\"solicitacoes_servico\".\"data_prevista_fim\", \"public\".\"solicitacoes_servico\".\"justificativa\", \"public\".\"solicitacoes_servico\".\"beneficios_esperados\", \"public\".\"solicitacoes_servico\".\"riscos_nao_execucao\", \"public\".\"solicitacoes_servico\".\"materiais_necessarios\", \"public\".\"solicitacoes_servico\".\"ferramentas_necessarias\", \"public\".\"solicitacoes_servico\".\"mao_obra_necessaria\", \"public\".\"solicitacoes_servico\".\"departamento\", \"public\".\"solicitacoes_servico\".\"contato\", \"public\".\"solicitacoes_servico\".\"analisado_por_nome\", \"public\".\"solicitacoes_servico\".\"parecer_tecnico\", \"public\".\"solicitacoes_servico\".\"aprovado_por_nome\", \"public\".\"solicitacoes_servico\".\"sugestoes_alternativas\", \"public\".\"solicitacoes_servico\".\"cancelado_por_nome\", \"public\".\"solicitacoes_servico\".\"ordem_servico_id\", COALESCE(\"aggr_selection_0_comentarios_solicitacao_servico\".\"_aggr_count_comentarios\", 0) AS \"_aggr_count_comentarios\", COALESCE(\"aggr_selection_1_anexos_solicitacao_servico\".\"_aggr_count_anexos\", 0) AS \"_aggr_count_anexos\" FROM \"public\".\"solicitacoes_servico\" LEFT JOIN (SELECT \"public\".\"comentarios_solicitacao_servico\".\"solicitacao_id\", COUNT(*) AS \"_aggr_count_comentarios\" FROM \"public\".\"comentarios_solicitacao_servico\" WHERE 1=1 GROUP BY \"public\".\"comentarios_solicitacao_servico\".\"solicitacao_id\") AS \"aggr_selection_0_comentarios_solicitacao_servico\" ON (\"public\".\"solicitacoes_servico\".\"id\" = \"aggr_selection_0_comentarios_solicitacao_servico\".\"solicitacao_id\") LEFT JOIN (SELECT \"public\".\"anexos_solicitacao_servico\".\"solicitacao_id\", COUNT(*) AS \"_aggr_count_anexos\" FROM \"public\".\"anexos_solicitacao_servico\" WHERE 1=1 GROUP BY \"public\".\"anexos_solicitacao_servico\".\"solicitacao_id\") AS \"aggr_selection_1_anexos_solicitacao_servico\" ON (\"public\".\"solicitacoes_servico\".\"id\" = \"aggr_selection_1_anexos_solicitacao_servico\".\"solicitacao_id\") WHERE (\"public\".\"solicitacoes_servico\".\"deleted_at\" IS NULL AND \"public\".\"solicitacoes_servico\".\"status\" = CAST($1::text AS \"public\".\"StatusSolicitacaoServico\")) ORDER BY \"public\".\"solicitacoes_servico\".\"data_solicitacao\" DESC LIMIT $2 OFFSET $3"
    [35mparams[39m: "[\"RASCUNHO\",10,0]"
    [35mduration[39m: 3
    [35mtarget[39m: "quaint::connector::metrics"
[2026-03-16 14:20:24.962] [34mDEBUG[39m: [36mundefined - Query executada[39m
    [35menv[39m: "test"
    [35mservice[39m: "aupus-service-api"
    [35mcontext[39m: "Database"
    [35mquery[39m: "SELECT \"public\".\"plantas\".\"id\", \"public\".\"plantas\".\"nome\", \"public\".\"plantas\".\"cidade\", \"public\".\"plantas\".\"uf\" FROM \"public\".\"plantas\" WHERE \"public\".\"plantas\".\"id\" IN ($1) OFFSET $2"
    [35mparams[39m: "[\"cmhbyqh6e00012faox255dzla \",0]"
    [35mduration[39m: 1
    [35mtarget[39m: "quaint::connector::metrics"
[2026-03-16 14:20:24.963] [34mDEBUG[39m: [36mundefined - Query executada[39m
    [35menv[39m: "test"
    [35mservice[39m: "aupus-service-api"
    [35mcontext[39m: "Database"
    [35mquery[39m: "SELECT \"public\".\"anexos_solicitacao_servico\".\"id\", \"public\".\"anexos_solicitacao_servico\".\"nome_arquivo\", \"public\".\"anexos_solicitacao_servico\".\"tipo_documento\", \"public\".\"anexos_solicitacao_servico\".\"tamanho\", \"public\".\"anexos_solicitacao_servico\".\"solicitacao_id\" FROM \"public\".\"anexos_solicitacao_servico\" WHERE \"public\".\"anexos_solicitacao_servico\".\"solicitacao_id\" IN ($1,$2,$3,$4,$5,$6,$7,$8,$9,$10) OFFSET $11"
    [35mparams[39m: "[\"cmmtg8smx00052fcwh9il3xf3\",\"cmmtg8sj500012fcwngsu1x7a\",\"cmmtg431w00052fww1ytic5ez\",\"cmmtg39j700052fssvd54ggrs\",\"cmmtg0j42000h2fzsiitai7xg\",\"cmmtg0izb000d2fzs71v4hphn\",\"cmmtg0hpf00052fzsl2w6s3s2\",\"cmmtfnhyf000h2f60vd5skbu7\",\"cmmtfnhvu000d2f60cynce9md\",\"cmmtfnh5a00052f609m8wxiqh\",0]"
    [35mduration[39m: 1
    [35mtarget[39m: "quaint::connector::metrics"
[2026-03-16 14:20:24.980] [34mDEBUG[39m: [36mundefined - Query executada[39m
    [35menv[39m: "test"
    [35mservice[39m: "aupus-service-api"
    [35mcontext[39m: "Database"
    [35mquery[39m: "SELECT \"public\".\"usuarios\".\"id\", \"public\".\"usuarios\".\"concessionaria_atual_id\", \"public\".\"usuarios\".\"organizacao_atual_id\", \"public\".\"usuarios\".\"nome\", \"public\".\"usuarios\".\"email\", \"public\".\"usuarios\".\"telefone\", \"public\".\"usuarios\".\"instagram\", \"public\".\"usuarios\".\"status\", \"public\".\"usuarios\".\"cpf_cnpj\", \"public\".\"usuarios\".\"cidade\", \"public\".\"usuarios\".\"estado\", \"public\".\"usuarios\".\"endereco\", \"public\".\"usuarios\".\"cep\", \"public\".\"usuarios\".\"deleted_by\", \"public\".\"usuarios\".\"senha\", \"public\".\"usuarios\".\"remember_token\", \"public\".\"usuarios\".\"deleted_at\", \"public\".\"usuarios\".\"created_at\", \"public\".\"usuarios\".\"updated_at\", \"public\".\"usuarios\".\"role\", \"public\".\"usuarios\".\"manager_id\", \"public\".\"usuarios\".\"is_active\", \"public\".\"usuarios\".\"pix\", \"public\".\"usuarios\".\"avatar_url\", \"public\".\"usuarios\".\"created_by\" FROM \"public\".\"usuarios\" WHERE (\"public\".\"usuarios\".\"id\" = $1 AND \"public\".\"usuarios\".\"deleted_at\" IS NULL) LIMIT $2 OFFSET $3"
    [35mparams[39m: "[\"k6g72ojagrl415bsak6y68qi96\",1,0]"
    [35mduration[39m: 1
    [35mtarget[39m: "quaint::connector::metrics"
[2026-03-16 14:20:24.983] [34mDEBUG[39m: [36mundefined - Query executada[39m
    [35menv[39m: "test"
    [35mservice[39m: "aupus-service-api"
    [35mcontext[39m: "Database"
    [35mquery[39m: "SELECT \"public\".\"usuarios\".\"id\", \"public\".\"usuarios\".\"concessionaria_atual_id\", \"public\".\"usuarios\".\"organizacao_atual_id\", \"public\".\"usuarios\".\"nome\", \"public\".\"usuarios\".\"email\", \"public\".\"usuarios\".\"telefone\", \"public\".\"usuarios\".\"instagram\", \"public\".\"usuarios\".\"status\", \"public\".\"usuarios\".\"cpf_cnpj\", \"public\".\"usuarios\".\"cidade\", \"public\".\"usuarios\".\"estado\", \"public\".\"usuarios\".\"endereco\", \"public\".\"usuarios\".\"cep\", \"public\".\"usuarios\".\"deleted_by\", \"public\".\"usuarios\".\"senha\", \"public\".\"usuarios\".\"remember_token\", \"public\".\"usuarios\".\"deleted_at\", \"public\".\"usuarios\".\"created_at\", \"public\".\"usuarios\".\"updated_at\", \"public\".\"usuarios\".\"role\", \"public\".\"usuarios\".\"manager_id\", \"public\".\"usuarios\".\"is_active\", \"public\".\"usuarios\".\"pix\", \"public\".\"usuarios\".\"avatar_url\", \"public\".\"usuarios\".\"created_by\" FROM \"public\".\"usuarios\" WHERE (\"public\".\"usuarios\".\"id\" = $1 AND \"public\".\"usuarios\".\"deleted_at\" IS NULL) LIMIT $2 OFFSET $3"
    [35mparams[39m: "[\"k6g72ojagrl415bsak6y68qi96\",1,0]"
    [35mduration[39m: 1
    [35mtarget[39m: "quaint::connector::metrics"
[2026-03-16 14:20:24.986] [34mDEBUG[39m: [36mundefined - Query executada[39m
    [35menv[39m: "test"
    [35mservice[39m: "aupus-service-api"
    [35mcontext[39m: "Database"
    [35mquery[39m: "SELECT \"public\".\"model_has_roles\".\"role_id\", \"public\".\"model_has_roles\".\"model_id\", \"public\".\"model_has_roles\".\"model_type\" FROM \"public\".\"model_has_roles\" WHERE (\"public\".\"model_has_roles\".\"model_id\" = $1 AND \"public\".\"model_has_roles\".\"model_type\" = $2) LIMIT $3 OFFSET $4"
    [35mparams[39m: "[\"k6g72ojagrl415bsak6y68qi96\",\"App\Models\User\",1,0]"
    [35mduration[39m: 1
    [35mtarget[39m: "quaint::connector::metrics"
[2026-03-16 14:20:24.987] [34mDEBUG[39m: [36mundefined - Query executada[39m
    [35menv[39m: "test"
    [35mservice[39m: "aupus-service-api"
    [35mcontext[39m: "Database"
    [35mquery[39m: "SELECT \"public\".\"roles\".\"id\", \"public\".\"roles\".\"name\", \"public\".\"roles\".\"guard_name\", \"public\".\"roles\".\"created_at\", \"public\".\"roles\".\"updated_at\" FROM \"public\".\"roles\" WHERE \"public\".\"roles\".\"id\" IN ($1) OFFSET $2"
    [35mparams[39m: "[1,0]"
    [35mduration[39m: 1
    [35mtarget[39m: "quaint::connector::metrics"
[2026-03-16 14:20:24.989] [34mDEBUG[39m: [36mundefined - Query executada[39m
    [35menv[39m: "test"
    [35mservice[39m: "aupus-service-api"
    [35mcontext[39m: "Database"
    [35mquery[39m: "SELECT \"public\".\"role_has_permissions\".\"permission_id\", \"public\".\"role_has_permissions\".\"role_id\" FROM \"public\".\"role_has_permissions\" WHERE \"public\".\"role_has_permissions\".\"role_id\" IN ($1) OFFSET $2"
    [35mparams[39m: "[1,0]"
    [35mduration[39m: 1
    [35mtarget[39m: "quaint::connector::metrics"
[2026-03-16 14:20:24.991] [34mDEBUG[39m: [36mundefined - Query executada[39m
    [35menv[39m: "test"
    [35mservice[39m: "aupus-service-api"
    [35mcontext[39m: "Database"
    [35mquery[39m: "SELECT \"public\".\"permissions\".\"id\", \"public\".\"permissions\".\"name\", \"public\".\"permissions\".\"guard_name\", \"public\".\"permissions\".\"created_at\", \"public\".\"permissions\".\"updated_at\", \"public\".\"permissions\".\"display_name\", \"public\".\"permissions\".\"description\" FROM \"public\".\"permissions\" WHERE \"public\".\"permissions\".\"id\" IN ($1,$2,$3,$4,$5,$6,$7,$8,$9,$10,$11,$12,$13,$14,$15,$16,$17,$18,$19,$20,$21,$22) OFFSET $23"
    [35mparams[39m: "[1,2,3,4,5,6,7,8,9,10,11,12,13,14,15,16,17,18,19,20,21,22,0]"
    [35mduration[39m: 1
    [35mtarget[39m: "quaint::connector::metrics"
[2026-03-16 14:20:24.995] [34mDEBUG[39m: [36mundefined - Query executada[39m
    [35menv[39m: "test"
    [35mservice[39m: "aupus-service-api"
    [35mcontext[39m: "Database"
    [35mquery[39m: "SELECT \"public\".\"model_has_permissions\".\"permission_id\", \"public\".\"model_has_permissions\".\"model_id\", \"public\".\"model_has_permissions\".\"model_type\" FROM \"public\".\"model_has_permissions\" WHERE (\"public\".\"model_has_permissions\".\"model_id\" = $1 AND \"public\".\"model_has_permissions\".\"model_type\" = $2) OFFSET $3"
    [35mparams[39m: "[\"k6g72ojagrl415bsak6y68qi96\",\"App\Models\User\",0]"
    [35mduration[39m: 1
    [35mtarget[39m: "quaint::connector::metrics"
[2026-03-16 14:20:24.999] [34mDEBUG[39m: [36mundefined - Query executada[39m
    [35menv[39m: "test"
    [35mservice[39m: "aupus-service-api"
    [35mcontext[39m: "Database"
    [35mquery[39m: "SELECT COUNT(*) AS \"_count$_all\" FROM (SELECT \"public\".\"solicitacoes_servico\".\"id\" FROM \"public\".\"solicitacoes_servico\" WHERE (\"public\".\"solicitacoes_servico\".\"deleted_at\" IS NULL AND \"public\".\"solicitacoes_servico\".\"tipo\" = CAST($1::text AS \"public\".\"TipoSolicitacaoServico\")) OFFSET $2) AS \"sub\""
    [35mparams[39m: "[\"MANUTENCAO_CORRETIVA\",0]"
    [35mduration[39m: 2
    [35mtarget[39m: "quaint::connector::metrics"
[2026-03-16 14:20:25.006] [34mDEBUG[39m: [36mundefined - Query executada[39m
    [35menv[39m: "test"
    [35mservice[39m: "aupus-service-api"
    [35mcontext[39m: "Database"
    [35mquery[39m: "SELECT \"public\".\"solicitacoes_servico\".\"id\", \"public\".\"solicitacoes_servico\".\"numero\", \"public\".\"solicitacoes_servico\".\"titulo\", \"public\".\"solicitacoes_servico\".\"descricao\", \"public\".\"solicitacoes_servico\".\"tipo\"::text, \"public\".\"solicitacoes_servico\".\"prioridade\"::text, \"public\".\"solicitacoes_servico\".\"status\"::text, \"public\".\"solicitacoes_servico\".\"origem\"::text, \"public\".\"solicitacoes_servico\".\"planta_id\", \"public\".\"solicitacoes_servico\".\"area\", \"public\".\"solicitacoes_servico\".\"local_especifico\", \"public\".\"solicitacoes_servico\".\"equipamento_id\", \"public\".\"solicitacoes_servico\".\"solicitante_nome\", \"public\".\"solicitacoes_servico\".\"solicitante_email\", \"public\".\"solicitacoes_servico\".\"solicitante_telefone\", \"public\".\"solicitacoes_servico\".\"solicitante_departamento\", \"public\".\"solicitacoes_servico\".\"solicitante_id\", \"public\".\"solicitacoes_servico\".\"data_necessidade\", \"public\".\"solicitacoes_servico\".\"prazo_esperado\", \"public\".\"solicitacoes_servico\".\"data_inicio_previsto\", \"public\".\"solicitacoes_servico\".\"data_fim_previsto\", \"public\".\"solicitacoes_servico\".\"tempo_estimado\", \"public\".\"solicitacoes_servico\".\"custo_estimado\", \"public\".\"solicitacoes_servico\".\"analisado_por_id\", \"public\".\"solicitacoes_servico\".\"data_analise\", \"public\".\"solicitacoes_servico\".\"observacoes_analise\", \"public\".\"solicitacoes_servico\".\"aprovado_por_id\", \"public\".\"solicitacoes_servico\".\"data_aprovacao\", \"public\".\"solicitacoes_servico\".\"observacoes_aprovacao\", \"public\".\"solicitacoes_servico\".\"rejeitado_por_id\", \"public\".\"solicitacoes_servico\".\"data_rejeicao\", \"public\".\"solicitacoes_servico\".\"motivo_rejeicao\", \"public\".\"solicitacoes_servico\".\"cancelado_por_id\", \"public\".\"solicitacoes_servico\".\"data_cancelamento\", \"public\".\"solicitacoes_servico\".\"motivo_cancelamento\", \"public\".\"solicitacoes_servico\".\"concluido_por_id\", \"public\".\"solicitacoes_servico\".\"data_conclusao\", \"public\".\"solicitacoes_servico\".\"observacoes_conclusao\", \"public\".\"solicitacoes_servico\".\"programacao_os_id\", \"public\".\"solicitacoes_servico\".\"os_id\", \"public\".\"solicitacoes_servico\".\"observacoes\", \"public\".\"solicitacoes_servico\".\"requisitos_especiais\", \"public\".\"solicitacoes_servico\".\"riscos_identificados\", \"public\".\"solicitacoes_servico\".\"created_at\", \"public\".\"solicitacoes_servico\".\"updated_at\", \"public\".\"solicitacoes_servico\".\"deleted_at\", \"public\".\"solicitacoes_servico\".\"local\", \"public\".\"solicitacoes_servico\".\"data_solicitacao\", \"public\".\"solicitacoes_servico\".\"prazo_execucao\", \"public\".\"solicitacoes_servico\".\"data_prevista_inicio\", \"public\".\"solicitacoes_servico\".\"data_prevista_fim\", \"public\".\"solicitacoes_servico\".\"justificativa\", \"public\".\"solicitacoes_servico\".\"beneficios_esperados\", \"public\".\"solicitacoes_servico\".\"riscos_nao_execucao\", \"public\".\"solicitacoes_servico\".\"materiais_necessarios\", \"public\".\"solicitacoes_servico\".\"ferramentas_necessarias\", \"public\".\"solicitacoes_servico\".\"mao_obra_necessaria\", \"public\".\"solicitacoes_servico\".\"departamento\", \"public\".\"solicitacoes_servico\".\"contato\", \"public\".\"solicitacoes_servico\".\"analisado_por_nome\", \"public\".\"solicitacoes_servico\".\"parecer_tecnico\", \"public\".\"solicitacoes_servico\".\"aprovado_por_nome\", \"public\".\"solicitacoes_servico\".\"sugestoes_alternativas\", \"public\".\"solicitacoes_servico\".\"cancelado_por_nome\", \"public\".\"solicitacoes_servico\".\"ordem_servico_id\", COALESCE(\"aggr_selection_0_comentarios_solicitacao_servico\".\"_aggr_count_comentarios\", 0) AS \"_aggr_count_comentarios\", COALESCE(\"aggr_selection_1_anexos_solicitacao_servico\".\"_aggr_count_anexos\", 0) AS \"_aggr_count_anexos\" FROM \"public\".\"solicitacoes_servico\" LEFT JOIN (SELECT \"public\".\"comentarios_solicitacao_servico\".\"solicitacao_id\", COUNT(*) AS \"_aggr_count_comentarios\" FROM \"public\".\"comentarios_solicitacao_servico\" WHERE 1=1 GROUP BY \"public\".\"comentarios_solicitacao_servico\".\"solicitacao_id\") AS \"aggr_selection_0_comentarios_solicitacao_servico\" ON (\"public\".\"solicitacoes_servico\".\"id\" = \"aggr_selection_0_comentarios_solicitacao_servico\".\"solicitacao_id\") LEFT JOIN (SELECT \"public\".\"anexos_solicitacao_servico\".\"solicitacao_id\", COUNT(*) AS \"_aggr_count_anexos\" FROM \"public\".\"anexos_solicitacao_servico\" WHERE 1=1 GROUP BY \"public\".\"anexos_solicitacao_servico\".\"solicitacao_id\") AS \"aggr_selection_1_anexos_solicitacao_servico\" ON (\"public\".\"solicitacoes_servico\".\"id\" = \"aggr_selection_1_anexos_solicitacao_servico\".\"solicitacao_id\") WHERE (\"public\".\"solicitacoes_servico\".\"deleted_at\" IS NULL AND \"public\".\"solicitacoes_servico\".\"tipo\" = CAST($1::text AS \"public\".\"TipoSolicitacaoServico\")) ORDER BY \"public\".\"solicitacoes_servico\".\"data_solicitacao\" DESC LIMIT $2 OFFSET $3"
    [35mparams[39m: "[\"MANUTENCAO_CORRETIVA\",10,0]"
    [35mduration[39m: 3
    [35mtarget[39m: "quaint::connector::metrics"
[2026-03-16 14:20:25.007] [34mDEBUG[39m: [36mundefined - Query executada[39m
    [35menv[39m: "test"
    [35mservice[39m: "aupus-service-api"
    [35mcontext[39m: "Database"
    [35mquery[39m: "SELECT \"public\".\"plantas\".\"id\", \"public\".\"plantas\".\"nome\", \"public\".\"plantas\".\"cidade\", \"public\".\"plantas\".\"uf\" FROM \"public\".\"plantas\" WHERE \"public\".\"plantas\".\"id\" IN ($1) OFFSET $2"
    [35mparams[39m: "[\"cmhbyqh6e00012faox255dzla \",0]"
    [35mduration[39m: 1
    [35mtarget[39m: "quaint::connector::metrics"
[2026-03-16 14:20:25.011] [34mDEBUG[39m: [36mundefined - Query executada[39m
    [35menv[39m: "test"
    [35mservice[39m: "aupus-service-api"
    [35mcontext[39m: "Database"
    [35mquery[39m: "SELECT \"public\".\"anexos_solicitacao_servico\".\"id\", \"public\".\"anexos_solicitacao_servico\".\"nome_arquivo\", \"public\".\"anexos_solicitacao_servico\".\"tipo_documento\", \"public\".\"anexos_solicitacao_servico\".\"tamanho\", \"public\".\"anexos_solicitacao_servico\".\"solicitacao_id\" FROM \"public\".\"anexos_solicitacao_servico\" WHERE \"public\".\"anexos_solicitacao_servico\".\"solicitacao_id\" IN ($1) OFFSET $2"
    [35mparams[39m: "[\"cmmtg8sj500012fcwngsu1x7a\",0]"
    [35mduration[39m: 3
    [35mtarget[39m: "quaint::connector::metrics"
[2026-03-16 14:20:25.024] [34mDEBUG[39m: [36mundefined - Query executada[39m
    [35menv[39m: "test"
    [35mservice[39m: "aupus-service-api"
    [35mcontext[39m: "Database"
    [35mquery[39m: "SELECT \"public\".\"usuarios\".\"id\", \"public\".\"usuarios\".\"concessionaria_atual_id\", \"public\".\"usuarios\".\"organizacao_atual_id\", \"public\".\"usuarios\".\"nome\", \"public\".\"usuarios\".\"email\", \"public\".\"usuarios\".\"telefone\", \"public\".\"usuarios\".\"instagram\", \"public\".\"usuarios\".\"status\", \"public\".\"usuarios\".\"cpf_cnpj\", \"public\".\"usuarios\".\"cidade\", \"public\".\"usuarios\".\"estado\", \"public\".\"usuarios\".\"endereco\", \"public\".\"usuarios\".\"cep\", \"public\".\"usuarios\".\"deleted_by\", \"public\".\"usuarios\".\"senha\", \"public\".\"usuarios\".\"remember_token\", \"public\".\"usuarios\".\"deleted_at\", \"public\".\"usuarios\".\"created_at\", \"public\".\"usuarios\".\"updated_at\", \"public\".\"usuarios\".\"role\", \"public\".\"usuarios\".\"manager_id\", \"public\".\"usuarios\".\"is_active\", \"public\".\"usuarios\".\"pix\", \"public\".\"usuarios\".\"avatar_url\", \"public\".\"usuarios\".\"created_by\" FROM \"public\".\"usuarios\" WHERE (\"public\".\"usuarios\".\"id\" = $1 AND \"public\".\"usuarios\".\"deleted_at\" IS NULL) LIMIT $2 OFFSET $3"
    [35mparams[39m: "[\"k6g72ojagrl415bsak6y68qi96\",1,0]"
    [35mduration[39m: 1
    [35mtarget[39m: "quaint::connector::metrics"
[2026-03-16 14:20:25.029] [34mDEBUG[39m: [36mundefined - Query executada[39m
    [35menv[39m: "test"
    [35mservice[39m: "aupus-service-api"
    [35mcontext[39m: "Database"
    [35mquery[39m: "SELECT \"public\".\"usuarios\".\"id\", \"public\".\"usuarios\".\"concessionaria_atual_id\", \"public\".\"usuarios\".\"organizacao_atual_id\", \"public\".\"usuarios\".\"nome\", \"public\".\"usuarios\".\"email\", \"public\".\"usuarios\".\"telefone\", \"public\".\"usuarios\".\"instagram\", \"public\".\"usuarios\".\"status\", \"public\".\"usuarios\".\"cpf_cnpj\", \"public\".\"usuarios\".\"cidade\", \"public\".\"usuarios\".\"estado\", \"public\".\"usuarios\".\"endereco\", \"public\".\"usuarios\".\"cep\", \"public\".\"usuarios\".\"deleted_by\", \"public\".\"usuarios\".\"senha\", \"public\".\"usuarios\".\"remember_token\", \"public\".\"usuarios\".\"deleted_at\", \"public\".\"usuarios\".\"created_at\", \"public\".\"usuarios\".\"updated_at\", \"public\".\"usuarios\".\"role\", \"public\".\"usuarios\".\"manager_id\", \"public\".\"usuarios\".\"is_active\", \"public\".\"usuarios\".\"pix\", \"public\".\"usuarios\".\"avatar_url\", \"public\".\"usuarios\".\"created_by\" FROM \"public\".\"usuarios\" WHERE (\"public\".\"usuarios\".\"id\" = $1 AND \"public\".\"usuarios\".\"deleted_at\" IS NULL) LIMIT $2 OFFSET $3"
    [35mparams[39m: "[\"k6g72ojagrl415bsak6y68qi96\",1,0]"
    [35mduration[39m: 2
    [35mtarget[39m: "quaint::connector::metrics"
[2026-03-16 14:20:25.031] [34mDEBUG[39m: [36mundefined - Query executada[39m
    [35menv[39m: "test"
    [35mservice[39m: "aupus-service-api"
    [35mcontext[39m: "Database"
    [35mquery[39m: "SELECT \"public\".\"model_has_roles\".\"role_id\", \"public\".\"model_has_roles\".\"model_id\", \"public\".\"model_has_roles\".\"model_type\" FROM \"public\".\"model_has_roles\" WHERE (\"public\".\"model_has_roles\".\"model_id\" = $1 AND \"public\".\"model_has_roles\".\"model_type\" = $2) LIMIT $3 OFFSET $4"
    [35mparams[39m: "[\"k6g72ojagrl415bsak6y68qi96\",\"App\Models\User\",1,0]"
    [35mduration[39m: 1
    [35mtarget[39m: "quaint::connector::metrics"
[2026-03-16 14:20:25.033] [34mDEBUG[39m: [36mundefined - Query executada[39m
    [35menv[39m: "test"
    [35mservice[39m: "aupus-service-api"
    [35mcontext[39m: "Database"
    [35mquery[39m: "SELECT \"public\".\"roles\".\"id\", \"public\".\"roles\".\"name\", \"public\".\"roles\".\"guard_name\", \"public\".\"roles\".\"created_at\", \"public\".\"roles\".\"updated_at\" FROM \"public\".\"roles\" WHERE \"public\".\"roles\".\"id\" IN ($1) OFFSET $2"
    [35mparams[39m: "[1,0]"
    [35mduration[39m: 1
    [35mtarget[39m: "quaint::connector::metrics"
[2026-03-16 14:20:25.035] [34mDEBUG[39m: [36mundefined - Query executada[39m
    [35menv[39m: "test"
    [35mservice[39m: "aupus-service-api"
    [35mcontext[39m: "Database"
    [35mquery[39m: "SELECT \"public\".\"role_has_permissions\".\"permission_id\", \"public\".\"role_has_permissions\".\"role_id\" FROM \"public\".\"role_has_permissions\" WHERE \"public\".\"role_has_permissions\".\"role_id\" IN ($1) OFFSET $2"
    [35mparams[39m: "[1,0]"
    [35mduration[39m: 1
    [35mtarget[39m: "quaint::connector::metrics"
[2026-03-16 14:20:25.037] [34mDEBUG[39m: [36mundefined - Query executada[39m
    [35menv[39m: "test"
    [35mservice[39m: "aupus-service-api"
    [35mcontext[39m: "Database"
    [35mquery[39m: "SELECT \"public\".\"permissions\".\"id\", \"public\".\"permissions\".\"name\", \"public\".\"permissions\".\"guard_name\", \"public\".\"permissions\".\"created_at\", \"public\".\"permissions\".\"updated_at\", \"public\".\"permissions\".\"display_name\", \"public\".\"permissions\".\"description\" FROM \"public\".\"permissions\" WHERE \"public\".\"permissions\".\"id\" IN ($1,$2,$3,$4,$5,$6,$7,$8,$9,$10,$11,$12,$13,$14,$15,$16,$17,$18,$19,$20,$21,$22) OFFSET $23"
    [35mparams[39m: "[1,2,3,4,5,6,7,8,9,10,11,12,13,14,15,16,17,18,19,20,21,22,0]"
    [35mduration[39m: 2
    [35mtarget[39m: "quaint::connector::metrics"
[2026-03-16 14:20:25.041] [34mDEBUG[39m: [36mundefined - Query executada[39m
    [35menv[39m: "test"
    [35mservice[39m: "aupus-service-api"
    [35mcontext[39m: "Database"
    [35mquery[39m: "SELECT \"public\".\"model_has_permissions\".\"permission_id\", \"public\".\"model_has_permissions\".\"model_id\", \"public\".\"model_has_permissions\".\"model_type\" FROM \"public\".\"model_has_permissions\" WHERE (\"public\".\"model_has_permissions\".\"model_id\" = $1 AND \"public\".\"model_has_permissions\".\"model_type\" = $2) OFFSET $3"
    [35mparams[39m: "[\"k6g72ojagrl415bsak6y68qi96\",\"App\Models\User\",0]"
    [35mduration[39m: 1
    [35mtarget[39m: "quaint::connector::metrics"
[2026-03-16 14:20:25.048] [34mDEBUG[39m: [36mundefined - Query executada[39m
    [35menv[39m: "test"
    [35mservice[39m: "aupus-service-api"
    [35mcontext[39m: "Database"
    [35mquery[39m: "SELECT COUNT(*) AS \"_count$_all\" FROM (SELECT \"public\".\"solicitacoes_servico\".\"id\" FROM \"public\".\"solicitacoes_servico\" WHERE (\"public\".\"solicitacoes_servico\".\"deleted_at\" IS NULL AND (\"public\".\"solicitacoes_servico\".\"titulo\" ILIKE $1 OR \"public\".\"solicitacoes_servico\".\"descricao\" ILIKE $2 OR \"public\".\"solicitacoes_servico\".\"local\" ILIKE $3 OR \"public\".\"solicitacoes_servico\".\"numero\" ILIKE $4)) OFFSET $5) AS \"sub\""
    [35mparams[39m: "[\"%Teste%\",\"%Teste%\",\"%Teste%\",\"%Teste%\",0]"
    [35mduration[39m: 2
    [35mtarget[39m: "quaint::connector::metrics"
[2026-03-16 14:20:25.055] [34mDEBUG[39m: [36mundefined - Query executada[39m
    [35menv[39m: "test"
    [35mservice[39m: "aupus-service-api"
    [35mcontext[39m: "Database"
    [35mquery[39m: "SELECT \"public\".\"solicitacoes_servico\".\"id\", \"public\".\"solicitacoes_servico\".\"numero\", \"public\".\"solicitacoes_servico\".\"titulo\", \"public\".\"solicitacoes_servico\".\"descricao\", \"public\".\"solicitacoes_servico\".\"tipo\"::text, \"public\".\"solicitacoes_servico\".\"prioridade\"::text, \"public\".\"solicitacoes_servico\".\"status\"::text, \"public\".\"solicitacoes_servico\".\"origem\"::text, \"public\".\"solicitacoes_servico\".\"planta_id\", \"public\".\"solicitacoes_servico\".\"area\", \"public\".\"solicitacoes_servico\".\"local_especifico\", \"public\".\"solicitacoes_servico\".\"equipamento_id\", \"public\".\"solicitacoes_servico\".\"solicitante_nome\", \"public\".\"solicitacoes_servico\".\"solicitante_email\", \"public\".\"solicitacoes_servico\".\"solicitante_telefone\", \"public\".\"solicitacoes_servico\".\"solicitante_departamento\", \"public\".\"solicitacoes_servico\".\"solicitante_id\", \"public\".\"solicitacoes_servico\".\"data_necessidade\", \"public\".\"solicitacoes_servico\".\"prazo_esperado\", \"public\".\"solicitacoes_servico\".\"data_inicio_previsto\", \"public\".\"solicitacoes_servico\".\"data_fim_previsto\", \"public\".\"solicitacoes_servico\".\"tempo_estimado\", \"public\".\"solicitacoes_servico\".\"custo_estimado\", \"public\".\"solicitacoes_servico\".\"analisado_por_id\", \"public\".\"solicitacoes_servico\".\"data_analise\", \"public\".\"solicitacoes_servico\".\"observacoes_analise\", \"public\".\"solicitacoes_servico\".\"aprovado_por_id\", \"public\".\"solicitacoes_servico\".\"data_aprovacao\", \"public\".\"solicitacoes_servico\".\"observacoes_aprovacao\", \"public\".\"solicitacoes_servico\".\"rejeitado_por_id\", \"public\".\"solicitacoes_servico\".\"data_rejeicao\", \"public\".\"solicitacoes_servico\".\"motivo_rejeicao\", \"public\".\"solicitacoes_servico\".\"cancelado_por_id\", \"public\".\"solicitacoes_servico\".\"data_cancelamento\", \"public\".\"solicitacoes_servico\".\"motivo_cancelamento\", \"public\".\"solicitacoes_servico\".\"concluido_por_id\", \"public\".\"solicitacoes_servico\".\"data_conclusao\", \"public\".\"solicitacoes_servico\".\"observacoes_conclusao\", \"public\".\"solicitacoes_servico\".\"programacao_os_id\", \"public\".\"solicitacoes_servico\".\"os_id\", \"public\".\"solicitacoes_servico\".\"observacoes\", \"public\".\"solicitacoes_servico\".\"requisitos_especiais\", \"public\".\"solicitacoes_servico\".\"riscos_identificados\", \"public\".\"solicitacoes_servico\".\"created_at\", \"public\".\"solicitacoes_servico\".\"updated_at\", \"public\".\"solicitacoes_servico\".\"deleted_at\", \"public\".\"solicitacoes_servico\".\"local\", \"public\".\"solicitacoes_servico\".\"data_solicitacao\", \"public\".\"solicitacoes_servico\".\"prazo_execucao\", \"public\".\"solicitacoes_servico\".\"data_prevista_inicio\", \"public\".\"solicitacoes_servico\".\"data_prevista_fim\", \"public\".\"solicitacoes_servico\".\"justificativa\", \"public\".\"solicitacoes_servico\".\"beneficios_esperados\", \"public\".\"solicitacoes_servico\".\"riscos_nao_execucao\", \"public\".\"solicitacoes_servico\".\"materiais_necessarios\", \"public\".\"solicitacoes_servico\".\"ferramentas_necessarias\", \"public\".\"solicitacoes_servico\".\"mao_obra_necessaria\", \"public\".\"solicitacoes_servico\".\"departamento\", \"public\".\"solicitacoes_servico\".\"contato\", \"public\".\"solicitacoes_servico\".\"analisado_por_nome\", \"public\".\"solicitacoes_servico\".\"parecer_tecnico\", \"public\".\"solicitacoes_servico\".\"aprovado_por_nome\", \"public\".\"solicitacoes_servico\".\"sugestoes_alternativas\", \"public\".\"solicitacoes_servico\".\"cancelado_por_nome\", \"public\".\"solicitacoes_servico\".\"ordem_servico_id\", COALESCE(\"aggr_selection_0_comentarios_solicitacao_servico\".\"_aggr_count_comentarios\", 0) AS \"_aggr_count_comentarios\", COALESCE(\"aggr_selection_1_anexos_solicitacao_servico\".\"_aggr_count_anexos\", 0) AS \"_aggr_count_anexos\" FROM \"public\".\"solicitacoes_servico\" LEFT JOIN (SELECT \"public\".\"comentarios_solicitacao_servico\".\"solicitacao_id\", COUNT(*) AS \"_aggr_count_comentarios\" FROM \"public\".\"comentarios_solicitacao_servico\" WHERE 1=1 GROUP BY \"public\".\"comentarios_solicitacao_servico\".\"solicitacao_id\") AS \"aggr_selection_0_comentarios_solicitacao_servico\" ON (\"public\".\"solicitacoes_servico\".\"id\" = \"aggr_selection_0_comentarios_solicitacao_servico\".\"solicitacao_id\") LEFT JOIN (SELECT \"public\".\"anexos_solicitacao_servico\".\"solicitacao_id\", COUNT(*) AS \"_aggr_count_anexos\" FROM \"public\".\"anexos_solicitacao_servico\" WHERE 1=1 GROUP BY \"public\".\"anexos_solicitacao_servico\".\"solicitacao_id\") AS \"aggr_selection_1_anexos_solicitacao_servico\" ON (\"public\".\"solicitacoes_servico\".\"id\" = \"aggr_selection_1_anexos_solicitacao_servico\".\"solicitacao_id\") WHERE (\"public\".\"solicitacoes_servico\".\"deleted_at\" IS NULL AND (\"public\".\"solicitacoes_servico\".\"titulo\" ILIKE $1 OR \"public\".\"solicitacoes_servico\".\"descricao\" ILIKE $2 OR \"public\".\"solicitacoes_servico\".\"local\" ILIKE $3 OR \"public\".\"solicitacoes_servico\".\"numero\" ILIKE $4)) ORDER BY \"public\".\"solicitacoes_servico\".\"data_solicitacao\" DESC LIMIT $5 OFFSET $6"
    [35mparams[39m: "[\"%Teste%\",\"%Teste%\",\"%Teste%\",\"%Teste%\",10,0]"
    [35mduration[39m: 5
    [35mtarget[39m: "quaint::connector::metrics"
[2026-03-16 14:20:25.057] [34mDEBUG[39m: [36mundefined - Query executada[39m
    [35menv[39m: "test"
    [35mservice[39m: "aupus-service-api"
    [35mcontext[39m: "Database"
    [35mquery[39m: "SELECT \"public\".\"plantas\".\"id\", \"public\".\"plantas\".\"nome\", \"public\".\"plantas\".\"cidade\", \"public\".\"plantas\".\"uf\" FROM \"public\".\"plantas\" WHERE \"public\".\"plantas\".\"id\" IN ($1) OFFSET $2"
    [35mparams[39m: "[\"cmhbyqh6e00012faox255dzla \",0]"
    [35mduration[39m: 1
    [35mtarget[39m: "quaint::connector::metrics"
[2026-03-16 14:20:25.058] [34mDEBUG[39m: [36mundefined - Query executada[39m
    [35menv[39m: "test"
    [35mservice[39m: "aupus-service-api"
    [35mcontext[39m: "Database"
    [35mquery[39m: "SELECT \"public\".\"anexos_solicitacao_servico\".\"id\", \"public\".\"anexos_solicitacao_servico\".\"nome_arquivo\", \"public\".\"anexos_solicitacao_servico\".\"tipo_documento\", \"public\".\"anexos_solicitacao_servico\".\"tamanho\", \"public\".\"anexos_solicitacao_servico\".\"solicitacao_id\" FROM \"public\".\"anexos_solicitacao_servico\" WHERE \"public\".\"anexos_solicitacao_servico\".\"solicitacao_id\" IN ($1,$2,$3,$4,$5,$6,$7,$8,$9,$10) OFFSET $11"
    [35mparams[39m: "[\"cmmtg8smx00052fcwh9il3xf3\",\"cmmtg8sj500012fcwngsu1x7a\",\"cmmtg431w00052fww1ytic5ez\",\"cmmtg39j700052fssvd54ggrs\",\"cmmtg0j42000h2fzsiitai7xg\",\"cmmtg0izb000d2fzs71v4hphn\",\"cmmtg0hpf00052fzsl2w6s3s2\",\"cmmtfnhyf000h2f60vd5skbu7\",\"cmmtfnhvu000d2f60cynce9md\",\"cmmtfnh5a00052f609m8wxiqh\",0]"
    [35mduration[39m: 0
    [35mtarget[39m: "quaint::connector::metrics"
[2026-03-16 14:20:25.069] [34mDEBUG[39m: [36mundefined - Query executada[39m
    [35menv[39m: "test"
    [35mservice[39m: "aupus-service-api"
    [35mcontext[39m: "Database"
    [35mquery[39m: "SELECT \"public\".\"usuarios\".\"id\", \"public\".\"usuarios\".\"concessionaria_atual_id\", \"public\".\"usuarios\".\"organizacao_atual_id\", \"public\".\"usuarios\".\"nome\", \"public\".\"usuarios\".\"email\", \"public\".\"usuarios\".\"telefone\", \"public\".\"usuarios\".\"instagram\", \"public\".\"usuarios\".\"status\", \"public\".\"usuarios\".\"cpf_cnpj\", \"public\".\"usuarios\".\"cidade\", \"public\".\"usuarios\".\"estado\", \"public\".\"usuarios\".\"endereco\", \"public\".\"usuarios\".\"cep\", \"public\".\"usuarios\".\"deleted_by\", \"public\".\"usuarios\".\"senha\", \"public\".\"usuarios\".\"remember_token\", \"public\".\"usuarios\".\"deleted_at\", \"public\".\"usuarios\".\"created_at\", \"public\".\"usuarios\".\"updated_at\", \"public\".\"usuarios\".\"role\", \"public\".\"usuarios\".\"manager_id\", \"public\".\"usuarios\".\"is_active\", \"public\".\"usuarios\".\"pix\", \"public\".\"usuarios\".\"avatar_url\", \"public\".\"usuarios\".\"created_by\" FROM \"public\".\"usuarios\" WHERE (\"public\".\"usuarios\".\"id\" = $1 AND \"public\".\"usuarios\".\"deleted_at\" IS NULL) LIMIT $2 OFFSET $3"
    [35mparams[39m: "[\"k6g72ojagrl415bsak6y68qi96\",1,0]"
    [35mduration[39m: 2
    [35mtarget[39m: "quaint::connector::metrics"
[2026-03-16 14:20:25.071] [34mDEBUG[39m: [36mundefined - Query executada[39m
    [35menv[39m: "test"
    [35mservice[39m: "aupus-service-api"
    [35mcontext[39m: "Database"
    [35mquery[39m: "SELECT \"public\".\"usuarios\".\"id\", \"public\".\"usuarios\".\"concessionaria_atual_id\", \"public\".\"usuarios\".\"organizacao_atual_id\", \"public\".\"usuarios\".\"nome\", \"public\".\"usuarios\".\"email\", \"public\".\"usuarios\".\"telefone\", \"public\".\"usuarios\".\"instagram\", \"public\".\"usuarios\".\"status\", \"public\".\"usuarios\".\"cpf_cnpj\", \"public\".\"usuarios\".\"cidade\", \"public\".\"usuarios\".\"estado\", \"public\".\"usuarios\".\"endereco\", \"public\".\"usuarios\".\"cep\", \"public\".\"usuarios\".\"deleted_by\", \"public\".\"usuarios\".\"senha\", \"public\".\"usuarios\".\"remember_token\", \"public\".\"usuarios\".\"deleted_at\", \"public\".\"usuarios\".\"created_at\", \"public\".\"usuarios\".\"updated_at\", \"public\".\"usuarios\".\"role\", \"public\".\"usuarios\".\"manager_id\", \"public\".\"usuarios\".\"is_active\", \"public\".\"usuarios\".\"pix\", \"public\".\"usuarios\".\"avatar_url\", \"public\".\"usuarios\".\"created_by\" FROM \"public\".\"usuarios\" WHERE (\"public\".\"usuarios\".\"id\" = $1 AND \"public\".\"usuarios\".\"deleted_at\" IS NULL) LIMIT $2 OFFSET $3"
    [35mparams[39m: "[\"k6g72ojagrl415bsak6y68qi96\",1,0]"
    [35mduration[39m: 0
    [35mtarget[39m: "quaint::connector::metrics"
[2026-03-16 14:20:25.074] [34mDEBUG[39m: [36mundefined - Query executada[39m
    [35menv[39m: "test"
    [35mservice[39m: "aupus-service-api"
    [35mcontext[39m: "Database"
    [35mquery[39m: "SELECT \"public\".\"model_has_roles\".\"role_id\", \"public\".\"model_has_roles\".\"model_id\", \"public\".\"model_has_roles\".\"model_type\" FROM \"public\".\"model_has_roles\" WHERE (\"public\".\"model_has_roles\".\"model_id\" = $1 AND \"public\".\"model_has_roles\".\"model_type\" = $2) LIMIT $3 OFFSET $4"
    [35mparams[39m: "[\"k6g72ojagrl415bsak6y68qi96\",\"App\Models\User\",1,0]"
    [35mduration[39m: 1
    [35mtarget[39m: "quaint::connector::metrics"
[2026-03-16 14:20:25.075] [34mDEBUG[39m: [36mundefined - Query executada[39m
    [35menv[39m: "test"
    [35mservice[39m: "aupus-service-api"
    [35mcontext[39m: "Database"
    [35mquery[39m: "SELECT \"public\".\"roles\".\"id\", \"public\".\"roles\".\"name\", \"public\".\"roles\".\"guard_name\", \"public\".\"roles\".\"created_at\", \"public\".\"roles\".\"updated_at\" FROM \"public\".\"roles\" WHERE \"public\".\"roles\".\"id\" IN ($1) OFFSET $2"
    [35mparams[39m: "[1,0]"
    [35mduration[39m: 0
    [35mtarget[39m: "quaint::connector::metrics"
[2026-03-16 14:20:25.076] [34mDEBUG[39m: [36mundefined - Query executada[39m
    [35menv[39m: "test"
    [35mservice[39m: "aupus-service-api"
    [35mcontext[39m: "Database"
    [35mquery[39m: "SELECT \"public\".\"role_has_permissions\".\"permission_id\", \"public\".\"role_has_permissions\".\"role_id\" FROM \"public\".\"role_has_permissions\" WHERE \"public\".\"role_has_permissions\".\"role_id\" IN ($1) OFFSET $2"
    [35mparams[39m: "[1,0]"
    [35mduration[39m: 1
    [35mtarget[39m: "quaint::connector::metrics"
[2026-03-16 14:20:25.078] [34mDEBUG[39m: [36mundefined - Query executada[39m
    [35menv[39m: "test"
    [35mservice[39m: "aupus-service-api"
    [35mcontext[39m: "Database"
    [35mquery[39m: "SELECT \"public\".\"permissions\".\"id\", \"public\".\"permissions\".\"name\", \"public\".\"permissions\".\"guard_name\", \"public\".\"permissions\".\"created_at\", \"public\".\"permissions\".\"updated_at\", \"public\".\"permissions\".\"display_name\", \"public\".\"permissions\".\"description\" FROM \"public\".\"permissions\" WHERE \"public\".\"permissions\".\"id\" IN ($1,$2,$3,$4,$5,$6,$7,$8,$9,$10,$11,$12,$13,$14,$15,$16,$17,$18,$19,$20,$21,$22) OFFSET $23"
    [35mparams[39m: "[1,2,3,4,5,6,7,8,9,10,11,12,13,14,15,16,17,18,19,20,21,22,0]"
    [35mduration[39m: 0
    [35mtarget[39m: "quaint::connector::metrics"
[2026-03-16 14:20:25.079] [34mDEBUG[39m: [36mundefined - Query executada[39m
    [35menv[39m: "test"
    [35mservice[39m: "aupus-service-api"
    [35mcontext[39m: "Database"
    [35mquery[39m: "SELECT \"public\".\"model_has_permissions\".\"permission_id\", \"public\".\"model_has_permissions\".\"model_id\", \"public\".\"model_has_permissions\".\"model_type\" FROM \"public\".\"model_has_permissions\" WHERE (\"public\".\"model_has_permissions\".\"model_id\" = $1 AND \"public\".\"model_has_permissions\".\"model_type\" = $2) OFFSET $3"
    [35mparams[39m: "[\"k6g72ojagrl415bsak6y68qi96\",\"App\Models\User\",0]"
    [35mduration[39m: 0
    [35mtarget[39m: "quaint::connector::metrics"
[2026-03-16 14:20:25.081] [34mDEBUG[39m: [36mundefined - Query executada[39m
    [35menv[39m: "test"
    [35mservice[39m: "aupus-service-api"
    [35mcontext[39m: "Database"
    [35mquery[39m: "SELECT COUNT(*) AS \"_count$_all\" FROM (SELECT \"public\".\"solicitacoes_servico\".\"id\" FROM \"public\".\"solicitacoes_servico\" WHERE \"public\".\"solicitacoes_servico\".\"deleted_at\" IS NULL OFFSET $1) AS \"sub\""
    [35mparams[39m: "[0]"
    [35mduration[39m: 0
    [35mtarget[39m: "quaint::connector::metrics"
[2026-03-16 14:20:25.085] [34mDEBUG[39m: [36mundefined - Query executada[39m
    [35menv[39m: "test"
    [35mservice[39m: "aupus-service-api"
    [35mcontext[39m: "Database"
    [35mquery[39m: "SELECT \"public\".\"solicitacoes_servico\".\"id\", \"public\".\"solicitacoes_servico\".\"numero\", \"public\".\"solicitacoes_servico\".\"titulo\", \"public\".\"solicitacoes_servico\".\"descricao\", \"public\".\"solicitacoes_servico\".\"tipo\"::text, \"public\".\"solicitacoes_servico\".\"prioridade\"::text, \"public\".\"solicitacoes_servico\".\"status\"::text, \"public\".\"solicitacoes_servico\".\"origem\"::text, \"public\".\"solicitacoes_servico\".\"planta_id\", \"public\".\"solicitacoes_servico\".\"area\", \"public\".\"solicitacoes_servico\".\"local_especifico\", \"public\".\"solicitacoes_servico\".\"equipamento_id\", \"public\".\"solicitacoes_servico\".\"solicitante_nome\", \"public\".\"solicitacoes_servico\".\"solicitante_email\", \"public\".\"solicitacoes_servico\".\"solicitante_telefone\", \"public\".\"solicitacoes_servico\".\"solicitante_departamento\", \"public\".\"solicitacoes_servico\".\"solicitante_id\", \"public\".\"solicitacoes_servico\".\"data_necessidade\", \"public\".\"solicitacoes_servico\".\"prazo_esperado\", \"public\".\"solicitacoes_servico\".\"data_inicio_previsto\", \"public\".\"solicitacoes_servico\".\"data_fim_previsto\", \"public\".\"solicitacoes_servico\".\"tempo_estimado\", \"public\".\"solicitacoes_servico\".\"custo_estimado\", \"public\".\"solicitacoes_servico\".\"analisado_por_id\", \"public\".\"solicitacoes_servico\".\"data_analise\", \"public\".\"solicitacoes_servico\".\"observacoes_analise\", \"public\".\"solicitacoes_servico\".\"aprovado_por_id\", \"public\".\"solicitacoes_servico\".\"data_aprovacao\", \"public\".\"solicitacoes_servico\".\"observacoes_aprovacao\", \"public\".\"solicitacoes_servico\".\"rejeitado_por_id\", \"public\".\"solicitacoes_servico\".\"data_rejeicao\", \"public\".\"solicitacoes_servico\".\"motivo_rejeicao\", \"public\".\"solicitacoes_servico\".\"cancelado_por_id\", \"public\".\"solicitacoes_servico\".\"data_cancelamento\", \"public\".\"solicitacoes_servico\".\"motivo_cancelamento\", \"public\".\"solicitacoes_servico\".\"concluido_por_id\", \"public\".\"solicitacoes_servico\".\"data_conclusao\", \"public\".\"solicitacoes_servico\".\"observacoes_conclusao\", \"public\".\"solicitacoes_servico\".\"programacao_os_id\", \"public\".\"solicitacoes_servico\".\"os_id\", \"public\".\"solicitacoes_servico\".\"observacoes\", \"public\".\"solicitacoes_servico\".\"requisitos_especiais\", \"public\".\"solicitacoes_servico\".\"riscos_identificados\", \"public\".\"solicitacoes_servico\".\"created_at\", \"public\".\"solicitacoes_servico\".\"updated_at\", \"public\".\"solicitacoes_servico\".\"deleted_at\", \"public\".\"solicitacoes_servico\".\"local\", \"public\".\"solicitacoes_servico\".\"data_solicitacao\", \"public\".\"solicitacoes_servico\".\"prazo_execucao\", \"public\".\"solicitacoes_servico\".\"data_prevista_inicio\", \"public\".\"solicitacoes_servico\".\"data_prevista_fim\", \"public\".\"solicitacoes_servico\".\"justificativa\", \"public\".\"solicitacoes_servico\".\"beneficios_esperados\", \"public\".\"solicitacoes_servico\".\"riscos_nao_execucao\", \"public\".\"solicitacoes_servico\".\"materiais_necessarios\", \"public\".\"solicitacoes_servico\".\"ferramentas_necessarias\", \"public\".\"solicitacoes_servico\".\"mao_obra_necessaria\", \"public\".\"solicitacoes_servico\".\"departamento\", \"public\".\"solicitacoes_servico\".\"contato\", \"public\".\"solicitacoes_servico\".\"analisado_por_nome\", \"public\".\"solicitacoes_servico\".\"parecer_tecnico\", \"public\".\"solicitacoes_servico\".\"aprovado_por_nome\", \"public\".\"solicitacoes_servico\".\"sugestoes_alternativas\", \"public\".\"solicitacoes_servico\".\"cancelado_por_nome\", \"public\".\"solicitacoes_servico\".\"ordem_servico_id\", COALESCE(\"aggr_selection_0_comentarios_solicitacao_servico\".\"_aggr_count_comentarios\", 0) AS \"_aggr_count_comentarios\", COALESCE(\"aggr_selection_1_anexos_solicitacao_servico\".\"_aggr_count_anexos\", 0) AS \"_aggr_count_anexos\" FROM \"public\".\"solicitacoes_servico\" LEFT JOIN (SELECT \"public\".\"comentarios_solicitacao_servico\".\"solicitacao_id\", COUNT(*) AS \"_aggr_count_comentarios\" FROM \"public\".\"comentarios_solicitacao_servico\" WHERE 1=1 GROUP BY \"public\".\"comentarios_solicitacao_servico\".\"solicitacao_id\") AS \"aggr_selection_0_comentarios_solicitacao_servico\" ON (\"public\".\"solicitacoes_servico\".\"id\" = \"aggr_selection_0_comentarios_solicitacao_servico\".\"solicitacao_id\") LEFT JOIN (SELECT \"public\".\"anexos_solicitacao_servico\".\"solicitacao_id\", COUNT(*) AS \"_aggr_count_anexos\" FROM \"public\".\"anexos_solicitacao_servico\" WHERE 1=1 GROUP BY \"public\".\"anexos_solicitacao_servico\".\"solicitacao_id\") AS \"aggr_selection_1_anexos_solicitacao_servico\" ON (\"public\".\"solicitacoes_servico\".\"id\" = \"aggr_selection_1_anexos_solicitacao_servico\".\"solicitacao_id\") WHERE \"public\".\"solicitacoes_servico\".\"deleted_at\" IS NULL ORDER BY \"public\".\"solicitacoes_servico\".\"data_solicitacao\" DESC LIMIT $1 OFFSET $2"
    [35mparams[39m: "[5,0]"
    [35mduration[39m: 2
    [35mtarget[39m: "quaint::connector::metrics"
[2026-03-16 14:20:25.086] [34mDEBUG[39m: [36mundefined - Query executada[39m
    [35menv[39m: "test"
    [35mservice[39m: "aupus-service-api"
    [35mcontext[39m: "Database"
    [35mquery[39m: "SELECT \"public\".\"plantas\".\"id\", \"public\".\"plantas\".\"nome\", \"public\".\"plantas\".\"cidade\", \"public\".\"plantas\".\"uf\" FROM \"public\".\"plantas\" WHERE \"public\".\"plantas\".\"id\" IN ($1) OFFSET $2"
    [35mparams[39m: "[\"cmhbyqh6e00012faox255dzla \",0]"
    [35mduration[39m: 1
    [35mtarget[39m: "quaint::connector::metrics"
[2026-03-16 14:20:25.088] [34mDEBUG[39m: [36mundefined - Query executada[39m
    [35menv[39m: "test"
    [35mservice[39m: "aupus-service-api"
    [35mcontext[39m: "Database"
    [35mquery[39m: "SELECT \"public\".\"anexos_solicitacao_servico\".\"id\", \"public\".\"anexos_solicitacao_servico\".\"nome_arquivo\", \"public\".\"anexos_solicitacao_servico\".\"tipo_documento\", \"public\".\"anexos_solicitacao_servico\".\"tamanho\", \"public\".\"anexos_solicitacao_servico\".\"solicitacao_id\" FROM \"public\".\"anexos_solicitacao_servico\" WHERE \"public\".\"anexos_solicitacao_servico\".\"solicitacao_id\" IN ($1,$2,$3,$4,$5) OFFSET $6"
    [35mparams[39m: "[\"cmmtg8smx00052fcwh9il3xf3\",\"cmmtg8sj500012fcwngsu1x7a\",\"cmmtg431w00052fww1ytic5ez\",\"cmmtg39j700052fssvd54ggrs\",\"cmmtg0j42000h2fzsiitai7xg\",0]"
    [35mduration[39m: 1
    [35mtarget[39m: "quaint::connector::metrics"
[2026-03-16 14:20:25.100] [34mDEBUG[39m: [36mundefined - Query executada[39m
    [35menv[39m: "test"
    [35mservice[39m: "aupus-service-api"
    [35mcontext[39m: "Database"
    [35mquery[39m: "SELECT \"public\".\"usuarios\".\"id\", \"public\".\"usuarios\".\"concessionaria_atual_id\", \"public\".\"usuarios\".\"organizacao_atual_id\", \"public\".\"usuarios\".\"nome\", \"public\".\"usuarios\".\"email\", \"public\".\"usuarios\".\"telefone\", \"public\".\"usuarios\".\"instagram\", \"public\".\"usuarios\".\"status\", \"public\".\"usuarios\".\"cpf_cnpj\", \"public\".\"usuarios\".\"cidade\", \"public\".\"usuarios\".\"estado\", \"public\".\"usuarios\".\"endereco\", \"public\".\"usuarios\".\"cep\", \"public\".\"usuarios\".\"deleted_by\", \"public\".\"usuarios\".\"senha\", \"public\".\"usuarios\".\"remember_token\", \"public\".\"usuarios\".\"deleted_at\", \"public\".\"usuarios\".\"created_at\", \"public\".\"usuarios\".\"updated_at\", \"public\".\"usuarios\".\"role\", \"public\".\"usuarios\".\"manager_id\", \"public\".\"usuarios\".\"is_active\", \"public\".\"usuarios\".\"pix\", \"public\".\"usuarios\".\"avatar_url\", \"public\".\"usuarios\".\"created_by\" FROM \"public\".\"usuarios\" WHERE (\"public\".\"usuarios\".\"id\" = $1 AND \"public\".\"usuarios\".\"deleted_at\" IS NULL) LIMIT $2 OFFSET $3"
    [35mparams[39m: "[\"k6g72ojagrl415bsak6y68qi96\",1,0]"
    [35mduration[39m: 1
    [35mtarget[39m: "quaint::connector::metrics"
[2026-03-16 14:20:25.104] [34mDEBUG[39m: [36mundefined - Query executada[39m
    [35menv[39m: "test"
    [35mservice[39m: "aupus-service-api"
    [35mcontext[39m: "Database"
    [35mquery[39m: "SELECT \"public\".\"usuarios\".\"id\", \"public\".\"usuarios\".\"concessionaria_atual_id\", \"public\".\"usuarios\".\"organizacao_atual_id\", \"public\".\"usuarios\".\"nome\", \"public\".\"usuarios\".\"email\", \"public\".\"usuarios\".\"telefone\", \"public\".\"usuarios\".\"instagram\", \"public\".\"usuarios\".\"status\", \"public\".\"usuarios\".\"cpf_cnpj\", \"public\".\"usuarios\".\"cidade\", \"public\".\"usuarios\".\"estado\", \"public\".\"usuarios\".\"endereco\", \"public\".\"usuarios\".\"cep\", \"public\".\"usuarios\".\"deleted_by\", \"public\".\"usuarios\".\"senha\", \"public\".\"usuarios\".\"remember_token\", \"public\".\"usuarios\".\"deleted_at\", \"public\".\"usuarios\".\"created_at\", \"public\".\"usuarios\".\"updated_at\", \"public\".\"usuarios\".\"role\", \"public\".\"usuarios\".\"manager_id\", \"public\".\"usuarios\".\"is_active\", \"public\".\"usuarios\".\"pix\", \"public\".\"usuarios\".\"avatar_url\", \"public\".\"usuarios\".\"created_by\" FROM \"public\".\"usuarios\" WHERE (\"public\".\"usuarios\".\"id\" = $1 AND \"public\".\"usuarios\".\"deleted_at\" IS NULL) LIMIT $2 OFFSET $3"
    [35mparams[39m: "[\"k6g72ojagrl415bsak6y68qi96\",1,0]"
    [35mduration[39m: 2
    [35mtarget[39m: "quaint::connector::metrics"
[2026-03-16 14:20:25.107] [34mDEBUG[39m: [36mundefined - Query executada[39m
    [35menv[39m: "test"
    [35mservice[39m: "aupus-service-api"
    [35mcontext[39m: "Database"
    [35mquery[39m: "SELECT \"public\".\"model_has_roles\".\"role_id\", \"public\".\"model_has_roles\".\"model_id\", \"public\".\"model_has_roles\".\"model_type\" FROM \"public\".\"model_has_roles\" WHERE (\"public\".\"model_has_roles\".\"model_id\" = $1 AND \"public\".\"model_has_roles\".\"model_type\" = $2) LIMIT $3 OFFSET $4"
    [35mparams[39m: "[\"k6g72ojagrl415bsak6y68qi96\",\"App\Models\User\",1,0]"
    [35mduration[39m: 1
    [35mtarget[39m: "quaint::connector::metrics"
[2026-03-16 14:20:25.109] [34mDEBUG[39m: [36mundefined - Query executada[39m
    [35menv[39m: "test"
    [35mservice[39m: "aupus-service-api"
    [35mcontext[39m: "Database"
    [35mquery[39m: "SELECT \"public\".\"roles\".\"id\", \"public\".\"roles\".\"name\", \"public\".\"roles\".\"guard_name\", \"public\".\"roles\".\"created_at\", \"public\".\"roles\".\"updated_at\" FROM \"public\".\"roles\" WHERE \"public\".\"roles\".\"id\" IN ($1) OFFSET $2"
    [35mparams[39m: "[1,0]"
    [35mduration[39m: 1
    [35mtarget[39m: "quaint::connector::metrics"
[2026-03-16 14:20:25.111] [34mDEBUG[39m: [36mundefined - Query executada[39m
    [35menv[39m: "test"
    [35mservice[39m: "aupus-service-api"
    [35mcontext[39m: "Database"
    [35mquery[39m: "SELECT \"public\".\"role_has_permissions\".\"permission_id\", \"public\".\"role_has_permissions\".\"role_id\" FROM \"public\".\"role_has_permissions\" WHERE \"public\".\"role_has_permissions\".\"role_id\" IN ($1) OFFSET $2"
    [35mparams[39m: "[1,0]"
    [35mduration[39m: 2
    [35mtarget[39m: "quaint::connector::metrics"
[2026-03-16 14:20:25.113] [34mDEBUG[39m: [36mundefined - Query executada[39m
    [35menv[39m: "test"
    [35mservice[39m: "aupus-service-api"
    [35mcontext[39m: "Database"
    [35mquery[39m: "SELECT \"public\".\"permissions\".\"id\", \"public\".\"permissions\".\"name\", \"public\".\"permissions\".\"guard_name\", \"public\".\"permissions\".\"created_at\", \"public\".\"permissions\".\"updated_at\", \"public\".\"permissions\".\"display_name\", \"public\".\"permissions\".\"description\" FROM \"public\".\"permissions\" WHERE \"public\".\"permissions\".\"id\" IN ($1,$2,$3,$4,$5,$6,$7,$8,$9,$10,$11,$12,$13,$14,$15,$16,$17,$18,$19,$20,$21,$22) OFFSET $23"
    [35mparams[39m: "[1,2,3,4,5,6,7,8,9,10,11,12,13,14,15,16,17,18,19,20,21,22,0]"
    [35mduration[39m: 1
    [35mtarget[39m: "quaint::connector::metrics"
[2026-03-16 14:20:25.115] [34mDEBUG[39m: [36mundefined - Query executada[39m
    [35menv[39m: "test"
    [35mservice[39m: "aupus-service-api"
    [35mcontext[39m: "Database"
    [35mquery[39m: "SELECT \"public\".\"model_has_permissions\".\"permission_id\", \"public\".\"model_has_permissions\".\"model_id\", \"public\".\"model_has_permissions\".\"model_type\" FROM \"public\".\"model_has_permissions\" WHERE (\"public\".\"model_has_permissions\".\"model_id\" = $1 AND \"public\".\"model_has_permissions\".\"model_type\" = $2) OFFSET $3"
    [35mparams[39m: "[\"k6g72ojagrl415bsak6y68qi96\",\"App\Models\User\",0]"
    [35mduration[39m: 1
    [35mtarget[39m: "quaint::connector::metrics"
[2026-03-16 14:20:25.122] [34mDEBUG[39m: [36mundefined - Query executada[39m
    [35menv[39m: "test"
    [35mservice[39m: "aupus-service-api"
    [35mcontext[39m: "Database"
    [35mquery[39m: "SELECT \"public\".\"solicitacoes_servico\".\"id\", \"public\".\"solicitacoes_servico\".\"numero\", \"public\".\"solicitacoes_servico\".\"titulo\", \"public\".\"solicitacoes_servico\".\"descricao\", \"public\".\"solicitacoes_servico\".\"tipo\"::text, \"public\".\"solicitacoes_servico\".\"prioridade\"::text, \"public\".\"solicitacoes_servico\".\"status\"::text, \"public\".\"solicitacoes_servico\".\"origem\"::text, \"public\".\"solicitacoes_servico\".\"planta_id\", \"public\".\"solicitacoes_servico\".\"area\", \"public\".\"solicitacoes_servico\".\"local_especifico\", \"public\".\"solicitacoes_servico\".\"equipamento_id\", \"public\".\"solicitacoes_servico\".\"solicitante_nome\", \"public\".\"solicitacoes_servico\".\"solicitante_email\", \"public\".\"solicitacoes_servico\".\"solicitante_telefone\", \"public\".\"solicitacoes_servico\".\"solicitante_departamento\", \"public\".\"solicitacoes_servico\".\"solicitante_id\", \"public\".\"solicitacoes_servico\".\"data_necessidade\", \"public\".\"solicitacoes_servico\".\"prazo_esperado\", \"public\".\"solicitacoes_servico\".\"data_inicio_previsto\", \"public\".\"solicitacoes_servico\".\"data_fim_previsto\", \"public\".\"solicitacoes_servico\".\"tempo_estimado\", \"public\".\"solicitacoes_servico\".\"custo_estimado\", \"public\".\"solicitacoes_servico\".\"analisado_por_id\", \"public\".\"solicitacoes_servico\".\"data_analise\", \"public\".\"solicitacoes_servico\".\"observacoes_analise\", \"public\".\"solicitacoes_servico\".\"aprovado_por_id\", \"public\".\"solicitacoes_servico\".\"data_aprovacao\", \"public\".\"solicitacoes_servico\".\"observacoes_aprovacao\", \"public\".\"solicitacoes_servico\".\"rejeitado_por_id\", \"public\".\"solicitacoes_servico\".\"data_rejeicao\", \"public\".\"solicitacoes_servico\".\"motivo_rejeicao\", \"public\".\"solicitacoes_servico\".\"cancelado_por_id\", \"public\".\"solicitacoes_servico\".\"data_cancelamento\", \"public\".\"solicitacoes_servico\".\"motivo_cancelamento\", \"public\".\"solicitacoes_servico\".\"concluido_por_id\", \"public\".\"solicitacoes_servico\".\"data_conclusao\", \"public\".\"solicitacoes_servico\".\"observacoes_conclusao\", \"public\".\"solicitacoes_servico\".\"programacao_os_id\", \"public\".\"solicitacoes_servico\".\"os_id\", \"public\".\"solicitacoes_servico\".\"observacoes\", \"public\".\"solicitacoes_servico\".\"requisitos_especiais\", \"public\".\"solicitacoes_servico\".\"riscos_identificados\", \"public\".\"solicitacoes_servico\".\"created_at\", \"public\".\"solicitacoes_servico\".\"updated_at\", \"public\".\"solicitacoes_servico\".\"deleted_at\", \"public\".\"solicitacoes_servico\".\"local\", \"public\".\"solicitacoes_servico\".\"data_solicitacao\", \"public\".\"solicitacoes_servico\".\"prazo_execucao\", \"public\".\"solicitacoes_servico\".\"data_prevista_inicio\", \"public\".\"solicitacoes_servico\".\"data_prevista_fim\", \"public\".\"solicitacoes_servico\".\"justificativa\", \"public\".\"solicitacoes_servico\".\"beneficios_esperados\", \"public\".\"solicitacoes_servico\".\"riscos_nao_execucao\", \"public\".\"solicitacoes_servico\".\"materiais_necessarios\", \"public\".\"solicitacoes_servico\".\"ferramentas_necessarias\", \"public\".\"solicitacoes_servico\".\"mao_obra_necessaria\", \"public\".\"solicitacoes_servico\".\"departamento\", \"public\".\"solicitacoes_servico\".\"contato\", \"public\".\"solicitacoes_servico\".\"analisado_por_nome\", \"public\".\"solicitacoes_servico\".\"parecer_tecnico\", \"public\".\"solicitacoes_servico\".\"aprovado_por_nome\", \"public\".\"solicitacoes_servico\".\"sugestoes_alternativas\", \"public\".\"solicitacoes_servico\".\"cancelado_por_nome\", \"public\".\"solicitacoes_servico\".\"ordem_servico_id\" FROM \"public\".\"solicitacoes_servico\" WHERE (\"public\".\"solicitacoes_servico\".\"id\" = $1 AND 1=1) LIMIT $2 OFFSET $3"
    [35mparams[39m: "[\"cmmtg8sj500012fcwngsu1x7a\",1,0]"
    [35mduration[39m: 2
    [35mtarget[39m: "quaint::connector::metrics"
[2026-03-16 14:20:25.123] [34mDEBUG[39m: [36mundefined - Query executada[39m
    [35menv[39m: "test"
    [35mservice[39m: "aupus-service-api"
    [35mcontext[39m: "Database"
    [35mquery[39m: "SELECT \"public\".\"plantas\".\"id\", \"public\".\"plantas\".\"nome\", \"public\".\"plantas\".\"cnpj\", \"public\".\"plantas\".\"localizacao\", \"public\".\"plantas\".\"horario_funcionamento\", \"public\".\"plantas\".\"logradouro\", \"public\".\"plantas\".\"bairro\", \"public\".\"plantas\".\"cidade\", \"public\".\"plantas\".\"uf\", \"public\".\"plantas\".\"cep\", \"public\".\"plantas\".\"proprietario_id\", \"public\".\"plantas\".\"created_at\", \"public\".\"plantas\".\"updated_at\", \"public\".\"plantas\".\"deleted_at\", \"public\".\"plantas\".\"numero_uc\" FROM \"public\".\"plantas\" WHERE \"public\".\"plantas\".\"id\" IN ($1) OFFSET $2"
    [35mparams[39m: "[\"cmhbyqh6e00012faox255dzla \",0]"
    [35mduration[39m: 1
    [35mtarget[39m: "quaint::connector::metrics"
[2026-03-16 14:20:25.126] [34mDEBUG[39m: [36mundefined - Query executada[39m
    [35menv[39m: "test"
    [35mservice[39m: "aupus-service-api"
    [35mcontext[39m: "Database"
    [35mquery[39m: "SELECT \"public\".\"anexos_solicitacao_servico\".\"id\", \"public\".\"anexos_solicitacao_servico\".\"solicitacao_id\", \"public\".\"anexos_solicitacao_servico\".\"nome_original\", \"public\".\"anexos_solicitacao_servico\".\"nome_arquivo\", \"public\".\"anexos_solicitacao_servico\".\"caminho\", \"public\".\"anexos_solicitacao_servico\".\"tamanho\", \"public\".\"anexos_solicitacao_servico\".\"mime_type\", \"public\".\"anexos_solicitacao_servico\".\"descricao\", \"public\".\"anexos_solicitacao_servico\".\"tipo_documento\", \"public\".\"anexos_solicitacao_servico\".\"uploaded_por\", \"public\".\"anexos_solicitacao_servico\".\"uploaded_por_id\", \"public\".\"anexos_solicitacao_servico\".\"uploaded_at\", \"public\".\"anexos_solicitacao_servico\".\"deleted_at\" FROM \"public\".\"anexos_solicitacao_servico\" WHERE \"public\".\"anexos_solicitacao_servico\".\"solicitacao_id\" IN ($1) OFFSET $2"
    [35mparams[39m: "[\"cmmtg8sj500012fcwngsu1x7a\",0]"
    [35mduration[39m: 2
    [35mtarget[39m: "quaint::connector::metrics"
[2026-03-16 14:20:25.131] [34mDEBUG[39m: [36mundefined - Query executada[39m
    [35menv[39m: "test"
    [35mservice[39m: "aupus-service-api"
    [35mcontext[39m: "Database"
    [35mquery[39m: "SELECT \"public\".\"historico_solicitacao_servico\".\"id\", \"public\".\"historico_solicitacao_servico\".\"solicitacao_id\", \"public\".\"historico_solicitacao_servico\".\"acao\", \"public\".\"historico_solicitacao_servico\".\"usuario\", \"public\".\"historico_solicitacao_servico\".\"usuario_nome\", \"public\".\"historico_solicitacao_servico\".\"usuario_id\", \"public\".\"historico_solicitacao_servico\".\"data\", \"public\".\"historico_solicitacao_servico\".\"observacoes\", \"public\".\"historico_solicitacao_servico\".\"status_anterior\"::text, \"public\".\"historico_solicitacao_servico\".\"status_novo\"::text, \"public\".\"historico_solicitacao_servico\".\"dados_extras\" FROM \"public\".\"historico_solicitacao_servico\" WHERE \"public\".\"historico_solicitacao_servico\".\"solicitacao_id\" IN ($1) ORDER BY \"public\".\"historico_solicitacao_servico\".\"data\" DESC OFFSET $2"
    [35mparams[39m: "[\"cmmtg8sj500012fcwngsu1x7a\",0]"
    [35mduration[39m: 4
    [35mtarget[39m: "quaint::connector::metrics"
[2026-03-16 14:20:25.137] [34mDEBUG[39m: [36mundefined - Query executada[39m
    [35menv[39m: "test"
    [35mservice[39m: "aupus-service-api"
    [35mcontext[39m: "Database"
    [35mquery[39m: "SELECT \"public\".\"comentarios_solicitacao_servico\".\"id\", \"public\".\"comentarios_solicitacao_servico\".\"solicitacao_id\", \"public\".\"comentarios_solicitacao_servico\".\"comentario\", \"public\".\"comentarios_solicitacao_servico\".\"autor\", \"public\".\"comentarios_solicitacao_servico\".\"autor_id\", \"public\".\"comentarios_solicitacao_servico\".\"tipo\", \"public\".\"comentarios_solicitacao_servico\".\"privado\", \"public\".\"comentarios_solicitacao_servico\".\"created_at\", \"public\".\"comentarios_solicitacao_servico\".\"updated_at\", \"public\".\"comentarios_solicitacao_servico\".\"deleted_at\" FROM \"public\".\"comentarios_solicitacao_servico\" WHERE \"public\".\"comentarios_solicitacao_servico\".\"solicitacao_id\" IN ($1) ORDER BY \"public\".\"comentarios_solicitacao_servico\".\"created_at\" DESC OFFSET $2"
    [35mparams[39m: "[\"cmmtg8sj500012fcwngsu1x7a\",0]"
    [35mduration[39m: 5
    [35mtarget[39m: "quaint::connector::metrics"
[2026-03-16 14:20:25.166] [34mDEBUG[39m: [36mundefined - Query executada[39m
    [35menv[39m: "test"
    [35mservice[39m: "aupus-service-api"
    [35mcontext[39m: "Database"
    [35mquery[39m: "SELECT \"public\".\"usuarios\".\"id\", \"public\".\"usuarios\".\"concessionaria_atual_id\", \"public\".\"usuarios\".\"organizacao_atual_id\", \"public\".\"usuarios\".\"nome\", \"public\".\"usuarios\".\"email\", \"public\".\"usuarios\".\"telefone\", \"public\".\"usuarios\".\"instagram\", \"public\".\"usuarios\".\"status\", \"public\".\"usuarios\".\"cpf_cnpj\", \"public\".\"usuarios\".\"cidade\", \"public\".\"usuarios\".\"estado\", \"public\".\"usuarios\".\"endereco\", \"public\".\"usuarios\".\"cep\", \"public\".\"usuarios\".\"deleted_by\", \"public\".\"usuarios\".\"senha\", \"public\".\"usuarios\".\"remember_token\", \"public\".\"usuarios\".\"deleted_at\", \"public\".\"usuarios\".\"created_at\", \"public\".\"usuarios\".\"updated_at\", \"public\".\"usuarios\".\"role\", \"public\".\"usuarios\".\"manager_id\", \"public\".\"usuarios\".\"is_active\", \"public\".\"usuarios\".\"pix\", \"public\".\"usuarios\".\"avatar_url\", \"public\".\"usuarios\".\"created_by\" FROM \"public\".\"usuarios\" WHERE (\"public\".\"usuarios\".\"id\" = $1 AND \"public\".\"usuarios\".\"deleted_at\" IS NULL) LIMIT $2 OFFSET $3"
    [35mparams[39m: "[\"k6g72ojagrl415bsak6y68qi96\",1,0]"
    [35mduration[39m: 1
    [35mtarget[39m: "quaint::connector::metrics"
[2026-03-16 14:20:25.170] [34mDEBUG[39m: [36mundefined - Query executada[39m
    [35menv[39m: "test"
    [35mservice[39m: "aupus-service-api"
    [35mcontext[39m: "Database"
    [35mquery[39m: "SELECT \"public\".\"usuarios\".\"id\", \"public\".\"usuarios\".\"concessionaria_atual_id\", \"public\".\"usuarios\".\"organizacao_atual_id\", \"public\".\"usuarios\".\"nome\", \"public\".\"usuarios\".\"email\", \"public\".\"usuarios\".\"telefone\", \"public\".\"usuarios\".\"instagram\", \"public\".\"usuarios\".\"status\", \"public\".\"usuarios\".\"cpf_cnpj\", \"public\".\"usuarios\".\"cidade\", \"public\".\"usuarios\".\"estado\", \"public\".\"usuarios\".\"endereco\", \"public\".\"usuarios\".\"cep\", \"public\".\"usuarios\".\"deleted_by\", \"public\".\"usuarios\".\"senha\", \"public\".\"usuarios\".\"remember_token\", \"public\".\"usuarios\".\"deleted_at\", \"public\".\"usuarios\".\"created_at\", \"public\".\"usuarios\".\"updated_at\", \"public\".\"usuarios\".\"role\", \"public\".\"usuarios\".\"manager_id\", \"public\".\"usuarios\".\"is_active\", \"public\".\"usuarios\".\"pix\", \"public\".\"usuarios\".\"avatar_url\", \"public\".\"usuarios\".\"created_by\" FROM \"public\".\"usuarios\" WHERE (\"public\".\"usuarios\".\"id\" = $1 AND \"public\".\"usuarios\".\"deleted_at\" IS NULL) LIMIT $2 OFFSET $3"
    [35mparams[39m: "[\"k6g72ojagrl415bsak6y68qi96\",1,0]"
    [35mduration[39m: 1
    [35mtarget[39m: "quaint::connector::metrics"
[2026-03-16 14:20:25.174] [34mDEBUG[39m: [36mundefined - Query executada[39m
    [35menv[39m: "test"
    [35mservice[39m: "aupus-service-api"
    [35mcontext[39m: "Database"
    [35mquery[39m: "SELECT \"public\".\"model_has_roles\".\"role_id\", \"public\".\"model_has_roles\".\"model_id\", \"public\".\"model_has_roles\".\"model_type\" FROM \"public\".\"model_has_roles\" WHERE (\"public\".\"model_has_roles\".\"model_id\" = $1 AND \"public\".\"model_has_roles\".\"model_type\" = $2) LIMIT $3 OFFSET $4"
    [35mparams[39m: "[\"k6g72ojagrl415bsak6y68qi96\",\"App\Models\User\",1,0]"
    [35mduration[39m: 2
    [35mtarget[39m: "quaint::connector::metrics"
[2026-03-16 14:20:25.177] [34mDEBUG[39m: [36mundefined - Query executada[39m
    [35menv[39m: "test"
    [35mservice[39m: "aupus-service-api"
    [35mcontext[39m: "Database"
    [35mquery[39m: "SELECT \"public\".\"roles\".\"id\", \"public\".\"roles\".\"name\", \"public\".\"roles\".\"guard_name\", \"public\".\"roles\".\"created_at\", \"public\".\"roles\".\"updated_at\" FROM \"public\".\"roles\" WHERE \"public\".\"roles\".\"id\" IN ($1) OFFSET $2"
    [35mparams[39m: "[1,0]"
    [35mduration[39m: 2
    [35mtarget[39m: "quaint::connector::metrics"
[2026-03-16 14:20:25.180] [34mDEBUG[39m: [36mundefined - Query executada[39m
    [35menv[39m: "test"
    [35mservice[39m: "aupus-service-api"
    [35mcontext[39m: "Database"
    [35mquery[39m: "SELECT \"public\".\"role_has_permissions\".\"permission_id\", \"public\".\"role_has_permissions\".\"role_id\" FROM \"public\".\"role_has_permissions\" WHERE \"public\".\"role_has_permissions\".\"role_id\" IN ($1) OFFSET $2"
    [35mparams[39m: "[1,0]"
    [35mduration[39m: 2
    [35mtarget[39m: "quaint::connector::metrics"
[2026-03-16 14:20:25.181] [34mDEBUG[39m: [36mundefined - Query executada[39m
    [35menv[39m: "test"
    [35mservice[39m: "aupus-service-api"
    [35mcontext[39m: "Database"
    [35mquery[39m: "SELECT \"public\".\"permissions\".\"id\", \"public\".\"permissions\".\"name\", \"public\".\"permissions\".\"guard_name\", \"public\".\"permissions\".\"created_at\", \"public\".\"permissions\".\"updated_at\", \"public\".\"permissions\".\"display_name\", \"public\".\"permissions\".\"description\" FROM \"public\".\"permissions\" WHERE \"public\".\"permissions\".\"id\" IN ($1,$2,$3,$4,$5,$6,$7,$8,$9,$10,$11,$12,$13,$14,$15,$16,$17,$18,$19,$20,$21,$22) OFFSET $23"
    [35mparams[39m: "[1,2,3,4,5,6,7,8,9,10,11,12,13,14,15,16,17,18,19,20,21,22,0]"
    [35mduration[39m: 1
    [35mtarget[39m: "quaint::connector::metrics"
[2026-03-16 14:20:25.186] [34mDEBUG[39m: [36mundefined - Query executada[39m
    [35menv[39m: "test"
    [35mservice[39m: "aupus-service-api"
    [35mcontext[39m: "Database"
    [35mquery[39m: "SELECT \"public\".\"model_has_permissions\".\"permission_id\", \"public\".\"model_has_permissions\".\"model_id\", \"public\".\"model_has_permissions\".\"model_type\" FROM \"public\".\"model_has_permissions\" WHERE (\"public\".\"model_has_permissions\".\"model_id\" = $1 AND \"public\".\"model_has_permissions\".\"model_type\" = $2) OFFSET $3"
    [35mparams[39m: "[\"k6g72ojagrl415bsak6y68qi96\",\"App\Models\User\",0]"
    [35mduration[39m: 2
    [35mtarget[39m: "quaint::connector::metrics"
[2026-03-16 14:20:25.191] [34mDEBUG[39m: [36mundefined - Query executada[39m
    [35menv[39m: "test"
    [35mservice[39m: "aupus-service-api"
    [35mcontext[39m: "Database"
    [35mquery[39m: "SELECT \"public\".\"solicitacoes_servico\".\"id\", \"public\".\"solicitacoes_servico\".\"numero\", \"public\".\"solicitacoes_servico\".\"titulo\", \"public\".\"solicitacoes_servico\".\"descricao\", \"public\".\"solicitacoes_servico\".\"tipo\"::text, \"public\".\"solicitacoes_servico\".\"prioridade\"::text, \"public\".\"solicitacoes_servico\".\"status\"::text, \"public\".\"solicitacoes_servico\".\"origem\"::text, \"public\".\"solicitacoes_servico\".\"planta_id\", \"public\".\"solicitacoes_servico\".\"area\", \"public\".\"solicitacoes_servico\".\"local_especifico\", \"public\".\"solicitacoes_servico\".\"equipamento_id\", \"public\".\"solicitacoes_servico\".\"solicitante_nome\", \"public\".\"solicitacoes_servico\".\"solicitante_email\", \"public\".\"solicitacoes_servico\".\"solicitante_telefone\", \"public\".\"solicitacoes_servico\".\"solicitante_departamento\", \"public\".\"solicitacoes_servico\".\"solicitante_id\", \"public\".\"solicitacoes_servico\".\"data_necessidade\", \"public\".\"solicitacoes_servico\".\"prazo_esperado\", \"public\".\"solicitacoes_servico\".\"data_inicio_previsto\", \"public\".\"solicitacoes_servico\".\"data_fim_previsto\", \"public\".\"solicitacoes_servico\".\"tempo_estimado\", \"public\".\"solicitacoes_servico\".\"custo_estimado\", \"public\".\"solicitacoes_servico\".\"analisado_por_id\", \"public\".\"solicitacoes_servico\".\"data_analise\", \"public\".\"solicitacoes_servico\".\"observacoes_analise\", \"public\".\"solicitacoes_servico\".\"aprovado_por_id\", \"public\".\"solicitacoes_servico\".\"data_aprovacao\", \"public\".\"solicitacoes_servico\".\"observacoes_aprovacao\", \"public\".\"solicitacoes_servico\".\"rejeitado_por_id\", \"public\".\"solicitacoes_servico\".\"data_rejeicao\", \"public\".\"solicitacoes_servico\".\"motivo_rejeicao\", \"public\".\"solicitacoes_servico\".\"cancelado_por_id\", \"public\".\"solicitacoes_servico\".\"data_cancelamento\", \"public\".\"solicitacoes_servico\".\"motivo_cancelamento\", \"public\".\"solicitacoes_servico\".\"concluido_por_id\", \"public\".\"solicitacoes_servico\".\"data_conclusao\", \"public\".\"solicitacoes_servico\".\"observacoes_conclusao\", \"public\".\"solicitacoes_servico\".\"programacao_os_id\", \"public\".\"solicitacoes_servico\".\"os_id\", \"public\".\"solicitacoes_servico\".\"observacoes\", \"public\".\"solicitacoes_servico\".\"requisitos_especiais\", \"public\".\"solicitacoes_servico\".\"riscos_identificados\", \"public\".\"solicitacoes_servico\".\"created_at\", \"public\".\"solicitacoes_servico\".\"updated_at\", \"public\".\"solicitacoes_servico\".\"deleted_at\", \"public\".\"solicitacoes_servico\".\"local\", \"public\".\"solicitacoes_servico\".\"data_solicitacao\", \"public\".\"solicitacoes_servico\".\"prazo_execucao\", \"public\".\"solicitacoes_servico\".\"data_prevista_inicio\", \"public\".\"solicitacoes_servico\".\"data_prevista_fim\", \"public\".\"solicitacoes_servico\".\"justificativa\", \"public\".\"solicitacoes_servico\".\"beneficios_esperados\", \"public\".\"solicitacoes_servico\".\"riscos_nao_execucao\", \"public\".\"solicitacoes_servico\".\"materiais_necessarios\", \"public\".\"solicitacoes_servico\".\"ferramentas_necessarias\", \"public\".\"solicitacoes_servico\".\"mao_obra_necessaria\", \"public\".\"solicitacoes_servico\".\"departamento\", \"public\".\"solicitacoes_servico\".\"contato\", \"public\".\"solicitacoes_servico\".\"analisado_por_nome\", \"public\".\"solicitacoes_servico\".\"parecer_tecnico\", \"public\".\"solicitacoes_servico\".\"aprovado_por_nome\", \"public\".\"solicitacoes_servico\".\"sugestoes_alternativas\", \"public\".\"solicitacoes_servico\".\"cancelado_por_nome\", \"public\".\"solicitacoes_servico\".\"ordem_servico_id\" FROM \"public\".\"solicitacoes_servico\" WHERE (\"public\".\"solicitacoes_servico\".\"id\" = $1 AND 1=1) LIMIT $2 OFFSET $3"
    [35mparams[39m: "[\"id-inexistente-123\",1,0]"
    [35mduration[39m: 1
    [35mtarget[39m: "quaint::connector::metrics"
[2026-03-16 14:20:25.202] [34mDEBUG[39m: [36mundefined - Query executada[39m
    [35menv[39m: "test"
    [35mservice[39m: "aupus-service-api"
    [35mcontext[39m: "Database"
    [35mquery[39m: "SELECT \"public\".\"usuarios\".\"id\", \"public\".\"usuarios\".\"concessionaria_atual_id\", \"public\".\"usuarios\".\"organizacao_atual_id\", \"public\".\"usuarios\".\"nome\", \"public\".\"usuarios\".\"email\", \"public\".\"usuarios\".\"telefone\", \"public\".\"usuarios\".\"instagram\", \"public\".\"usuarios\".\"status\", \"public\".\"usuarios\".\"cpf_cnpj\", \"public\".\"usuarios\".\"cidade\", \"public\".\"usuarios\".\"estado\", \"public\".\"usuarios\".\"endereco\", \"public\".\"usuarios\".\"cep\", \"public\".\"usuarios\".\"deleted_by\", \"public\".\"usuarios\".\"senha\", \"public\".\"usuarios\".\"remember_token\", \"public\".\"usuarios\".\"deleted_at\", \"public\".\"usuarios\".\"created_at\", \"public\".\"usuarios\".\"updated_at\", \"public\".\"usuarios\".\"role\", \"public\".\"usuarios\".\"manager_id\", \"public\".\"usuarios\".\"is_active\", \"public\".\"usuarios\".\"pix\", \"public\".\"usuarios\".\"avatar_url\", \"public\".\"usuarios\".\"created_by\" FROM \"public\".\"usuarios\" WHERE (\"public\".\"usuarios\".\"id\" = $1 AND \"public\".\"usuarios\".\"deleted_at\" IS NULL) LIMIT $2 OFFSET $3"
    [35mparams[39m: "[\"k6g72ojagrl415bsak6y68qi96\",1,0]"
    [35mduration[39m: 2
    [35mtarget[39m: "quaint::connector::metrics"
[2026-03-16 14:20:25.206] [34mDEBUG[39m: [36mundefined - Query executada[39m
    [35menv[39m: "test"
    [35mservice[39m: "aupus-service-api"
    [35mcontext[39m: "Database"
    [35mquery[39m: "SELECT \"public\".\"usuarios\".\"id\", \"public\".\"usuarios\".\"concessionaria_atual_id\", \"public\".\"usuarios\".\"organizacao_atual_id\", \"public\".\"usuarios\".\"nome\", \"public\".\"usuarios\".\"email\", \"public\".\"usuarios\".\"telefone\", \"public\".\"usuarios\".\"instagram\", \"public\".\"usuarios\".\"status\", \"public\".\"usuarios\".\"cpf_cnpj\", \"public\".\"usuarios\".\"cidade\", \"public\".\"usuarios\".\"estado\", \"public\".\"usuarios\".\"endereco\", \"public\".\"usuarios\".\"cep\", \"public\".\"usuarios\".\"deleted_by\", \"public\".\"usuarios\".\"senha\", \"public\".\"usuarios\".\"remember_token\", \"public\".\"usuarios\".\"deleted_at\", \"public\".\"usuarios\".\"created_at\", \"public\".\"usuarios\".\"updated_at\", \"public\".\"usuarios\".\"role\", \"public\".\"usuarios\".\"manager_id\", \"public\".\"usuarios\".\"is_active\", \"public\".\"usuarios\".\"pix\", \"public\".\"usuarios\".\"avatar_url\", \"public\".\"usuarios\".\"created_by\" FROM \"public\".\"usuarios\" WHERE (\"public\".\"usuarios\".\"id\" = $1 AND \"public\".\"usuarios\".\"deleted_at\" IS NULL) LIMIT $2 OFFSET $3"
    [35mparams[39m: "[\"k6g72ojagrl415bsak6y68qi96\",1,0]"
    [35mduration[39m: 1
    [35mtarget[39m: "quaint::connector::metrics"
[2026-03-16 14:20:25.208] [34mDEBUG[39m: [36mundefined - Query executada[39m
    [35menv[39m: "test"
    [35mservice[39m: "aupus-service-api"
    [35mcontext[39m: "Database"
    [35mquery[39m: "SELECT \"public\".\"model_has_roles\".\"role_id\", \"public\".\"model_has_roles\".\"model_id\", \"public\".\"model_has_roles\".\"model_type\" FROM \"public\".\"model_has_roles\" WHERE (\"public\".\"model_has_roles\".\"model_id\" = $1 AND \"public\".\"model_has_roles\".\"model_type\" = $2) LIMIT $3 OFFSET $4"
    [35mparams[39m: "[\"k6g72ojagrl415bsak6y68qi96\",\"App\Models\User\",1,0]"
    [35mduration[39m: 0
    [35mtarget[39m: "quaint::connector::metrics"
[2026-03-16 14:20:25.209] [34mDEBUG[39m: [36mundefined - Query executada[39m
    [35menv[39m: "test"
    [35mservice[39m: "aupus-service-api"
    [35mcontext[39m: "Database"
    [35mquery[39m: "SELECT \"public\".\"roles\".\"id\", \"public\".\"roles\".\"name\", \"public\".\"roles\".\"guard_name\", \"public\".\"roles\".\"created_at\", \"public\".\"roles\".\"updated_at\" FROM \"public\".\"roles\" WHERE \"public\".\"roles\".\"id\" IN ($1) OFFSET $2"
    [35mparams[39m: "[1,0]"
    [35mduration[39m: 0
    [35mtarget[39m: "quaint::connector::metrics"
[2026-03-16 14:20:25.211] [34mDEBUG[39m: [36mundefined - Query executada[39m
    [35menv[39m: "test"
    [35mservice[39m: "aupus-service-api"
    [35mcontext[39m: "Database"
    [35mquery[39m: "SELECT \"public\".\"role_has_permissions\".\"permission_id\", \"public\".\"role_has_permissions\".\"role_id\" FROM \"public\".\"role_has_permissions\" WHERE \"public\".\"role_has_permissions\".\"role_id\" IN ($1) OFFSET $2"
    [35mparams[39m: "[1,0]"
    [35mduration[39m: 2
    [35mtarget[39m: "quaint::connector::metrics"
[2026-03-16 14:20:25.214] [34mDEBUG[39m: [36mundefined - Query executada[39m
    [35menv[39m: "test"
    [35mservice[39m: "aupus-service-api"
    [35mcontext[39m: "Database"
    [35mquery[39m: "SELECT \"public\".\"permissions\".\"id\", \"public\".\"permissions\".\"name\", \"public\".\"permissions\".\"guard_name\", \"public\".\"permissions\".\"created_at\", \"public\".\"permissions\".\"updated_at\", \"public\".\"permissions\".\"display_name\", \"public\".\"permissions\".\"description\" FROM \"public\".\"permissions\" WHERE \"public\".\"permissions\".\"id\" IN ($1,$2,$3,$4,$5,$6,$7,$8,$9,$10,$11,$12,$13,$14,$15,$16,$17,$18,$19,$20,$21,$22) OFFSET $23"
    [35mparams[39m: "[1,2,3,4,5,6,7,8,9,10,11,12,13,14,15,16,17,18,19,20,21,22,0]"
    [35mduration[39m: 2
    [35mtarget[39m: "quaint::connector::metrics"
[2026-03-16 14:20:25.219] [34mDEBUG[39m: [36mundefined - Query executada[39m
    [35menv[39m: "test"
    [35mservice[39m: "aupus-service-api"
    [35mcontext[39m: "Database"
    [35mquery[39m: "SELECT \"public\".\"model_has_permissions\".\"permission_id\", \"public\".\"model_has_permissions\".\"model_id\", \"public\".\"model_has_permissions\".\"model_type\" FROM \"public\".\"model_has_permissions\" WHERE (\"public\".\"model_has_permissions\".\"model_id\" = $1 AND \"public\".\"model_has_permissions\".\"model_type\" = $2) OFFSET $3"
    [35mparams[39m: "[\"k6g72ojagrl415bsak6y68qi96\",\"App\Models\User\",0]"
    [35mduration[39m: 2
    [35mtarget[39m: "quaint::connector::metrics"
[2026-03-16 14:20:25.226] [34mDEBUG[39m: [36mundefined - Query executada[39m
    [35menv[39m: "test"
    [35mservice[39m: "aupus-service-api"
    [35mcontext[39m: "Database"
    [35mquery[39m: "SELECT \"public\".\"solicitacoes_servico\".\"id\", \"public\".\"solicitacoes_servico\".\"numero\", \"public\".\"solicitacoes_servico\".\"titulo\", \"public\".\"solicitacoes_servico\".\"descricao\", \"public\".\"solicitacoes_servico\".\"tipo\"::text, \"public\".\"solicitacoes_servico\".\"prioridade\"::text, \"public\".\"solicitacoes_servico\".\"status\"::text, \"public\".\"solicitacoes_servico\".\"origem\"::text, \"public\".\"solicitacoes_servico\".\"planta_id\", \"public\".\"solicitacoes_servico\".\"area\", \"public\".\"solicitacoes_servico\".\"local_especifico\", \"public\".\"solicitacoes_servico\".\"equipamento_id\", \"public\".\"solicitacoes_servico\".\"solicitante_nome\", \"public\".\"solicitacoes_servico\".\"solicitante_email\", \"public\".\"solicitacoes_servico\".\"solicitante_telefone\", \"public\".\"solicitacoes_servico\".\"solicitante_departamento\", \"public\".\"solicitacoes_servico\".\"solicitante_id\", \"public\".\"solicitacoes_servico\".\"data_necessidade\", \"public\".\"solicitacoes_servico\".\"prazo_esperado\", \"public\".\"solicitacoes_servico\".\"data_inicio_previsto\", \"public\".\"solicitacoes_servico\".\"data_fim_previsto\", \"public\".\"solicitacoes_servico\".\"tempo_estimado\", \"public\".\"solicitacoes_servico\".\"custo_estimado\", \"public\".\"solicitacoes_servico\".\"analisado_por_id\", \"public\".\"solicitacoes_servico\".\"data_analise\", \"public\".\"solicitacoes_servico\".\"observacoes_analise\", \"public\".\"solicitacoes_servico\".\"aprovado_por_id\", \"public\".\"solicitacoes_servico\".\"data_aprovacao\", \"public\".\"solicitacoes_servico\".\"observacoes_aprovacao\", \"public\".\"solicitacoes_servico\".\"rejeitado_por_id\", \"public\".\"solicitacoes_servico\".\"data_rejeicao\", \"public\".\"solicitacoes_servico\".\"motivo_rejeicao\", \"public\".\"solicitacoes_servico\".\"cancelado_por_id\", \"public\".\"solicitacoes_servico\".\"data_cancelamento\", \"public\".\"solicitacoes_servico\".\"motivo_cancelamento\", \"public\".\"solicitacoes_servico\".\"concluido_por_id\", \"public\".\"solicitacoes_servico\".\"data_conclusao\", \"public\".\"solicitacoes_servico\".\"observacoes_conclusao\", \"public\".\"solicitacoes_servico\".\"programacao_os_id\", \"public\".\"solicitacoes_servico\".\"os_id\", \"public\".\"solicitacoes_servico\".\"observacoes\", \"public\".\"solicitacoes_servico\".\"requisitos_especiais\", \"public\".\"solicitacoes_servico\".\"riscos_identificados\", \"public\".\"solicitacoes_servico\".\"created_at\", \"public\".\"solicitacoes_servico\".\"updated_at\", \"public\".\"solicitacoes_servico\".\"deleted_at\", \"public\".\"solicitacoes_servico\".\"local\", \"public\".\"solicitacoes_servico\".\"data_solicitacao\", \"public\".\"solicitacoes_servico\".\"prazo_execucao\", \"public\".\"solicitacoes_servico\".\"data_prevista_inicio\", \"public\".\"solicitacoes_servico\".\"data_prevista_fim\", \"public\".\"solicitacoes_servico\".\"justificativa\", \"public\".\"solicitacoes_servico\".\"beneficios_esperados\", \"public\".\"solicitacoes_servico\".\"riscos_nao_execucao\", \"public\".\"solicitacoes_servico\".\"materiais_necessarios\", \"public\".\"solicitacoes_servico\".\"ferramentas_necessarias\", \"public\".\"solicitacoes_servico\".\"mao_obra_necessaria\", \"public\".\"solicitacoes_servico\".\"departamento\", \"public\".\"solicitacoes_servico\".\"contato\", \"public\".\"solicitacoes_servico\".\"analisado_por_nome\", \"public\".\"solicitacoes_servico\".\"parecer_tecnico\", \"public\".\"solicitacoes_servico\".\"aprovado_por_nome\", \"public\".\"solicitacoes_servico\".\"sugestoes_alternativas\", \"public\".\"solicitacoes_servico\".\"cancelado_por_nome\", \"public\".\"solicitacoes_servico\".\"ordem_servico_id\" FROM \"public\".\"solicitacoes_servico\" WHERE (\"public\".\"solicitacoes_servico\".\"id\" = $1 AND 1=1) LIMIT $2 OFFSET $3"
    [35mparams[39m: "[\"cmmtg8sj500012fcwngsu1x7a\",1,0]"
    [35mduration[39m: 2
    [35mtarget[39m: "quaint::connector::metrics"
[2026-03-16 14:20:25.229] [34mDEBUG[39m: [36mundefined - Query executada[39m
    [35menv[39m: "test"
    [35mservice[39m: "aupus-service-api"
    [35mcontext[39m: "Database"
    [35mquery[39m: "SELECT \"public\".\"plantas\".\"id\", \"public\".\"plantas\".\"nome\", \"public\".\"plantas\".\"cnpj\", \"public\".\"plantas\".\"localizacao\", \"public\".\"plantas\".\"horario_funcionamento\", \"public\".\"plantas\".\"logradouro\", \"public\".\"plantas\".\"bairro\", \"public\".\"plantas\".\"cidade\", \"public\".\"plantas\".\"uf\", \"public\".\"plantas\".\"cep\", \"public\".\"plantas\".\"proprietario_id\", \"public\".\"plantas\".\"created_at\", \"public\".\"plantas\".\"updated_at\", \"public\".\"plantas\".\"deleted_at\", \"public\".\"plantas\".\"numero_uc\" FROM \"public\".\"plantas\" WHERE \"public\".\"plantas\".\"id\" IN ($1) OFFSET $2"
    [35mparams[39m: "[\"cmhbyqh6e00012faox255dzla \",0]"
    [35mduration[39m: 2
    [35mtarget[39m: "quaint::connector::metrics"
[2026-03-16 14:20:25.232] [34mDEBUG[39m: [36mundefined - Query executada[39m
    [35menv[39m: "test"
    [35mservice[39m: "aupus-service-api"
    [35mcontext[39m: "Database"
    [35mquery[39m: "SELECT \"public\".\"anexos_solicitacao_servico\".\"id\", \"public\".\"anexos_solicitacao_servico\".\"solicitacao_id\", \"public\".\"anexos_solicitacao_servico\".\"nome_original\", \"public\".\"anexos_solicitacao_servico\".\"nome_arquivo\", \"public\".\"anexos_solicitacao_servico\".\"caminho\", \"public\".\"anexos_solicitacao_servico\".\"tamanho\", \"public\".\"anexos_solicitacao_servico\".\"mime_type\", \"public\".\"anexos_solicitacao_servico\".\"descricao\", \"public\".\"anexos_solicitacao_servico\".\"tipo_documento\", \"public\".\"anexos_solicitacao_servico\".\"uploaded_por\", \"public\".\"anexos_solicitacao_servico\".\"uploaded_por_id\", \"public\".\"anexos_solicitacao_servico\".\"uploaded_at\", \"public\".\"anexos_solicitacao_servico\".\"deleted_at\" FROM \"public\".\"anexos_solicitacao_servico\" WHERE \"public\".\"anexos_solicitacao_servico\".\"solicitacao_id\" IN ($1) OFFSET $2"
    [35mparams[39m: "[\"cmmtg8sj500012fcwngsu1x7a\",0]"
    [35mduration[39m: 1
    [35mtarget[39m: "quaint::connector::metrics"
[2026-03-16 14:20:25.234] [34mDEBUG[39m: [36mundefined - Query executada[39m
    [35menv[39m: "test"
    [35mservice[39m: "aupus-service-api"
    [35mcontext[39m: "Database"
    [35mquery[39m: "SELECT \"public\".\"historico_solicitacao_servico\".\"id\", \"public\".\"historico_solicitacao_servico\".\"solicitacao_id\", \"public\".\"historico_solicitacao_servico\".\"acao\", \"public\".\"historico_solicitacao_servico\".\"usuario\", \"public\".\"historico_solicitacao_servico\".\"usuario_nome\", \"public\".\"historico_solicitacao_servico\".\"usuario_id\", \"public\".\"historico_solicitacao_servico\".\"data\", \"public\".\"historico_solicitacao_servico\".\"observacoes\", \"public\".\"historico_solicitacao_servico\".\"status_anterior\"::text, \"public\".\"historico_solicitacao_servico\".\"status_novo\"::text, \"public\".\"historico_solicitacao_servico\".\"dados_extras\" FROM \"public\".\"historico_solicitacao_servico\" WHERE \"public\".\"historico_solicitacao_servico\".\"solicitacao_id\" IN ($1) ORDER BY \"public\".\"historico_solicitacao_servico\".\"data\" DESC OFFSET $2"
    [35mparams[39m: "[\"cmmtg8sj500012fcwngsu1x7a\",0]"
    [35mduration[39m: 1
    [35mtarget[39m: "quaint::connector::metrics"
[2026-03-16 14:20:25.236] [34mDEBUG[39m: [36mundefined - Query executada[39m
    [35menv[39m: "test"
    [35mservice[39m: "aupus-service-api"
    [35mcontext[39m: "Database"
    [35mquery[39m: "SELECT \"public\".\"comentarios_solicitacao_servico\".\"id\", \"public\".\"comentarios_solicitacao_servico\".\"solicitacao_id\", \"public\".\"comentarios_solicitacao_servico\".\"comentario\", \"public\".\"comentarios_solicitacao_servico\".\"autor\", \"public\".\"comentarios_solicitacao_servico\".\"autor_id\", \"public\".\"comentarios_solicitacao_servico\".\"tipo\", \"public\".\"comentarios_solicitacao_servico\".\"privado\", \"public\".\"comentarios_solicitacao_servico\".\"created_at\", \"public\".\"comentarios_solicitacao_servico\".\"updated_at\", \"public\".\"comentarios_solicitacao_servico\".\"deleted_at\" FROM \"public\".\"comentarios_solicitacao_servico\" WHERE \"public\".\"comentarios_solicitacao_servico\".\"solicitacao_id\" IN ($1) ORDER BY \"public\".\"comentarios_solicitacao_servico\".\"created_at\" DESC OFFSET $2"
    [35mparams[39m: "[\"cmmtg8sj500012fcwngsu1x7a\",0]"
    [35mduration[39m: 2
    [35mtarget[39m: "quaint::connector::metrics"
[2026-03-16 14:20:25.238] [34mDEBUG[39m: [36mundefined - Query executada[39m
    [35menv[39m: "test"
    [35mservice[39m: "aupus-service-api"
    [35mcontext[39m: "Database"
    [35mquery[39m: "BEGIN"
    [35mparams[39m: "[]"
    [35mduration[39m: 0
    [35mtarget[39m: "quaint::connector::metrics"
[2026-03-16 14:20:25.244] [34mDEBUG[39m: [36mundefined - Query executada[39m
    [35menv[39m: "test"
    [35mservice[39m: "aupus-service-api"
    [35mcontext[39m: "Database"
    [35mquery[39m: "UPDATE \"public\".\"solicitacoes_servico\" SET \"titulo\" = $1, \"prioridade\" = CAST($2::text AS \"public\".\"PrioridadeSolicitacao\"), \"updated_at\" = $3 WHERE (\"public\".\"solicitacoes_servico\".\"id\" = $4 AND 1=1) RETURNING \"public\".\"solicitacoes_servico\".\"id\", \"public\".\"solicitacoes_servico\".\"numero\", \"public\".\"solicitacoes_servico\".\"titulo\", \"public\".\"solicitacoes_servico\".\"descricao\", \"public\".\"solicitacoes_servico\".\"tipo\"::text, \"public\".\"solicitacoes_servico\".\"prioridade\"::text, \"public\".\"solicitacoes_servico\".\"status\"::text, \"public\".\"solicitacoes_servico\".\"origem\"::text, \"public\".\"solicitacoes_servico\".\"planta_id\", \"public\".\"solicitacoes_servico\".\"area\", \"public\".\"solicitacoes_servico\".\"local_especifico\", \"public\".\"solicitacoes_servico\".\"equipamento_id\", \"public\".\"solicitacoes_servico\".\"solicitante_nome\", \"public\".\"solicitacoes_servico\".\"solicitante_email\", \"public\".\"solicitacoes_servico\".\"solicitante_telefone\", \"public\".\"solicitacoes_servico\".\"solicitante_departamento\", \"public\".\"solicitacoes_servico\".\"solicitante_id\", \"public\".\"solicitacoes_servico\".\"data_necessidade\", \"public\".\"solicitacoes_servico\".\"prazo_esperado\", \"public\".\"solicitacoes_servico\".\"data_inicio_previsto\", \"public\".\"solicitacoes_servico\".\"data_fim_previsto\", \"public\".\"solicitacoes_servico\".\"tempo_estimado\", \"public\".\"solicitacoes_servico\".\"custo_estimado\", \"public\".\"solicitacoes_servico\".\"analisado_por_id\", \"public\".\"solicitacoes_servico\".\"data_analise\", \"public\".\"solicitacoes_servico\".\"observacoes_analise\", \"public\".\"solicitacoes_servico\".\"aprovado_por_id\", \"public\".\"solicitacoes_servico\".\"data_aprovacao\", \"public\".\"solicitacoes_servico\".\"observacoes_aprovacao\", \"public\".\"solicitacoes_servico\".\"rejeitado_por_id\", \"public\".\"solicitacoes_servico\".\"data_rejeicao\", \"public\".\"solicitacoes_servico\".\"motivo_rejeicao\", \"public\".\"solicitacoes_servico\".\"cancelado_por_id\", \"public\".\"solicitacoes_servico\".\"data_cancelamento\", \"public\".\"solicitacoes_servico\".\"motivo_cancelamento\", \"public\".\"solicitacoes_servico\".\"concluido_por_id\", \"public\".\"solicitacoes_servico\".\"data_conclusao\", \"public\".\"solicitacoes_servico\".\"observacoes_conclusao\", \"public\".\"solicitacoes_servico\".\"programacao_os_id\", \"public\".\"solicitacoes_servico\".\"os_id\", \"public\".\"solicitacoes_servico\".\"observacoes\", \"public\".\"solicitacoes_servico\".\"requisitos_especiais\", \"public\".\"solicitacoes_servico\".\"riscos_identificados\", \"public\".\"solicitacoes_servico\".\"created_at\", \"public\".\"solicitacoes_servico\".\"updated_at\", \"public\".\"solicitacoes_servico\".\"deleted_at\", \"public\".\"solicitacoes_servico\".\"local\", \"public\".\"solicitacoes_servico\".\"data_solicitacao\", \"public\".\"solicitacoes_servico\".\"prazo_execucao\", \"public\".\"solicitacoes_servico\".\"data_prevista_inicio\", \"public\".\"solicitacoes_servico\".\"data_prevista_fim\", \"public\".\"solicitacoes_servico\".\"justificativa\", \"public\".\"solicitacoes_servico\".\"beneficios_esperados\", \"public\".\"solicitacoes_servico\".\"riscos_nao_execucao\", \"public\".\"solicitacoes_servico\".\"materiais_necessarios\", \"public\".\"solicitacoes_servico\".\"ferramentas_necessarias\", \"public\".\"solicitacoes_servico\".\"mao_obra_necessaria\", \"public\".\"solicitacoes_servico\".\"departamento\", \"public\".\"solicitacoes_servico\".\"contato\", \"public\".\"solicitacoes_servico\".\"analisado_por_nome\", \"public\".\"solicitacoes_servico\".\"parecer_tecnico\", \"public\".\"solicitacoes_servico\".\"aprovado_por_nome\", \"public\".\"solicitacoes_servico\".\"sugestoes_alternativas\", \"public\".\"solicitacoes_servico\".\"cancelado_por_nome\", \"public\".\"solicitacoes_servico\".\"ordem_servico_id\""
    [35mparams[39m: "[\"Título Atualizado\",\"ALTA\",\"2026-03-16 17:20:25.240 UTC\",\"cmmtg8sj500012fcwngsu1x7a\"]"
    [35mduration[39m: 3
    [35mtarget[39m: "quaint::connector::metrics"
[2026-03-16 14:20:25.247] [34mDEBUG[39m: [36mundefined - Query executada[39m
    [35menv[39m: "test"
    [35mservice[39m: "aupus-service-api"
    [35mcontext[39m: "Database"
    [35mquery[39m: "SELECT \"public\".\"solicitacoes_servico\".\"id\", \"public\".\"solicitacoes_servico\".\"numero\", \"public\".\"solicitacoes_servico\".\"titulo\", \"public\".\"solicitacoes_servico\".\"descricao\", \"public\".\"solicitacoes_servico\".\"tipo\"::text, \"public\".\"solicitacoes_servico\".\"prioridade\"::text, \"public\".\"solicitacoes_servico\".\"status\"::text, \"public\".\"solicitacoes_servico\".\"origem\"::text, \"public\".\"solicitacoes_servico\".\"planta_id\", \"public\".\"solicitacoes_servico\".\"area\", \"public\".\"solicitacoes_servico\".\"local_especifico\", \"public\".\"solicitacoes_servico\".\"equipamento_id\", \"public\".\"solicitacoes_servico\".\"solicitante_nome\", \"public\".\"solicitacoes_servico\".\"solicitante_email\", \"public\".\"solicitacoes_servico\".\"solicitante_telefone\", \"public\".\"solicitacoes_servico\".\"solicitante_departamento\", \"public\".\"solicitacoes_servico\".\"solicitante_id\", \"public\".\"solicitacoes_servico\".\"data_necessidade\", \"public\".\"solicitacoes_servico\".\"prazo_esperado\", \"public\".\"solicitacoes_servico\".\"data_inicio_previsto\", \"public\".\"solicitacoes_servico\".\"data_fim_previsto\", \"public\".\"solicitacoes_servico\".\"tempo_estimado\", \"public\".\"solicitacoes_servico\".\"custo_estimado\", \"public\".\"solicitacoes_servico\".\"analisado_por_id\", \"public\".\"solicitacoes_servico\".\"data_analise\", \"public\".\"solicitacoes_servico\".\"observacoes_analise\", \"public\".\"solicitacoes_servico\".\"aprovado_por_id\", \"public\".\"solicitacoes_servico\".\"data_aprovacao\", \"public\".\"solicitacoes_servico\".\"observacoes_aprovacao\", \"public\".\"solicitacoes_servico\".\"rejeitado_por_id\", \"public\".\"solicitacoes_servico\".\"data_rejeicao\", \"public\".\"solicitacoes_servico\".\"motivo_rejeicao\", \"public\".\"solicitacoes_servico\".\"cancelado_por_id\", \"public\".\"solicitacoes_servico\".\"data_cancelamento\", \"public\".\"solicitacoes_servico\".\"motivo_cancelamento\", \"public\".\"solicitacoes_servico\".\"concluido_por_id\", \"public\".\"solicitacoes_servico\".\"data_conclusao\", \"public\".\"solicitacoes_servico\".\"observacoes_conclusao\", \"public\".\"solicitacoes_servico\".\"programacao_os_id\", \"public\".\"solicitacoes_servico\".\"os_id\", \"public\".\"solicitacoes_servico\".\"observacoes\", \"public\".\"solicitacoes_servico\".\"requisitos_especiais\", \"public\".\"solicitacoes_servico\".\"riscos_identificados\", \"public\".\"solicitacoes_servico\".\"created_at\", \"public\".\"solicitacoes_servico\".\"updated_at\", \"public\".\"solicitacoes_servico\".\"deleted_at\", \"public\".\"solicitacoes_servico\".\"local\", \"public\".\"solicitacoes_servico\".\"data_solicitacao\", \"public\".\"solicitacoes_servico\".\"prazo_execucao\", \"public\".\"solicitacoes_servico\".\"data_prevista_inicio\", \"public\".\"solicitacoes_servico\".\"data_prevista_fim\", \"public\".\"solicitacoes_servico\".\"justificativa\", \"public\".\"solicitacoes_servico\".\"beneficios_esperados\", \"public\".\"solicitacoes_servico\".\"riscos_nao_execucao\", \"public\".\"solicitacoes_servico\".\"materiais_necessarios\", \"public\".\"solicitacoes_servico\".\"ferramentas_necessarias\", \"public\".\"solicitacoes_servico\".\"mao_obra_necessaria\", \"public\".\"solicitacoes_servico\".\"departamento\", \"public\".\"solicitacoes_servico\".\"contato\", \"public\".\"solicitacoes_servico\".\"analisado_por_nome\", \"public\".\"solicitacoes_servico\".\"parecer_tecnico\", \"public\".\"solicitacoes_servico\".\"aprovado_por_nome\", \"public\".\"solicitacoes_servico\".\"sugestoes_alternativas\", \"public\".\"solicitacoes_servico\".\"cancelado_por_nome\", \"public\".\"solicitacoes_servico\".\"ordem_servico_id\" FROM \"public\".\"solicitacoes_servico\" WHERE \"public\".\"solicitacoes_servico\".\"id\" = $1 LIMIT $2 OFFSET $3"
    [35mparams[39m: "[\"cmmtg8sj500012fcwngsu1x7a\",1,0]"
    [35mduration[39m: 1
    [35mtarget[39m: "quaint::connector::metrics"
[2026-03-16 14:20:25.248] [34mDEBUG[39m: [36mundefined - Query executada[39m
    [35menv[39m: "test"
    [35mservice[39m: "aupus-service-api"
    [35mcontext[39m: "Database"
    [35mquery[39m: "SELECT \"public\".\"plantas\".\"id\", \"public\".\"plantas\".\"nome\", \"public\".\"plantas\".\"cnpj\", \"public\".\"plantas\".\"localizacao\", \"public\".\"plantas\".\"horario_funcionamento\", \"public\".\"plantas\".\"logradouro\", \"public\".\"plantas\".\"bairro\", \"public\".\"plantas\".\"cidade\", \"public\".\"plantas\".\"uf\", \"public\".\"plantas\".\"cep\", \"public\".\"plantas\".\"proprietario_id\", \"public\".\"plantas\".\"created_at\", \"public\".\"plantas\".\"updated_at\", \"public\".\"plantas\".\"deleted_at\", \"public\".\"plantas\".\"numero_uc\" FROM \"public\".\"plantas\" WHERE \"public\".\"plantas\".\"id\" IN ($1) OFFSET $2"
    [35mparams[39m: "[\"cmhbyqh6e00012faox255dzla \",0]"
    [35mduration[39m: 1
    [35mtarget[39m: "quaint::connector::metrics"
[2026-03-16 14:20:25.255] [34mDEBUG[39m: [36mundefined - Query executada[39m
    [35menv[39m: "test"
    [35mservice[39m: "aupus-service-api"
    [35mcontext[39m: "Database"
    [35mquery[39m: "INSERT INTO \"public\".\"historico_solicitacao_servico\" (\"id\",\"solicitacao_id\",\"acao\",\"usuario_nome\",\"usuario_id\",\"data\",\"observacoes\") VALUES ($1,$2,$3,$4,$5,$6,$7) RETURNING \"public\".\"historico_solicitacao_servico\".\"id\", \"public\".\"historico_solicitacao_servico\".\"solicitacao_id\", \"public\".\"historico_solicitacao_servico\".\"acao\", \"public\".\"historico_solicitacao_servico\".\"usuario\", \"public\".\"historico_solicitacao_servico\".\"usuario_nome\", \"public\".\"historico_solicitacao_servico\".\"usuario_id\", \"public\".\"historico_solicitacao_servico\".\"data\", \"public\".\"historico_solicitacao_servico\".\"observacoes\", \"public\".\"historico_solicitacao_servico\".\"status_anterior\"::text, \"public\".\"historico_solicitacao_servico\".\"status_novo\"::text, \"public\".\"historico_solicitacao_servico\".\"dados_extras\""
    [35mparams[39m: "[\"cmmtg8syr00092fcw1a9xtxhw\",\"cmmtg8sj500012fcwngsu1x7a\",\"ATUALIZACAO\",\"Sistema\",\"k6g72ojagrl415bsak6y68qi96\",\"2026-03-16 17:20:25.251 UTC\",\"Solicitação atualizada\"]"
    [35mduration[39m: 4
    [35mtarget[39m: "quaint::connector::metrics"
[2026-03-16 14:20:25.274] [34mDEBUG[39m: [36mundefined - Query executada[39m
    [35menv[39m: "test"
    [35mservice[39m: "aupus-service-api"
    [35mcontext[39m: "Database"
    [35mquery[39m: "COMMIT"
    [35mparams[39m: "[]"
    [35mduration[39m: 18
    [35mtarget[39m: "quaint::connector::metrics"
[2026-03-16 14:20:25.282] [34mDEBUG[39m: [36mundefined - Query executada[39m
    [35menv[39m: "test"
    [35mservice[39m: "aupus-service-api"
    [35mcontext[39m: "Database"
    [35mquery[39m: "SELECT \"public\".\"usuarios\".\"id\", \"public\".\"usuarios\".\"concessionaria_atual_id\", \"public\".\"usuarios\".\"organizacao_atual_id\", \"public\".\"usuarios\".\"nome\", \"public\".\"usuarios\".\"email\", \"public\".\"usuarios\".\"telefone\", \"public\".\"usuarios\".\"instagram\", \"public\".\"usuarios\".\"status\", \"public\".\"usuarios\".\"cpf_cnpj\", \"public\".\"usuarios\".\"cidade\", \"public\".\"usuarios\".\"estado\", \"public\".\"usuarios\".\"endereco\", \"public\".\"usuarios\".\"cep\", \"public\".\"usuarios\".\"deleted_by\", \"public\".\"usuarios\".\"senha\", \"public\".\"usuarios\".\"remember_token\", \"public\".\"usuarios\".\"deleted_at\", \"public\".\"usuarios\".\"created_at\", \"public\".\"usuarios\".\"updated_at\", \"public\".\"usuarios\".\"role\", \"public\".\"usuarios\".\"manager_id\", \"public\".\"usuarios\".\"is_active\", \"public\".\"usuarios\".\"pix\", \"public\".\"usuarios\".\"avatar_url\", \"public\".\"usuarios\".\"created_by\" FROM \"public\".\"usuarios\" WHERE (\"public\".\"usuarios\".\"id\" = $1 AND \"public\".\"usuarios\".\"deleted_at\" IS NULL) LIMIT $2 OFFSET $3"
    [35mparams[39m: "[\"k6g72ojagrl415bsak6y68qi96\",1,0]"
    [35mduration[39m: 1
    [35mtarget[39m: "quaint::connector::metrics"
[2026-03-16 14:20:25.287] [34mDEBUG[39m: [36mundefined - Query executada[39m
    [35menv[39m: "test"
    [35mservice[39m: "aupus-service-api"
    [35mcontext[39m: "Database"
    [35mquery[39m: "SELECT \"public\".\"usuarios\".\"id\", \"public\".\"usuarios\".\"concessionaria_atual_id\", \"public\".\"usuarios\".\"organizacao_atual_id\", \"public\".\"usuarios\".\"nome\", \"public\".\"usuarios\".\"email\", \"public\".\"usuarios\".\"telefone\", \"public\".\"usuarios\".\"instagram\", \"public\".\"usuarios\".\"status\", \"public\".\"usuarios\".\"cpf_cnpj\", \"public\".\"usuarios\".\"cidade\", \"public\".\"usuarios\".\"estado\", \"public\".\"usuarios\".\"endereco\", \"public\".\"usuarios\".\"cep\", \"public\".\"usuarios\".\"deleted_by\", \"public\".\"usuarios\".\"senha\", \"public\".\"usuarios\".\"remember_token\", \"public\".\"usuarios\".\"deleted_at\", \"public\".\"usuarios\".\"created_at\", \"public\".\"usuarios\".\"updated_at\", \"public\".\"usuarios\".\"role\", \"public\".\"usuarios\".\"manager_id\", \"public\".\"usuarios\".\"is_active\", \"public\".\"usuarios\".\"pix\", \"public\".\"usuarios\".\"avatar_url\", \"public\".\"usuarios\".\"created_by\" FROM \"public\".\"usuarios\" WHERE (\"public\".\"usuarios\".\"id\" = $1 AND \"public\".\"usuarios\".\"deleted_at\" IS NULL) LIMIT $2 OFFSET $3"
    [35mparams[39m: "[\"k6g72ojagrl415bsak6y68qi96\",1,0]"
    [35mduration[39m: 2
    [35mtarget[39m: "quaint::connector::metrics"
[2026-03-16 14:20:25.289] [34mDEBUG[39m: [36mundefined - Query executada[39m
    [35menv[39m: "test"
    [35mservice[39m: "aupus-service-api"
    [35mcontext[39m: "Database"
    [35mquery[39m: "SELECT \"public\".\"model_has_roles\".\"role_id\", \"public\".\"model_has_roles\".\"model_id\", \"public\".\"model_has_roles\".\"model_type\" FROM \"public\".\"model_has_roles\" WHERE (\"public\".\"model_has_roles\".\"model_id\" = $1 AND \"public\".\"model_has_roles\".\"model_type\" = $2) LIMIT $3 OFFSET $4"
    [35mparams[39m: "[\"k6g72ojagrl415bsak6y68qi96\",\"App\Models\User\",1,0]"
    [35mduration[39m: 1
    [35mtarget[39m: "quaint::connector::metrics"
[2026-03-16 14:20:25.290] [34mDEBUG[39m: [36mundefined - Query executada[39m
    [35menv[39m: "test"
    [35mservice[39m: "aupus-service-api"
    [35mcontext[39m: "Database"
    [35mquery[39m: "SELECT \"public\".\"roles\".\"id\", \"public\".\"roles\".\"name\", \"public\".\"roles\".\"guard_name\", \"public\".\"roles\".\"created_at\", \"public\".\"roles\".\"updated_at\" FROM \"public\".\"roles\" WHERE \"public\".\"roles\".\"id\" IN ($1) OFFSET $2"
    [35mparams[39m: "[1,0]"
    [35mduration[39m: 0
    [35mtarget[39m: "quaint::connector::metrics"
[2026-03-16 14:20:25.291] [34mDEBUG[39m: [36mundefined - Query executada[39m
    [35menv[39m: "test"
    [35mservice[39m: "aupus-service-api"
    [35mcontext[39m: "Database"
    [35mquery[39m: "SELECT \"public\".\"role_has_permissions\".\"permission_id\", \"public\".\"role_has_permissions\".\"role_id\" FROM \"public\".\"role_has_permissions\" WHERE \"public\".\"role_has_permissions\".\"role_id\" IN ($1) OFFSET $2"
    [35mparams[39m: "[1,0]"
    [35mduration[39m: 0
    [35mtarget[39m: "quaint::connector::metrics"
[2026-03-16 14:20:25.293] [34mDEBUG[39m: [36mundefined - Query executada[39m
    [35menv[39m: "test"
    [35mservice[39m: "aupus-service-api"
    [35mcontext[39m: "Database"
    [35mquery[39m: "SELECT \"public\".\"permissions\".\"id\", \"public\".\"permissions\".\"name\", \"public\".\"permissions\".\"guard_name\", \"public\".\"permissions\".\"created_at\", \"public\".\"permissions\".\"updated_at\", \"public\".\"permissions\".\"display_name\", \"public\".\"permissions\".\"description\" FROM \"public\".\"permissions\" WHERE \"public\".\"permissions\".\"id\" IN ($1,$2,$3,$4,$5,$6,$7,$8,$9,$10,$11,$12,$13,$14,$15,$16,$17,$18,$19,$20,$21,$22) OFFSET $23"
    [35mparams[39m: "[1,2,3,4,5,6,7,8,9,10,11,12,13,14,15,16,17,18,19,20,21,22,0]"
    [35mduration[39m: 1
    [35mtarget[39m: "quaint::connector::metrics"
[2026-03-16 14:20:25.295] [34mDEBUG[39m: [36mundefined - Query executada[39m
    [35menv[39m: "test"
    [35mservice[39m: "aupus-service-api"
    [35mcontext[39m: "Database"
    [35mquery[39m: "SELECT \"public\".\"model_has_permissions\".\"permission_id\", \"public\".\"model_has_permissions\".\"model_id\", \"public\".\"model_has_permissions\".\"model_type\" FROM \"public\".\"model_has_permissions\" WHERE (\"public\".\"model_has_permissions\".\"model_id\" = $1 AND \"public\".\"model_has_permissions\".\"model_type\" = $2) OFFSET $3"
    [35mparams[39m: "[\"k6g72ojagrl415bsak6y68qi96\",\"App\Models\User\",0]"
    [35mduration[39m: 1
    [35mtarget[39m: "quaint::connector::metrics"
[2026-03-16 14:20:25.302] [34mDEBUG[39m: [36mundefined - Query executada[39m
    [35menv[39m: "test"
    [35mservice[39m: "aupus-service-api"
    [35mcontext[39m: "Database"
    [35mquery[39m: "SELECT \"public\".\"solicitacoes_servico\".\"id\", \"public\".\"solicitacoes_servico\".\"numero\", \"public\".\"solicitacoes_servico\".\"titulo\", \"public\".\"solicitacoes_servico\".\"descricao\", \"public\".\"solicitacoes_servico\".\"tipo\"::text, \"public\".\"solicitacoes_servico\".\"prioridade\"::text, \"public\".\"solicitacoes_servico\".\"status\"::text, \"public\".\"solicitacoes_servico\".\"origem\"::text, \"public\".\"solicitacoes_servico\".\"planta_id\", \"public\".\"solicitacoes_servico\".\"area\", \"public\".\"solicitacoes_servico\".\"local_especifico\", \"public\".\"solicitacoes_servico\".\"equipamento_id\", \"public\".\"solicitacoes_servico\".\"solicitante_nome\", \"public\".\"solicitacoes_servico\".\"solicitante_email\", \"public\".\"solicitacoes_servico\".\"solicitante_telefone\", \"public\".\"solicitacoes_servico\".\"solicitante_departamento\", \"public\".\"solicitacoes_servico\".\"solicitante_id\", \"public\".\"solicitacoes_servico\".\"data_necessidade\", \"public\".\"solicitacoes_servico\".\"prazo_esperado\", \"public\".\"solicitacoes_servico\".\"data_inicio_previsto\", \"public\".\"solicitacoes_servico\".\"data_fim_previsto\", \"public\".\"solicitacoes_servico\".\"tempo_estimado\", \"public\".\"solicitacoes_servico\".\"custo_estimado\", \"public\".\"solicitacoes_servico\".\"analisado_por_id\", \"public\".\"solicitacoes_servico\".\"data_analise\", \"public\".\"solicitacoes_servico\".\"observacoes_analise\", \"public\".\"solicitacoes_servico\".\"aprovado_por_id\", \"public\".\"solicitacoes_servico\".\"data_aprovacao\", \"public\".\"solicitacoes_servico\".\"observacoes_aprovacao\", \"public\".\"solicitacoes_servico\".\"rejeitado_por_id\", \"public\".\"solicitacoes_servico\".\"data_rejeicao\", \"public\".\"solicitacoes_servico\".\"motivo_rejeicao\", \"public\".\"solicitacoes_servico\".\"cancelado_por_id\", \"public\".\"solicitacoes_servico\".\"data_cancelamento\", \"public\".\"solicitacoes_servico\".\"motivo_cancelamento\", \"public\".\"solicitacoes_servico\".\"concluido_por_id\", \"public\".\"solicitacoes_servico\".\"data_conclusao\", \"public\".\"solicitacoes_servico\".\"observacoes_conclusao\", \"public\".\"solicitacoes_servico\".\"programacao_os_id\", \"public\".\"solicitacoes_servico\".\"os_id\", \"public\".\"solicitacoes_servico\".\"observacoes\", \"public\".\"solicitacoes_servico\".\"requisitos_especiais\", \"public\".\"solicitacoes_servico\".\"riscos_identificados\", \"public\".\"solicitacoes_servico\".\"created_at\", \"public\".\"solicitacoes_servico\".\"updated_at\", \"public\".\"solicitacoes_servico\".\"deleted_at\", \"public\".\"solicitacoes_servico\".\"local\", \"public\".\"solicitacoes_servico\".\"data_solicitacao\", \"public\".\"solicitacoes_servico\".\"prazo_execucao\", \"public\".\"solicitacoes_servico\".\"data_prevista_inicio\", \"public\".\"solicitacoes_servico\".\"data_prevista_fim\", \"public\".\"solicitacoes_servico\".\"justificativa\", \"public\".\"solicitacoes_servico\".\"beneficios_esperados\", \"public\".\"solicitacoes_servico\".\"riscos_nao_execucao\", \"public\".\"solicitacoes_servico\".\"materiais_necessarios\", \"public\".\"solicitacoes_servico\".\"ferramentas_necessarias\", \"public\".\"solicitacoes_servico\".\"mao_obra_necessaria\", \"public\".\"solicitacoes_servico\".\"departamento\", \"public\".\"solicitacoes_servico\".\"contato\", \"public\".\"solicitacoes_servico\".\"analisado_por_nome\", \"public\".\"solicitacoes_servico\".\"parecer_tecnico\", \"public\".\"solicitacoes_servico\".\"aprovado_por_nome\", \"public\".\"solicitacoes_servico\".\"sugestoes_alternativas\", \"public\".\"solicitacoes_servico\".\"cancelado_por_nome\", \"public\".\"solicitacoes_servico\".\"ordem_servico_id\" FROM \"public\".\"solicitacoes_servico\" WHERE (\"public\".\"solicitacoes_servico\".\"id\" = $1 AND 1=1) LIMIT $2 OFFSET $3"
    [35mparams[39m: "[\"cmmtg8sj500012fcwngsu1x7a\",1,0]"
    [35mduration[39m: 2
    [35mtarget[39m: "quaint::connector::metrics"
[2026-03-16 14:20:25.303] [34mDEBUG[39m: [36mundefined - Query executada[39m
    [35menv[39m: "test"
    [35mservice[39m: "aupus-service-api"
    [35mcontext[39m: "Database"
    [35mquery[39m: "SELECT \"public\".\"plantas\".\"id\", \"public\".\"plantas\".\"nome\", \"public\".\"plantas\".\"cnpj\", \"public\".\"plantas\".\"localizacao\", \"public\".\"plantas\".\"horario_funcionamento\", \"public\".\"plantas\".\"logradouro\", \"public\".\"plantas\".\"bairro\", \"public\".\"plantas\".\"cidade\", \"public\".\"plantas\".\"uf\", \"public\".\"plantas\".\"cep\", \"public\".\"plantas\".\"proprietario_id\", \"public\".\"plantas\".\"created_at\", \"public\".\"plantas\".\"updated_at\", \"public\".\"plantas\".\"deleted_at\", \"public\".\"plantas\".\"numero_uc\" FROM \"public\".\"plantas\" WHERE \"public\".\"plantas\".\"id\" IN ($1) OFFSET $2"
    [35mparams[39m: "[\"cmhbyqh6e00012faox255dzla \",0]"
    [35mduration[39m: 1
    [35mtarget[39m: "quaint::connector::metrics"
[2026-03-16 14:20:25.304] [34mDEBUG[39m: [36mundefined - Query executada[39m
    [35menv[39m: "test"
    [35mservice[39m: "aupus-service-api"
    [35mcontext[39m: "Database"
    [35mquery[39m: "SELECT \"public\".\"anexos_solicitacao_servico\".\"id\", \"public\".\"anexos_solicitacao_servico\".\"solicitacao_id\", \"public\".\"anexos_solicitacao_servico\".\"nome_original\", \"public\".\"anexos_solicitacao_servico\".\"nome_arquivo\", \"public\".\"anexos_solicitacao_servico\".\"caminho\", \"public\".\"anexos_solicitacao_servico\".\"tamanho\", \"public\".\"anexos_solicitacao_servico\".\"mime_type\", \"public\".\"anexos_solicitacao_servico\".\"descricao\", \"public\".\"anexos_solicitacao_servico\".\"tipo_documento\", \"public\".\"anexos_solicitacao_servico\".\"uploaded_por\", \"public\".\"anexos_solicitacao_servico\".\"uploaded_por_id\", \"public\".\"anexos_solicitacao_servico\".\"uploaded_at\", \"public\".\"anexos_solicitacao_servico\".\"deleted_at\" FROM \"public\".\"anexos_solicitacao_servico\" WHERE \"public\".\"anexos_solicitacao_servico\".\"solicitacao_id\" IN ($1) OFFSET $2"
    [35mparams[39m: "[\"cmmtg8sj500012fcwngsu1x7a\",0]"
    [35mduration[39m: 0
    [35mtarget[39m: "quaint::connector::metrics"
[2026-03-16 14:20:25.305] [34mDEBUG[39m: [36mundefined - Query executada[39m
    [35menv[39m: "test"
    [35mservice[39m: "aupus-service-api"
    [35mcontext[39m: "Database"
    [35mquery[39m: "SELECT \"public\".\"historico_solicitacao_servico\".\"id\", \"public\".\"historico_solicitacao_servico\".\"solicitacao_id\", \"public\".\"historico_solicitacao_servico\".\"acao\", \"public\".\"historico_solicitacao_servico\".\"usuario\", \"public\".\"historico_solicitacao_servico\".\"usuario_nome\", \"public\".\"historico_solicitacao_servico\".\"usuario_id\", \"public\".\"historico_solicitacao_servico\".\"data\", \"public\".\"historico_solicitacao_servico\".\"observacoes\", \"public\".\"historico_solicitacao_servico\".\"status_anterior\"::text, \"public\".\"historico_solicitacao_servico\".\"status_novo\"::text, \"public\".\"historico_solicitacao_servico\".\"dados_extras\" FROM \"public\".\"historico_solicitacao_servico\" WHERE \"public\".\"historico_solicitacao_servico\".\"solicitacao_id\" IN ($1) ORDER BY \"public\".\"historico_solicitacao_servico\".\"data\" DESC OFFSET $2"
    [35mparams[39m: "[\"cmmtg8sj500012fcwngsu1x7a\",0]"
    [35mduration[39m: 1
    [35mtarget[39m: "quaint::connector::metrics"
[2026-03-16 14:20:25.306] [34mDEBUG[39m: [36mundefined - Query executada[39m
    [35menv[39m: "test"
    [35mservice[39m: "aupus-service-api"
    [35mcontext[39m: "Database"
    [35mquery[39m: "SELECT \"public\".\"comentarios_solicitacao_servico\".\"id\", \"public\".\"comentarios_solicitacao_servico\".\"solicitacao_id\", \"public\".\"comentarios_solicitacao_servico\".\"comentario\", \"public\".\"comentarios_solicitacao_servico\".\"autor\", \"public\".\"comentarios_solicitacao_servico\".\"autor_id\", \"public\".\"comentarios_solicitacao_servico\".\"tipo\", \"public\".\"comentarios_solicitacao_servico\".\"privado\", \"public\".\"comentarios_solicitacao_servico\".\"created_at\", \"public\".\"comentarios_solicitacao_servico\".\"updated_at\", \"public\".\"comentarios_solicitacao_servico\".\"deleted_at\" FROM \"public\".\"comentarios_solicitacao_servico\" WHERE \"public\".\"comentarios_solicitacao_servico\".\"solicitacao_id\" IN ($1) ORDER BY \"public\".\"comentarios_solicitacao_servico\".\"created_at\" DESC OFFSET $2"
    [35mparams[39m: "[\"cmmtg8sj500012fcwngsu1x7a\",0]"
    [35mduration[39m: 0
    [35mtarget[39m: "quaint::connector::metrics"
[2026-03-16 14:20:25.307] [34mDEBUG[39m: [36mundefined - Query executada[39m
    [35menv[39m: "test"
    [35mservice[39m: "aupus-service-api"
    [35mcontext[39m: "Database"
    [35mquery[39m: "BEGIN"
    [35mparams[39m: "[]"
    [35mduration[39m: 0
    [35mtarget[39m: "quaint::connector::metrics"
[2026-03-16 14:20:25.311] [34mDEBUG[39m: [36mundefined - Query executada[39m
    [35menv[39m: "test"
    [35mservice[39m: "aupus-service-api"
    [35mcontext[39m: "Database"
    [35mquery[39m: "UPDATE \"public\".\"solicitacoes_servico\" SET \"status\" = CAST($1::text AS \"public\".\"StatusSolicitacaoServico\"), \"updated_at\" = $2 WHERE (\"public\".\"solicitacoes_servico\".\"id\" = $3 AND 1=1) RETURNING \"public\".\"solicitacoes_servico\".\"id\", \"public\".\"solicitacoes_servico\".\"numero\", \"public\".\"solicitacoes_servico\".\"titulo\", \"public\".\"solicitacoes_servico\".\"descricao\", \"public\".\"solicitacoes_servico\".\"tipo\"::text, \"public\".\"solicitacoes_servico\".\"prioridade\"::text, \"public\".\"solicitacoes_servico\".\"status\"::text, \"public\".\"solicitacoes_servico\".\"origem\"::text, \"public\".\"solicitacoes_servico\".\"planta_id\", \"public\".\"solicitacoes_servico\".\"area\", \"public\".\"solicitacoes_servico\".\"local_especifico\", \"public\".\"solicitacoes_servico\".\"equipamento_id\", \"public\".\"solicitacoes_servico\".\"solicitante_nome\", \"public\".\"solicitacoes_servico\".\"solicitante_email\", \"public\".\"solicitacoes_servico\".\"solicitante_telefone\", \"public\".\"solicitacoes_servico\".\"solicitante_departamento\", \"public\".\"solicitacoes_servico\".\"solicitante_id\", \"public\".\"solicitacoes_servico\".\"data_necessidade\", \"public\".\"solicitacoes_servico\".\"prazo_esperado\", \"public\".\"solicitacoes_servico\".\"data_inicio_previsto\", \"public\".\"solicitacoes_servico\".\"data_fim_previsto\", \"public\".\"solicitacoes_servico\".\"tempo_estimado\", \"public\".\"solicitacoes_servico\".\"custo_estimado\", \"public\".\"solicitacoes_servico\".\"analisado_por_id\", \"public\".\"solicitacoes_servico\".\"data_analise\", \"public\".\"solicitacoes_servico\".\"observacoes_analise\", \"public\".\"solicitacoes_servico\".\"aprovado_por_id\", \"public\".\"solicitacoes_servico\".\"data_aprovacao\", \"public\".\"solicitacoes_servico\".\"observacoes_aprovacao\", \"public\".\"solicitacoes_servico\".\"rejeitado_por_id\", \"public\".\"solicitacoes_servico\".\"data_rejeicao\", \"public\".\"solicitacoes_servico\".\"motivo_rejeicao\", \"public\".\"solicitacoes_servico\".\"cancelado_por_id\", \"public\".\"solicitacoes_servico\".\"data_cancelamento\", \"public\".\"solicitacoes_servico\".\"motivo_cancelamento\", \"public\".\"solicitacoes_servico\".\"concluido_por_id\", \"public\".\"solicitacoes_servico\".\"data_conclusao\", \"public\".\"solicitacoes_servico\".\"observacoes_conclusao\", \"public\".\"solicitacoes_servico\".\"programacao_os_id\", \"public\".\"solicitacoes_servico\".\"os_id\", \"public\".\"solicitacoes_servico\".\"observacoes\", \"public\".\"solicitacoes_servico\".\"requisitos_especiais\", \"public\".\"solicitacoes_servico\".\"riscos_identificados\", \"public\".\"solicitacoes_servico\".\"created_at\", \"public\".\"solicitacoes_servico\".\"updated_at\", \"public\".\"solicitacoes_servico\".\"deleted_at\", \"public\".\"solicitacoes_servico\".\"local\", \"public\".\"solicitacoes_servico\".\"data_solicitacao\", \"public\".\"solicitacoes_servico\".\"prazo_execucao\", \"public\".\"solicitacoes_servico\".\"data_prevista_inicio\", \"public\".\"solicitacoes_servico\".\"data_prevista_fim\", \"public\".\"solicitacoes_servico\".\"justificativa\", \"public\".\"solicitacoes_servico\".\"beneficios_esperados\", \"public\".\"solicitacoes_servico\".\"riscos_nao_execucao\", \"public\".\"solicitacoes_servico\".\"materiais_necessarios\", \"public\".\"solicitacoes_servico\".\"ferramentas_necessarias\", \"public\".\"solicitacoes_servico\".\"mao_obra_necessaria\", \"public\".\"solicitacoes_servico\".\"departamento\", \"public\".\"solicitacoes_servico\".\"contato\", \"public\".\"solicitacoes_servico\".\"analisado_por_nome\", \"public\".\"solicitacoes_servico\".\"parecer_tecnico\", \"public\".\"solicitacoes_servico\".\"aprovado_por_nome\", \"public\".\"solicitacoes_servico\".\"sugestoes_alternativas\", \"public\".\"solicitacoes_servico\".\"cancelado_por_nome\", \"public\".\"solicitacoes_servico\".\"ordem_servico_id\""
    [35mparams[39m: "[\"AGUARDANDO\",\"2026-03-16 17:20:25.309 UTC\",\"cmmtg8sj500012fcwngsu1x7a\"]"
    [35mduration[39m: 2
    [35mtarget[39m: "quaint::connector::metrics"
[2026-03-16 14:20:25.312] [34mDEBUG[39m: [36mundefined - Query executada[39m
    [35menv[39m: "test"
    [35mservice[39m: "aupus-service-api"
    [35mcontext[39m: "Database"
    [35mquery[39m: "SELECT \"public\".\"solicitacoes_servico\".\"id\", \"public\".\"solicitacoes_servico\".\"numero\", \"public\".\"solicitacoes_servico\".\"titulo\", \"public\".\"solicitacoes_servico\".\"descricao\", \"public\".\"solicitacoes_servico\".\"tipo\"::text, \"public\".\"solicitacoes_servico\".\"prioridade\"::text, \"public\".\"solicitacoes_servico\".\"status\"::text, \"public\".\"solicitacoes_servico\".\"origem\"::text, \"public\".\"solicitacoes_servico\".\"planta_id\", \"public\".\"solicitacoes_servico\".\"area\", \"public\".\"solicitacoes_servico\".\"local_especifico\", \"public\".\"solicitacoes_servico\".\"equipamento_id\", \"public\".\"solicitacoes_servico\".\"solicitante_nome\", \"public\".\"solicitacoes_servico\".\"solicitante_email\", \"public\".\"solicitacoes_servico\".\"solicitante_telefone\", \"public\".\"solicitacoes_servico\".\"solicitante_departamento\", \"public\".\"solicitacoes_servico\".\"solicitante_id\", \"public\".\"solicitacoes_servico\".\"data_necessidade\", \"public\".\"solicitacoes_servico\".\"prazo_esperado\", \"public\".\"solicitacoes_servico\".\"data_inicio_previsto\", \"public\".\"solicitacoes_servico\".\"data_fim_previsto\", \"public\".\"solicitacoes_servico\".\"tempo_estimado\", \"public\".\"solicitacoes_servico\".\"custo_estimado\", \"public\".\"solicitacoes_servico\".\"analisado_por_id\", \"public\".\"solicitacoes_servico\".\"data_analise\", \"public\".\"solicitacoes_servico\".\"observacoes_analise\", \"public\".\"solicitacoes_servico\".\"aprovado_por_id\", \"public\".\"solicitacoes_servico\".\"data_aprovacao\", \"public\".\"solicitacoes_servico\".\"observacoes_aprovacao\", \"public\".\"solicitacoes_servico\".\"rejeitado_por_id\", \"public\".\"solicitacoes_servico\".\"data_rejeicao\", \"public\".\"solicitacoes_servico\".\"motivo_rejeicao\", \"public\".\"solicitacoes_servico\".\"cancelado_por_id\", \"public\".\"solicitacoes_servico\".\"data_cancelamento\", \"public\".\"solicitacoes_servico\".\"motivo_cancelamento\", \"public\".\"solicitacoes_servico\".\"concluido_por_id\", \"public\".\"solicitacoes_servico\".\"data_conclusao\", \"public\".\"solicitacoes_servico\".\"observacoes_conclusao\", \"public\".\"solicitacoes_servico\".\"programacao_os_id\", \"public\".\"solicitacoes_servico\".\"os_id\", \"public\".\"solicitacoes_servico\".\"observacoes\", \"public\".\"solicitacoes_servico\".\"requisitos_especiais\", \"public\".\"solicitacoes_servico\".\"riscos_identificados\", \"public\".\"solicitacoes_servico\".\"created_at\", \"public\".\"solicitacoes_servico\".\"updated_at\", \"public\".\"solicitacoes_servico\".\"deleted_at\", \"public\".\"solicitacoes_servico\".\"local\", \"public\".\"solicitacoes_servico\".\"data_solicitacao\", \"public\".\"solicitacoes_servico\".\"prazo_execucao\", \"public\".\"solicitacoes_servico\".\"data_prevista_inicio\", \"public\".\"solicitacoes_servico\".\"data_prevista_fim\", \"public\".\"solicitacoes_servico\".\"justificativa\", \"public\".\"solicitacoes_servico\".\"beneficios_esperados\", \"public\".\"solicitacoes_servico\".\"riscos_nao_execucao\", \"public\".\"solicitacoes_servico\".\"materiais_necessarios\", \"public\".\"solicitacoes_servico\".\"ferramentas_necessarias\", \"public\".\"solicitacoes_servico\".\"mao_obra_necessaria\", \"public\".\"solicitacoes_servico\".\"departamento\", \"public\".\"solicitacoes_servico\".\"contato\", \"public\".\"solicitacoes_servico\".\"analisado_por_nome\", \"public\".\"solicitacoes_servico\".\"parecer_tecnico\", \"public\".\"solicitacoes_servico\".\"aprovado_por_nome\", \"public\".\"solicitacoes_servico\".\"sugestoes_alternativas\", \"public\".\"solicitacoes_servico\".\"cancelado_por_nome\", \"public\".\"solicitacoes_servico\".\"ordem_servico_id\" FROM \"public\".\"solicitacoes_servico\" WHERE \"public\".\"solicitacoes_servico\".\"id\" = $1 LIMIT $2 OFFSET $3"
    [35mparams[39m: "[\"cmmtg8sj500012fcwngsu1x7a\",1,0]"
    [35mduration[39m: 0
    [35mtarget[39m: "quaint::connector::metrics"
[2026-03-16 14:20:25.312] [34mDEBUG[39m: [36mundefined - Query executada[39m
    [35menv[39m: "test"
    [35mservice[39m: "aupus-service-api"
    [35mcontext[39m: "Database"
    [35mquery[39m: "SELECT \"public\".\"plantas\".\"id\", \"public\".\"plantas\".\"nome\", \"public\".\"plantas\".\"cnpj\", \"public\".\"plantas\".\"localizacao\", \"public\".\"plantas\".\"horario_funcionamento\", \"public\".\"plantas\".\"logradouro\", \"public\".\"plantas\".\"bairro\", \"public\".\"plantas\".\"cidade\", \"public\".\"plantas\".\"uf\", \"public\".\"plantas\".\"cep\", \"public\".\"plantas\".\"proprietario_id\", \"public\".\"plantas\".\"created_at\", \"public\".\"plantas\".\"updated_at\", \"public\".\"plantas\".\"deleted_at\", \"public\".\"plantas\".\"numero_uc\" FROM \"public\".\"plantas\" WHERE \"public\".\"plantas\".\"id\" IN ($1) OFFSET $2"
    [35mparams[39m: "[\"cmhbyqh6e00012faox255dzla \",0]"
    [35mduration[39m: 0
    [35mtarget[39m: "quaint::connector::metrics"
[2026-03-16 14:20:25.315] [34mDEBUG[39m: [36mundefined - Query executada[39m
    [35menv[39m: "test"
    [35mservice[39m: "aupus-service-api"
    [35mcontext[39m: "Database"
    [35mquery[39m: "INSERT INTO \"public\".\"historico_solicitacao_servico\" (\"id\",\"solicitacao_id\",\"acao\",\"usuario_nome\",\"usuario_id\",\"data\",\"observacoes\",\"status_anterior\",\"status_novo\") VALUES ($1,$2,$3,$4,$5,$6,$7,CAST($8::text AS \"public\".\"StatusSolicitacaoServico\"),CAST($9::text AS \"public\".\"StatusSolicitacaoServico\")) RETURNING \"public\".\"historico_solicitacao_servico\".\"id\", \"public\".\"historico_solicitacao_servico\".\"solicitacao_id\", \"public\".\"historico_solicitacao_servico\".\"acao\", \"public\".\"historico_solicitacao_servico\".\"usuario\", \"public\".\"historico_solicitacao_servico\".\"usuario_nome\", \"public\".\"historico_solicitacao_servico\".\"usuario_id\", \"public\".\"historico_solicitacao_servico\".\"data\", \"public\".\"historico_solicitacao_servico\".\"observacoes\", \"public\".\"historico_solicitacao_servico\".\"status_anterior\"::text, \"public\".\"historico_solicitacao_servico\".\"status_novo\"::text, \"public\".\"historico_solicitacao_servico\".\"dados_extras\""
    [35mparams[39m: "[\"cmmtg8t0i000b2fcwjs2jhg5m\",\"cmmtg8sj500012fcwngsu1x7a\",\"ENVIO_ANALISE\",\"Sistema\",\"k6g72ojagrl415bsak6y68qi96\",\"2026-03-16 17:20:25.315 UTC\",\"Solicitação enviada para análise\",\"RASCUNHO\",\"AGUARDANDO\"]"
    [35mduration[39m: 1
    [35mtarget[39m: "quaint::connector::metrics"
[2026-03-16 14:20:25.324] [34mDEBUG[39m: [36mundefined - Query executada[39m
    [35menv[39m: "test"
    [35mservice[39m: "aupus-service-api"
    [35mcontext[39m: "Database"
    [35mquery[39m: "COMMIT"
    [35mparams[39m: "[]"
    [35mduration[39m: 8
    [35mtarget[39m: "quaint::connector::metrics"
[2026-03-16 14:20:25.332] [34mDEBUG[39m: [36mundefined - Query executada[39m
    [35menv[39m: "test"
    [35mservice[39m: "aupus-service-api"
    [35mcontext[39m: "Database"
    [35mquery[39m: "SELECT \"public\".\"usuarios\".\"id\", \"public\".\"usuarios\".\"concessionaria_atual_id\", \"public\".\"usuarios\".\"organizacao_atual_id\", \"public\".\"usuarios\".\"nome\", \"public\".\"usuarios\".\"email\", \"public\".\"usuarios\".\"telefone\", \"public\".\"usuarios\".\"instagram\", \"public\".\"usuarios\".\"status\", \"public\".\"usuarios\".\"cpf_cnpj\", \"public\".\"usuarios\".\"cidade\", \"public\".\"usuarios\".\"estado\", \"public\".\"usuarios\".\"endereco\", \"public\".\"usuarios\".\"cep\", \"public\".\"usuarios\".\"deleted_by\", \"public\".\"usuarios\".\"senha\", \"public\".\"usuarios\".\"remember_token\", \"public\".\"usuarios\".\"deleted_at\", \"public\".\"usuarios\".\"created_at\", \"public\".\"usuarios\".\"updated_at\", \"public\".\"usuarios\".\"role\", \"public\".\"usuarios\".\"manager_id\", \"public\".\"usuarios\".\"is_active\", \"public\".\"usuarios\".\"pix\", \"public\".\"usuarios\".\"avatar_url\", \"public\".\"usuarios\".\"created_by\" FROM \"public\".\"usuarios\" WHERE (\"public\".\"usuarios\".\"id\" = $1 AND \"public\".\"usuarios\".\"deleted_at\" IS NULL) LIMIT $2 OFFSET $3"
    [35mparams[39m: "[\"k6g72ojagrl415bsak6y68qi96\",1,0]"
    [35mduration[39m: 0
    [35mtarget[39m: "quaint::connector::metrics"
[2026-03-16 14:20:25.334] [34mDEBUG[39m: [36mundefined - Query executada[39m
    [35menv[39m: "test"
    [35mservice[39m: "aupus-service-api"
    [35mcontext[39m: "Database"
    [35mquery[39m: "SELECT \"public\".\"usuarios\".\"id\", \"public\".\"usuarios\".\"concessionaria_atual_id\", \"public\".\"usuarios\".\"organizacao_atual_id\", \"public\".\"usuarios\".\"nome\", \"public\".\"usuarios\".\"email\", \"public\".\"usuarios\".\"telefone\", \"public\".\"usuarios\".\"instagram\", \"public\".\"usuarios\".\"status\", \"public\".\"usuarios\".\"cpf_cnpj\", \"public\".\"usuarios\".\"cidade\", \"public\".\"usuarios\".\"estado\", \"public\".\"usuarios\".\"endereco\", \"public\".\"usuarios\".\"cep\", \"public\".\"usuarios\".\"deleted_by\", \"public\".\"usuarios\".\"senha\", \"public\".\"usuarios\".\"remember_token\", \"public\".\"usuarios\".\"deleted_at\", \"public\".\"usuarios\".\"created_at\", \"public\".\"usuarios\".\"updated_at\", \"public\".\"usuarios\".\"role\", \"public\".\"usuarios\".\"manager_id\", \"public\".\"usuarios\".\"is_active\", \"public\".\"usuarios\".\"pix\", \"public\".\"usuarios\".\"avatar_url\", \"public\".\"usuarios\".\"created_by\" FROM \"public\".\"usuarios\" WHERE (\"public\".\"usuarios\".\"id\" = $1 AND \"public\".\"usuarios\".\"deleted_at\" IS NULL) LIMIT $2 OFFSET $3"
    [35mparams[39m: "[\"k6g72ojagrl415bsak6y68qi96\",1,0]"
    [35mduration[39m: 0
    [35mtarget[39m: "quaint::connector::metrics"
[2026-03-16 14:20:25.337] [34mDEBUG[39m: [36mundefined - Query executada[39m
    [35menv[39m: "test"
    [35mservice[39m: "aupus-service-api"
    [35mcontext[39m: "Database"
    [35mquery[39m: "SELECT \"public\".\"model_has_roles\".\"role_id\", \"public\".\"model_has_roles\".\"model_id\", \"public\".\"model_has_roles\".\"model_type\" FROM \"public\".\"model_has_roles\" WHERE (\"public\".\"model_has_roles\".\"model_id\" = $1 AND \"public\".\"model_has_roles\".\"model_type\" = $2) LIMIT $3 OFFSET $4"
    [35mparams[39m: "[\"k6g72ojagrl415bsak6y68qi96\",\"App\Models\User\",1,0]"
    [35mduration[39m: 0
    [35mtarget[39m: "quaint::connector::metrics"
[2026-03-16 14:20:25.338] [34mDEBUG[39m: [36mundefined - Query executada[39m
    [35menv[39m: "test"
    [35mservice[39m: "aupus-service-api"
    [35mcontext[39m: "Database"
    [35mquery[39m: "SELECT \"public\".\"roles\".\"id\", \"public\".\"roles\".\"name\", \"public\".\"roles\".\"guard_name\", \"public\".\"roles\".\"created_at\", \"public\".\"roles\".\"updated_at\" FROM \"public\".\"roles\" WHERE \"public\".\"roles\".\"id\" IN ($1) OFFSET $2"
    [35mparams[39m: "[1,0]"
    [35mduration[39m: 1
    [35mtarget[39m: "quaint::connector::metrics"
[2026-03-16 14:20:25.339] [34mDEBUG[39m: [36mundefined - Query executada[39m
    [35menv[39m: "test"
    [35mservice[39m: "aupus-service-api"
    [35mcontext[39m: "Database"
    [35mquery[39m: "SELECT \"public\".\"role_has_permissions\".\"permission_id\", \"public\".\"role_has_permissions\".\"role_id\" FROM \"public\".\"role_has_permissions\" WHERE \"public\".\"role_has_permissions\".\"role_id\" IN ($1) OFFSET $2"
    [35mparams[39m: "[1,0]"
    [35mduration[39m: 0
    [35mtarget[39m: "quaint::connector::metrics"
[2026-03-16 14:20:25.340] [34mDEBUG[39m: [36mundefined - Query executada[39m
    [35menv[39m: "test"
    [35mservice[39m: "aupus-service-api"
    [35mcontext[39m: "Database"
    [35mquery[39m: "SELECT \"public\".\"permissions\".\"id\", \"public\".\"permissions\".\"name\", \"public\".\"permissions\".\"guard_name\", \"public\".\"permissions\".\"created_at\", \"public\".\"permissions\".\"updated_at\", \"public\".\"permissions\".\"display_name\", \"public\".\"permissions\".\"description\" FROM \"public\".\"permissions\" WHERE \"public\".\"permissions\".\"id\" IN ($1,$2,$3,$4,$5,$6,$7,$8,$9,$10,$11,$12,$13,$14,$15,$16,$17,$18,$19,$20,$21,$22) OFFSET $23"
    [35mparams[39m: "[1,2,3,4,5,6,7,8,9,10,11,12,13,14,15,16,17,18,19,20,21,22,0]"
    [35mduration[39m: 1
    [35mtarget[39m: "quaint::connector::metrics"
[2026-03-16 14:20:25.344] [34mDEBUG[39m: [36mundefined - Query executada[39m
    [35menv[39m: "test"
    [35mservice[39m: "aupus-service-api"
    [35mcontext[39m: "Database"
    [35mquery[39m: "SELECT \"public\".\"model_has_permissions\".\"permission_id\", \"public\".\"model_has_permissions\".\"model_id\", \"public\".\"model_has_permissions\".\"model_type\" FROM \"public\".\"model_has_permissions\" WHERE (\"public\".\"model_has_permissions\".\"model_id\" = $1 AND \"public\".\"model_has_permissions\".\"model_type\" = $2) OFFSET $3"
    [35mparams[39m: "[\"k6g72ojagrl415bsak6y68qi96\",\"App\Models\User\",0]"
    [35mduration[39m: 1
    [35mtarget[39m: "quaint::connector::metrics"
[2026-03-16 14:20:25.347] [34mDEBUG[39m: [36mundefined - Query executada[39m
    [35menv[39m: "test"
    [35mservice[39m: "aupus-service-api"
    [35mcontext[39m: "Database"
    [35mquery[39m: "SELECT \"public\".\"solicitacoes_servico\".\"id\", \"public\".\"solicitacoes_servico\".\"numero\", \"public\".\"solicitacoes_servico\".\"titulo\", \"public\".\"solicitacoes_servico\".\"descricao\", \"public\".\"solicitacoes_servico\".\"tipo\"::text, \"public\".\"solicitacoes_servico\".\"prioridade\"::text, \"public\".\"solicitacoes_servico\".\"status\"::text, \"public\".\"solicitacoes_servico\".\"origem\"::text, \"public\".\"solicitacoes_servico\".\"planta_id\", \"public\".\"solicitacoes_servico\".\"area\", \"public\".\"solicitacoes_servico\".\"local_especifico\", \"public\".\"solicitacoes_servico\".\"equipamento_id\", \"public\".\"solicitacoes_servico\".\"solicitante_nome\", \"public\".\"solicitacoes_servico\".\"solicitante_email\", \"public\".\"solicitacoes_servico\".\"solicitante_telefone\", \"public\".\"solicitacoes_servico\".\"solicitante_departamento\", \"public\".\"solicitacoes_servico\".\"solicitante_id\", \"public\".\"solicitacoes_servico\".\"data_necessidade\", \"public\".\"solicitacoes_servico\".\"prazo_esperado\", \"public\".\"solicitacoes_servico\".\"data_inicio_previsto\", \"public\".\"solicitacoes_servico\".\"data_fim_previsto\", \"public\".\"solicitacoes_servico\".\"tempo_estimado\", \"public\".\"solicitacoes_servico\".\"custo_estimado\", \"public\".\"solicitacoes_servico\".\"analisado_por_id\", \"public\".\"solicitacoes_servico\".\"data_analise\", \"public\".\"solicitacoes_servico\".\"observacoes_analise\", \"public\".\"solicitacoes_servico\".\"aprovado_por_id\", \"public\".\"solicitacoes_servico\".\"data_aprovacao\", \"public\".\"solicitacoes_servico\".\"observacoes_aprovacao\", \"public\".\"solicitacoes_servico\".\"rejeitado_por_id\", \"public\".\"solicitacoes_servico\".\"data_rejeicao\", \"public\".\"solicitacoes_servico\".\"motivo_rejeicao\", \"public\".\"solicitacoes_servico\".\"cancelado_por_id\", \"public\".\"solicitacoes_servico\".\"data_cancelamento\", \"public\".\"solicitacoes_servico\".\"motivo_cancelamento\", \"public\".\"solicitacoes_servico\".\"concluido_por_id\", \"public\".\"solicitacoes_servico\".\"data_conclusao\", \"public\".\"solicitacoes_servico\".\"observacoes_conclusao\", \"public\".\"solicitacoes_servico\".\"programacao_os_id\", \"public\".\"solicitacoes_servico\".\"os_id\", \"public\".\"solicitacoes_servico\".\"observacoes\", \"public\".\"solicitacoes_servico\".\"requisitos_especiais\", \"public\".\"solicitacoes_servico\".\"riscos_identificados\", \"public\".\"solicitacoes_servico\".\"created_at\", \"public\".\"solicitacoes_servico\".\"updated_at\", \"public\".\"solicitacoes_servico\".\"deleted_at\", \"public\".\"solicitacoes_servico\".\"local\", \"public\".\"solicitacoes_servico\".\"data_solicitacao\", \"public\".\"solicitacoes_servico\".\"prazo_execucao\", \"public\".\"solicitacoes_servico\".\"data_prevista_inicio\", \"public\".\"solicitacoes_servico\".\"data_prevista_fim\", \"public\".\"solicitacoes_servico\".\"justificativa\", \"public\".\"solicitacoes_servico\".\"beneficios_esperados\", \"public\".\"solicitacoes_servico\".\"riscos_nao_execucao\", \"public\".\"solicitacoes_servico\".\"materiais_necessarios\", \"public\".\"solicitacoes_servico\".\"ferramentas_necessarias\", \"public\".\"solicitacoes_servico\".\"mao_obra_necessaria\", \"public\".\"solicitacoes_servico\".\"departamento\", \"public\".\"solicitacoes_servico\".\"contato\", \"public\".\"solicitacoes_servico\".\"analisado_por_nome\", \"public\".\"solicitacoes_servico\".\"parecer_tecnico\", \"public\".\"solicitacoes_servico\".\"aprovado_por_nome\", \"public\".\"solicitacoes_servico\".\"sugestoes_alternativas\", \"public\".\"solicitacoes_servico\".\"cancelado_por_nome\", \"public\".\"solicitacoes_servico\".\"ordem_servico_id\" FROM \"public\".\"solicitacoes_servico\" WHERE (\"public\".\"solicitacoes_servico\".\"id\" = $1 AND 1=1) LIMIT $2 OFFSET $3"
    [35mparams[39m: "[\"cmmtg8sj500012fcwngsu1x7a\",1,0]"
    [35mduration[39m: 0
    [35mtarget[39m: "quaint::connector::metrics"
[2026-03-16 14:20:25.348] [34mDEBUG[39m: [36mundefined - Query executada[39m
    [35menv[39m: "test"
    [35mservice[39m: "aupus-service-api"
    [35mcontext[39m: "Database"
    [35mquery[39m: "SELECT \"public\".\"plantas\".\"id\", \"public\".\"plantas\".\"nome\", \"public\".\"plantas\".\"cnpj\", \"public\".\"plantas\".\"localizacao\", \"public\".\"plantas\".\"horario_funcionamento\", \"public\".\"plantas\".\"logradouro\", \"public\".\"plantas\".\"bairro\", \"public\".\"plantas\".\"cidade\", \"public\".\"plantas\".\"uf\", \"public\".\"plantas\".\"cep\", \"public\".\"plantas\".\"proprietario_id\", \"public\".\"plantas\".\"created_at\", \"public\".\"plantas\".\"updated_at\", \"public\".\"plantas\".\"deleted_at\", \"public\".\"plantas\".\"numero_uc\" FROM \"public\".\"plantas\" WHERE \"public\".\"plantas\".\"id\" IN ($1) OFFSET $2"
    [35mparams[39m: "[\"cmhbyqh6e00012faox255dzla \",0]"
    [35mduration[39m: 1
    [35mtarget[39m: "quaint::connector::metrics"
[2026-03-16 14:20:25.349] [34mDEBUG[39m: [36mundefined - Query executada[39m
    [35menv[39m: "test"
    [35mservice[39m: "aupus-service-api"
    [35mcontext[39m: "Database"
    [35mquery[39m: "SELECT \"public\".\"anexos_solicitacao_servico\".\"id\", \"public\".\"anexos_solicitacao_servico\".\"solicitacao_id\", \"public\".\"anexos_solicitacao_servico\".\"nome_original\", \"public\".\"anexos_solicitacao_servico\".\"nome_arquivo\", \"public\".\"anexos_solicitacao_servico\".\"caminho\", \"public\".\"anexos_solicitacao_servico\".\"tamanho\", \"public\".\"anexos_solicitacao_servico\".\"mime_type\", \"public\".\"anexos_solicitacao_servico\".\"descricao\", \"public\".\"anexos_solicitacao_servico\".\"tipo_documento\", \"public\".\"anexos_solicitacao_servico\".\"uploaded_por\", \"public\".\"anexos_solicitacao_servico\".\"uploaded_por_id\", \"public\".\"anexos_solicitacao_servico\".\"uploaded_at\", \"public\".\"anexos_solicitacao_servico\".\"deleted_at\" FROM \"public\".\"anexos_solicitacao_servico\" WHERE \"public\".\"anexos_solicitacao_servico\".\"solicitacao_id\" IN ($1) OFFSET $2"
    [35mparams[39m: "[\"cmmtg8sj500012fcwngsu1x7a\",0]"
    [35mduration[39m: 0
    [35mtarget[39m: "quaint::connector::metrics"
[2026-03-16 14:20:25.351] [34mDEBUG[39m: [36mundefined - Query executada[39m
    [35menv[39m: "test"
    [35mservice[39m: "aupus-service-api"
    [35mcontext[39m: "Database"
    [35mquery[39m: "SELECT \"public\".\"historico_solicitacao_servico\".\"id\", \"public\".\"historico_solicitacao_servico\".\"solicitacao_id\", \"public\".\"historico_solicitacao_servico\".\"acao\", \"public\".\"historico_solicitacao_servico\".\"usuario\", \"public\".\"historico_solicitacao_servico\".\"usuario_nome\", \"public\".\"historico_solicitacao_servico\".\"usuario_id\", \"public\".\"historico_solicitacao_servico\".\"data\", \"public\".\"historico_solicitacao_servico\".\"observacoes\", \"public\".\"historico_solicitacao_servico\".\"status_anterior\"::text, \"public\".\"historico_solicitacao_servico\".\"status_novo\"::text, \"public\".\"historico_solicitacao_servico\".\"dados_extras\" FROM \"public\".\"historico_solicitacao_servico\" WHERE \"public\".\"historico_solicitacao_servico\".\"solicitacao_id\" IN ($1) ORDER BY \"public\".\"historico_solicitacao_servico\".\"data\" DESC OFFSET $2"
    [35mparams[39m: "[\"cmmtg8sj500012fcwngsu1x7a\",0]"
    [35mduration[39m: 1
    [35mtarget[39m: "quaint::connector::metrics"
[2026-03-16 14:20:25.353] [34mDEBUG[39m: [36mundefined - Query executada[39m
    [35menv[39m: "test"
    [35mservice[39m: "aupus-service-api"
    [35mcontext[39m: "Database"
    [35mquery[39m: "SELECT \"public\".\"comentarios_solicitacao_servico\".\"id\", \"public\".\"comentarios_solicitacao_servico\".\"solicitacao_id\", \"public\".\"comentarios_solicitacao_servico\".\"comentario\", \"public\".\"comentarios_solicitacao_servico\".\"autor\", \"public\".\"comentarios_solicitacao_servico\".\"autor_id\", \"public\".\"comentarios_solicitacao_servico\".\"tipo\", \"public\".\"comentarios_solicitacao_servico\".\"privado\", \"public\".\"comentarios_solicitacao_servico\".\"created_at\", \"public\".\"comentarios_solicitacao_servico\".\"updated_at\", \"public\".\"comentarios_solicitacao_servico\".\"deleted_at\" FROM \"public\".\"comentarios_solicitacao_servico\" WHERE \"public\".\"comentarios_solicitacao_servico\".\"solicitacao_id\" IN ($1) ORDER BY \"public\".\"comentarios_solicitacao_servico\".\"created_at\" DESC OFFSET $2"
    [35mparams[39m: "[\"cmmtg8sj500012fcwngsu1x7a\",0]"
    [35mduration[39m: 1
    [35mtarget[39m: "quaint::connector::metrics"
[2026-03-16 14:20:25.365] [34mDEBUG[39m: [36mundefined - Query executada[39m
    [35menv[39m: "test"
    [35mservice[39m: "aupus-service-api"
    [35mcontext[39m: "Database"
    [35mquery[39m: "SELECT \"public\".\"usuarios\".\"id\", \"public\".\"usuarios\".\"concessionaria_atual_id\", \"public\".\"usuarios\".\"organizacao_atual_id\", \"public\".\"usuarios\".\"nome\", \"public\".\"usuarios\".\"email\", \"public\".\"usuarios\".\"telefone\", \"public\".\"usuarios\".\"instagram\", \"public\".\"usuarios\".\"status\", \"public\".\"usuarios\".\"cpf_cnpj\", \"public\".\"usuarios\".\"cidade\", \"public\".\"usuarios\".\"estado\", \"public\".\"usuarios\".\"endereco\", \"public\".\"usuarios\".\"cep\", \"public\".\"usuarios\".\"deleted_by\", \"public\".\"usuarios\".\"senha\", \"public\".\"usuarios\".\"remember_token\", \"public\".\"usuarios\".\"deleted_at\", \"public\".\"usuarios\".\"created_at\", \"public\".\"usuarios\".\"updated_at\", \"public\".\"usuarios\".\"role\", \"public\".\"usuarios\".\"manager_id\", \"public\".\"usuarios\".\"is_active\", \"public\".\"usuarios\".\"pix\", \"public\".\"usuarios\".\"avatar_url\", \"public\".\"usuarios\".\"created_by\" FROM \"public\".\"usuarios\" WHERE (\"public\".\"usuarios\".\"id\" = $1 AND \"public\".\"usuarios\".\"deleted_at\" IS NULL) LIMIT $2 OFFSET $3"
    [35mparams[39m: "[\"k6g72ojagrl415bsak6y68qi96\",1,0]"
    [35mduration[39m: 1
    [35mtarget[39m: "quaint::connector::metrics"
[2026-03-16 14:20:25.370] [34mDEBUG[39m: [36mundefined - Query executada[39m
    [35menv[39m: "test"
    [35mservice[39m: "aupus-service-api"
    [35mcontext[39m: "Database"
    [35mquery[39m: "SELECT \"public\".\"usuarios\".\"id\", \"public\".\"usuarios\".\"concessionaria_atual_id\", \"public\".\"usuarios\".\"organizacao_atual_id\", \"public\".\"usuarios\".\"nome\", \"public\".\"usuarios\".\"email\", \"public\".\"usuarios\".\"telefone\", \"public\".\"usuarios\".\"instagram\", \"public\".\"usuarios\".\"status\", \"public\".\"usuarios\".\"cpf_cnpj\", \"public\".\"usuarios\".\"cidade\", \"public\".\"usuarios\".\"estado\", \"public\".\"usuarios\".\"endereco\", \"public\".\"usuarios\".\"cep\", \"public\".\"usuarios\".\"deleted_by\", \"public\".\"usuarios\".\"senha\", \"public\".\"usuarios\".\"remember_token\", \"public\".\"usuarios\".\"deleted_at\", \"public\".\"usuarios\".\"created_at\", \"public\".\"usuarios\".\"updated_at\", \"public\".\"usuarios\".\"role\", \"public\".\"usuarios\".\"manager_id\", \"public\".\"usuarios\".\"is_active\", \"public\".\"usuarios\".\"pix\", \"public\".\"usuarios\".\"avatar_url\", \"public\".\"usuarios\".\"created_by\" FROM \"public\".\"usuarios\" WHERE (\"public\".\"usuarios\".\"id\" = $1 AND \"public\".\"usuarios\".\"deleted_at\" IS NULL) LIMIT $2 OFFSET $3"
    [35mparams[39m: "[\"k6g72ojagrl415bsak6y68qi96\",1,0]"
    [35mduration[39m: 2
    [35mtarget[39m: "quaint::connector::metrics"
[2026-03-16 14:20:25.372] [34mDEBUG[39m: [36mundefined - Query executada[39m
    [35menv[39m: "test"
    [35mservice[39m: "aupus-service-api"
    [35mcontext[39m: "Database"
    [35mquery[39m: "SELECT \"public\".\"model_has_roles\".\"role_id\", \"public\".\"model_has_roles\".\"model_id\", \"public\".\"model_has_roles\".\"model_type\" FROM \"public\".\"model_has_roles\" WHERE (\"public\".\"model_has_roles\".\"model_id\" = $1 AND \"public\".\"model_has_roles\".\"model_type\" = $2) LIMIT $3 OFFSET $4"
    [35mparams[39m: "[\"k6g72ojagrl415bsak6y68qi96\",\"App\Models\User\",1,0]"
    [35mduration[39m: 0
    [35mtarget[39m: "quaint::connector::metrics"
[2026-03-16 14:20:25.373] [34mDEBUG[39m: [36mundefined - Query executada[39m
    [35menv[39m: "test"
    [35mservice[39m: "aupus-service-api"
    [35mcontext[39m: "Database"
    [35mquery[39m: "SELECT \"public\".\"roles\".\"id\", \"public\".\"roles\".\"name\", \"public\".\"roles\".\"guard_name\", \"public\".\"roles\".\"created_at\", \"public\".\"roles\".\"updated_at\" FROM \"public\".\"roles\" WHERE \"public\".\"roles\".\"id\" IN ($1) OFFSET $2"
    [35mparams[39m: "[1,0]"
    [35mduration[39m: 0
    [35mtarget[39m: "quaint::connector::metrics"
[2026-03-16 14:20:25.374] [34mDEBUG[39m: [36mundefined - Query executada[39m
    [35menv[39m: "test"
    [35mservice[39m: "aupus-service-api"
    [35mcontext[39m: "Database"
    [35mquery[39m: "SELECT \"public\".\"role_has_permissions\".\"permission_id\", \"public\".\"role_has_permissions\".\"role_id\" FROM \"public\".\"role_has_permissions\" WHERE \"public\".\"role_has_permissions\".\"role_id\" IN ($1) OFFSET $2"
    [35mparams[39m: "[1,0]"
    [35mduration[39m: 0
    [35mtarget[39m: "quaint::connector::metrics"
[2026-03-16 14:20:25.375] [34mDEBUG[39m: [36mundefined - Query executada[39m
    [35menv[39m: "test"
    [35mservice[39m: "aupus-service-api"
    [35mcontext[39m: "Database"
    [35mquery[39m: "SELECT \"public\".\"permissions\".\"id\", \"public\".\"permissions\".\"name\", \"public\".\"permissions\".\"guard_name\", \"public\".\"permissions\".\"created_at\", \"public\".\"permissions\".\"updated_at\", \"public\".\"permissions\".\"display_name\", \"public\".\"permissions\".\"description\" FROM \"public\".\"permissions\" WHERE \"public\".\"permissions\".\"id\" IN ($1,$2,$3,$4,$5,$6,$7,$8,$9,$10,$11,$12,$13,$14,$15,$16,$17,$18,$19,$20,$21,$22) OFFSET $23"
    [35mparams[39m: "[1,2,3,4,5,6,7,8,9,10,11,12,13,14,15,16,17,18,19,20,21,22,0]"
    [35mduration[39m: 1
    [35mtarget[39m: "quaint::connector::metrics"
[2026-03-16 14:20:25.379] [34mDEBUG[39m: [36mundefined - Query executada[39m
    [35menv[39m: "test"
    [35mservice[39m: "aupus-service-api"
    [35mcontext[39m: "Database"
    [35mquery[39m: "SELECT \"public\".\"model_has_permissions\".\"permission_id\", \"public\".\"model_has_permissions\".\"model_id\", \"public\".\"model_has_permissions\".\"model_type\" FROM \"public\".\"model_has_permissions\" WHERE (\"public\".\"model_has_permissions\".\"model_id\" = $1 AND \"public\".\"model_has_permissions\".\"model_type\" = $2) OFFSET $3"
    [35mparams[39m: "[\"k6g72ojagrl415bsak6y68qi96\",\"App\Models\User\",0]"
    [35mduration[39m: 0
    [35mtarget[39m: "quaint::connector::metrics"
[2026-03-16 14:20:25.382] [34mDEBUG[39m: [36mundefined - Query executada[39m
    [35menv[39m: "test"
    [35mservice[39m: "aupus-service-api"
    [35mcontext[39m: "Database"
    [35mquery[39m: "SELECT \"public\".\"solicitacoes_servico\".\"id\", \"public\".\"solicitacoes_servico\".\"numero\", \"public\".\"solicitacoes_servico\".\"titulo\", \"public\".\"solicitacoes_servico\".\"descricao\", \"public\".\"solicitacoes_servico\".\"tipo\"::text, \"public\".\"solicitacoes_servico\".\"prioridade\"::text, \"public\".\"solicitacoes_servico\".\"status\"::text, \"public\".\"solicitacoes_servico\".\"origem\"::text, \"public\".\"solicitacoes_servico\".\"planta_id\", \"public\".\"solicitacoes_servico\".\"area\", \"public\".\"solicitacoes_servico\".\"local_especifico\", \"public\".\"solicitacoes_servico\".\"equipamento_id\", \"public\".\"solicitacoes_servico\".\"solicitante_nome\", \"public\".\"solicitacoes_servico\".\"solicitante_email\", \"public\".\"solicitacoes_servico\".\"solicitante_telefone\", \"public\".\"solicitacoes_servico\".\"solicitante_departamento\", \"public\".\"solicitacoes_servico\".\"solicitante_id\", \"public\".\"solicitacoes_servico\".\"data_necessidade\", \"public\".\"solicitacoes_servico\".\"prazo_esperado\", \"public\".\"solicitacoes_servico\".\"data_inicio_previsto\", \"public\".\"solicitacoes_servico\".\"data_fim_previsto\", \"public\".\"solicitacoes_servico\".\"tempo_estimado\", \"public\".\"solicitacoes_servico\".\"custo_estimado\", \"public\".\"solicitacoes_servico\".\"analisado_por_id\", \"public\".\"solicitacoes_servico\".\"data_analise\", \"public\".\"solicitacoes_servico\".\"observacoes_analise\", \"public\".\"solicitacoes_servico\".\"aprovado_por_id\", \"public\".\"solicitacoes_servico\".\"data_aprovacao\", \"public\".\"solicitacoes_servico\".\"observacoes_aprovacao\", \"public\".\"solicitacoes_servico\".\"rejeitado_por_id\", \"public\".\"solicitacoes_servico\".\"data_rejeicao\", \"public\".\"solicitacoes_servico\".\"motivo_rejeicao\", \"public\".\"solicitacoes_servico\".\"cancelado_por_id\", \"public\".\"solicitacoes_servico\".\"data_cancelamento\", \"public\".\"solicitacoes_servico\".\"motivo_cancelamento\", \"public\".\"solicitacoes_servico\".\"concluido_por_id\", \"public\".\"solicitacoes_servico\".\"data_conclusao\", \"public\".\"solicitacoes_servico\".\"observacoes_conclusao\", \"public\".\"solicitacoes_servico\".\"programacao_os_id\", \"public\".\"solicitacoes_servico\".\"os_id\", \"public\".\"solicitacoes_servico\".\"observacoes\", \"public\".\"solicitacoes_servico\".\"requisitos_especiais\", \"public\".\"solicitacoes_servico\".\"riscos_identificados\", \"public\".\"solicitacoes_servico\".\"created_at\", \"public\".\"solicitacoes_servico\".\"updated_at\", \"public\".\"solicitacoes_servico\".\"deleted_at\", \"public\".\"solicitacoes_servico\".\"local\", \"public\".\"solicitacoes_servico\".\"data_solicitacao\", \"public\".\"solicitacoes_servico\".\"prazo_execucao\", \"public\".\"solicitacoes_servico\".\"data_prevista_inicio\", \"public\".\"solicitacoes_servico\".\"data_prevista_fim\", \"public\".\"solicitacoes_servico\".\"justificativa\", \"public\".\"solicitacoes_servico\".\"beneficios_esperados\", \"public\".\"solicitacoes_servico\".\"riscos_nao_execucao\", \"public\".\"solicitacoes_servico\".\"materiais_necessarios\", \"public\".\"solicitacoes_servico\".\"ferramentas_necessarias\", \"public\".\"solicitacoes_servico\".\"mao_obra_necessaria\", \"public\".\"solicitacoes_servico\".\"departamento\", \"public\".\"solicitacoes_servico\".\"contato\", \"public\".\"solicitacoes_servico\".\"analisado_por_nome\", \"public\".\"solicitacoes_servico\".\"parecer_tecnico\", \"public\".\"solicitacoes_servico\".\"aprovado_por_nome\", \"public\".\"solicitacoes_servico\".\"sugestoes_alternativas\", \"public\".\"solicitacoes_servico\".\"cancelado_por_nome\", \"public\".\"solicitacoes_servico\".\"ordem_servico_id\" FROM \"public\".\"solicitacoes_servico\" WHERE (\"public\".\"solicitacoes_servico\".\"id\" = $1 AND 1=1) LIMIT $2 OFFSET $3"
    [35mparams[39m: "[\"cmmtg8sj500012fcwngsu1x7a\",1,0]"
    [35mduration[39m: 0
    [35mtarget[39m: "quaint::connector::metrics"
[2026-03-16 14:20:25.384] [34mDEBUG[39m: [36mundefined - Query executada[39m
    [35menv[39m: "test"
    [35mservice[39m: "aupus-service-api"
    [35mcontext[39m: "Database"
    [35mquery[39m: "SELECT \"public\".\"plantas\".\"id\", \"public\".\"plantas\".\"nome\", \"public\".\"plantas\".\"cnpj\", \"public\".\"plantas\".\"localizacao\", \"public\".\"plantas\".\"horario_funcionamento\", \"public\".\"plantas\".\"logradouro\", \"public\".\"plantas\".\"bairro\", \"public\".\"plantas\".\"cidade\", \"public\".\"plantas\".\"uf\", \"public\".\"plantas\".\"cep\", \"public\".\"plantas\".\"proprietario_id\", \"public\".\"plantas\".\"created_at\", \"public\".\"plantas\".\"updated_at\", \"public\".\"plantas\".\"deleted_at\", \"public\".\"plantas\".\"numero_uc\" FROM \"public\".\"plantas\" WHERE \"public\".\"plantas\".\"id\" IN ($1) OFFSET $2"
    [35mparams[39m: "[\"cmhbyqh6e00012faox255dzla \",0]"
    [35mduration[39m: 1
    [35mtarget[39m: "quaint::connector::metrics"
[2026-03-16 14:20:25.386] [34mDEBUG[39m: [36mundefined - Query executada[39m
    [35menv[39m: "test"
    [35mservice[39m: "aupus-service-api"
    [35mcontext[39m: "Database"
    [35mquery[39m: "SELECT \"public\".\"anexos_solicitacao_servico\".\"id\", \"public\".\"anexos_solicitacao_servico\".\"solicitacao_id\", \"public\".\"anexos_solicitacao_servico\".\"nome_original\", \"public\".\"anexos_solicitacao_servico\".\"nome_arquivo\", \"public\".\"anexos_solicitacao_servico\".\"caminho\", \"public\".\"anexos_solicitacao_servico\".\"tamanho\", \"public\".\"anexos_solicitacao_servico\".\"mime_type\", \"public\".\"anexos_solicitacao_servico\".\"descricao\", \"public\".\"anexos_solicitacao_servico\".\"tipo_documento\", \"public\".\"anexos_solicitacao_servico\".\"uploaded_por\", \"public\".\"anexos_solicitacao_servico\".\"uploaded_por_id\", \"public\".\"anexos_solicitacao_servico\".\"uploaded_at\", \"public\".\"anexos_solicitacao_servico\".\"deleted_at\" FROM \"public\".\"anexos_solicitacao_servico\" WHERE \"public\".\"anexos_solicitacao_servico\".\"solicitacao_id\" IN ($1) OFFSET $2"
    [35mparams[39m: "[\"cmmtg8sj500012fcwngsu1x7a\",0]"
    [35mduration[39m: 2
    [35mtarget[39m: "quaint::connector::metrics"
[2026-03-16 14:20:25.387] [34mDEBUG[39m: [36mundefined - Query executada[39m
    [35menv[39m: "test"
    [35mservice[39m: "aupus-service-api"
    [35mcontext[39m: "Database"
    [35mquery[39m: "SELECT \"public\".\"historico_solicitacao_servico\".\"id\", \"public\".\"historico_solicitacao_servico\".\"solicitacao_id\", \"public\".\"historico_solicitacao_servico\".\"acao\", \"public\".\"historico_solicitacao_servico\".\"usuario\", \"public\".\"historico_solicitacao_servico\".\"usuario_nome\", \"public\".\"historico_solicitacao_servico\".\"usuario_id\", \"public\".\"historico_solicitacao_servico\".\"data\", \"public\".\"historico_solicitacao_servico\".\"observacoes\", \"public\".\"historico_solicitacao_servico\".\"status_anterior\"::text, \"public\".\"historico_solicitacao_servico\".\"status_novo\"::text, \"public\".\"historico_solicitacao_servico\".\"dados_extras\" FROM \"public\".\"historico_solicitacao_servico\" WHERE \"public\".\"historico_solicitacao_servico\".\"solicitacao_id\" IN ($1) ORDER BY \"public\".\"historico_solicitacao_servico\".\"data\" DESC OFFSET $2"
    [35mparams[39m: "[\"cmmtg8sj500012fcwngsu1x7a\",0]"
    [35mduration[39m: 1
    [35mtarget[39m: "quaint::connector::metrics"
[2026-03-16 14:20:25.389] [34mDEBUG[39m: [36mundefined - Query executada[39m
    [35menv[39m: "test"
    [35mservice[39m: "aupus-service-api"
    [35mcontext[39m: "Database"
    [35mquery[39m: "SELECT \"public\".\"comentarios_solicitacao_servico\".\"id\", \"public\".\"comentarios_solicitacao_servico\".\"solicitacao_id\", \"public\".\"comentarios_solicitacao_servico\".\"comentario\", \"public\".\"comentarios_solicitacao_servico\".\"autor\", \"public\".\"comentarios_solicitacao_servico\".\"autor_id\", \"public\".\"comentarios_solicitacao_servico\".\"tipo\", \"public\".\"comentarios_solicitacao_servico\".\"privado\", \"public\".\"comentarios_solicitacao_servico\".\"created_at\", \"public\".\"comentarios_solicitacao_servico\".\"updated_at\", \"public\".\"comentarios_solicitacao_servico\".\"deleted_at\" FROM \"public\".\"comentarios_solicitacao_servico\" WHERE \"public\".\"comentarios_solicitacao_servico\".\"solicitacao_id\" IN ($1) ORDER BY \"public\".\"comentarios_solicitacao_servico\".\"created_at\" DESC OFFSET $2"
    [35mparams[39m: "[\"cmmtg8sj500012fcwngsu1x7a\",0]"
    [35mduration[39m: 1
    [35mtarget[39m: "quaint::connector::metrics"
[2026-03-16 14:20:25.391] [34mDEBUG[39m: [36mundefined - Query executada[39m
    [35menv[39m: "test"
    [35mservice[39m: "aupus-service-api"
    [35mcontext[39m: "Database"
    [35mquery[39m: "BEGIN"
    [35mparams[39m: "[]"
    [35mduration[39m: 0
    [35mtarget[39m: "quaint::connector::metrics"
[2026-03-16 14:20:25.398] [34mDEBUG[39m: [36mundefined - Query executada[39m
    [35menv[39m: "test"
    [35mservice[39m: "aupus-service-api"
    [35mcontext[39m: "Database"
    [35mquery[39m: "UPDATE \"public\".\"solicitacoes_servico\" SET \"status\" = CAST($1::text AS \"public\".\"StatusSolicitacaoServico\"), \"analisado_por_nome\" = $2, \"analisado_por_id\" = $3, \"data_analise\" = $4, \"observacoes_analise\" = $5, \"updated_at\" = $6 WHERE (\"public\".\"solicitacoes_servico\".\"id\" = $7 AND 1=1) RETURNING \"public\".\"solicitacoes_servico\".\"id\", \"public\".\"solicitacoes_servico\".\"numero\", \"public\".\"solicitacoes_servico\".\"titulo\", \"public\".\"solicitacoes_servico\".\"descricao\", \"public\".\"solicitacoes_servico\".\"tipo\"::text, \"public\".\"solicitacoes_servico\".\"prioridade\"::text, \"public\".\"solicitacoes_servico\".\"status\"::text, \"public\".\"solicitacoes_servico\".\"origem\"::text, \"public\".\"solicitacoes_servico\".\"planta_id\", \"public\".\"solicitacoes_servico\".\"area\", \"public\".\"solicitacoes_servico\".\"local_especifico\", \"public\".\"solicitacoes_servico\".\"equipamento_id\", \"public\".\"solicitacoes_servico\".\"solicitante_nome\", \"public\".\"solicitacoes_servico\".\"solicitante_email\", \"public\".\"solicitacoes_servico\".\"solicitante_telefone\", \"public\".\"solicitacoes_servico\".\"solicitante_departamento\", \"public\".\"solicitacoes_servico\".\"solicitante_id\", \"public\".\"solicitacoes_servico\".\"data_necessidade\", \"public\".\"solicitacoes_servico\".\"prazo_esperado\", \"public\".\"solicitacoes_servico\".\"data_inicio_previsto\", \"public\".\"solicitacoes_servico\".\"data_fim_previsto\", \"public\".\"solicitacoes_servico\".\"tempo_estimado\", \"public\".\"solicitacoes_servico\".\"custo_estimado\", \"public\".\"solicitacoes_servico\".\"analisado_por_id\", \"public\".\"solicitacoes_servico\".\"data_analise\", \"public\".\"solicitacoes_servico\".\"observacoes_analise\", \"public\".\"solicitacoes_servico\".\"aprovado_por_id\", \"public\".\"solicitacoes_servico\".\"data_aprovacao\", \"public\".\"solicitacoes_servico\".\"observacoes_aprovacao\", \"public\".\"solicitacoes_servico\".\"rejeitado_por_id\", \"public\".\"solicitacoes_servico\".\"data_rejeicao\", \"public\".\"solicitacoes_servico\".\"motivo_rejeicao\", \"public\".\"solicitacoes_servico\".\"cancelado_por_id\", \"public\".\"solicitacoes_servico\".\"data_cancelamento\", \"public\".\"solicitacoes_servico\".\"motivo_cancelamento\", \"public\".\"solicitacoes_servico\".\"concluido_por_id\", \"public\".\"solicitacoes_servico\".\"data_conclusao\", \"public\".\"solicitacoes_servico\".\"observacoes_conclusao\", \"public\".\"solicitacoes_servico\".\"programacao_os_id\", \"public\".\"solicitacoes_servico\".\"os_id\", \"public\".\"solicitacoes_servico\".\"observacoes\", \"public\".\"solicitacoes_servico\".\"requisitos_especiais\", \"public\".\"solicitacoes_servico\".\"riscos_identificados\", \"public\".\"solicitacoes_servico\".\"created_at\", \"public\".\"solicitacoes_servico\".\"updated_at\", \"public\".\"solicitacoes_servico\".\"deleted_at\", \"public\".\"solicitacoes_servico\".\"local\", \"public\".\"solicitacoes_servico\".\"data_solicitacao\", \"public\".\"solicitacoes_servico\".\"prazo_execucao\", \"public\".\"solicitacoes_servico\".\"data_prevista_inicio\", \"public\".\"solicitacoes_servico\".\"data_prevista_fim\", \"public\".\"solicitacoes_servico\".\"justificativa\", \"public\".\"solicitacoes_servico\".\"beneficios_esperados\", \"public\".\"solicitacoes_servico\".\"riscos_nao_execucao\", \"public\".\"solicitacoes_servico\".\"materiais_necessarios\", \"public\".\"solicitacoes_servico\".\"ferramentas_necessarias\", \"public\".\"solicitacoes_servico\".\"mao_obra_necessaria\", \"public\".\"solicitacoes_servico\".\"departamento\", \"public\".\"solicitacoes_servico\".\"contato\", \"public\".\"solicitacoes_servico\".\"analisado_por_nome\", \"public\".\"solicitacoes_servico\".\"parecer_tecnico\", \"public\".\"solicitacoes_servico\".\"aprovado_por_nome\", \"public\".\"solicitacoes_servico\".\"sugestoes_alternativas\", \"public\".\"solicitacoes_servico\".\"cancelado_por_nome\", \"public\".\"solicitacoes_servico\".\"ordem_servico_id\""
    [35mparams[39m: "[\"EM_ANALISE\",\"Admin\",\"k6g72ojagrl415bsak6y68qi96\",\"2026-03-16 17:20:25.392 UTC\",\"Análise iniciada\",\"2026-03-16 17:20:25.395 UTC\",\"cmmtg8sj500012fcwngsu1x7a\"]"
    [35mduration[39m: 2
    [35mtarget[39m: "quaint::connector::metrics"
[2026-03-16 14:20:25.400] [34mDEBUG[39m: [36mundefined - Query executada[39m
    [35menv[39m: "test"
    [35mservice[39m: "aupus-service-api"
    [35mcontext[39m: "Database"
    [35mquery[39m: "SELECT \"public\".\"solicitacoes_servico\".\"id\", \"public\".\"solicitacoes_servico\".\"numero\", \"public\".\"solicitacoes_servico\".\"titulo\", \"public\".\"solicitacoes_servico\".\"descricao\", \"public\".\"solicitacoes_servico\".\"tipo\"::text, \"public\".\"solicitacoes_servico\".\"prioridade\"::text, \"public\".\"solicitacoes_servico\".\"status\"::text, \"public\".\"solicitacoes_servico\".\"origem\"::text, \"public\".\"solicitacoes_servico\".\"planta_id\", \"public\".\"solicitacoes_servico\".\"area\", \"public\".\"solicitacoes_servico\".\"local_especifico\", \"public\".\"solicitacoes_servico\".\"equipamento_id\", \"public\".\"solicitacoes_servico\".\"solicitante_nome\", \"public\".\"solicitacoes_servico\".\"solicitante_email\", \"public\".\"solicitacoes_servico\".\"solicitante_telefone\", \"public\".\"solicitacoes_servico\".\"solicitante_departamento\", \"public\".\"solicitacoes_servico\".\"solicitante_id\", \"public\".\"solicitacoes_servico\".\"data_necessidade\", \"public\".\"solicitacoes_servico\".\"prazo_esperado\", \"public\".\"solicitacoes_servico\".\"data_inicio_previsto\", \"public\".\"solicitacoes_servico\".\"data_fim_previsto\", \"public\".\"solicitacoes_servico\".\"tempo_estimado\", \"public\".\"solicitacoes_servico\".\"custo_estimado\", \"public\".\"solicitacoes_servico\".\"analisado_por_id\", \"public\".\"solicitacoes_servico\".\"data_analise\", \"public\".\"solicitacoes_servico\".\"observacoes_analise\", \"public\".\"solicitacoes_servico\".\"aprovado_por_id\", \"public\".\"solicitacoes_servico\".\"data_aprovacao\", \"public\".\"solicitacoes_servico\".\"observacoes_aprovacao\", \"public\".\"solicitacoes_servico\".\"rejeitado_por_id\", \"public\".\"solicitacoes_servico\".\"data_rejeicao\", \"public\".\"solicitacoes_servico\".\"motivo_rejeicao\", \"public\".\"solicitacoes_servico\".\"cancelado_por_id\", \"public\".\"solicitacoes_servico\".\"data_cancelamento\", \"public\".\"solicitacoes_servico\".\"motivo_cancelamento\", \"public\".\"solicitacoes_servico\".\"concluido_por_id\", \"public\".\"solicitacoes_servico\".\"data_conclusao\", \"public\".\"solicitacoes_servico\".\"observacoes_conclusao\", \"public\".\"solicitacoes_servico\".\"programacao_os_id\", \"public\".\"solicitacoes_servico\".\"os_id\", \"public\".\"solicitacoes_servico\".\"observacoes\", \"public\".\"solicitacoes_servico\".\"requisitos_especiais\", \"public\".\"solicitacoes_servico\".\"riscos_identificados\", \"public\".\"solicitacoes_servico\".\"created_at\", \"public\".\"solicitacoes_servico\".\"updated_at\", \"public\".\"solicitacoes_servico\".\"deleted_at\", \"public\".\"solicitacoes_servico\".\"local\", \"public\".\"solicitacoes_servico\".\"data_solicitacao\", \"public\".\"solicitacoes_servico\".\"prazo_execucao\", \"public\".\"solicitacoes_servico\".\"data_prevista_inicio\", \"public\".\"solicitacoes_servico\".\"data_prevista_fim\", \"public\".\"solicitacoes_servico\".\"justificativa\", \"public\".\"solicitacoes_servico\".\"beneficios_esperados\", \"public\".\"solicitacoes_servico\".\"riscos_nao_execucao\", \"public\".\"solicitacoes_servico\".\"materiais_necessarios\", \"public\".\"solicitacoes_servico\".\"ferramentas_necessarias\", \"public\".\"solicitacoes_servico\".\"mao_obra_necessaria\", \"public\".\"solicitacoes_servico\".\"departamento\", \"public\".\"solicitacoes_servico\".\"contato\", \"public\".\"solicitacoes_servico\".\"analisado_por_nome\", \"public\".\"solicitacoes_servico\".\"parecer_tecnico\", \"public\".\"solicitacoes_servico\".\"aprovado_por_nome\", \"public\".\"solicitacoes_servico\".\"sugestoes_alternativas\", \"public\".\"solicitacoes_servico\".\"cancelado_por_nome\", \"public\".\"solicitacoes_servico\".\"ordem_servico_id\" FROM \"public\".\"solicitacoes_servico\" WHERE \"public\".\"solicitacoes_servico\".\"id\" = $1 LIMIT $2 OFFSET $3"
    [35mparams[39m: "[\"cmmtg8sj500012fcwngsu1x7a\",1,0]"
    [35mduration[39m: 1
    [35mtarget[39m: "quaint::connector::metrics"
[2026-03-16 14:20:25.403] [34mDEBUG[39m: [36mundefined - Query executada[39m
    [35menv[39m: "test"
    [35mservice[39m: "aupus-service-api"
    [35mcontext[39m: "Database"
    [35mquery[39m: "SELECT \"public\".\"plantas\".\"id\", \"public\".\"plantas\".\"nome\", \"public\".\"plantas\".\"cnpj\", \"public\".\"plantas\".\"localizacao\", \"public\".\"plantas\".\"horario_funcionamento\", \"public\".\"plantas\".\"logradouro\", \"public\".\"plantas\".\"bairro\", \"public\".\"plantas\".\"cidade\", \"public\".\"plantas\".\"uf\", \"public\".\"plantas\".\"cep\", \"public\".\"plantas\".\"proprietario_id\", \"public\".\"plantas\".\"created_at\", \"public\".\"plantas\".\"updated_at\", \"public\".\"plantas\".\"deleted_at\", \"public\".\"plantas\".\"numero_uc\" FROM \"public\".\"plantas\" WHERE \"public\".\"plantas\".\"id\" IN ($1) OFFSET $2"
    [35mparams[39m: "[\"cmhbyqh6e00012faox255dzla \",0]"
    [35mduration[39m: 2
    [35mtarget[39m: "quaint::connector::metrics"
[2026-03-16 14:20:25.406] [34mDEBUG[39m: [36mundefined - Query executada[39m
    [35menv[39m: "test"
    [35mservice[39m: "aupus-service-api"
    [35mcontext[39m: "Database"
    [35mquery[39m: "INSERT INTO \"public\".\"historico_solicitacao_servico\" (\"id\",\"solicitacao_id\",\"acao\",\"usuario_nome\",\"usuario_id\",\"data\",\"observacoes\",\"status_anterior\",\"status_novo\") VALUES ($1,$2,$3,$4,$5,$6,$7,CAST($8::text AS \"public\".\"StatusSolicitacaoServico\"),CAST($9::text AS \"public\".\"StatusSolicitacaoServico\")) RETURNING \"public\".\"historico_solicitacao_servico\".\"id\", \"public\".\"historico_solicitacao_servico\".\"solicitacao_id\", \"public\".\"historico_solicitacao_servico\".\"acao\", \"public\".\"historico_solicitacao_servico\".\"usuario\", \"public\".\"historico_solicitacao_servico\".\"usuario_nome\", \"public\".\"historico_solicitacao_servico\".\"usuario_id\", \"public\".\"historico_solicitacao_servico\".\"data\", \"public\".\"historico_solicitacao_servico\".\"observacoes\", \"public\".\"historico_solicitacao_servico\".\"status_anterior\"::text, \"public\".\"historico_solicitacao_servico\".\"status_novo\"::text, \"public\".\"historico_solicitacao_servico\".\"dados_extras\""
    [35mparams[39m: "[\"cmmtg8t32000d2fcwzqpbqpn3\",\"cmmtg8sj500012fcwngsu1x7a\",\"INICIO_ANALISE\",\"Admin\",\"k6g72ojagrl415bsak6y68qi96\",\"2026-03-16 17:20:25.406 UTC\",\"Análise iniciada\",\"AGUARDANDO\",\"EM_ANALISE\"]"
    [35mduration[39m: 0
    [35mtarget[39m: "quaint::connector::metrics"
[2026-03-16 14:20:25.451] [34mDEBUG[39m: [36mundefined - Query executada[39m
    [35menv[39m: "test"
    [35mservice[39m: "aupus-service-api"
    [35mcontext[39m: "Database"
    [35mquery[39m: "COMMIT"
    [35mparams[39m: "[]"
    [35mduration[39m: 44
    [35mtarget[39m: "quaint::connector::metrics"
[2026-03-16 14:20:25.467] [34mDEBUG[39m: [36mundefined - Query executada[39m
    [35menv[39m: "test"
    [35mservice[39m: "aupus-service-api"
    [35mcontext[39m: "Database"
    [35mquery[39m: "SELECT \"public\".\"usuarios\".\"id\", \"public\".\"usuarios\".\"concessionaria_atual_id\", \"public\".\"usuarios\".\"organizacao_atual_id\", \"public\".\"usuarios\".\"nome\", \"public\".\"usuarios\".\"email\", \"public\".\"usuarios\".\"telefone\", \"public\".\"usuarios\".\"instagram\", \"public\".\"usuarios\".\"status\", \"public\".\"usuarios\".\"cpf_cnpj\", \"public\".\"usuarios\".\"cidade\", \"public\".\"usuarios\".\"estado\", \"public\".\"usuarios\".\"endereco\", \"public\".\"usuarios\".\"cep\", \"public\".\"usuarios\".\"deleted_by\", \"public\".\"usuarios\".\"senha\", \"public\".\"usuarios\".\"remember_token\", \"public\".\"usuarios\".\"deleted_at\", \"public\".\"usuarios\".\"created_at\", \"public\".\"usuarios\".\"updated_at\", \"public\".\"usuarios\".\"role\", \"public\".\"usuarios\".\"manager_id\", \"public\".\"usuarios\".\"is_active\", \"public\".\"usuarios\".\"pix\", \"public\".\"usuarios\".\"avatar_url\", \"public\".\"usuarios\".\"created_by\" FROM \"public\".\"usuarios\" WHERE (\"public\".\"usuarios\".\"id\" = $1 AND \"public\".\"usuarios\".\"deleted_at\" IS NULL) LIMIT $2 OFFSET $3"
    [35mparams[39m: "[\"k6g72ojagrl415bsak6y68qi96\",1,0]"
    [35mduration[39m: 2
    [35mtarget[39m: "quaint::connector::metrics"
[2026-03-16 14:20:25.473] [34mDEBUG[39m: [36mundefined - Query executada[39m
    [35menv[39m: "test"
    [35mservice[39m: "aupus-service-api"
    [35mcontext[39m: "Database"
    [35mquery[39m: "SELECT \"public\".\"usuarios\".\"id\", \"public\".\"usuarios\".\"concessionaria_atual_id\", \"public\".\"usuarios\".\"organizacao_atual_id\", \"public\".\"usuarios\".\"nome\", \"public\".\"usuarios\".\"email\", \"public\".\"usuarios\".\"telefone\", \"public\".\"usuarios\".\"instagram\", \"public\".\"usuarios\".\"status\", \"public\".\"usuarios\".\"cpf_cnpj\", \"public\".\"usuarios\".\"cidade\", \"public\".\"usuarios\".\"estado\", \"public\".\"usuarios\".\"endereco\", \"public\".\"usuarios\".\"cep\", \"public\".\"usuarios\".\"deleted_by\", \"public\".\"usuarios\".\"senha\", \"public\".\"usuarios\".\"remember_token\", \"public\".\"usuarios\".\"deleted_at\", \"public\".\"usuarios\".\"created_at\", \"public\".\"usuarios\".\"updated_at\", \"public\".\"usuarios\".\"role\", \"public\".\"usuarios\".\"manager_id\", \"public\".\"usuarios\".\"is_active\", \"public\".\"usuarios\".\"pix\", \"public\".\"usuarios\".\"avatar_url\", \"public\".\"usuarios\".\"created_by\" FROM \"public\".\"usuarios\" WHERE (\"public\".\"usuarios\".\"id\" = $1 AND \"public\".\"usuarios\".\"deleted_at\" IS NULL) LIMIT $2 OFFSET $3"
    [35mparams[39m: "[\"k6g72ojagrl415bsak6y68qi96\",1,0]"
    [35mduration[39m: 2
    [35mtarget[39m: "quaint::connector::metrics"
[2026-03-16 14:20:25.477] [34mDEBUG[39m: [36mundefined - Query executada[39m
    [35menv[39m: "test"
    [35mservice[39m: "aupus-service-api"
    [35mcontext[39m: "Database"
    [35mquery[39m: "SELECT \"public\".\"model_has_roles\".\"role_id\", \"public\".\"model_has_roles\".\"model_id\", \"public\".\"model_has_roles\".\"model_type\" FROM \"public\".\"model_has_roles\" WHERE (\"public\".\"model_has_roles\".\"model_id\" = $1 AND \"public\".\"model_has_roles\".\"model_type\" = $2) LIMIT $3 OFFSET $4"
    [35mparams[39m: "[\"k6g72ojagrl415bsak6y68qi96\",\"App\Models\User\",1,0]"
    [35mduration[39m: 2
    [35mtarget[39m: "quaint::connector::metrics"
[2026-03-16 14:20:25.480] [34mDEBUG[39m: [36mundefined - Query executada[39m
    [35menv[39m: "test"
    [35mservice[39m: "aupus-service-api"
    [35mcontext[39m: "Database"
    [35mquery[39m: "SELECT \"public\".\"roles\".\"id\", \"public\".\"roles\".\"name\", \"public\".\"roles\".\"guard_name\", \"public\".\"roles\".\"created_at\", \"public\".\"roles\".\"updated_at\" FROM \"public\".\"roles\" WHERE \"public\".\"roles\".\"id\" IN ($1) OFFSET $2"
    [35mparams[39m: "[1,0]"
    [35mduration[39m: 2
    [35mtarget[39m: "quaint::connector::metrics"
[2026-03-16 14:20:25.482] [34mDEBUG[39m: [36mundefined - Query executada[39m
    [35menv[39m: "test"
    [35mservice[39m: "aupus-service-api"
    [35mcontext[39m: "Database"
    [35mquery[39m: "SELECT \"public\".\"role_has_permissions\".\"permission_id\", \"public\".\"role_has_permissions\".\"role_id\" FROM \"public\".\"role_has_permissions\" WHERE \"public\".\"role_has_permissions\".\"role_id\" IN ($1) OFFSET $2"
    [35mparams[39m: "[1,0]"
    [35mduration[39m: 2
    [35mtarget[39m: "quaint::connector::metrics"
[2026-03-16 14:20:25.486] [34mDEBUG[39m: [36mundefined - Query executada[39m
    [35menv[39m: "test"
    [35mservice[39m: "aupus-service-api"
    [35mcontext[39m: "Database"
    [35mquery[39m: "SELECT \"public\".\"permissions\".\"id\", \"public\".\"permissions\".\"name\", \"public\".\"permissions\".\"guard_name\", \"public\".\"permissions\".\"created_at\", \"public\".\"permissions\".\"updated_at\", \"public\".\"permissions\".\"display_name\", \"public\".\"permissions\".\"description\" FROM \"public\".\"permissions\" WHERE \"public\".\"permissions\".\"id\" IN ($1,$2,$3,$4,$5,$6,$7,$8,$9,$10,$11,$12,$13,$14,$15,$16,$17,$18,$19,$20,$21,$22) OFFSET $23"
    [35mparams[39m: "[1,2,3,4,5,6,7,8,9,10,11,12,13,14,15,16,17,18,19,20,21,22,0]"
    [35mduration[39m: 3
    [35mtarget[39m: "quaint::connector::metrics"
[2026-03-16 14:20:25.491] [34mDEBUG[39m: [36mundefined - Query executada[39m
    [35menv[39m: "test"
    [35mservice[39m: "aupus-service-api"
    [35mcontext[39m: "Database"
    [35mquery[39m: "SELECT \"public\".\"model_has_permissions\".\"permission_id\", \"public\".\"model_has_permissions\".\"model_id\", \"public\".\"model_has_permissions\".\"model_type\" FROM \"public\".\"model_has_permissions\" WHERE (\"public\".\"model_has_permissions\".\"model_id\" = $1 AND \"public\".\"model_has_permissions\".\"model_type\" = $2) OFFSET $3"
    [35mparams[39m: "[\"k6g72ojagrl415bsak6y68qi96\",\"App\Models\User\",0]"
    [35mduration[39m: 2
    [35mtarget[39m: "quaint::connector::metrics"
[2026-03-16 14:20:25.501] [34mDEBUG[39m: [36mundefined - Query executada[39m
    [35menv[39m: "test"
    [35mservice[39m: "aupus-service-api"
    [35mcontext[39m: "Database"
    [35mquery[39m: "SELECT \"public\".\"solicitacoes_servico\".\"id\", \"public\".\"solicitacoes_servico\".\"numero\", \"public\".\"solicitacoes_servico\".\"titulo\", \"public\".\"solicitacoes_servico\".\"descricao\", \"public\".\"solicitacoes_servico\".\"tipo\"::text, \"public\".\"solicitacoes_servico\".\"prioridade\"::text, \"public\".\"solicitacoes_servico\".\"status\"::text, \"public\".\"solicitacoes_servico\".\"origem\"::text, \"public\".\"solicitacoes_servico\".\"planta_id\", \"public\".\"solicitacoes_servico\".\"area\", \"public\".\"solicitacoes_servico\".\"local_especifico\", \"public\".\"solicitacoes_servico\".\"equipamento_id\", \"public\".\"solicitacoes_servico\".\"solicitante_nome\", \"public\".\"solicitacoes_servico\".\"solicitante_email\", \"public\".\"solicitacoes_servico\".\"solicitante_telefone\", \"public\".\"solicitacoes_servico\".\"solicitante_departamento\", \"public\".\"solicitacoes_servico\".\"solicitante_id\", \"public\".\"solicitacoes_servico\".\"data_necessidade\", \"public\".\"solicitacoes_servico\".\"prazo_esperado\", \"public\".\"solicitacoes_servico\".\"data_inicio_previsto\", \"public\".\"solicitacoes_servico\".\"data_fim_previsto\", \"public\".\"solicitacoes_servico\".\"tempo_estimado\", \"public\".\"solicitacoes_servico\".\"custo_estimado\", \"public\".\"solicitacoes_servico\".\"analisado_por_id\", \"public\".\"solicitacoes_servico\".\"data_analise\", \"public\".\"solicitacoes_servico\".\"observacoes_analise\", \"public\".\"solicitacoes_servico\".\"aprovado_por_id\", \"public\".\"solicitacoes_servico\".\"data_aprovacao\", \"public\".\"solicitacoes_servico\".\"observacoes_aprovacao\", \"public\".\"solicitacoes_servico\".\"rejeitado_por_id\", \"public\".\"solicitacoes_servico\".\"data_rejeicao\", \"public\".\"solicitacoes_servico\".\"motivo_rejeicao\", \"public\".\"solicitacoes_servico\".\"cancelado_por_id\", \"public\".\"solicitacoes_servico\".\"data_cancelamento\", \"public\".\"solicitacoes_servico\".\"motivo_cancelamento\", \"public\".\"solicitacoes_servico\".\"concluido_por_id\", \"public\".\"solicitacoes_servico\".\"data_conclusao\", \"public\".\"solicitacoes_servico\".\"observacoes_conclusao\", \"public\".\"solicitacoes_servico\".\"programacao_os_id\", \"public\".\"solicitacoes_servico\".\"os_id\", \"public\".\"solicitacoes_servico\".\"observacoes\", \"public\".\"solicitacoes_servico\".\"requisitos_especiais\", \"public\".\"solicitacoes_servico\".\"riscos_identificados\", \"public\".\"solicitacoes_servico\".\"created_at\", \"public\".\"solicitacoes_servico\".\"updated_at\", \"public\".\"solicitacoes_servico\".\"deleted_at\", \"public\".\"solicitacoes_servico\".\"local\", \"public\".\"solicitacoes_servico\".\"data_solicitacao\", \"public\".\"solicitacoes_servico\".\"prazo_execucao\", \"public\".\"solicitacoes_servico\".\"data_prevista_inicio\", \"public\".\"solicitacoes_servico\".\"data_prevista_fim\", \"public\".\"solicitacoes_servico\".\"justificativa\", \"public\".\"solicitacoes_servico\".\"beneficios_esperados\", \"public\".\"solicitacoes_servico\".\"riscos_nao_execucao\", \"public\".\"solicitacoes_servico\".\"materiais_necessarios\", \"public\".\"solicitacoes_servico\".\"ferramentas_necessarias\", \"public\".\"solicitacoes_servico\".\"mao_obra_necessaria\", \"public\".\"solicitacoes_servico\".\"departamento\", \"public\".\"solicitacoes_servico\".\"contato\", \"public\".\"solicitacoes_servico\".\"analisado_por_nome\", \"public\".\"solicitacoes_servico\".\"parecer_tecnico\", \"public\".\"solicitacoes_servico\".\"aprovado_por_nome\", \"public\".\"solicitacoes_servico\".\"sugestoes_alternativas\", \"public\".\"solicitacoes_servico\".\"cancelado_por_nome\", \"public\".\"solicitacoes_servico\".\"ordem_servico_id\" FROM \"public\".\"solicitacoes_servico\" WHERE (\"public\".\"solicitacoes_servico\".\"id\" = $1 AND 1=1) LIMIT $2 OFFSET $3"
    [35mparams[39m: "[\"cmmtg8sj500012fcwngsu1x7a\",1,0]"
    [35mduration[39m: 3
    [35mtarget[39m: "quaint::connector::metrics"
[2026-03-16 14:20:25.504] [34mDEBUG[39m: [36mundefined - Query executada[39m
    [35menv[39m: "test"
    [35mservice[39m: "aupus-service-api"
    [35mcontext[39m: "Database"
    [35mquery[39m: "SELECT \"public\".\"plantas\".\"id\", \"public\".\"plantas\".\"nome\", \"public\".\"plantas\".\"cnpj\", \"public\".\"plantas\".\"localizacao\", \"public\".\"plantas\".\"horario_funcionamento\", \"public\".\"plantas\".\"logradouro\", \"public\".\"plantas\".\"bairro\", \"public\".\"plantas\".\"cidade\", \"public\".\"plantas\".\"uf\", \"public\".\"plantas\".\"cep\", \"public\".\"plantas\".\"proprietario_id\", \"public\".\"plantas\".\"created_at\", \"public\".\"plantas\".\"updated_at\", \"public\".\"plantas\".\"deleted_at\", \"public\".\"plantas\".\"numero_uc\" FROM \"public\".\"plantas\" WHERE \"public\".\"plantas\".\"id\" IN ($1) OFFSET $2"
    [35mparams[39m: "[\"cmhbyqh6e00012faox255dzla \",0]"
    [35mduration[39m: 2
    [35mtarget[39m: "quaint::connector::metrics"
[2026-03-16 14:20:25.507] [34mDEBUG[39m: [36mundefined - Query executada[39m
    [35menv[39m: "test"
    [35mservice[39m: "aupus-service-api"
    [35mcontext[39m: "Database"
    [35mquery[39m: "SELECT \"public\".\"anexos_solicitacao_servico\".\"id\", \"public\".\"anexos_solicitacao_servico\".\"solicitacao_id\", \"public\".\"anexos_solicitacao_servico\".\"nome_original\", \"public\".\"anexos_solicitacao_servico\".\"nome_arquivo\", \"public\".\"anexos_solicitacao_servico\".\"caminho\", \"public\".\"anexos_solicitacao_servico\".\"tamanho\", \"public\".\"anexos_solicitacao_servico\".\"mime_type\", \"public\".\"anexos_solicitacao_servico\".\"descricao\", \"public\".\"anexos_solicitacao_servico\".\"tipo_documento\", \"public\".\"anexos_solicitacao_servico\".\"uploaded_por\", \"public\".\"anexos_solicitacao_servico\".\"uploaded_por_id\", \"public\".\"anexos_solicitacao_servico\".\"uploaded_at\", \"public\".\"anexos_solicitacao_servico\".\"deleted_at\" FROM \"public\".\"anexos_solicitacao_servico\" WHERE \"public\".\"anexos_solicitacao_servico\".\"solicitacao_id\" IN ($1) OFFSET $2"
    [35mparams[39m: "[\"cmmtg8sj500012fcwngsu1x7a\",0]"
    [35mduration[39m: 2
    [35mtarget[39m: "quaint::connector::metrics"
[2026-03-16 14:20:25.510] [34mDEBUG[39m: [36mundefined - Query executada[39m
    [35menv[39m: "test"
    [35mservice[39m: "aupus-service-api"
    [35mcontext[39m: "Database"
    [35mquery[39m: "SELECT \"public\".\"historico_solicitacao_servico\".\"id\", \"public\".\"historico_solicitacao_servico\".\"solicitacao_id\", \"public\".\"historico_solicitacao_servico\".\"acao\", \"public\".\"historico_solicitacao_servico\".\"usuario\", \"public\".\"historico_solicitacao_servico\".\"usuario_nome\", \"public\".\"historico_solicitacao_servico\".\"usuario_id\", \"public\".\"historico_solicitacao_servico\".\"data\", \"public\".\"historico_solicitacao_servico\".\"observacoes\", \"public\".\"historico_solicitacao_servico\".\"status_anterior\"::text, \"public\".\"historico_solicitacao_servico\".\"status_novo\"::text, \"public\".\"historico_solicitacao_servico\".\"dados_extras\" FROM \"public\".\"historico_solicitacao_servico\" WHERE \"public\".\"historico_solicitacao_servico\".\"solicitacao_id\" IN ($1) ORDER BY \"public\".\"historico_solicitacao_servico\".\"data\" DESC OFFSET $2"
    [35mparams[39m: "[\"cmmtg8sj500012fcwngsu1x7a\",0]"
    [35mduration[39m: 2
    [35mtarget[39m: "quaint::connector::metrics"
[2026-03-16 14:20:25.513] [34mDEBUG[39m: [36mundefined - Query executada[39m
    [35menv[39m: "test"
    [35mservice[39m: "aupus-service-api"
    [35mcontext[39m: "Database"
    [35mquery[39m: "SELECT \"public\".\"comentarios_solicitacao_servico\".\"id\", \"public\".\"comentarios_solicitacao_servico\".\"solicitacao_id\", \"public\".\"comentarios_solicitacao_servico\".\"comentario\", \"public\".\"comentarios_solicitacao_servico\".\"autor\", \"public\".\"comentarios_solicitacao_servico\".\"autor_id\", \"public\".\"comentarios_solicitacao_servico\".\"tipo\", \"public\".\"comentarios_solicitacao_servico\".\"privado\", \"public\".\"comentarios_solicitacao_servico\".\"created_at\", \"public\".\"comentarios_solicitacao_servico\".\"updated_at\", \"public\".\"comentarios_solicitacao_servico\".\"deleted_at\" FROM \"public\".\"comentarios_solicitacao_servico\" WHERE \"public\".\"comentarios_solicitacao_servico\".\"solicitacao_id\" IN ($1) ORDER BY \"public\".\"comentarios_solicitacao_servico\".\"created_at\" DESC OFFSET $2"
    [35mparams[39m: "[\"cmmtg8sj500012fcwngsu1x7a\",0]"
    [35mduration[39m: 2
    [35mtarget[39m: "quaint::connector::metrics"
[2026-03-16 14:20:25.517] [34mDEBUG[39m: [36mundefined - Query executada[39m
    [35menv[39m: "test"
    [35mservice[39m: "aupus-service-api"
    [35mcontext[39m: "Database"
    [35mquery[39m: "BEGIN"
    [35mparams[39m: "[]"
    [35mduration[39m: 2
    [35mtarget[39m: "quaint::connector::metrics"
[2026-03-16 14:20:25.526] [34mDEBUG[39m: [36mundefined - Query executada[39m
    [35menv[39m: "test"
    [35mservice[39m: "aupus-service-api"
    [35mcontext[39m: "Database"
    [35mquery[39m: "UPDATE \"public\".\"solicitacoes_servico\" SET \"status\" = CAST($1::text AS \"public\".\"StatusSolicitacaoServico\"), \"aprovado_por_nome\" = $2, \"aprovado_por_id\" = $3, \"data_aprovacao\" = $4, \"observacoes_aprovacao\" = $5, \"updated_at\" = $6 WHERE (\"public\".\"solicitacoes_servico\".\"id\" = $7 AND 1=1) RETURNING \"public\".\"solicitacoes_servico\".\"id\", \"public\".\"solicitacoes_servico\".\"numero\", \"public\".\"solicitacoes_servico\".\"titulo\", \"public\".\"solicitacoes_servico\".\"descricao\", \"public\".\"solicitacoes_servico\".\"tipo\"::text, \"public\".\"solicitacoes_servico\".\"prioridade\"::text, \"public\".\"solicitacoes_servico\".\"status\"::text, \"public\".\"solicitacoes_servico\".\"origem\"::text, \"public\".\"solicitacoes_servico\".\"planta_id\", \"public\".\"solicitacoes_servico\".\"area\", \"public\".\"solicitacoes_servico\".\"local_especifico\", \"public\".\"solicitacoes_servico\".\"equipamento_id\", \"public\".\"solicitacoes_servico\".\"solicitante_nome\", \"public\".\"solicitacoes_servico\".\"solicitante_email\", \"public\".\"solicitacoes_servico\".\"solicitante_telefone\", \"public\".\"solicitacoes_servico\".\"solicitante_departamento\", \"public\".\"solicitacoes_servico\".\"solicitante_id\", \"public\".\"solicitacoes_servico\".\"data_necessidade\", \"public\".\"solicitacoes_servico\".\"prazo_esperado\", \"public\".\"solicitacoes_servico\".\"data_inicio_previsto\", \"public\".\"solicitacoes_servico\".\"data_fim_previsto\", \"public\".\"solicitacoes_servico\".\"tempo_estimado\", \"public\".\"solicitacoes_servico\".\"custo_estimado\", \"public\".\"solicitacoes_servico\".\"analisado_por_id\", \"public\".\"solicitacoes_servico\".\"data_analise\", \"public\".\"solicitacoes_servico\".\"observacoes_analise\", \"public\".\"solicitacoes_servico\".\"aprovado_por_id\", \"public\".\"solicitacoes_servico\".\"data_aprovacao\", \"public\".\"solicitacoes_servico\".\"observacoes_aprovacao\", \"public\".\"solicitacoes_servico\".\"rejeitado_por_id\", \"public\".\"solicitacoes_servico\".\"data_rejeicao\", \"public\".\"solicitacoes_servico\".\"motivo_rejeicao\", \"public\".\"solicitacoes_servico\".\"cancelado_por_id\", \"public\".\"solicitacoes_servico\".\"data_cancelamento\", \"public\".\"solicitacoes_servico\".\"motivo_cancelamento\", \"public\".\"solicitacoes_servico\".\"concluido_por_id\", \"public\".\"solicitacoes_servico\".\"data_conclusao\", \"public\".\"solicitacoes_servico\".\"observacoes_conclusao\", \"public\".\"solicitacoes_servico\".\"programacao_os_id\", \"public\".\"solicitacoes_servico\".\"os_id\", \"public\".\"solicitacoes_servico\".\"observacoes\", \"public\".\"solicitacoes_servico\".\"requisitos_especiais\", \"public\".\"solicitacoes_servico\".\"riscos_identificados\", \"public\".\"solicitacoes_servico\".\"created_at\", \"public\".\"solicitacoes_servico\".\"updated_at\", \"public\".\"solicitacoes_servico\".\"deleted_at\", \"public\".\"solicitacoes_servico\".\"local\", \"public\".\"solicitacoes_servico\".\"data_solicitacao\", \"public\".\"solicitacoes_servico\".\"prazo_execucao\", \"public\".\"solicitacoes_servico\".\"data_prevista_inicio\", \"public\".\"solicitacoes_servico\".\"data_prevista_fim\", \"public\".\"solicitacoes_servico\".\"justificativa\", \"public\".\"solicitacoes_servico\".\"beneficios_esperados\", \"public\".\"solicitacoes_servico\".\"riscos_nao_execucao\", \"public\".\"solicitacoes_servico\".\"materiais_necessarios\", \"public\".\"solicitacoes_servico\".\"ferramentas_necessarias\", \"public\".\"solicitacoes_servico\".\"mao_obra_necessaria\", \"public\".\"solicitacoes_servico\".\"departamento\", \"public\".\"solicitacoes_servico\".\"contato\", \"public\".\"solicitacoes_servico\".\"analisado_por_nome\", \"public\".\"solicitacoes_servico\".\"parecer_tecnico\", \"public\".\"solicitacoes_servico\".\"aprovado_por_nome\", \"public\".\"solicitacoes_servico\".\"sugestoes_alternativas\", \"public\".\"solicitacoes_servico\".\"cancelado_por_nome\", \"public\".\"solicitacoes_servico\".\"ordem_servico_id\""
    [35mparams[39m: "[\"APROVADA\",\"Admin\",\"k6g72ojagrl415bsak6y68qi96\",\"2026-03-16 17:20:25.518 UTC\",\"Aprovado para execução\",\"2026-03-16 17:20:25.521 UTC\",\"cmmtg8sj500012fcwngsu1x7a\"]"
    [35mduration[39m: 4
    [35mtarget[39m: "quaint::connector::metrics"
[2026-03-16 14:20:25.530] [34mDEBUG[39m: [36mundefined - Query executada[39m
    [35menv[39m: "test"
    [35mservice[39m: "aupus-service-api"
    [35mcontext[39m: "Database"
    [35mquery[39m: "SELECT \"public\".\"solicitacoes_servico\".\"id\", \"public\".\"solicitacoes_servico\".\"numero\", \"public\".\"solicitacoes_servico\".\"titulo\", \"public\".\"solicitacoes_servico\".\"descricao\", \"public\".\"solicitacoes_servico\".\"tipo\"::text, \"public\".\"solicitacoes_servico\".\"prioridade\"::text, \"public\".\"solicitacoes_servico\".\"status\"::text, \"public\".\"solicitacoes_servico\".\"origem\"::text, \"public\".\"solicitacoes_servico\".\"planta_id\", \"public\".\"solicitacoes_servico\".\"area\", \"public\".\"solicitacoes_servico\".\"local_especifico\", \"public\".\"solicitacoes_servico\".\"equipamento_id\", \"public\".\"solicitacoes_servico\".\"solicitante_nome\", \"public\".\"solicitacoes_servico\".\"solicitante_email\", \"public\".\"solicitacoes_servico\".\"solicitante_telefone\", \"public\".\"solicitacoes_servico\".\"solicitante_departamento\", \"public\".\"solicitacoes_servico\".\"solicitante_id\", \"public\".\"solicitacoes_servico\".\"data_necessidade\", \"public\".\"solicitacoes_servico\".\"prazo_esperado\", \"public\".\"solicitacoes_servico\".\"data_inicio_previsto\", \"public\".\"solicitacoes_servico\".\"data_fim_previsto\", \"public\".\"solicitacoes_servico\".\"tempo_estimado\", \"public\".\"solicitacoes_servico\".\"custo_estimado\", \"public\".\"solicitacoes_servico\".\"analisado_por_id\", \"public\".\"solicitacoes_servico\".\"data_analise\", \"public\".\"solicitacoes_servico\".\"observacoes_analise\", \"public\".\"solicitacoes_servico\".\"aprovado_por_id\", \"public\".\"solicitacoes_servico\".\"data_aprovacao\", \"public\".\"solicitacoes_servico\".\"observacoes_aprovacao\", \"public\".\"solicitacoes_servico\".\"rejeitado_por_id\", \"public\".\"solicitacoes_servico\".\"data_rejeicao\", \"public\".\"solicitacoes_servico\".\"motivo_rejeicao\", \"public\".\"solicitacoes_servico\".\"cancelado_por_id\", \"public\".\"solicitacoes_servico\".\"data_cancelamento\", \"public\".\"solicitacoes_servico\".\"motivo_cancelamento\", \"public\".\"solicitacoes_servico\".\"concluido_por_id\", \"public\".\"solicitacoes_servico\".\"data_conclusao\", \"public\".\"solicitacoes_servico\".\"observacoes_conclusao\", \"public\".\"solicitacoes_servico\".\"programacao_os_id\", \"public\".\"solicitacoes_servico\".\"os_id\", \"public\".\"solicitacoes_servico\".\"observacoes\", \"public\".\"solicitacoes_servico\".\"requisitos_especiais\", \"public\".\"solicitacoes_servico\".\"riscos_identificados\", \"public\".\"solicitacoes_servico\".\"created_at\", \"public\".\"solicitacoes_servico\".\"updated_at\", \"public\".\"solicitacoes_servico\".\"deleted_at\", \"public\".\"solicitacoes_servico\".\"local\", \"public\".\"solicitacoes_servico\".\"data_solicitacao\", \"public\".\"solicitacoes_servico\".\"prazo_execucao\", \"public\".\"solicitacoes_servico\".\"data_prevista_inicio\", \"public\".\"solicitacoes_servico\".\"data_prevista_fim\", \"public\".\"solicitacoes_servico\".\"justificativa\", \"public\".\"solicitacoes_servico\".\"beneficios_esperados\", \"public\".\"solicitacoes_servico\".\"riscos_nao_execucao\", \"public\".\"solicitacoes_servico\".\"materiais_necessarios\", \"public\".\"solicitacoes_servico\".\"ferramentas_necessarias\", \"public\".\"solicitacoes_servico\".\"mao_obra_necessaria\", \"public\".\"solicitacoes_servico\".\"departamento\", \"public\".\"solicitacoes_servico\".\"contato\", \"public\".\"solicitacoes_servico\".\"analisado_por_nome\", \"public\".\"solicitacoes_servico\".\"parecer_tecnico\", \"public\".\"solicitacoes_servico\".\"aprovado_por_nome\", \"public\".\"solicitacoes_servico\".\"sugestoes_alternativas\", \"public\".\"solicitacoes_servico\".\"cancelado_por_nome\", \"public\".\"solicitacoes_servico\".\"ordem_servico_id\" FROM \"public\".\"solicitacoes_servico\" WHERE \"public\".\"solicitacoes_servico\".\"id\" = $1 LIMIT $2 OFFSET $3"
    [35mparams[39m: "[\"cmmtg8sj500012fcwngsu1x7a\",1,0]"
    [35mduration[39m: 2
    [35mtarget[39m: "quaint::connector::metrics"
[2026-03-16 14:20:25.533] [34mDEBUG[39m: [36mundefined - Query executada[39m
    [35menv[39m: "test"
    [35mservice[39m: "aupus-service-api"
    [35mcontext[39m: "Database"
    [35mquery[39m: "SELECT \"public\".\"plantas\".\"id\", \"public\".\"plantas\".\"nome\", \"public\".\"plantas\".\"cnpj\", \"public\".\"plantas\".\"localizacao\", \"public\".\"plantas\".\"horario_funcionamento\", \"public\".\"plantas\".\"logradouro\", \"public\".\"plantas\".\"bairro\", \"public\".\"plantas\".\"cidade\", \"public\".\"plantas\".\"uf\", \"public\".\"plantas\".\"cep\", \"public\".\"plantas\".\"proprietario_id\", \"public\".\"plantas\".\"created_at\", \"public\".\"plantas\".\"updated_at\", \"public\".\"plantas\".\"deleted_at\", \"public\".\"plantas\".\"numero_uc\" FROM \"public\".\"plantas\" WHERE \"public\".\"plantas\".\"id\" IN ($1) OFFSET $2"
    [35mparams[39m: "[\"cmhbyqh6e00012faox255dzla \",0]"
    [35mduration[39m: 2
    [35mtarget[39m: "quaint::connector::metrics"
[2026-03-16 14:20:25.536] [34mDEBUG[39m: [36mundefined - Query executada[39m
    [35menv[39m: "test"
    [35mservice[39m: "aupus-service-api"
    [35mcontext[39m: "Database"
    [35mquery[39m: "INSERT INTO \"public\".\"historico_solicitacao_servico\" (\"id\",\"solicitacao_id\",\"acao\",\"usuario_nome\",\"usuario_id\",\"data\",\"observacoes\",\"status_anterior\",\"status_novo\") VALUES ($1,$2,$3,$4,$5,$6,$7,CAST($8::text AS \"public\".\"StatusSolicitacaoServico\"),CAST($9::text AS \"public\".\"StatusSolicitacaoServico\")) RETURNING \"public\".\"historico_solicitacao_servico\".\"id\", \"public\".\"historico_solicitacao_servico\".\"solicitacao_id\", \"public\".\"historico_solicitacao_servico\".\"acao\", \"public\".\"historico_solicitacao_servico\".\"usuario\", \"public\".\"historico_solicitacao_servico\".\"usuario_nome\", \"public\".\"historico_solicitacao_servico\".\"usuario_id\", \"public\".\"historico_solicitacao_servico\".\"data\", \"public\".\"historico_solicitacao_servico\".\"observacoes\", \"public\".\"historico_solicitacao_servico\".\"status_anterior\"::text, \"public\".\"historico_solicitacao_servico\".\"status_novo\"::text, \"public\".\"historico_solicitacao_servico\".\"dados_extras\""
    [35mparams[39m: "[\"cmmtg8t6n000f2fcwnazqh760\",\"cmmtg8sj500012fcwngsu1x7a\",\"APROVACAO\",\"Admin\",\"k6g72ojagrl415bsak6y68qi96\",\"2026-03-16 17:20:25.536 UTC\",\"Aprovado para execução\",\"EM_ANALISE\",\"APROVADA\"]"
    [35mduration[39m: 1
    [35mtarget[39m: "quaint::connector::metrics"
[2026-03-16 14:20:25.557] [34mDEBUG[39m: [36mundefined - Query executada[39m
    [35menv[39m: "test"
    [35mservice[39m: "aupus-service-api"
    [35mcontext[39m: "Database"
    [35mquery[39m: "COMMIT"
    [35mparams[39m: "[]"
    [35mduration[39m: 19
    [35mtarget[39m: "quaint::connector::metrics"
[2026-03-16 14:20:25.573] [34mDEBUG[39m: [36mundefined - Query executada[39m
    [35menv[39m: "test"
    [35mservice[39m: "aupus-service-api"
    [35mcontext[39m: "Database"
    [35mquery[39m: "SELECT \"public\".\"usuarios\".\"id\", \"public\".\"usuarios\".\"concessionaria_atual_id\", \"public\".\"usuarios\".\"organizacao_atual_id\", \"public\".\"usuarios\".\"nome\", \"public\".\"usuarios\".\"email\", \"public\".\"usuarios\".\"telefone\", \"public\".\"usuarios\".\"instagram\", \"public\".\"usuarios\".\"status\", \"public\".\"usuarios\".\"cpf_cnpj\", \"public\".\"usuarios\".\"cidade\", \"public\".\"usuarios\".\"estado\", \"public\".\"usuarios\".\"endereco\", \"public\".\"usuarios\".\"cep\", \"public\".\"usuarios\".\"deleted_by\", \"public\".\"usuarios\".\"senha\", \"public\".\"usuarios\".\"remember_token\", \"public\".\"usuarios\".\"deleted_at\", \"public\".\"usuarios\".\"created_at\", \"public\".\"usuarios\".\"updated_at\", \"public\".\"usuarios\".\"role\", \"public\".\"usuarios\".\"manager_id\", \"public\".\"usuarios\".\"is_active\", \"public\".\"usuarios\".\"pix\", \"public\".\"usuarios\".\"avatar_url\", \"public\".\"usuarios\".\"created_by\" FROM \"public\".\"usuarios\" WHERE (\"public\".\"usuarios\".\"id\" = $1 AND \"public\".\"usuarios\".\"deleted_at\" IS NULL) LIMIT $2 OFFSET $3"
    [35mparams[39m: "[\"k6g72ojagrl415bsak6y68qi96\",1,0]"
    [35mduration[39m: 1
    [35mtarget[39m: "quaint::connector::metrics"
[2026-03-16 14:20:25.578] [34mDEBUG[39m: [36mundefined - Query executada[39m
    [35menv[39m: "test"
    [35mservice[39m: "aupus-service-api"
    [35mcontext[39m: "Database"
    [35mquery[39m: "SELECT \"public\".\"usuarios\".\"id\", \"public\".\"usuarios\".\"concessionaria_atual_id\", \"public\".\"usuarios\".\"organizacao_atual_id\", \"public\".\"usuarios\".\"nome\", \"public\".\"usuarios\".\"email\", \"public\".\"usuarios\".\"telefone\", \"public\".\"usuarios\".\"instagram\", \"public\".\"usuarios\".\"status\", \"public\".\"usuarios\".\"cpf_cnpj\", \"public\".\"usuarios\".\"cidade\", \"public\".\"usuarios\".\"estado\", \"public\".\"usuarios\".\"endereco\", \"public\".\"usuarios\".\"cep\", \"public\".\"usuarios\".\"deleted_by\", \"public\".\"usuarios\".\"senha\", \"public\".\"usuarios\".\"remember_token\", \"public\".\"usuarios\".\"deleted_at\", \"public\".\"usuarios\".\"created_at\", \"public\".\"usuarios\".\"updated_at\", \"public\".\"usuarios\".\"role\", \"public\".\"usuarios\".\"manager_id\", \"public\".\"usuarios\".\"is_active\", \"public\".\"usuarios\".\"pix\", \"public\".\"usuarios\".\"avatar_url\", \"public\".\"usuarios\".\"created_by\" FROM \"public\".\"usuarios\" WHERE (\"public\".\"usuarios\".\"id\" = $1 AND \"public\".\"usuarios\".\"deleted_at\" IS NULL) LIMIT $2 OFFSET $3"
    [35mparams[39m: "[\"k6g72ojagrl415bsak6y68qi96\",1,0]"
    [35mduration[39m: 1
    [35mtarget[39m: "quaint::connector::metrics"
[2026-03-16 14:20:25.581] [34mDEBUG[39m: [36mundefined - Query executada[39m
    [35menv[39m: "test"
    [35mservice[39m: "aupus-service-api"
    [35mcontext[39m: "Database"
    [35mquery[39m: "SELECT \"public\".\"model_has_roles\".\"role_id\", \"public\".\"model_has_roles\".\"model_id\", \"public\".\"model_has_roles\".\"model_type\" FROM \"public\".\"model_has_roles\" WHERE (\"public\".\"model_has_roles\".\"model_id\" = $1 AND \"public\".\"model_has_roles\".\"model_type\" = $2) LIMIT $3 OFFSET $4"
    [35mparams[39m: "[\"k6g72ojagrl415bsak6y68qi96\",\"App\Models\User\",1,0]"
    [35mduration[39m: 1
    [35mtarget[39m: "quaint::connector::metrics"
[2026-03-16 14:20:25.583] [34mDEBUG[39m: [36mundefined - Query executada[39m
    [35menv[39m: "test"
    [35mservice[39m: "aupus-service-api"
    [35mcontext[39m: "Database"
    [35mquery[39m: "SELECT \"public\".\"roles\".\"id\", \"public\".\"roles\".\"name\", \"public\".\"roles\".\"guard_name\", \"public\".\"roles\".\"created_at\", \"public\".\"roles\".\"updated_at\" FROM \"public\".\"roles\" WHERE \"public\".\"roles\".\"id\" IN ($1) OFFSET $2"
    [35mparams[39m: "[1,0]"
    [35mduration[39m: 1
    [35mtarget[39m: "quaint::connector::metrics"
[2026-03-16 14:20:25.586] [34mDEBUG[39m: [36mundefined - Query executada[39m
    [35menv[39m: "test"
    [35mservice[39m: "aupus-service-api"
    [35mcontext[39m: "Database"
    [35mquery[39m: "SELECT \"public\".\"role_has_permissions\".\"permission_id\", \"public\".\"role_has_permissions\".\"role_id\" FROM \"public\".\"role_has_permissions\" WHERE \"public\".\"role_has_permissions\".\"role_id\" IN ($1) OFFSET $2"
    [35mparams[39m: "[1,0]"
    [35mduration[39m: 2
    [35mtarget[39m: "quaint::connector::metrics"
[2026-03-16 14:20:25.588] [34mDEBUG[39m: [36mundefined - Query executada[39m
    [35menv[39m: "test"
    [35mservice[39m: "aupus-service-api"
    [35mcontext[39m: "Database"
    [35mquery[39m: "SELECT \"public\".\"permissions\".\"id\", \"public\".\"permissions\".\"name\", \"public\".\"permissions\".\"guard_name\", \"public\".\"permissions\".\"created_at\", \"public\".\"permissions\".\"updated_at\", \"public\".\"permissions\".\"display_name\", \"public\".\"permissions\".\"description\" FROM \"public\".\"permissions\" WHERE \"public\".\"permissions\".\"id\" IN ($1,$2,$3,$4,$5,$6,$7,$8,$9,$10,$11,$12,$13,$14,$15,$16,$17,$18,$19,$20,$21,$22) OFFSET $23"
    [35mparams[39m: "[1,2,3,4,5,6,7,8,9,10,11,12,13,14,15,16,17,18,19,20,21,22,0]"
    [35mduration[39m: 2
    [35mtarget[39m: "quaint::connector::metrics"
[2026-03-16 14:20:25.593] [34mDEBUG[39m: [36mundefined - Query executada[39m
    [35menv[39m: "test"
    [35mservice[39m: "aupus-service-api"
    [35mcontext[39m: "Database"
    [35mquery[39m: "SELECT \"public\".\"model_has_permissions\".\"permission_id\", \"public\".\"model_has_permissions\".\"model_id\", \"public\".\"model_has_permissions\".\"model_type\" FROM \"public\".\"model_has_permissions\" WHERE (\"public\".\"model_has_permissions\".\"model_id\" = $1 AND \"public\".\"model_has_permissions\".\"model_type\" = $2) OFFSET $3"
    [35mparams[39m: "[\"k6g72ojagrl415bsak6y68qi96\",\"App\Models\User\",0]"
    [35mduration[39m: 1
    [35mtarget[39m: "quaint::connector::metrics"
[2026-03-16 14:20:25.600] [34mDEBUG[39m: [36mundefined - Query executada[39m
    [35menv[39m: "test"
    [35mservice[39m: "aupus-service-api"
    [35mcontext[39m: "Database"
    [35mquery[39m: "SELECT \"public\".\"solicitacoes_servico\".\"id\", \"public\".\"solicitacoes_servico\".\"numero\", \"public\".\"solicitacoes_servico\".\"titulo\", \"public\".\"solicitacoes_servico\".\"descricao\", \"public\".\"solicitacoes_servico\".\"tipo\"::text, \"public\".\"solicitacoes_servico\".\"prioridade\"::text, \"public\".\"solicitacoes_servico\".\"status\"::text, \"public\".\"solicitacoes_servico\".\"origem\"::text, \"public\".\"solicitacoes_servico\".\"planta_id\", \"public\".\"solicitacoes_servico\".\"area\", \"public\".\"solicitacoes_servico\".\"local_especifico\", \"public\".\"solicitacoes_servico\".\"equipamento_id\", \"public\".\"solicitacoes_servico\".\"solicitante_nome\", \"public\".\"solicitacoes_servico\".\"solicitante_email\", \"public\".\"solicitacoes_servico\".\"solicitante_telefone\", \"public\".\"solicitacoes_servico\".\"solicitante_departamento\", \"public\".\"solicitacoes_servico\".\"solicitante_id\", \"public\".\"solicitacoes_servico\".\"data_necessidade\", \"public\".\"solicitacoes_servico\".\"prazo_esperado\", \"public\".\"solicitacoes_servico\".\"data_inicio_previsto\", \"public\".\"solicitacoes_servico\".\"data_fim_previsto\", \"public\".\"solicitacoes_servico\".\"tempo_estimado\", \"public\".\"solicitacoes_servico\".\"custo_estimado\", \"public\".\"solicitacoes_servico\".\"analisado_por_id\", \"public\".\"solicitacoes_servico\".\"data_analise\", \"public\".\"solicitacoes_servico\".\"observacoes_analise\", \"public\".\"solicitacoes_servico\".\"aprovado_por_id\", \"public\".\"solicitacoes_servico\".\"data_aprovacao\", \"public\".\"solicitacoes_servico\".\"observacoes_aprovacao\", \"public\".\"solicitacoes_servico\".\"rejeitado_por_id\", \"public\".\"solicitacoes_servico\".\"data_rejeicao\", \"public\".\"solicitacoes_servico\".\"motivo_rejeicao\", \"public\".\"solicitacoes_servico\".\"cancelado_por_id\", \"public\".\"solicitacoes_servico\".\"data_cancelamento\", \"public\".\"solicitacoes_servico\".\"motivo_cancelamento\", \"public\".\"solicitacoes_servico\".\"concluido_por_id\", \"public\".\"solicitacoes_servico\".\"data_conclusao\", \"public\".\"solicitacoes_servico\".\"observacoes_conclusao\", \"public\".\"solicitacoes_servico\".\"programacao_os_id\", \"public\".\"solicitacoes_servico\".\"os_id\", \"public\".\"solicitacoes_servico\".\"observacoes\", \"public\".\"solicitacoes_servico\".\"requisitos_especiais\", \"public\".\"solicitacoes_servico\".\"riscos_identificados\", \"public\".\"solicitacoes_servico\".\"created_at\", \"public\".\"solicitacoes_servico\".\"updated_at\", \"public\".\"solicitacoes_servico\".\"deleted_at\", \"public\".\"solicitacoes_servico\".\"local\", \"public\".\"solicitacoes_servico\".\"data_solicitacao\", \"public\".\"solicitacoes_servico\".\"prazo_execucao\", \"public\".\"solicitacoes_servico\".\"data_prevista_inicio\", \"public\".\"solicitacoes_servico\".\"data_prevista_fim\", \"public\".\"solicitacoes_servico\".\"justificativa\", \"public\".\"solicitacoes_servico\".\"beneficios_esperados\", \"public\".\"solicitacoes_servico\".\"riscos_nao_execucao\", \"public\".\"solicitacoes_servico\".\"materiais_necessarios\", \"public\".\"solicitacoes_servico\".\"ferramentas_necessarias\", \"public\".\"solicitacoes_servico\".\"mao_obra_necessaria\", \"public\".\"solicitacoes_servico\".\"departamento\", \"public\".\"solicitacoes_servico\".\"contato\", \"public\".\"solicitacoes_servico\".\"analisado_por_nome\", \"public\".\"solicitacoes_servico\".\"parecer_tecnico\", \"public\".\"solicitacoes_servico\".\"aprovado_por_nome\", \"public\".\"solicitacoes_servico\".\"sugestoes_alternativas\", \"public\".\"solicitacoes_servico\".\"cancelado_por_nome\", \"public\".\"solicitacoes_servico\".\"ordem_servico_id\" FROM \"public\".\"solicitacoes_servico\" WHERE (\"public\".\"solicitacoes_servico\".\"id\" = $1 AND 1=1) LIMIT $2 OFFSET $3"
    [35mparams[39m: "[\"cmmtg8sj500012fcwngsu1x7a\",1,0]"
    [35mduration[39m: 1
    [35mtarget[39m: "quaint::connector::metrics"
[2026-03-16 14:20:25.602] [34mDEBUG[39m: [36mundefined - Query executada[39m
    [35menv[39m: "test"
    [35mservice[39m: "aupus-service-api"
    [35mcontext[39m: "Database"
    [35mquery[39m: "SELECT \"public\".\"plantas\".\"id\", \"public\".\"plantas\".\"nome\", \"public\".\"plantas\".\"cnpj\", \"public\".\"plantas\".\"localizacao\", \"public\".\"plantas\".\"horario_funcionamento\", \"public\".\"plantas\".\"logradouro\", \"public\".\"plantas\".\"bairro\", \"public\".\"plantas\".\"cidade\", \"public\".\"plantas\".\"uf\", \"public\".\"plantas\".\"cep\", \"public\".\"plantas\".\"proprietario_id\", \"public\".\"plantas\".\"created_at\", \"public\".\"plantas\".\"updated_at\", \"public\".\"plantas\".\"deleted_at\", \"public\".\"plantas\".\"numero_uc\" FROM \"public\".\"plantas\" WHERE \"public\".\"plantas\".\"id\" IN ($1) OFFSET $2"
    [35mparams[39m: "[\"cmhbyqh6e00012faox255dzla \",0]"
    [35mduration[39m: 2
    [35mtarget[39m: "quaint::connector::metrics"
[2026-03-16 14:20:25.604] [34mDEBUG[39m: [36mundefined - Query executada[39m
    [35menv[39m: "test"
    [35mservice[39m: "aupus-service-api"
    [35mcontext[39m: "Database"
    [35mquery[39m: "SELECT \"public\".\"anexos_solicitacao_servico\".\"id\", \"public\".\"anexos_solicitacao_servico\".\"solicitacao_id\", \"public\".\"anexos_solicitacao_servico\".\"nome_original\", \"public\".\"anexos_solicitacao_servico\".\"nome_arquivo\", \"public\".\"anexos_solicitacao_servico\".\"caminho\", \"public\".\"anexos_solicitacao_servico\".\"tamanho\", \"public\".\"anexos_solicitacao_servico\".\"mime_type\", \"public\".\"anexos_solicitacao_servico\".\"descricao\", \"public\".\"anexos_solicitacao_servico\".\"tipo_documento\", \"public\".\"anexos_solicitacao_servico\".\"uploaded_por\", \"public\".\"anexos_solicitacao_servico\".\"uploaded_por_id\", \"public\".\"anexos_solicitacao_servico\".\"uploaded_at\", \"public\".\"anexos_solicitacao_servico\".\"deleted_at\" FROM \"public\".\"anexos_solicitacao_servico\" WHERE \"public\".\"anexos_solicitacao_servico\".\"solicitacao_id\" IN ($1) OFFSET $2"
    [35mparams[39m: "[\"cmmtg8sj500012fcwngsu1x7a\",0]"
    [35mduration[39m: 1
    [35mtarget[39m: "quaint::connector::metrics"
[2026-03-16 14:20:25.606] [34mDEBUG[39m: [36mundefined - Query executada[39m
    [35menv[39m: "test"
    [35mservice[39m: "aupus-service-api"
    [35mcontext[39m: "Database"
    [35mquery[39m: "SELECT \"public\".\"historico_solicitacao_servico\".\"id\", \"public\".\"historico_solicitacao_servico\".\"solicitacao_id\", \"public\".\"historico_solicitacao_servico\".\"acao\", \"public\".\"historico_solicitacao_servico\".\"usuario\", \"public\".\"historico_solicitacao_servico\".\"usuario_nome\", \"public\".\"historico_solicitacao_servico\".\"usuario_id\", \"public\".\"historico_solicitacao_servico\".\"data\", \"public\".\"historico_solicitacao_servico\".\"observacoes\", \"public\".\"historico_solicitacao_servico\".\"status_anterior\"::text, \"public\".\"historico_solicitacao_servico\".\"status_novo\"::text, \"public\".\"historico_solicitacao_servico\".\"dados_extras\" FROM \"public\".\"historico_solicitacao_servico\" WHERE \"public\".\"historico_solicitacao_servico\".\"solicitacao_id\" IN ($1) ORDER BY \"public\".\"historico_solicitacao_servico\".\"data\" DESC OFFSET $2"
    [35mparams[39m: "[\"cmmtg8sj500012fcwngsu1x7a\",0]"
    [35mduration[39m: 1
    [35mtarget[39m: "quaint::connector::metrics"
[2026-03-16 14:20:25.607] [34mDEBUG[39m: [36mundefined - Query executada[39m
    [35menv[39m: "test"
    [35mservice[39m: "aupus-service-api"
    [35mcontext[39m: "Database"
    [35mquery[39m: "SELECT \"public\".\"comentarios_solicitacao_servico\".\"id\", \"public\".\"comentarios_solicitacao_servico\".\"solicitacao_id\", \"public\".\"comentarios_solicitacao_servico\".\"comentario\", \"public\".\"comentarios_solicitacao_servico\".\"autor\", \"public\".\"comentarios_solicitacao_servico\".\"autor_id\", \"public\".\"comentarios_solicitacao_servico\".\"tipo\", \"public\".\"comentarios_solicitacao_servico\".\"privado\", \"public\".\"comentarios_solicitacao_servico\".\"created_at\", \"public\".\"comentarios_solicitacao_servico\".\"updated_at\", \"public\".\"comentarios_solicitacao_servico\".\"deleted_at\" FROM \"public\".\"comentarios_solicitacao_servico\" WHERE \"public\".\"comentarios_solicitacao_servico\".\"solicitacao_id\" IN ($1) ORDER BY \"public\".\"comentarios_solicitacao_servico\".\"created_at\" DESC OFFSET $2"
    [35mparams[39m: "[\"cmmtg8sj500012fcwngsu1x7a\",0]"
    [35mduration[39m: 1
    [35mtarget[39m: "quaint::connector::metrics"
[2026-03-16 14:20:25.641] [34mDEBUG[39m: [36mundefined - Query executada[39m
    [35menv[39m: "test"
    [35mservice[39m: "aupus-service-api"
    [35mcontext[39m: "Database"
    [35mquery[39m: "INSERT INTO \"public\".\"comentarios_solicitacao_servico\" (\"id\",\"solicitacao_id\",\"comentario\",\"autor\",\"autor_id\",\"tipo\",\"privado\",\"created_at\",\"updated_at\") VALUES ($1,$2,$3,$4,$5,$6,$7,$8,$9) RETURNING \"public\".\"comentarios_solicitacao_servico\".\"id\", \"public\".\"comentarios_solicitacao_servico\".\"solicitacao_id\", \"public\".\"comentarios_solicitacao_servico\".\"comentario\", \"public\".\"comentarios_solicitacao_servico\".\"autor\", \"public\".\"comentarios_solicitacao_servico\".\"autor_id\", \"public\".\"comentarios_solicitacao_servico\".\"tipo\", \"public\".\"comentarios_solicitacao_servico\".\"privado\", \"public\".\"comentarios_solicitacao_servico\".\"created_at\", \"public\".\"comentarios_solicitacao_servico\".\"updated_at\", \"public\".\"comentarios_solicitacao_servico\".\"deleted_at\""
    [35mparams[39m: "[\"cmmtg8t8s000h2fcw67to400l\",\"cmmtg8sj500012fcwngsu1x7a\",\"Este é um comentário de teste\",\"Técnico Teste\",\"user-123\",\"COMENTARIO\",false,\"2026-03-16 17:20:25.612 UTC\",\"2026-03-16 17:20:25.612 UTC\"]"
    [35mduration[39m: 29
    [35mtarget[39m: "quaint::connector::metrics"
[2026-03-16 14:20:25.656] [34mDEBUG[39m: [36mundefined - Query executada[39m
    [35menv[39m: "test"
    [35mservice[39m: "aupus-service-api"
    [35mcontext[39m: "Database"
    [35mquery[39m: "SELECT \"public\".\"usuarios\".\"id\", \"public\".\"usuarios\".\"concessionaria_atual_id\", \"public\".\"usuarios\".\"organizacao_atual_id\", \"public\".\"usuarios\".\"nome\", \"public\".\"usuarios\".\"email\", \"public\".\"usuarios\".\"telefone\", \"public\".\"usuarios\".\"instagram\", \"public\".\"usuarios\".\"status\", \"public\".\"usuarios\".\"cpf_cnpj\", \"public\".\"usuarios\".\"cidade\", \"public\".\"usuarios\".\"estado\", \"public\".\"usuarios\".\"endereco\", \"public\".\"usuarios\".\"cep\", \"public\".\"usuarios\".\"deleted_by\", \"public\".\"usuarios\".\"senha\", \"public\".\"usuarios\".\"remember_token\", \"public\".\"usuarios\".\"deleted_at\", \"public\".\"usuarios\".\"created_at\", \"public\".\"usuarios\".\"updated_at\", \"public\".\"usuarios\".\"role\", \"public\".\"usuarios\".\"manager_id\", \"public\".\"usuarios\".\"is_active\", \"public\".\"usuarios\".\"pix\", \"public\".\"usuarios\".\"avatar_url\", \"public\".\"usuarios\".\"created_by\" FROM \"public\".\"usuarios\" WHERE (\"public\".\"usuarios\".\"id\" = $1 AND \"public\".\"usuarios\".\"deleted_at\" IS NULL) LIMIT $2 OFFSET $3"
    [35mparams[39m: "[\"k6g72ojagrl415bsak6y68qi96\",1,0]"
    [35mduration[39m: 1
    [35mtarget[39m: "quaint::connector::metrics"
[2026-03-16 14:20:25.660] [34mDEBUG[39m: [36mundefined - Query executada[39m
    [35menv[39m: "test"
    [35mservice[39m: "aupus-service-api"
    [35mcontext[39m: "Database"
    [35mquery[39m: "SELECT \"public\".\"usuarios\".\"id\", \"public\".\"usuarios\".\"concessionaria_atual_id\", \"public\".\"usuarios\".\"organizacao_atual_id\", \"public\".\"usuarios\".\"nome\", \"public\".\"usuarios\".\"email\", \"public\".\"usuarios\".\"telefone\", \"public\".\"usuarios\".\"instagram\", \"public\".\"usuarios\".\"status\", \"public\".\"usuarios\".\"cpf_cnpj\", \"public\".\"usuarios\".\"cidade\", \"public\".\"usuarios\".\"estado\", \"public\".\"usuarios\".\"endereco\", \"public\".\"usuarios\".\"cep\", \"public\".\"usuarios\".\"deleted_by\", \"public\".\"usuarios\".\"senha\", \"public\".\"usuarios\".\"remember_token\", \"public\".\"usuarios\".\"deleted_at\", \"public\".\"usuarios\".\"created_at\", \"public\".\"usuarios\".\"updated_at\", \"public\".\"usuarios\".\"role\", \"public\".\"usuarios\".\"manager_id\", \"public\".\"usuarios\".\"is_active\", \"public\".\"usuarios\".\"pix\", \"public\".\"usuarios\".\"avatar_url\", \"public\".\"usuarios\".\"created_by\" FROM \"public\".\"usuarios\" WHERE (\"public\".\"usuarios\".\"id\" = $1 AND \"public\".\"usuarios\".\"deleted_at\" IS NULL) LIMIT $2 OFFSET $3"
    [35mparams[39m: "[\"k6g72ojagrl415bsak6y68qi96\",1,0]"
    [35mduration[39m: 1
    [35mtarget[39m: "quaint::connector::metrics"
[2026-03-16 14:20:25.663] [34mDEBUG[39m: [36mundefined - Query executada[39m
    [35menv[39m: "test"
    [35mservice[39m: "aupus-service-api"
    [35mcontext[39m: "Database"
    [35mquery[39m: "SELECT \"public\".\"model_has_roles\".\"role_id\", \"public\".\"model_has_roles\".\"model_id\", \"public\".\"model_has_roles\".\"model_type\" FROM \"public\".\"model_has_roles\" WHERE (\"public\".\"model_has_roles\".\"model_id\" = $1 AND \"public\".\"model_has_roles\".\"model_type\" = $2) LIMIT $3 OFFSET $4"
    [35mparams[39m: "[\"k6g72ojagrl415bsak6y68qi96\",\"App\Models\User\",1,0]"
    [35mduration[39m: 1
    [35mtarget[39m: "quaint::connector::metrics"
[2026-03-16 14:20:25.665] [34mDEBUG[39m: [36mundefined - Query executada[39m
    [35menv[39m: "test"
    [35mservice[39m: "aupus-service-api"
    [35mcontext[39m: "Database"
    [35mquery[39m: "SELECT \"public\".\"roles\".\"id\", \"public\".\"roles\".\"name\", \"public\".\"roles\".\"guard_name\", \"public\".\"roles\".\"created_at\", \"public\".\"roles\".\"updated_at\" FROM \"public\".\"roles\" WHERE \"public\".\"roles\".\"id\" IN ($1) OFFSET $2"
    [35mparams[39m: "[1,0]"
    [35mduration[39m: 1
    [35mtarget[39m: "quaint::connector::metrics"
[2026-03-16 14:20:25.667] [34mDEBUG[39m: [36mundefined - Query executada[39m
    [35menv[39m: "test"
    [35mservice[39m: "aupus-service-api"
    [35mcontext[39m: "Database"
    [35mquery[39m: "SELECT \"public\".\"role_has_permissions\".\"permission_id\", \"public\".\"role_has_permissions\".\"role_id\" FROM \"public\".\"role_has_permissions\" WHERE \"public\".\"role_has_permissions\".\"role_id\" IN ($1) OFFSET $2"
    [35mparams[39m: "[1,0]"
    [35mduration[39m: 1
    [35mtarget[39m: "quaint::connector::metrics"
[2026-03-16 14:20:25.670] [34mDEBUG[39m: [36mundefined - Query executada[39m
    [35menv[39m: "test"
    [35mservice[39m: "aupus-service-api"
    [35mcontext[39m: "Database"
    [35mquery[39m: "SELECT \"public\".\"permissions\".\"id\", \"public\".\"permissions\".\"name\", \"public\".\"permissions\".\"guard_name\", \"public\".\"permissions\".\"created_at\", \"public\".\"permissions\".\"updated_at\", \"public\".\"permissions\".\"display_name\", \"public\".\"permissions\".\"description\" FROM \"public\".\"permissions\" WHERE \"public\".\"permissions\".\"id\" IN ($1,$2,$3,$4,$5,$6,$7,$8,$9,$10,$11,$12,$13,$14,$15,$16,$17,$18,$19,$20,$21,$22) OFFSET $23"
    [35mparams[39m: "[1,2,3,4,5,6,7,8,9,10,11,12,13,14,15,16,17,18,19,20,21,22,0]"
    [35mduration[39m: 2
    [35mtarget[39m: "quaint::connector::metrics"
[2026-03-16 14:20:25.673] [34mDEBUG[39m: [36mundefined - Query executada[39m
    [35menv[39m: "test"
    [35mservice[39m: "aupus-service-api"
    [35mcontext[39m: "Database"
    [35mquery[39m: "SELECT \"public\".\"model_has_permissions\".\"permission_id\", \"public\".\"model_has_permissions\".\"model_id\", \"public\".\"model_has_permissions\".\"model_type\" FROM \"public\".\"model_has_permissions\" WHERE (\"public\".\"model_has_permissions\".\"model_id\" = $1 AND \"public\".\"model_has_permissions\".\"model_type\" = $2) OFFSET $3"
    [35mparams[39m: "[\"k6g72ojagrl415bsak6y68qi96\",\"App\Models\User\",0]"
    [35mduration[39m: 1
    [35mtarget[39m: "quaint::connector::metrics"
[2026-03-16 14:20:25.689] [34mDEBUG[39m: [36mundefined - Query executada[39m
    [35menv[39m: "test"
    [35mservice[39m: "aupus-service-api"
    [35mcontext[39m: "Database"
    [35mquery[39m: "SELECT \"public\".\"usuarios\".\"id\", \"public\".\"usuarios\".\"concessionaria_atual_id\", \"public\".\"usuarios\".\"organizacao_atual_id\", \"public\".\"usuarios\".\"nome\", \"public\".\"usuarios\".\"email\", \"public\".\"usuarios\".\"telefone\", \"public\".\"usuarios\".\"instagram\", \"public\".\"usuarios\".\"status\", \"public\".\"usuarios\".\"cpf_cnpj\", \"public\".\"usuarios\".\"cidade\", \"public\".\"usuarios\".\"estado\", \"public\".\"usuarios\".\"endereco\", \"public\".\"usuarios\".\"cep\", \"public\".\"usuarios\".\"deleted_by\", \"public\".\"usuarios\".\"senha\", \"public\".\"usuarios\".\"remember_token\", \"public\".\"usuarios\".\"deleted_at\", \"public\".\"usuarios\".\"created_at\", \"public\".\"usuarios\".\"updated_at\", \"public\".\"usuarios\".\"role\", \"public\".\"usuarios\".\"manager_id\", \"public\".\"usuarios\".\"is_active\", \"public\".\"usuarios\".\"pix\", \"public\".\"usuarios\".\"avatar_url\", \"public\".\"usuarios\".\"created_by\" FROM \"public\".\"usuarios\" WHERE (\"public\".\"usuarios\".\"id\" = $1 AND \"public\".\"usuarios\".\"deleted_at\" IS NULL) LIMIT $2 OFFSET $3"
    [35mparams[39m: "[\"k6g72ojagrl415bsak6y68qi96\",1,0]"
    [35mduration[39m: 1
    [35mtarget[39m: "quaint::connector::metrics"
[2026-03-16 14:20:25.693] [34mDEBUG[39m: [36mundefined - Query executada[39m
    [35menv[39m: "test"
    [35mservice[39m: "aupus-service-api"
    [35mcontext[39m: "Database"
    [35mquery[39m: "SELECT \"public\".\"usuarios\".\"id\", \"public\".\"usuarios\".\"concessionaria_atual_id\", \"public\".\"usuarios\".\"organizacao_atual_id\", \"public\".\"usuarios\".\"nome\", \"public\".\"usuarios\".\"email\", \"public\".\"usuarios\".\"telefone\", \"public\".\"usuarios\".\"instagram\", \"public\".\"usuarios\".\"status\", \"public\".\"usuarios\".\"cpf_cnpj\", \"public\".\"usuarios\".\"cidade\", \"public\".\"usuarios\".\"estado\", \"public\".\"usuarios\".\"endereco\", \"public\".\"usuarios\".\"cep\", \"public\".\"usuarios\".\"deleted_by\", \"public\".\"usuarios\".\"senha\", \"public\".\"usuarios\".\"remember_token\", \"public\".\"usuarios\".\"deleted_at\", \"public\".\"usuarios\".\"created_at\", \"public\".\"usuarios\".\"updated_at\", \"public\".\"usuarios\".\"role\", \"public\".\"usuarios\".\"manager_id\", \"public\".\"usuarios\".\"is_active\", \"public\".\"usuarios\".\"pix\", \"public\".\"usuarios\".\"avatar_url\", \"public\".\"usuarios\".\"created_by\" FROM \"public\".\"usuarios\" WHERE (\"public\".\"usuarios\".\"id\" = $1 AND \"public\".\"usuarios\".\"deleted_at\" IS NULL) LIMIT $2 OFFSET $3"
    [35mparams[39m: "[\"k6g72ojagrl415bsak6y68qi96\",1,0]"
    [35mduration[39m: 1
    [35mtarget[39m: "quaint::connector::metrics"
[2026-03-16 14:20:25.697] [34mDEBUG[39m: [36mundefined - Query executada[39m
    [35menv[39m: "test"
    [35mservice[39m: "aupus-service-api"
    [35mcontext[39m: "Database"
    [35mquery[39m: "SELECT \"public\".\"model_has_roles\".\"role_id\", \"public\".\"model_has_roles\".\"model_id\", \"public\".\"model_has_roles\".\"model_type\" FROM \"public\".\"model_has_roles\" WHERE (\"public\".\"model_has_roles\".\"model_id\" = $1 AND \"public\".\"model_has_roles\".\"model_type\" = $2) LIMIT $3 OFFSET $4"
    [35mparams[39m: "[\"k6g72ojagrl415bsak6y68qi96\",\"App\Models\User\",1,0]"
    [35mduration[39m: 1
    [35mtarget[39m: "quaint::connector::metrics"
[2026-03-16 14:20:25.698] [34mDEBUG[39m: [36mundefined - Query executada[39m
    [35menv[39m: "test"
    [35mservice[39m: "aupus-service-api"
    [35mcontext[39m: "Database"
    [35mquery[39m: "SELECT \"public\".\"roles\".\"id\", \"public\".\"roles\".\"name\", \"public\".\"roles\".\"guard_name\", \"public\".\"roles\".\"created_at\", \"public\".\"roles\".\"updated_at\" FROM \"public\".\"roles\" WHERE \"public\".\"roles\".\"id\" IN ($1) OFFSET $2"
    [35mparams[39m: "[1,0]"
    [35mduration[39m: 1
    [35mtarget[39m: "quaint::connector::metrics"
[2026-03-16 14:20:25.700] [34mDEBUG[39m: [36mundefined - Query executada[39m
    [35menv[39m: "test"
    [35mservice[39m: "aupus-service-api"
    [35mcontext[39m: "Database"
    [35mquery[39m: "SELECT \"public\".\"role_has_permissions\".\"permission_id\", \"public\".\"role_has_permissions\".\"role_id\" FROM \"public\".\"role_has_permissions\" WHERE \"public\".\"role_has_permissions\".\"role_id\" IN ($1) OFFSET $2"
    [35mparams[39m: "[1,0]"
    [35mduration[39m: 1
    [35mtarget[39m: "quaint::connector::metrics"
[2026-03-16 14:20:25.702] [34mDEBUG[39m: [36mundefined - Query executada[39m
    [35menv[39m: "test"
    [35mservice[39m: "aupus-service-api"
    [35mcontext[39m: "Database"
    [35mquery[39m: "SELECT \"public\".\"permissions\".\"id\", \"public\".\"permissions\".\"name\", \"public\".\"permissions\".\"guard_name\", \"public\".\"permissions\".\"created_at\", \"public\".\"permissions\".\"updated_at\", \"public\".\"permissions\".\"display_name\", \"public\".\"permissions\".\"description\" FROM \"public\".\"permissions\" WHERE \"public\".\"permissions\".\"id\" IN ($1,$2,$3,$4,$5,$6,$7,$8,$9,$10,$11,$12,$13,$14,$15,$16,$17,$18,$19,$20,$21,$22) OFFSET $23"
    [35mparams[39m: "[1,2,3,4,5,6,7,8,9,10,11,12,13,14,15,16,17,18,19,20,21,22,0]"
    [35mduration[39m: 2
    [35mtarget[39m: "quaint::connector::metrics"
[2026-03-16 14:20:25.706] [34mDEBUG[39m: [36mundefined - Query executada[39m
    [35menv[39m: "test"
    [35mservice[39m: "aupus-service-api"
    [35mcontext[39m: "Database"
    [35mquery[39m: "SELECT \"public\".\"model_has_permissions\".\"permission_id\", \"public\".\"model_has_permissions\".\"model_id\", \"public\".\"model_has_permissions\".\"model_type\" FROM \"public\".\"model_has_permissions\" WHERE (\"public\".\"model_has_permissions\".\"model_id\" = $1 AND \"public\".\"model_has_permissions\".\"model_type\" = $2) OFFSET $3"
    [35mparams[39m: "[\"k6g72ojagrl415bsak6y68qi96\",\"App\Models\User\",0]"
    [35mduration[39m: 1
    [35mtarget[39m: "quaint::connector::metrics"
[2026-03-16 14:20:25.713] [34mDEBUG[39m: [36mundefined - Query executada[39m
    [35menv[39m: "test"
    [35mservice[39m: "aupus-service-api"
    [35mcontext[39m: "Database"
    [35mquery[39m: "SELECT \"public\".\"solicitacoes_servico\".\"id\", \"public\".\"solicitacoes_servico\".\"numero\", \"public\".\"solicitacoes_servico\".\"titulo\", \"public\".\"solicitacoes_servico\".\"descricao\", \"public\".\"solicitacoes_servico\".\"tipo\"::text, \"public\".\"solicitacoes_servico\".\"prioridade\"::text, \"public\".\"solicitacoes_servico\".\"status\"::text, \"public\".\"solicitacoes_servico\".\"origem\"::text, \"public\".\"solicitacoes_servico\".\"planta_id\", \"public\".\"solicitacoes_servico\".\"area\", \"public\".\"solicitacoes_servico\".\"local_especifico\", \"public\".\"solicitacoes_servico\".\"equipamento_id\", \"public\".\"solicitacoes_servico\".\"solicitante_nome\", \"public\".\"solicitacoes_servico\".\"solicitante_email\", \"public\".\"solicitacoes_servico\".\"solicitante_telefone\", \"public\".\"solicitacoes_servico\".\"solicitante_departamento\", \"public\".\"solicitacoes_servico\".\"solicitante_id\", \"public\".\"solicitacoes_servico\".\"data_necessidade\", \"public\".\"solicitacoes_servico\".\"prazo_esperado\", \"public\".\"solicitacoes_servico\".\"data_inicio_previsto\", \"public\".\"solicitacoes_servico\".\"data_fim_previsto\", \"public\".\"solicitacoes_servico\".\"tempo_estimado\", \"public\".\"solicitacoes_servico\".\"custo_estimado\", \"public\".\"solicitacoes_servico\".\"analisado_por_id\", \"public\".\"solicitacoes_servico\".\"data_analise\", \"public\".\"solicitacoes_servico\".\"observacoes_analise\", \"public\".\"solicitacoes_servico\".\"aprovado_por_id\", \"public\".\"solicitacoes_servico\".\"data_aprovacao\", \"public\".\"solicitacoes_servico\".\"observacoes_aprovacao\", \"public\".\"solicitacoes_servico\".\"rejeitado_por_id\", \"public\".\"solicitacoes_servico\".\"data_rejeicao\", \"public\".\"solicitacoes_servico\".\"motivo_rejeicao\", \"public\".\"solicitacoes_servico\".\"cancelado_por_id\", \"public\".\"solicitacoes_servico\".\"data_cancelamento\", \"public\".\"solicitacoes_servico\".\"motivo_cancelamento\", \"public\".\"solicitacoes_servico\".\"concluido_por_id\", \"public\".\"solicitacoes_servico\".\"data_conclusao\", \"public\".\"solicitacoes_servico\".\"observacoes_conclusao\", \"public\".\"solicitacoes_servico\".\"programacao_os_id\", \"public\".\"solicitacoes_servico\".\"os_id\", \"public\".\"solicitacoes_servico\".\"observacoes\", \"public\".\"solicitacoes_servico\".\"requisitos_especiais\", \"public\".\"solicitacoes_servico\".\"riscos_identificados\", \"public\".\"solicitacoes_servico\".\"created_at\", \"public\".\"solicitacoes_servico\".\"updated_at\", \"public\".\"solicitacoes_servico\".\"deleted_at\", \"public\".\"solicitacoes_servico\".\"local\", \"public\".\"solicitacoes_servico\".\"data_solicitacao\", \"public\".\"solicitacoes_servico\".\"prazo_execucao\", \"public\".\"solicitacoes_servico\".\"data_prevista_inicio\", \"public\".\"solicitacoes_servico\".\"data_prevista_fim\", \"public\".\"solicitacoes_servico\".\"justificativa\", \"public\".\"solicitacoes_servico\".\"beneficios_esperados\", \"public\".\"solicitacoes_servico\".\"riscos_nao_execucao\", \"public\".\"solicitacoes_servico\".\"materiais_necessarios\", \"public\".\"solicitacoes_servico\".\"ferramentas_necessarias\", \"public\".\"solicitacoes_servico\".\"mao_obra_necessaria\", \"public\".\"solicitacoes_servico\".\"departamento\", \"public\".\"solicitacoes_servico\".\"contato\", \"public\".\"solicitacoes_servico\".\"analisado_por_nome\", \"public\".\"solicitacoes_servico\".\"parecer_tecnico\", \"public\".\"solicitacoes_servico\".\"aprovado_por_nome\", \"public\".\"solicitacoes_servico\".\"sugestoes_alternativas\", \"public\".\"solicitacoes_servico\".\"cancelado_por_nome\", \"public\".\"solicitacoes_servico\".\"ordem_servico_id\" FROM \"public\".\"solicitacoes_servico\" WHERE (\"public\".\"solicitacoes_servico\".\"id\" = $1 AND 1=1) LIMIT $2 OFFSET $3"
    [35mparams[39m: "[\"cmmtg8sj500012fcwngsu1x7a\",1,0]"
    [35mduration[39m: 1
    [35mtarget[39m: "quaint::connector::metrics"
[2026-03-16 14:20:25.715] [34mDEBUG[39m: [36mundefined - Query executada[39m
    [35menv[39m: "test"
    [35mservice[39m: "aupus-service-api"
    [35mcontext[39m: "Database"
    [35mquery[39m: "SELECT \"public\".\"plantas\".\"id\", \"public\".\"plantas\".\"nome\", \"public\".\"plantas\".\"cnpj\", \"public\".\"plantas\".\"localizacao\", \"public\".\"plantas\".\"horario_funcionamento\", \"public\".\"plantas\".\"logradouro\", \"public\".\"plantas\".\"bairro\", \"public\".\"plantas\".\"cidade\", \"public\".\"plantas\".\"uf\", \"public\".\"plantas\".\"cep\", \"public\".\"plantas\".\"proprietario_id\", \"public\".\"plantas\".\"created_at\", \"public\".\"plantas\".\"updated_at\", \"public\".\"plantas\".\"deleted_at\", \"public\".\"plantas\".\"numero_uc\" FROM \"public\".\"plantas\" WHERE \"public\".\"plantas\".\"id\" IN ($1) OFFSET $2"
    [35mparams[39m: "[\"cmhbyqh6e00012faox255dzla \",0]"
    [35mduration[39m: 1
    [35mtarget[39m: "quaint::connector::metrics"
[2026-03-16 14:20:25.716] [34mDEBUG[39m: [36mundefined - Query executada[39m
    [35menv[39m: "test"
    [35mservice[39m: "aupus-service-api"
    [35mcontext[39m: "Database"
    [35mquery[39m: "SELECT \"public\".\"anexos_solicitacao_servico\".\"id\", \"public\".\"anexos_solicitacao_servico\".\"solicitacao_id\", \"public\".\"anexos_solicitacao_servico\".\"nome_original\", \"public\".\"anexos_solicitacao_servico\".\"nome_arquivo\", \"public\".\"anexos_solicitacao_servico\".\"caminho\", \"public\".\"anexos_solicitacao_servico\".\"tamanho\", \"public\".\"anexos_solicitacao_servico\".\"mime_type\", \"public\".\"anexos_solicitacao_servico\".\"descricao\", \"public\".\"anexos_solicitacao_servico\".\"tipo_documento\", \"public\".\"anexos_solicitacao_servico\".\"uploaded_por\", \"public\".\"anexos_solicitacao_servico\".\"uploaded_por_id\", \"public\".\"anexos_solicitacao_servico\".\"uploaded_at\", \"public\".\"anexos_solicitacao_servico\".\"deleted_at\" FROM \"public\".\"anexos_solicitacao_servico\" WHERE \"public\".\"anexos_solicitacao_servico\".\"solicitacao_id\" IN ($1) OFFSET $2"
    [35mparams[39m: "[\"cmmtg8sj500012fcwngsu1x7a\",0]"
    [35mduration[39m: 1
    [35mtarget[39m: "quaint::connector::metrics"
[2026-03-16 14:20:25.719] [34mDEBUG[39m: [36mundefined - Query executada[39m
    [35menv[39m: "test"
    [35mservice[39m: "aupus-service-api"
    [35mcontext[39m: "Database"
    [35mquery[39m: "SELECT \"public\".\"historico_solicitacao_servico\".\"id\", \"public\".\"historico_solicitacao_servico\".\"solicitacao_id\", \"public\".\"historico_solicitacao_servico\".\"acao\", \"public\".\"historico_solicitacao_servico\".\"usuario\", \"public\".\"historico_solicitacao_servico\".\"usuario_nome\", \"public\".\"historico_solicitacao_servico\".\"usuario_id\", \"public\".\"historico_solicitacao_servico\".\"data\", \"public\".\"historico_solicitacao_servico\".\"observacoes\", \"public\".\"historico_solicitacao_servico\".\"status_anterior\"::text, \"public\".\"historico_solicitacao_servico\".\"status_novo\"::text, \"public\".\"historico_solicitacao_servico\".\"dados_extras\" FROM \"public\".\"historico_solicitacao_servico\" WHERE \"public\".\"historico_solicitacao_servico\".\"solicitacao_id\" IN ($1) ORDER BY \"public\".\"historico_solicitacao_servico\".\"data\" DESC OFFSET $2"
    [35mparams[39m: "[\"cmmtg8sj500012fcwngsu1x7a\",0]"
    [35mduration[39m: 2
    [35mtarget[39m: "quaint::connector::metrics"
[2026-03-16 14:20:25.722] [34mDEBUG[39m: [36mundefined - Query executada[39m
    [35menv[39m: "test"
    [35mservice[39m: "aupus-service-api"
    [35mcontext[39m: "Database"
    [35mquery[39m: "SELECT \"public\".\"comentarios_solicitacao_servico\".\"id\", \"public\".\"comentarios_solicitacao_servico\".\"solicitacao_id\", \"public\".\"comentarios_solicitacao_servico\".\"comentario\", \"public\".\"comentarios_solicitacao_servico\".\"autor\", \"public\".\"comentarios_solicitacao_servico\".\"autor_id\", \"public\".\"comentarios_solicitacao_servico\".\"tipo\", \"public\".\"comentarios_solicitacao_servico\".\"privado\", \"public\".\"comentarios_solicitacao_servico\".\"created_at\", \"public\".\"comentarios_solicitacao_servico\".\"updated_at\", \"public\".\"comentarios_solicitacao_servico\".\"deleted_at\" FROM \"public\".\"comentarios_solicitacao_servico\" WHERE \"public\".\"comentarios_solicitacao_servico\".\"solicitacao_id\" IN ($1) ORDER BY \"public\".\"comentarios_solicitacao_servico\".\"created_at\" DESC OFFSET $2"
    [35mparams[39m: "[\"cmmtg8sj500012fcwngsu1x7a\",0]"
    [35mduration[39m: 2
    [35mtarget[39m: "quaint::connector::metrics"
[2026-03-16 14:20:25.731] [34mDEBUG[39m: [36mundefined - Query executada[39m
    [35menv[39m: "test"
    [35mservice[39m: "aupus-service-api"
    [35mcontext[39m: "Database"
    [35mquery[39m: "SELECT \"public\".\"comentarios_solicitacao_servico\".\"id\", \"public\".\"comentarios_solicitacao_servico\".\"solicitacao_id\", \"public\".\"comentarios_solicitacao_servico\".\"comentario\", \"public\".\"comentarios_solicitacao_servico\".\"autor\", \"public\".\"comentarios_solicitacao_servico\".\"autor_id\", \"public\".\"comentarios_solicitacao_servico\".\"tipo\", \"public\".\"comentarios_solicitacao_servico\".\"privado\", \"public\".\"comentarios_solicitacao_servico\".\"created_at\", \"public\".\"comentarios_solicitacao_servico\".\"updated_at\", \"public\".\"comentarios_solicitacao_servico\".\"deleted_at\" FROM \"public\".\"comentarios_solicitacao_servico\" WHERE \"public\".\"comentarios_solicitacao_servico\".\"solicitacao_id\" = $1 ORDER BY \"public\".\"comentarios_solicitacao_servico\".\"created_at\" DESC OFFSET $2"
    [35mparams[39m: "[\"cmmtg8sj500012fcwngsu1x7a\",0]"
    [35mduration[39m: 5
    [35mtarget[39m: "quaint::connector::metrics"
[2026-03-16 14:20:25.751] [34mDEBUG[39m: [36mundefined - Query executada[39m
    [35menv[39m: "test"
    [35mservice[39m: "aupus-service-api"
    [35mcontext[39m: "Database"
    [35mquery[39m: "SELECT \"public\".\"usuarios\".\"id\", \"public\".\"usuarios\".\"concessionaria_atual_id\", \"public\".\"usuarios\".\"organizacao_atual_id\", \"public\".\"usuarios\".\"nome\", \"public\".\"usuarios\".\"email\", \"public\".\"usuarios\".\"telefone\", \"public\".\"usuarios\".\"instagram\", \"public\".\"usuarios\".\"status\", \"public\".\"usuarios\".\"cpf_cnpj\", \"public\".\"usuarios\".\"cidade\", \"public\".\"usuarios\".\"estado\", \"public\".\"usuarios\".\"endereco\", \"public\".\"usuarios\".\"cep\", \"public\".\"usuarios\".\"deleted_by\", \"public\".\"usuarios\".\"senha\", \"public\".\"usuarios\".\"remember_token\", \"public\".\"usuarios\".\"deleted_at\", \"public\".\"usuarios\".\"created_at\", \"public\".\"usuarios\".\"updated_at\", \"public\".\"usuarios\".\"role\", \"public\".\"usuarios\".\"manager_id\", \"public\".\"usuarios\".\"is_active\", \"public\".\"usuarios\".\"pix\", \"public\".\"usuarios\".\"avatar_url\", \"public\".\"usuarios\".\"created_by\" FROM \"public\".\"usuarios\" WHERE (\"public\".\"usuarios\".\"id\" = $1 AND \"public\".\"usuarios\".\"deleted_at\" IS NULL) LIMIT $2 OFFSET $3"
    [35mparams[39m: "[\"k6g72ojagrl415bsak6y68qi96\",1,0]"
    [35mduration[39m: 2
    [35mtarget[39m: "quaint::connector::metrics"
[2026-03-16 14:20:25.756] [34mDEBUG[39m: [36mundefined - Query executada[39m
    [35menv[39m: "test"
    [35mservice[39m: "aupus-service-api"
    [35mcontext[39m: "Database"
    [35mquery[39m: "SELECT \"public\".\"usuarios\".\"id\", \"public\".\"usuarios\".\"concessionaria_atual_id\", \"public\".\"usuarios\".\"organizacao_atual_id\", \"public\".\"usuarios\".\"nome\", \"public\".\"usuarios\".\"email\", \"public\".\"usuarios\".\"telefone\", \"public\".\"usuarios\".\"instagram\", \"public\".\"usuarios\".\"status\", \"public\".\"usuarios\".\"cpf_cnpj\", \"public\".\"usuarios\".\"cidade\", \"public\".\"usuarios\".\"estado\", \"public\".\"usuarios\".\"endereco\", \"public\".\"usuarios\".\"cep\", \"public\".\"usuarios\".\"deleted_by\", \"public\".\"usuarios\".\"senha\", \"public\".\"usuarios\".\"remember_token\", \"public\".\"usuarios\".\"deleted_at\", \"public\".\"usuarios\".\"created_at\", \"public\".\"usuarios\".\"updated_at\", \"public\".\"usuarios\".\"role\", \"public\".\"usuarios\".\"manager_id\", \"public\".\"usuarios\".\"is_active\", \"public\".\"usuarios\".\"pix\", \"public\".\"usuarios\".\"avatar_url\", \"public\".\"usuarios\".\"created_by\" FROM \"public\".\"usuarios\" WHERE (\"public\".\"usuarios\".\"id\" = $1 AND \"public\".\"usuarios\".\"deleted_at\" IS NULL) LIMIT $2 OFFSET $3"
    [35mparams[39m: "[\"k6g72ojagrl415bsak6y68qi96\",1,0]"
    [35mduration[39m: 2
    [35mtarget[39m: "quaint::connector::metrics"
[2026-03-16 14:20:25.761] [34mDEBUG[39m: [36mundefined - Query executada[39m
    [35menv[39m: "test"
    [35mservice[39m: "aupus-service-api"
    [35mcontext[39m: "Database"
    [35mquery[39m: "SELECT \"public\".\"model_has_roles\".\"role_id\", \"public\".\"model_has_roles\".\"model_id\", \"public\".\"model_has_roles\".\"model_type\" FROM \"public\".\"model_has_roles\" WHERE (\"public\".\"model_has_roles\".\"model_id\" = $1 AND \"public\".\"model_has_roles\".\"model_type\" = $2) LIMIT $3 OFFSET $4"
    [35mparams[39m: "[\"k6g72ojagrl415bsak6y68qi96\",\"App\Models\User\",1,0]"
    [35mduration[39m: 2
    [35mtarget[39m: "quaint::connector::metrics"
[2026-03-16 14:20:25.764] [34mDEBUG[39m: [36mundefined - Query executada[39m
    [35menv[39m: "test"
    [35mservice[39m: "aupus-service-api"
    [35mcontext[39m: "Database"
    [35mquery[39m: "SELECT \"public\".\"roles\".\"id\", \"public\".\"roles\".\"name\", \"public\".\"roles\".\"guard_name\", \"public\".\"roles\".\"created_at\", \"public\".\"roles\".\"updated_at\" FROM \"public\".\"roles\" WHERE \"public\".\"roles\".\"id\" IN ($1) OFFSET $2"
    [35mparams[39m: "[1,0]"
    [35mduration[39m: 2
    [35mtarget[39m: "quaint::connector::metrics"
[2026-03-16 14:20:25.766] [34mDEBUG[39m: [36mundefined - Query executada[39m
    [35menv[39m: "test"
    [35mservice[39m: "aupus-service-api"
    [35mcontext[39m: "Database"
    [35mquery[39m: "SELECT \"public\".\"role_has_permissions\".\"permission_id\", \"public\".\"role_has_permissions\".\"role_id\" FROM \"public\".\"role_has_permissions\" WHERE \"public\".\"role_has_permissions\".\"role_id\" IN ($1) OFFSET $2"
    [35mparams[39m: "[1,0]"
    [35mduration[39m: 2
    [35mtarget[39m: "quaint::connector::metrics"
[2026-03-16 14:20:25.768] [34mDEBUG[39m: [36mundefined - Query executada[39m
    [35menv[39m: "test"
    [35mservice[39m: "aupus-service-api"
    [35mcontext[39m: "Database"
    [35mquery[39m: "SELECT \"public\".\"permissions\".\"id\", \"public\".\"permissions\".\"name\", \"public\".\"permissions\".\"guard_name\", \"public\".\"permissions\".\"created_at\", \"public\".\"permissions\".\"updated_at\", \"public\".\"permissions\".\"display_name\", \"public\".\"permissions\".\"description\" FROM \"public\".\"permissions\" WHERE \"public\".\"permissions\".\"id\" IN ($1,$2,$3,$4,$5,$6,$7,$8,$9,$10,$11,$12,$13,$14,$15,$16,$17,$18,$19,$20,$21,$22) OFFSET $23"
    [35mparams[39m: "[1,2,3,4,5,6,7,8,9,10,11,12,13,14,15,16,17,18,19,20,21,22,0]"
    [35mduration[39m: 1
    [35mtarget[39m: "quaint::connector::metrics"
[2026-03-16 14:20:25.772] [34mDEBUG[39m: [36mundefined - Query executada[39m
    [35menv[39m: "test"
    [35mservice[39m: "aupus-service-api"
    [35mcontext[39m: "Database"
    [35mquery[39m: "SELECT \"public\".\"model_has_permissions\".\"permission_id\", \"public\".\"model_has_permissions\".\"model_id\", \"public\".\"model_has_permissions\".\"model_type\" FROM \"public\".\"model_has_permissions\" WHERE (\"public\".\"model_has_permissions\".\"model_id\" = $1 AND \"public\".\"model_has_permissions\".\"model_type\" = $2) OFFSET $3"
    [35mparams[39m: "[\"k6g72ojagrl415bsak6y68qi96\",\"App\Models\User\",0]"
    [35mduration[39m: 1
    [35mtarget[39m: "quaint::connector::metrics"
[2026-03-16 14:20:25.781] [34mDEBUG[39m: [36mundefined - Query executada[39m
    [35menv[39m: "test"
    [35mservice[39m: "aupus-service-api"
    [35mcontext[39m: "Database"
    [35mquery[39m: "SELECT COUNT(*) AS \"_count$_all\" FROM (SELECT \"public\".\"solicitacoes_servico\".\"id\" FROM \"public\".\"solicitacoes_servico\" WHERE (\"public\".\"solicitacoes_servico\".\"status\" = CAST($1::text AS \"public\".\"StatusSolicitacaoServico\") AND \"public\".\"solicitacoes_servico\".\"deleted_at\" IS NULL) OFFSET $2) AS \"sub\""
    [35mparams[39m: "[\"EM_ANALISE\",0]"
    [35mduration[39m: 4
    [35mtarget[39m: "quaint::connector::metrics"
[2026-03-16 14:20:25.782] [34mDEBUG[39m: [36mundefined - Query executada[39m
    [35menv[39m: "test"
    [35mservice[39m: "aupus-service-api"
    [35mcontext[39m: "Database"
    [35mquery[39m: "SELECT COUNT(*) AS \"_count$_all\" FROM (SELECT \"public\".\"solicitacoes_servico\".\"id\" FROM \"public\".\"solicitacoes_servico\" WHERE (\"public\".\"solicitacoes_servico\".\"status\" = CAST($1::text AS \"public\".\"StatusSolicitacaoServico\") AND \"public\".\"solicitacoes_servico\".\"deleted_at\" IS NULL) OFFSET $2) AS \"sub\""
    [35mparams[39m: "[\"AGUARDANDO\",0]"
    [35mduration[39m: 5
    [35mtarget[39m: "quaint::connector::metrics"
[2026-03-16 14:20:25.784] [34mDEBUG[39m: [36mundefined - Query executada[39m
    [35menv[39m: "test"
    [35mservice[39m: "aupus-service-api"
    [35mcontext[39m: "Database"
    [35mquery[39m: "SELECT COUNT(*) AS \"_count$_all\" FROM (SELECT \"public\".\"solicitacoes_servico\".\"id\" FROM \"public\".\"solicitacoes_servico\" WHERE (\"public\".\"solicitacoes_servico\".\"status\" = CAST($1::text AS \"public\".\"StatusSolicitacaoServico\") AND \"public\".\"solicitacoes_servico\".\"deleted_at\" IS NULL) OFFSET $2) AS \"sub\""
    [35mparams[39m: "[\"OS_GERADA\",0]"
    [35mduration[39m: 2
    [35mtarget[39m: "quaint::connector::metrics"
[2026-03-16 14:20:25.819] [34mDEBUG[39m: [36mundefined - Query executada[39m
    [35menv[39m: "test"
    [35mservice[39m: "aupus-service-api"
    [35mcontext[39m: "Database"
    [35mquery[39m: "SELECT COUNT(*) AS \"_count$_all\" FROM (SELECT \"public\".\"solicitacoes_servico\".\"id\" FROM \"public\".\"solicitacoes_servico\" WHERE (\"public\".\"solicitacoes_servico\".\"status\" = CAST($1::text AS \"public\".\"StatusSolicitacaoServico\") AND \"public\".\"solicitacoes_servico\".\"deleted_at\" IS NULL) OFFSET $2) AS \"sub\""
    [35mparams[39m: "[\"REJEITADA\",0]"
    [35mduration[39m: 9
    [35mtarget[39m: "quaint::connector::metrics"
[2026-03-16 14:20:25.827] [34mDEBUG[39m: [36mundefined - Query executada[39m
    [35menv[39m: "test"
    [35mservice[39m: "aupus-service-api"
    [35mcontext[39m: "Database"
    [35mquery[39m: "SELECT COUNT(*) AS \"_count$_all\" FROM (SELECT \"public\".\"solicitacoes_servico\".\"id\" FROM \"public\".\"solicitacoes_servico\" WHERE (\"public\".\"solicitacoes_servico\".\"status\" = CAST($1::text AS \"public\".\"StatusSolicitacaoServico\") AND \"public\".\"solicitacoes_servico\".\"deleted_at\" IS NULL) OFFSET $2) AS \"sub\""
    [35mparams[39m: "[\"EM_EXECUCAO\",0]"
    [35mduration[39m: 8
    [35mtarget[39m: "quaint::connector::metrics"
[2026-03-16 14:20:25.827] [34mDEBUG[39m: [36mundefined - Query executada[39m
    [35menv[39m: "test"
    [35mservice[39m: "aupus-service-api"
    [35mcontext[39m: "Database"
    [35mquery[39m: "SELECT COUNT(*) AS \"_count$_all\" FROM (SELECT \"public\".\"solicitacoes_servico\".\"id\" FROM \"public\".\"solicitacoes_servico\" WHERE \"public\".\"solicitacoes_servico\".\"deleted_at\" IS NULL OFFSET $1) AS \"sub\""
    [35mparams[39m: "[0]"
    [35mduration[39m: 10
    [35mtarget[39m: "quaint::connector::metrics"
[2026-03-16 14:20:25.828] [34mDEBUG[39m: [36mundefined - Query executada[39m
    [35menv[39m: "test"
    [35mservice[39m: "aupus-service-api"
    [35mcontext[39m: "Database"
    [35mquery[39m: "SELECT COUNT(*) AS \"_count$_all\", \"public\".\"solicitacoes_servico\".\"prioridade\"::text FROM \"public\".\"solicitacoes_servico\" WHERE \"public\".\"solicitacoes_servico\".\"deleted_at\" IS NULL GROUP BY \"public\".\"solicitacoes_servico\".\"prioridade\" OFFSET $1"
    [35mparams[39m: "[0]"
    [35mduration[39m: 5
    [35mtarget[39m: "quaint::connector::metrics"
[2026-03-16 14:20:25.830] [34mDEBUG[39m: [36mundefined - Query executada[39m
    [35menv[39m: "test"
    [35mservice[39m: "aupus-service-api"
    [35mcontext[39m: "Database"
    [35mquery[39m: "SELECT COUNT(*) AS \"_count$_all\", \"public\".\"solicitacoes_servico\".\"tipo\"::text FROM \"public\".\"solicitacoes_servico\" WHERE \"public\".\"solicitacoes_servico\".\"deleted_at\" IS NULL GROUP BY \"public\".\"solicitacoes_servico\".\"tipo\" OFFSET $1"
    [35mparams[39m: "[0]"
    [35mduration[39m: 9
    [35mtarget[39m: "quaint::connector::metrics"
[2026-03-16 14:20:25.830] [34mDEBUG[39m: [36mundefined - Query executada[39m
    [35menv[39m: "test"
    [35mservice[39m: "aupus-service-api"
    [35mcontext[39m: "Database"
    [35mquery[39m: "SELECT COUNT(*) AS \"_count$_all\" FROM (SELECT \"public\".\"solicitacoes_servico\".\"id\" FROM \"public\".\"solicitacoes_servico\" WHERE (\"public\".\"solicitacoes_servico\".\"status\" = CAST($1::text AS \"public\".\"StatusSolicitacaoServico\") AND \"public\".\"solicitacoes_servico\".\"deleted_at\" IS NULL) OFFSET $2) AS \"sub\""
    [35mparams[39m: "[\"APROVADA\",0]"
    [35mduration[39m: 6
    [35mtarget[39m: "quaint::connector::metrics"
[2026-03-16 14:20:25.832] [34mDEBUG[39m: [36mundefined - Query executada[39m
    [35menv[39m: "test"
    [35mservice[39m: "aupus-service-api"
    [35mcontext[39m: "Database"
    [35mquery[39m: "SELECT COUNT(*) AS \"_count$_all\" FROM (SELECT \"public\".\"solicitacoes_servico\".\"id\" FROM \"public\".\"solicitacoes_servico\" WHERE (\"public\".\"solicitacoes_servico\".\"status\" = CAST($1::text AS \"public\".\"StatusSolicitacaoServico\") AND \"public\".\"solicitacoes_servico\".\"deleted_at\" IS NULL) OFFSET $2) AS \"sub\""
    [35mparams[39m: "[\"CANCELADA\",0]"
    [35mduration[39m: 7
    [35mtarget[39m: "quaint::connector::metrics"
[2026-03-16 14:20:25.834] [34mDEBUG[39m: [36mundefined - Query executada[39m
    [35menv[39m: "test"
    [35mservice[39m: "aupus-service-api"
    [35mcontext[39m: "Database"
    [35mquery[39m: "SELECT COUNT(*) AS \"_count$_all\" FROM (SELECT \"public\".\"solicitacoes_servico\".\"id\" FROM \"public\".\"solicitacoes_servico\" WHERE (\"public\".\"solicitacoes_servico\".\"status\" = CAST($1::text AS \"public\".\"StatusSolicitacaoServico\") AND \"public\".\"solicitacoes_servico\".\"deleted_at\" IS NULL) OFFSET $2) AS \"sub\""
    [35mparams[39m: "[\"CONCLUIDA\",0]"
    [35mduration[39m: 4
    [35mtarget[39m: "quaint::connector::metrics"
[2026-03-16 14:20:25.845] [34mDEBUG[39m: [36mundefined - Query executada[39m
    [35menv[39m: "test"
    [35mservice[39m: "aupus-service-api"
    [35mcontext[39m: "Database"
    [35mquery[39m: "SELECT \"public\".\"usuarios\".\"id\", \"public\".\"usuarios\".\"concessionaria_atual_id\", \"public\".\"usuarios\".\"organizacao_atual_id\", \"public\".\"usuarios\".\"nome\", \"public\".\"usuarios\".\"email\", \"public\".\"usuarios\".\"telefone\", \"public\".\"usuarios\".\"instagram\", \"public\".\"usuarios\".\"status\", \"public\".\"usuarios\".\"cpf_cnpj\", \"public\".\"usuarios\".\"cidade\", \"public\".\"usuarios\".\"estado\", \"public\".\"usuarios\".\"endereco\", \"public\".\"usuarios\".\"cep\", \"public\".\"usuarios\".\"deleted_by\", \"public\".\"usuarios\".\"senha\", \"public\".\"usuarios\".\"remember_token\", \"public\".\"usuarios\".\"deleted_at\", \"public\".\"usuarios\".\"created_at\", \"public\".\"usuarios\".\"updated_at\", \"public\".\"usuarios\".\"role\", \"public\".\"usuarios\".\"manager_id\", \"public\".\"usuarios\".\"is_active\", \"public\".\"usuarios\".\"pix\", \"public\".\"usuarios\".\"avatar_url\", \"public\".\"usuarios\".\"created_by\" FROM \"public\".\"usuarios\" WHERE (\"public\".\"usuarios\".\"id\" = $1 AND \"public\".\"usuarios\".\"deleted_at\" IS NULL) LIMIT $2 OFFSET $3"
    [35mparams[39m: "[\"k6g72ojagrl415bsak6y68qi96\",1,0]"
    [35mduration[39m: 2
    [35mtarget[39m: "quaint::connector::metrics"
[2026-03-16 14:20:25.847] [34mDEBUG[39m: [36mundefined - Query executada[39m
    [35menv[39m: "test"
    [35mservice[39m: "aupus-service-api"
    [35mcontext[39m: "Database"
    [35mquery[39m: "SELECT \"public\".\"usuarios\".\"id\", \"public\".\"usuarios\".\"concessionaria_atual_id\", \"public\".\"usuarios\".\"organizacao_atual_id\", \"public\".\"usuarios\".\"nome\", \"public\".\"usuarios\".\"email\", \"public\".\"usuarios\".\"telefone\", \"public\".\"usuarios\".\"instagram\", \"public\".\"usuarios\".\"status\", \"public\".\"usuarios\".\"cpf_cnpj\", \"public\".\"usuarios\".\"cidade\", \"public\".\"usuarios\".\"estado\", \"public\".\"usuarios\".\"endereco\", \"public\".\"usuarios\".\"cep\", \"public\".\"usuarios\".\"deleted_by\", \"public\".\"usuarios\".\"senha\", \"public\".\"usuarios\".\"remember_token\", \"public\".\"usuarios\".\"deleted_at\", \"public\".\"usuarios\".\"created_at\", \"public\".\"usuarios\".\"updated_at\", \"public\".\"usuarios\".\"role\", \"public\".\"usuarios\".\"manager_id\", \"public\".\"usuarios\".\"is_active\", \"public\".\"usuarios\".\"pix\", \"public\".\"usuarios\".\"avatar_url\", \"public\".\"usuarios\".\"created_by\" FROM \"public\".\"usuarios\" WHERE (\"public\".\"usuarios\".\"id\" = $1 AND \"public\".\"usuarios\".\"deleted_at\" IS NULL) LIMIT $2 OFFSET $3"
    [35mparams[39m: "[\"k6g72ojagrl415bsak6y68qi96\",1,0]"
    [35mduration[39m: 0
    [35mtarget[39m: "quaint::connector::metrics"
[2026-03-16 14:20:25.849] [34mDEBUG[39m: [36mundefined - Query executada[39m
    [35menv[39m: "test"
    [35mservice[39m: "aupus-service-api"
    [35mcontext[39m: "Database"
    [35mquery[39m: "SELECT \"public\".\"model_has_roles\".\"role_id\", \"public\".\"model_has_roles\".\"model_id\", \"public\".\"model_has_roles\".\"model_type\" FROM \"public\".\"model_has_roles\" WHERE (\"public\".\"model_has_roles\".\"model_id\" = $1 AND \"public\".\"model_has_roles\".\"model_type\" = $2) LIMIT $3 OFFSET $4"
    [35mparams[39m: "[\"k6g72ojagrl415bsak6y68qi96\",\"App\Models\User\",1,0]"
    [35mduration[39m: 1
    [35mtarget[39m: "quaint::connector::metrics"
[2026-03-16 14:20:25.851] [34mDEBUG[39m: [36mundefined - Query executada[39m
    [35menv[39m: "test"
    [35mservice[39m: "aupus-service-api"
    [35mcontext[39m: "Database"
    [35mquery[39m: "SELECT \"public\".\"roles\".\"id\", \"public\".\"roles\".\"name\", \"public\".\"roles\".\"guard_name\", \"public\".\"roles\".\"created_at\", \"public\".\"roles\".\"updated_at\" FROM \"public\".\"roles\" WHERE \"public\".\"roles\".\"id\" IN ($1) OFFSET $2"
    [35mparams[39m: "[1,0]"
    [35mduration[39m: 1
    [35mtarget[39m: "quaint::connector::metrics"
[2026-03-16 14:20:25.853] [34mDEBUG[39m: [36mundefined - Query executada[39m
    [35menv[39m: "test"
    [35mservice[39m: "aupus-service-api"
    [35mcontext[39m: "Database"
    [35mquery[39m: "SELECT \"public\".\"role_has_permissions\".\"permission_id\", \"public\".\"role_has_permissions\".\"role_id\" FROM \"public\".\"role_has_permissions\" WHERE \"public\".\"role_has_permissions\".\"role_id\" IN ($1) OFFSET $2"
    [35mparams[39m: "[1,0]"
    [35mduration[39m: 1
    [35mtarget[39m: "quaint::connector::metrics"
[2026-03-16 14:20:25.854] [34mDEBUG[39m: [36mundefined - Query executada[39m
    [35menv[39m: "test"
    [35mservice[39m: "aupus-service-api"
    [35mcontext[39m: "Database"
    [35mquery[39m: "SELECT \"public\".\"permissions\".\"id\", \"public\".\"permissions\".\"name\", \"public\".\"permissions\".\"guard_name\", \"public\".\"permissions\".\"created_at\", \"public\".\"permissions\".\"updated_at\", \"public\".\"permissions\".\"display_name\", \"public\".\"permissions\".\"description\" FROM \"public\".\"permissions\" WHERE \"public\".\"permissions\".\"id\" IN ($1,$2,$3,$4,$5,$6,$7,$8,$9,$10,$11,$12,$13,$14,$15,$16,$17,$18,$19,$20,$21,$22) OFFSET $23"
    [35mparams[39m: "[1,2,3,4,5,6,7,8,9,10,11,12,13,14,15,16,17,18,19,20,21,22,0]"
    [35mduration[39m: 1
    [35mtarget[39m: "quaint::connector::metrics"
[2026-03-16 14:20:25.857] [34mDEBUG[39m: [36mundefined - Query executada[39m
    [35menv[39m: "test"
    [35mservice[39m: "aupus-service-api"
    [35mcontext[39m: "Database"
    [35mquery[39m: "SELECT \"public\".\"model_has_permissions\".\"permission_id\", \"public\".\"model_has_permissions\".\"model_id\", \"public\".\"model_has_permissions\".\"model_type\" FROM \"public\".\"model_has_permissions\" WHERE (\"public\".\"model_has_permissions\".\"model_id\" = $1 AND \"public\".\"model_has_permissions\".\"model_type\" = $2) OFFSET $3"
    [35mparams[39m: "[\"k6g72ojagrl415bsak6y68qi96\",\"App\Models\User\",0]"
    [35mduration[39m: 1
    [35mtarget[39m: "quaint::connector::metrics"
[2026-03-16 14:20:25.859] [34mDEBUG[39m: [36mundefined - Query executada[39m
    [35menv[39m: "test"
    [35mservice[39m: "aupus-service-api"
    [35mcontext[39m: "Database"
    [35mquery[39m: "BEGIN"
    [35mparams[39m: "[]"
    [35mduration[39m: 0
    [35mtarget[39m: "quaint::connector::metrics"
[2026-03-16 14:20:25.866] [34mDEBUG[39m: [36mundefined - Query executada[39m
    [35menv[39m: "test"
    [35mservice[39m: "aupus-service-api"
    [35mcontext[39m: "Database"
    [35mquery[39m: "SELECT \"public\".\"solicitacoes_servico\".\"id\", \"public\".\"solicitacoes_servico\".\"numero\", \"public\".\"solicitacoes_servico\".\"titulo\", \"public\".\"solicitacoes_servico\".\"descricao\", \"public\".\"solicitacoes_servico\".\"tipo\"::text, \"public\".\"solicitacoes_servico\".\"prioridade\"::text, \"public\".\"solicitacoes_servico\".\"status\"::text, \"public\".\"solicitacoes_servico\".\"origem\"::text, \"public\".\"solicitacoes_servico\".\"planta_id\", \"public\".\"solicitacoes_servico\".\"area\", \"public\".\"solicitacoes_servico\".\"local_especifico\", \"public\".\"solicitacoes_servico\".\"equipamento_id\", \"public\".\"solicitacoes_servico\".\"solicitante_nome\", \"public\".\"solicitacoes_servico\".\"solicitante_email\", \"public\".\"solicitacoes_servico\".\"solicitante_telefone\", \"public\".\"solicitacoes_servico\".\"solicitante_departamento\", \"public\".\"solicitacoes_servico\".\"solicitante_id\", \"public\".\"solicitacoes_servico\".\"data_necessidade\", \"public\".\"solicitacoes_servico\".\"prazo_esperado\", \"public\".\"solicitacoes_servico\".\"data_inicio_previsto\", \"public\".\"solicitacoes_servico\".\"data_fim_previsto\", \"public\".\"solicitacoes_servico\".\"tempo_estimado\", \"public\".\"solicitacoes_servico\".\"custo_estimado\", \"public\".\"solicitacoes_servico\".\"analisado_por_id\", \"public\".\"solicitacoes_servico\".\"data_analise\", \"public\".\"solicitacoes_servico\".\"observacoes_analise\", \"public\".\"solicitacoes_servico\".\"aprovado_por_id\", \"public\".\"solicitacoes_servico\".\"data_aprovacao\", \"public\".\"solicitacoes_servico\".\"observacoes_aprovacao\", \"public\".\"solicitacoes_servico\".\"rejeitado_por_id\", \"public\".\"solicitacoes_servico\".\"data_rejeicao\", \"public\".\"solicitacoes_servico\".\"motivo_rejeicao\", \"public\".\"solicitacoes_servico\".\"cancelado_por_id\", \"public\".\"solicitacoes_servico\".\"data_cancelamento\", \"public\".\"solicitacoes_servico\".\"motivo_cancelamento\", \"public\".\"solicitacoes_servico\".\"concluido_por_id\", \"public\".\"solicitacoes_servico\".\"data_conclusao\", \"public\".\"solicitacoes_servico\".\"observacoes_conclusao\", \"public\".\"solicitacoes_servico\".\"programacao_os_id\", \"public\".\"solicitacoes_servico\".\"os_id\", \"public\".\"solicitacoes_servico\".\"observacoes\", \"public\".\"solicitacoes_servico\".\"requisitos_especiais\", \"public\".\"solicitacoes_servico\".\"riscos_identificados\", \"public\".\"solicitacoes_servico\".\"created_at\", \"public\".\"solicitacoes_servico\".\"updated_at\", \"public\".\"solicitacoes_servico\".\"deleted_at\", \"public\".\"solicitacoes_servico\".\"local\", \"public\".\"solicitacoes_servico\".\"data_solicitacao\", \"public\".\"solicitacoes_servico\".\"prazo_execucao\", \"public\".\"solicitacoes_servico\".\"data_prevista_inicio\", \"public\".\"solicitacoes_servico\".\"data_prevista_fim\", \"public\".\"solicitacoes_servico\".\"justificativa\", \"public\".\"solicitacoes_servico\".\"beneficios_esperados\", \"public\".\"solicitacoes_servico\".\"riscos_nao_execucao\", \"public\".\"solicitacoes_servico\".\"materiais_necessarios\", \"public\".\"solicitacoes_servico\".\"ferramentas_necessarias\", \"public\".\"solicitacoes_servico\".\"mao_obra_necessaria\", \"public\".\"solicitacoes_servico\".\"departamento\", \"public\".\"solicitacoes_servico\".\"contato\", \"public\".\"solicitacoes_servico\".\"analisado_por_nome\", \"public\".\"solicitacoes_servico\".\"parecer_tecnico\", \"public\".\"solicitacoes_servico\".\"aprovado_por_nome\", \"public\".\"solicitacoes_servico\".\"sugestoes_alternativas\", \"public\".\"solicitacoes_servico\".\"cancelado_por_nome\", \"public\".\"solicitacoes_servico\".\"ordem_servico_id\" FROM \"public\".\"solicitacoes_servico\" WHERE \"public\".\"solicitacoes_servico\".\"numero\"::text LIKE $1 ORDER BY \"public\".\"solicitacoes_servico\".\"numero\" DESC LIMIT $2 OFFSET $3"
    [35mparams[39m: "[\"SSV-2026-%\",1,0]"
    [35mduration[39m: 5
    [35mtarget[39m: "quaint::connector::metrics"
[2026-03-16 14:20:25.874] [34mDEBUG[39m: [36mundefined - Query executada[39m
    [35menv[39m: "test"
    [35mservice[39m: "aupus-service-api"
    [35mcontext[39m: "Database"
    [35mquery[39m: "INSERT INTO \"public\".\"solicitacoes_servico\" (\"id\",\"numero\",\"titulo\",\"descricao\",\"tipo\",\"prioridade\",\"status\",\"origem\",\"planta_id\",\"solicitante_nome\",\"solicitante_id\",\"created_at\",\"updated_at\",\"local\",\"data_solicitacao\",\"justificativa\") VALUES ($1,$2,$3,$4,CAST($5::text AS \"public\".\"TipoSolicitacaoServico\"),CAST($6::text AS \"public\".\"PrioridadeSolicitacao\"),CAST($7::text AS \"public\".\"StatusSolicitacaoServico\"),CAST($8::text AS \"public\".\"OrigemSolicitacao\"),$9,$10,$11,$12,$13,$14,$15,$16) RETURNING \"public\".\"solicitacoes_servico\".\"id\""
    [35mparams[39m: "[\"cmmtg8tfx000j2fcwgowy68o9\",\"SSV-2026-0035\",\"Workflow Test - Rejeição\",\"Teste de workflow completo com rejeição\",\"OUTRO\",\"MEDIA\",\"RASCUNHO\",\"PORTAL\",\"cmhbyqh6e00012faox255dzla \",\"Teste User\",\"k6g72ojagrl415bsak6y68qi96\",\"2026-03-16 17:20:25.869 UTC\",\"2026-03-16 17:20:25.869 UTC\",\"Teste\",\"2026-03-16 17:20:25.869 UTC\",\"Teste\"]"
    [35mduration[39m: 4
    [35mtarget[39m: "quaint::connector::metrics"
[2026-03-16 14:20:25.878] [34mDEBUG[39m: [36mundefined - Query executada[39m
    [35menv[39m: "test"
    [35mservice[39m: "aupus-service-api"
    [35mcontext[39m: "Database"
    [35mquery[39m: "SELECT \"public\".\"solicitacoes_servico\".\"id\", \"public\".\"solicitacoes_servico\".\"numero\", \"public\".\"solicitacoes_servico\".\"titulo\", \"public\".\"solicitacoes_servico\".\"descricao\", \"public\".\"solicitacoes_servico\".\"tipo\"::text, \"public\".\"solicitacoes_servico\".\"prioridade\"::text, \"public\".\"solicitacoes_servico\".\"status\"::text, \"public\".\"solicitacoes_servico\".\"origem\"::text, \"public\".\"solicitacoes_servico\".\"planta_id\", \"public\".\"solicitacoes_servico\".\"area\", \"public\".\"solicitacoes_servico\".\"local_especifico\", \"public\".\"solicitacoes_servico\".\"equipamento_id\", \"public\".\"solicitacoes_servico\".\"solicitante_nome\", \"public\".\"solicitacoes_servico\".\"solicitante_email\", \"public\".\"solicitacoes_servico\".\"solicitante_telefone\", \"public\".\"solicitacoes_servico\".\"solicitante_departamento\", \"public\".\"solicitacoes_servico\".\"solicitante_id\", \"public\".\"solicitacoes_servico\".\"data_necessidade\", \"public\".\"solicitacoes_servico\".\"prazo_esperado\", \"public\".\"solicitacoes_servico\".\"data_inicio_previsto\", \"public\".\"solicitacoes_servico\".\"data_fim_previsto\", \"public\".\"solicitacoes_servico\".\"tempo_estimado\", \"public\".\"solicitacoes_servico\".\"custo_estimado\", \"public\".\"solicitacoes_servico\".\"analisado_por_id\", \"public\".\"solicitacoes_servico\".\"data_analise\", \"public\".\"solicitacoes_servico\".\"observacoes_analise\", \"public\".\"solicitacoes_servico\".\"aprovado_por_id\", \"public\".\"solicitacoes_servico\".\"data_aprovacao\", \"public\".\"solicitacoes_servico\".\"observacoes_aprovacao\", \"public\".\"solicitacoes_servico\".\"rejeitado_por_id\", \"public\".\"solicitacoes_servico\".\"data_rejeicao\", \"public\".\"solicitacoes_servico\".\"motivo_rejeicao\", \"public\".\"solicitacoes_servico\".\"cancelado_por_id\", \"public\".\"solicitacoes_servico\".\"data_cancelamento\", \"public\".\"solicitacoes_servico\".\"motivo_cancelamento\", \"public\".\"solicitacoes_servico\".\"concluido_por_id\", \"public\".\"solicitacoes_servico\".\"data_conclusao\", \"public\".\"solicitacoes_servico\".\"observacoes_conclusao\", \"public\".\"solicitacoes_servico\".\"programacao_os_id\", \"public\".\"solicitacoes_servico\".\"os_id\", \"public\".\"solicitacoes_servico\".\"observacoes\", \"public\".\"solicitacoes_servico\".\"requisitos_especiais\", \"public\".\"solicitacoes_servico\".\"riscos_identificados\", \"public\".\"solicitacoes_servico\".\"created_at\", \"public\".\"solicitacoes_servico\".\"updated_at\", \"public\".\"solicitacoes_servico\".\"deleted_at\", \"public\".\"solicitacoes_servico\".\"local\", \"public\".\"solicitacoes_servico\".\"data_solicitacao\", \"public\".\"solicitacoes_servico\".\"prazo_execucao\", \"public\".\"solicitacoes_servico\".\"data_prevista_inicio\", \"public\".\"solicitacoes_servico\".\"data_prevista_fim\", \"public\".\"solicitacoes_servico\".\"justificativa\", \"public\".\"solicitacoes_servico\".\"beneficios_esperados\", \"public\".\"solicitacoes_servico\".\"riscos_nao_execucao\", \"public\".\"solicitacoes_servico\".\"materiais_necessarios\", \"public\".\"solicitacoes_servico\".\"ferramentas_necessarias\", \"public\".\"solicitacoes_servico\".\"mao_obra_necessaria\", \"public\".\"solicitacoes_servico\".\"departamento\", \"public\".\"solicitacoes_servico\".\"contato\", \"public\".\"solicitacoes_servico\".\"analisado_por_nome\", \"public\".\"solicitacoes_servico\".\"parecer_tecnico\", \"public\".\"solicitacoes_servico\".\"aprovado_por_nome\", \"public\".\"solicitacoes_servico\".\"sugestoes_alternativas\", \"public\".\"solicitacoes_servico\".\"cancelado_por_nome\", \"public\".\"solicitacoes_servico\".\"ordem_servico_id\" FROM \"public\".\"solicitacoes_servico\" WHERE \"public\".\"solicitacoes_servico\".\"id\" = $1 LIMIT $2 OFFSET $3"
    [35mparams[39m: "[\"cmmtg8tfx000j2fcwgowy68o9\",1,0]"
    [35mduration[39m: 3
    [35mtarget[39m: "quaint::connector::metrics"
[2026-03-16 14:20:25.880] [34mDEBUG[39m: [36mundefined - Query executada[39m
    [35menv[39m: "test"
    [35mservice[39m: "aupus-service-api"
    [35mcontext[39m: "Database"
    [35mquery[39m: "SELECT \"public\".\"plantas\".\"id\", \"public\".\"plantas\".\"nome\", \"public\".\"plantas\".\"cnpj\", \"public\".\"plantas\".\"localizacao\", \"public\".\"plantas\".\"horario_funcionamento\", \"public\".\"plantas\".\"logradouro\", \"public\".\"plantas\".\"bairro\", \"public\".\"plantas\".\"cidade\", \"public\".\"plantas\".\"uf\", \"public\".\"plantas\".\"cep\", \"public\".\"plantas\".\"proprietario_id\", \"public\".\"plantas\".\"created_at\", \"public\".\"plantas\".\"updated_at\", \"public\".\"plantas\".\"deleted_at\", \"public\".\"plantas\".\"numero_uc\" FROM \"public\".\"plantas\" WHERE \"public\".\"plantas\".\"id\" IN ($1) OFFSET $2"
    [35mparams[39m: "[\"cmhbyqh6e00012faox255dzla \",0]"
    [35mduration[39m: 2
    [35mtarget[39m: "quaint::connector::metrics"
[2026-03-16 14:20:25.885] [34mDEBUG[39m: [36mundefined - Query executada[39m
    [35menv[39m: "test"
    [35mservice[39m: "aupus-service-api"
    [35mcontext[39m: "Database"
    [35mquery[39m: "INSERT INTO \"public\".\"historico_solicitacao_servico\" (\"id\",\"solicitacao_id\",\"acao\",\"usuario_nome\",\"usuario_id\",\"data\",\"observacoes\",\"status_anterior\",\"status_novo\") VALUES ($1,$2,$3,$4,$5,$6,$7,$8,CAST($9::text AS \"public\".\"StatusSolicitacaoServico\")) RETURNING \"public\".\"historico_solicitacao_servico\".\"id\", \"public\".\"historico_solicitacao_servico\".\"solicitacao_id\", \"public\".\"historico_solicitacao_servico\".\"acao\", \"public\".\"historico_solicitacao_servico\".\"usuario\", \"public\".\"historico_solicitacao_servico\".\"usuario_nome\", \"public\".\"historico_solicitacao_servico\".\"usuario_id\", \"public\".\"historico_solicitacao_servico\".\"data\", \"public\".\"historico_solicitacao_servico\".\"observacoes\", \"public\".\"historico_solicitacao_servico\".\"status_anterior\"::text, \"public\".\"historico_solicitacao_servico\".\"status_novo\"::text, \"public\".\"historico_solicitacao_servico\".\"dados_extras\""
    [35mparams[39m: "[\"cmmtg8tga000l2fcwim5qhvwc\",\"cmmtg8tfx000j2fcwgowy68o9\",\"CRIACAO\",\"Teste User\",\"k6g72ojagrl415bsak6y68qi96\",\"2026-03-16 17:20:25.882 UTC\",\"Solicitação criada\",null,\"RASCUNHO\"]"
    [35mduration[39m: 3
    [35mtarget[39m: "quaint::connector::metrics"
[2026-03-16 14:20:25.915] [34mDEBUG[39m: [36mundefined - Query executada[39m
    [35menv[39m: "test"
    [35mservice[39m: "aupus-service-api"
    [35mcontext[39m: "Database"
    [35mquery[39m: "COMMIT"
    [35mparams[39m: "[]"
    [35mduration[39m: 29
    [35mtarget[39m: "quaint::connector::metrics"
[2026-03-16 14:20:25.927] [34mDEBUG[39m: [36mundefined - Query executada[39m
    [35menv[39m: "test"
    [35mservice[39m: "aupus-service-api"
    [35mcontext[39m: "Database"
    [35mquery[39m: "SELECT \"public\".\"usuarios\".\"id\", \"public\".\"usuarios\".\"concessionaria_atual_id\", \"public\".\"usuarios\".\"organizacao_atual_id\", \"public\".\"usuarios\".\"nome\", \"public\".\"usuarios\".\"email\", \"public\".\"usuarios\".\"telefone\", \"public\".\"usuarios\".\"instagram\", \"public\".\"usuarios\".\"status\", \"public\".\"usuarios\".\"cpf_cnpj\", \"public\".\"usuarios\".\"cidade\", \"public\".\"usuarios\".\"estado\", \"public\".\"usuarios\".\"endereco\", \"public\".\"usuarios\".\"cep\", \"public\".\"usuarios\".\"deleted_by\", \"public\".\"usuarios\".\"senha\", \"public\".\"usuarios\".\"remember_token\", \"public\".\"usuarios\".\"deleted_at\", \"public\".\"usuarios\".\"created_at\", \"public\".\"usuarios\".\"updated_at\", \"public\".\"usuarios\".\"role\", \"public\".\"usuarios\".\"manager_id\", \"public\".\"usuarios\".\"is_active\", \"public\".\"usuarios\".\"pix\", \"public\".\"usuarios\".\"avatar_url\", \"public\".\"usuarios\".\"created_by\" FROM \"public\".\"usuarios\" WHERE (\"public\".\"usuarios\".\"id\" = $1 AND \"public\".\"usuarios\".\"deleted_at\" IS NULL) LIMIT $2 OFFSET $3"
    [35mparams[39m: "[\"k6g72ojagrl415bsak6y68qi96\",1,0]"
    [35mduration[39m: 2
    [35mtarget[39m: "quaint::connector::metrics"
[2026-03-16 14:20:25.931] [34mDEBUG[39m: [36mundefined - Query executada[39m
    [35menv[39m: "test"
    [35mservice[39m: "aupus-service-api"
    [35mcontext[39m: "Database"
    [35mquery[39m: "SELECT \"public\".\"usuarios\".\"id\", \"public\".\"usuarios\".\"concessionaria_atual_id\", \"public\".\"usuarios\".\"organizacao_atual_id\", \"public\".\"usuarios\".\"nome\", \"public\".\"usuarios\".\"email\", \"public\".\"usuarios\".\"telefone\", \"public\".\"usuarios\".\"instagram\", \"public\".\"usuarios\".\"status\", \"public\".\"usuarios\".\"cpf_cnpj\", \"public\".\"usuarios\".\"cidade\", \"public\".\"usuarios\".\"estado\", \"public\".\"usuarios\".\"endereco\", \"public\".\"usuarios\".\"cep\", \"public\".\"usuarios\".\"deleted_by\", \"public\".\"usuarios\".\"senha\", \"public\".\"usuarios\".\"remember_token\", \"public\".\"usuarios\".\"deleted_at\", \"public\".\"usuarios\".\"created_at\", \"public\".\"usuarios\".\"updated_at\", \"public\".\"usuarios\".\"role\", \"public\".\"usuarios\".\"manager_id\", \"public\".\"usuarios\".\"is_active\", \"public\".\"usuarios\".\"pix\", \"public\".\"usuarios\".\"avatar_url\", \"public\".\"usuarios\".\"created_by\" FROM \"public\".\"usuarios\" WHERE (\"public\".\"usuarios\".\"id\" = $1 AND \"public\".\"usuarios\".\"deleted_at\" IS NULL) LIMIT $2 OFFSET $3"
    [35mparams[39m: "[\"k6g72ojagrl415bsak6y68qi96\",1,0]"
    [35mduration[39m: 1
    [35mtarget[39m: "quaint::connector::metrics"
[2026-03-16 14:20:25.934] [34mDEBUG[39m: [36mundefined - Query executada[39m
    [35menv[39m: "test"
    [35mservice[39m: "aupus-service-api"
    [35mcontext[39m: "Database"
    [35mquery[39m: "SELECT \"public\".\"model_has_roles\".\"role_id\", \"public\".\"model_has_roles\".\"model_id\", \"public\".\"model_has_roles\".\"model_type\" FROM \"public\".\"model_has_roles\" WHERE (\"public\".\"model_has_roles\".\"model_id\" = $1 AND \"public\".\"model_has_roles\".\"model_type\" = $2) LIMIT $3 OFFSET $4"
    [35mparams[39m: "[\"k6g72ojagrl415bsak6y68qi96\",\"App\Models\User\",1,0]"
    [35mduration[39m: 1
    [35mtarget[39m: "quaint::connector::metrics"
[2026-03-16 14:20:25.936] [34mDEBUG[39m: [36mundefined - Query executada[39m
    [35menv[39m: "test"
    [35mservice[39m: "aupus-service-api"
    [35mcontext[39m: "Database"
    [35mquery[39m: "SELECT \"public\".\"roles\".\"id\", \"public\".\"roles\".\"name\", \"public\".\"roles\".\"guard_name\", \"public\".\"roles\".\"created_at\", \"public\".\"roles\".\"updated_at\" FROM \"public\".\"roles\" WHERE \"public\".\"roles\".\"id\" IN ($1) OFFSET $2"
    [35mparams[39m: "[1,0]"
    [35mduration[39m: 2
    [35mtarget[39m: "quaint::connector::metrics"
[2026-03-16 14:20:25.938] [34mDEBUG[39m: [36mundefined - Query executada[39m
    [35menv[39m: "test"
    [35mservice[39m: "aupus-service-api"
    [35mcontext[39m: "Database"
    [35mquery[39m: "SELECT \"public\".\"role_has_permissions\".\"permission_id\", \"public\".\"role_has_permissions\".\"role_id\" FROM \"public\".\"role_has_permissions\" WHERE \"public\".\"role_has_permissions\".\"role_id\" IN ($1) OFFSET $2"
    [35mparams[39m: "[1,0]"
    [35mduration[39m: 1
    [35mtarget[39m: "quaint::connector::metrics"
[2026-03-16 14:20:25.940] [34mDEBUG[39m: [36mundefined - Query executada[39m
    [35menv[39m: "test"
    [35mservice[39m: "aupus-service-api"
    [35mcontext[39m: "Database"
    [35mquery[39m: "SELECT \"public\".\"permissions\".\"id\", \"public\".\"permissions\".\"name\", \"public\".\"permissions\".\"guard_name\", \"public\".\"permissions\".\"created_at\", \"public\".\"permissions\".\"updated_at\", \"public\".\"permissions\".\"display_name\", \"public\".\"permissions\".\"description\" FROM \"public\".\"permissions\" WHERE \"public\".\"permissions\".\"id\" IN ($1,$2,$3,$4,$5,$6,$7,$8,$9,$10,$11,$12,$13,$14,$15,$16,$17,$18,$19,$20,$21,$22) OFFSET $23"
    [35mparams[39m: "[1,2,3,4,5,6,7,8,9,10,11,12,13,14,15,16,17,18,19,20,21,22,0]"
    [35mduration[39m: 1
    [35mtarget[39m: "quaint::connector::metrics"
[2026-03-16 14:20:25.944] [34mDEBUG[39m: [36mundefined - Query executada[39m
    [35menv[39m: "test"
    [35mservice[39m: "aupus-service-api"
    [35mcontext[39m: "Database"
    [35mquery[39m: "SELECT \"public\".\"model_has_permissions\".\"permission_id\", \"public\".\"model_has_permissions\".\"model_id\", \"public\".\"model_has_permissions\".\"model_type\" FROM \"public\".\"model_has_permissions\" WHERE (\"public\".\"model_has_permissions\".\"model_id\" = $1 AND \"public\".\"model_has_permissions\".\"model_type\" = $2) OFFSET $3"
    [35mparams[39m: "[\"k6g72ojagrl415bsak6y68qi96\",\"App\Models\User\",0]"
    [35mduration[39m: 2
    [35mtarget[39m: "quaint::connector::metrics"
[2026-03-16 14:20:25.952] [34mDEBUG[39m: [36mundefined - Query executada[39m
    [35menv[39m: "test"
    [35mservice[39m: "aupus-service-api"
    [35mcontext[39m: "Database"
    [35mquery[39m: "SELECT \"public\".\"solicitacoes_servico\".\"id\", \"public\".\"solicitacoes_servico\".\"numero\", \"public\".\"solicitacoes_servico\".\"titulo\", \"public\".\"solicitacoes_servico\".\"descricao\", \"public\".\"solicitacoes_servico\".\"tipo\"::text, \"public\".\"solicitacoes_servico\".\"prioridade\"::text, \"public\".\"solicitacoes_servico\".\"status\"::text, \"public\".\"solicitacoes_servico\".\"origem\"::text, \"public\".\"solicitacoes_servico\".\"planta_id\", \"public\".\"solicitacoes_servico\".\"area\", \"public\".\"solicitacoes_servico\".\"local_especifico\", \"public\".\"solicitacoes_servico\".\"equipamento_id\", \"public\".\"solicitacoes_servico\".\"solicitante_nome\", \"public\".\"solicitacoes_servico\".\"solicitante_email\", \"public\".\"solicitacoes_servico\".\"solicitante_telefone\", \"public\".\"solicitacoes_servico\".\"solicitante_departamento\", \"public\".\"solicitacoes_servico\".\"solicitante_id\", \"public\".\"solicitacoes_servico\".\"data_necessidade\", \"public\".\"solicitacoes_servico\".\"prazo_esperado\", \"public\".\"solicitacoes_servico\".\"data_inicio_previsto\", \"public\".\"solicitacoes_servico\".\"data_fim_previsto\", \"public\".\"solicitacoes_servico\".\"tempo_estimado\", \"public\".\"solicitacoes_servico\".\"custo_estimado\", \"public\".\"solicitacoes_servico\".\"analisado_por_id\", \"public\".\"solicitacoes_servico\".\"data_analise\", \"public\".\"solicitacoes_servico\".\"observacoes_analise\", \"public\".\"solicitacoes_servico\".\"aprovado_por_id\", \"public\".\"solicitacoes_servico\".\"data_aprovacao\", \"public\".\"solicitacoes_servico\".\"observacoes_aprovacao\", \"public\".\"solicitacoes_servico\".\"rejeitado_por_id\", \"public\".\"solicitacoes_servico\".\"data_rejeicao\", \"public\".\"solicitacoes_servico\".\"motivo_rejeicao\", \"public\".\"solicitacoes_servico\".\"cancelado_por_id\", \"public\".\"solicitacoes_servico\".\"data_cancelamento\", \"public\".\"solicitacoes_servico\".\"motivo_cancelamento\", \"public\".\"solicitacoes_servico\".\"concluido_por_id\", \"public\".\"solicitacoes_servico\".\"data_conclusao\", \"public\".\"solicitacoes_servico\".\"observacoes_conclusao\", \"public\".\"solicitacoes_servico\".\"programacao_os_id\", \"public\".\"solicitacoes_servico\".\"os_id\", \"public\".\"solicitacoes_servico\".\"observacoes\", \"public\".\"solicitacoes_servico\".\"requisitos_especiais\", \"public\".\"solicitacoes_servico\".\"riscos_identificados\", \"public\".\"solicitacoes_servico\".\"created_at\", \"public\".\"solicitacoes_servico\".\"updated_at\", \"public\".\"solicitacoes_servico\".\"deleted_at\", \"public\".\"solicitacoes_servico\".\"local\", \"public\".\"solicitacoes_servico\".\"data_solicitacao\", \"public\".\"solicitacoes_servico\".\"prazo_execucao\", \"public\".\"solicitacoes_servico\".\"data_prevista_inicio\", \"public\".\"solicitacoes_servico\".\"data_prevista_fim\", \"public\".\"solicitacoes_servico\".\"justificativa\", \"public\".\"solicitacoes_servico\".\"beneficios_esperados\", \"public\".\"solicitacoes_servico\".\"riscos_nao_execucao\", \"public\".\"solicitacoes_servico\".\"materiais_necessarios\", \"public\".\"solicitacoes_servico\".\"ferramentas_necessarias\", \"public\".\"solicitacoes_servico\".\"mao_obra_necessaria\", \"public\".\"solicitacoes_servico\".\"departamento\", \"public\".\"solicitacoes_servico\".\"contato\", \"public\".\"solicitacoes_servico\".\"analisado_por_nome\", \"public\".\"solicitacoes_servico\".\"parecer_tecnico\", \"public\".\"solicitacoes_servico\".\"aprovado_por_nome\", \"public\".\"solicitacoes_servico\".\"sugestoes_alternativas\", \"public\".\"solicitacoes_servico\".\"cancelado_por_nome\", \"public\".\"solicitacoes_servico\".\"ordem_servico_id\" FROM \"public\".\"solicitacoes_servico\" WHERE (\"public\".\"solicitacoes_servico\".\"id\" = $1 AND 1=1) LIMIT $2 OFFSET $3"
    [35mparams[39m: "[\"cmmtg8tfx000j2fcwgowy68o9\",1,0]"
    [35mduration[39m: 3
    [35mtarget[39m: "quaint::connector::metrics"
[2026-03-16 14:20:25.954] [34mDEBUG[39m: [36mundefined - Query executada[39m
    [35menv[39m: "test"
    [35mservice[39m: "aupus-service-api"
    [35mcontext[39m: "Database"
    [35mquery[39m: "SELECT \"public\".\"plantas\".\"id\", \"public\".\"plantas\".\"nome\", \"public\".\"plantas\".\"cnpj\", \"public\".\"plantas\".\"localizacao\", \"public\".\"plantas\".\"horario_funcionamento\", \"public\".\"plantas\".\"logradouro\", \"public\".\"plantas\".\"bairro\", \"public\".\"plantas\".\"cidade\", \"public\".\"plantas\".\"uf\", \"public\".\"plantas\".\"cep\", \"public\".\"plantas\".\"proprietario_id\", \"public\".\"plantas\".\"created_at\", \"public\".\"plantas\".\"updated_at\", \"public\".\"plantas\".\"deleted_at\", \"public\".\"plantas\".\"numero_uc\" FROM \"public\".\"plantas\" WHERE \"public\".\"plantas\".\"id\" IN ($1) OFFSET $2"
    [35mparams[39m: "[\"cmhbyqh6e00012faox255dzla \",0]"
    [35mduration[39m: 1
    [35mtarget[39m: "quaint::connector::metrics"
[2026-03-16 14:20:25.957] [34mDEBUG[39m: [36mundefined - Query executada[39m
    [35menv[39m: "test"
    [35mservice[39m: "aupus-service-api"
    [35mcontext[39m: "Database"
    [35mquery[39m: "SELECT \"public\".\"anexos_solicitacao_servico\".\"id\", \"public\".\"anexos_solicitacao_servico\".\"solicitacao_id\", \"public\".\"anexos_solicitacao_servico\".\"nome_original\", \"public\".\"anexos_solicitacao_servico\".\"nome_arquivo\", \"public\".\"anexos_solicitacao_servico\".\"caminho\", \"public\".\"anexos_solicitacao_servico\".\"tamanho\", \"public\".\"anexos_solicitacao_servico\".\"mime_type\", \"public\".\"anexos_solicitacao_servico\".\"descricao\", \"public\".\"anexos_solicitacao_servico\".\"tipo_documento\", \"public\".\"anexos_solicitacao_servico\".\"uploaded_por\", \"public\".\"anexos_solicitacao_servico\".\"uploaded_por_id\", \"public\".\"anexos_solicitacao_servico\".\"uploaded_at\", \"public\".\"anexos_solicitacao_servico\".\"deleted_at\" FROM \"public\".\"anexos_solicitacao_servico\" WHERE \"public\".\"anexos_solicitacao_servico\".\"solicitacao_id\" IN ($1) OFFSET $2"
    [35mparams[39m: "[\"cmmtg8tfx000j2fcwgowy68o9\",0]"
    [35mduration[39m: 2
    [35mtarget[39m: "quaint::connector::metrics"
[2026-03-16 14:20:25.962] [34mDEBUG[39m: [36mundefined - Query executada[39m
    [35menv[39m: "test"
    [35mservice[39m: "aupus-service-api"
    [35mcontext[39m: "Database"
    [35mquery[39m: "SELECT \"public\".\"historico_solicitacao_servico\".\"id\", \"public\".\"historico_solicitacao_servico\".\"solicitacao_id\", \"public\".\"historico_solicitacao_servico\".\"acao\", \"public\".\"historico_solicitacao_servico\".\"usuario\", \"public\".\"historico_solicitacao_servico\".\"usuario_nome\", \"public\".\"historico_solicitacao_servico\".\"usuario_id\", \"public\".\"historico_solicitacao_servico\".\"data\", \"public\".\"historico_solicitacao_servico\".\"observacoes\", \"public\".\"historico_solicitacao_servico\".\"status_anterior\"::text, \"public\".\"historico_solicitacao_servico\".\"status_novo\"::text, \"public\".\"historico_solicitacao_servico\".\"dados_extras\" FROM \"public\".\"historico_solicitacao_servico\" WHERE \"public\".\"historico_solicitacao_servico\".\"solicitacao_id\" IN ($1) ORDER BY \"public\".\"historico_solicitacao_servico\".\"data\" DESC OFFSET $2"
    [35mparams[39m: "[\"cmmtg8tfx000j2fcwgowy68o9\",0]"
    [35mduration[39m: 4
    [35mtarget[39m: "quaint::connector::metrics"
[2026-03-16 14:20:25.966] [34mDEBUG[39m: [36mundefined - Query executada[39m
    [35menv[39m: "test"
    [35mservice[39m: "aupus-service-api"
    [35mcontext[39m: "Database"
    [35mquery[39m: "SELECT \"public\".\"comentarios_solicitacao_servico\".\"id\", \"public\".\"comentarios_solicitacao_servico\".\"solicitacao_id\", \"public\".\"comentarios_solicitacao_servico\".\"comentario\", \"public\".\"comentarios_solicitacao_servico\".\"autor\", \"public\".\"comentarios_solicitacao_servico\".\"autor_id\", \"public\".\"comentarios_solicitacao_servico\".\"tipo\", \"public\".\"comentarios_solicitacao_servico\".\"privado\", \"public\".\"comentarios_solicitacao_servico\".\"created_at\", \"public\".\"comentarios_solicitacao_servico\".\"updated_at\", \"public\".\"comentarios_solicitacao_servico\".\"deleted_at\" FROM \"public\".\"comentarios_solicitacao_servico\" WHERE \"public\".\"comentarios_solicitacao_servico\".\"solicitacao_id\" IN ($1) ORDER BY \"public\".\"comentarios_solicitacao_servico\".\"created_at\" DESC OFFSET $2"
    [35mparams[39m: "[\"cmmtg8tfx000j2fcwgowy68o9\",0]"
    [35mduration[39m: 3
    [35mtarget[39m: "quaint::connector::metrics"
[2026-03-16 14:20:25.969] [34mDEBUG[39m: [36mundefined - Query executada[39m
    [35menv[39m: "test"
    [35mservice[39m: "aupus-service-api"
    [35mcontext[39m: "Database"
    [35mquery[39m: "BEGIN"
    [35mparams[39m: "[]"
    [35mduration[39m: 2
    [35mtarget[39m: "quaint::connector::metrics"
[2026-03-16 14:20:25.977] [34mDEBUG[39m: [36mundefined - Query executada[39m
    [35menv[39m: "test"
    [35mservice[39m: "aupus-service-api"
    [35mcontext[39m: "Database"
    [35mquery[39m: "UPDATE \"public\".\"solicitacoes_servico\" SET \"status\" = CAST($1::text AS \"public\".\"StatusSolicitacaoServico\"), \"updated_at\" = $2 WHERE (\"public\".\"solicitacoes_servico\".\"id\" = $3 AND 1=1) RETURNING \"public\".\"solicitacoes_servico\".\"id\", \"public\".\"solicitacoes_servico\".\"numero\", \"public\".\"solicitacoes_servico\".\"titulo\", \"public\".\"solicitacoes_servico\".\"descricao\", \"public\".\"solicitacoes_servico\".\"tipo\"::text, \"public\".\"solicitacoes_servico\".\"prioridade\"::text, \"public\".\"solicitacoes_servico\".\"status\"::text, \"public\".\"solicitacoes_servico\".\"origem\"::text, \"public\".\"solicitacoes_servico\".\"planta_id\", \"public\".\"solicitacoes_servico\".\"area\", \"public\".\"solicitacoes_servico\".\"local_especifico\", \"public\".\"solicitacoes_servico\".\"equipamento_id\", \"public\".\"solicitacoes_servico\".\"solicitante_nome\", \"public\".\"solicitacoes_servico\".\"solicitante_email\", \"public\".\"solicitacoes_servico\".\"solicitante_telefone\", \"public\".\"solicitacoes_servico\".\"solicitante_departamento\", \"public\".\"solicitacoes_servico\".\"solicitante_id\", \"public\".\"solicitacoes_servico\".\"data_necessidade\", \"public\".\"solicitacoes_servico\".\"prazo_esperado\", \"public\".\"solicitacoes_servico\".\"data_inicio_previsto\", \"public\".\"solicitacoes_servico\".\"data_fim_previsto\", \"public\".\"solicitacoes_servico\".\"tempo_estimado\", \"public\".\"solicitacoes_servico\".\"custo_estimado\", \"public\".\"solicitacoes_servico\".\"analisado_por_id\", \"public\".\"solicitacoes_servico\".\"data_analise\", \"public\".\"solicitacoes_servico\".\"observacoes_analise\", \"public\".\"solicitacoes_servico\".\"aprovado_por_id\", \"public\".\"solicitacoes_servico\".\"data_aprovacao\", \"public\".\"solicitacoes_servico\".\"observacoes_aprovacao\", \"public\".\"solicitacoes_servico\".\"rejeitado_por_id\", \"public\".\"solicitacoes_servico\".\"data_rejeicao\", \"public\".\"solicitacoes_servico\".\"motivo_rejeicao\", \"public\".\"solicitacoes_servico\".\"cancelado_por_id\", \"public\".\"solicitacoes_servico\".\"data_cancelamento\", \"public\".\"solicitacoes_servico\".\"motivo_cancelamento\", \"public\".\"solicitacoes_servico\".\"concluido_por_id\", \"public\".\"solicitacoes_servico\".\"data_conclusao\", \"public\".\"solicitacoes_servico\".\"observacoes_conclusao\", \"public\".\"solicitacoes_servico\".\"programacao_os_id\", \"public\".\"solicitacoes_servico\".\"os_id\", \"public\".\"solicitacoes_servico\".\"observacoes\", \"public\".\"solicitacoes_servico\".\"requisitos_especiais\", \"public\".\"solicitacoes_servico\".\"riscos_identificados\", \"public\".\"solicitacoes_servico\".\"created_at\", \"public\".\"solicitacoes_servico\".\"updated_at\", \"public\".\"solicitacoes_servico\".\"deleted_at\", \"public\".\"solicitacoes_servico\".\"local\", \"public\".\"solicitacoes_servico\".\"data_solicitacao\", \"public\".\"solicitacoes_servico\".\"prazo_execucao\", \"public\".\"solicitacoes_servico\".\"data_prevista_inicio\", \"public\".\"solicitacoes_servico\".\"data_prevista_fim\", \"public\".\"solicitacoes_servico\".\"justificativa\", \"public\".\"solicitacoes_servico\".\"beneficios_esperados\", \"public\".\"solicitacoes_servico\".\"riscos_nao_execucao\", \"public\".\"solicitacoes_servico\".\"materiais_necessarios\", \"public\".\"solicitacoes_servico\".\"ferramentas_necessarias\", \"public\".\"solicitacoes_servico\".\"mao_obra_necessaria\", \"public\".\"solicitacoes_servico\".\"departamento\", \"public\".\"solicitacoes_servico\".\"contato\", \"public\".\"solicitacoes_servico\".\"analisado_por_nome\", \"public\".\"solicitacoes_servico\".\"parecer_tecnico\", \"public\".\"solicitacoes_servico\".\"aprovado_por_nome\", \"public\".\"solicitacoes_servico\".\"sugestoes_alternativas\", \"public\".\"solicitacoes_servico\".\"cancelado_por_nome\", \"public\".\"solicitacoes_servico\".\"ordem_servico_id\""
    [35mparams[39m: "[\"AGUARDANDO\",\"2026-03-16 17:20:25.972 UTC\",\"cmmtg8tfx000j2fcwgowy68o9\"]"
    [35mduration[39m: 4
    [35mtarget[39m: "quaint::connector::metrics"
[2026-03-16 14:20:25.981] [34mDEBUG[39m: [36mundefined - Query executada[39m
    [35menv[39m: "test"
    [35mservice[39m: "aupus-service-api"
    [35mcontext[39m: "Database"
    [35mquery[39m: "SELECT \"public\".\"solicitacoes_servico\".\"id\", \"public\".\"solicitacoes_servico\".\"numero\", \"public\".\"solicitacoes_servico\".\"titulo\", \"public\".\"solicitacoes_servico\".\"descricao\", \"public\".\"solicitacoes_servico\".\"tipo\"::text, \"public\".\"solicitacoes_servico\".\"prioridade\"::text, \"public\".\"solicitacoes_servico\".\"status\"::text, \"public\".\"solicitacoes_servico\".\"origem\"::text, \"public\".\"solicitacoes_servico\".\"planta_id\", \"public\".\"solicitacoes_servico\".\"area\", \"public\".\"solicitacoes_servico\".\"local_especifico\", \"public\".\"solicitacoes_servico\".\"equipamento_id\", \"public\".\"solicitacoes_servico\".\"solicitante_nome\", \"public\".\"solicitacoes_servico\".\"solicitante_email\", \"public\".\"solicitacoes_servico\".\"solicitante_telefone\", \"public\".\"solicitacoes_servico\".\"solicitante_departamento\", \"public\".\"solicitacoes_servico\".\"solicitante_id\", \"public\".\"solicitacoes_servico\".\"data_necessidade\", \"public\".\"solicitacoes_servico\".\"prazo_esperado\", \"public\".\"solicitacoes_servico\".\"data_inicio_previsto\", \"public\".\"solicitacoes_servico\".\"data_fim_previsto\", \"public\".\"solicitacoes_servico\".\"tempo_estimado\", \"public\".\"solicitacoes_servico\".\"custo_estimado\", \"public\".\"solicitacoes_servico\".\"analisado_por_id\", \"public\".\"solicitacoes_servico\".\"data_analise\", \"public\".\"solicitacoes_servico\".\"observacoes_analise\", \"public\".\"solicitacoes_servico\".\"aprovado_por_id\", \"public\".\"solicitacoes_servico\".\"data_aprovacao\", \"public\".\"solicitacoes_servico\".\"observacoes_aprovacao\", \"public\".\"solicitacoes_servico\".\"rejeitado_por_id\", \"public\".\"solicitacoes_servico\".\"data_rejeicao\", \"public\".\"solicitacoes_servico\".\"motivo_rejeicao\", \"public\".\"solicitacoes_servico\".\"cancelado_por_id\", \"public\".\"solicitacoes_servico\".\"data_cancelamento\", \"public\".\"solicitacoes_servico\".\"motivo_cancelamento\", \"public\".\"solicitacoes_servico\".\"concluido_por_id\", \"public\".\"solicitacoes_servico\".\"data_conclusao\", \"public\".\"solicitacoes_servico\".\"observacoes_conclusao\", \"public\".\"solicitacoes_servico\".\"programacao_os_id\", \"public\".\"solicitacoes_servico\".\"os_id\", \"public\".\"solicitacoes_servico\".\"observacoes\", \"public\".\"solicitacoes_servico\".\"requisitos_especiais\", \"public\".\"solicitacoes_servico\".\"riscos_identificados\", \"public\".\"solicitacoes_servico\".\"created_at\", \"public\".\"solicitacoes_servico\".\"updated_at\", \"public\".\"solicitacoes_servico\".\"deleted_at\", \"public\".\"solicitacoes_servico\".\"local\", \"public\".\"solicitacoes_servico\".\"data_solicitacao\", \"public\".\"solicitacoes_servico\".\"prazo_execucao\", \"public\".\"solicitacoes_servico\".\"data_prevista_inicio\", \"public\".\"solicitacoes_servico\".\"data_prevista_fim\", \"public\".\"solicitacoes_servico\".\"justificativa\", \"public\".\"solicitacoes_servico\".\"beneficios_esperados\", \"public\".\"solicitacoes_servico\".\"riscos_nao_execucao\", \"public\".\"solicitacoes_servico\".\"materiais_necessarios\", \"public\".\"solicitacoes_servico\".\"ferramentas_necessarias\", \"public\".\"solicitacoes_servico\".\"mao_obra_necessaria\", \"public\".\"solicitacoes_servico\".\"departamento\", \"public\".\"solicitacoes_servico\".\"contato\", \"public\".\"solicitacoes_servico\".\"analisado_por_nome\", \"public\".\"solicitacoes_servico\".\"parecer_tecnico\", \"public\".\"solicitacoes_servico\".\"aprovado_por_nome\", \"public\".\"solicitacoes_servico\".\"sugestoes_alternativas\", \"public\".\"solicitacoes_servico\".\"cancelado_por_nome\", \"public\".\"solicitacoes_servico\".\"ordem_servico_id\" FROM \"public\".\"solicitacoes_servico\" WHERE \"public\".\"solicitacoes_servico\".\"id\" = $1 LIMIT $2 OFFSET $3"
    [35mparams[39m: "[\"cmmtg8tfx000j2fcwgowy68o9\",1,0]"
    [35mduration[39m: 2
    [35mtarget[39m: "quaint::connector::metrics"
[2026-03-16 14:20:25.984] [34mDEBUG[39m: [36mundefined - Query executada[39m
    [35menv[39m: "test"
    [35mservice[39m: "aupus-service-api"
    [35mcontext[39m: "Database"
    [35mquery[39m: "SELECT \"public\".\"plantas\".\"id\", \"public\".\"plantas\".\"nome\", \"public\".\"plantas\".\"cnpj\", \"public\".\"plantas\".\"localizacao\", \"public\".\"plantas\".\"horario_funcionamento\", \"public\".\"plantas\".\"logradouro\", \"public\".\"plantas\".\"bairro\", \"public\".\"plantas\".\"cidade\", \"public\".\"plantas\".\"uf\", \"public\".\"plantas\".\"cep\", \"public\".\"plantas\".\"proprietario_id\", \"public\".\"plantas\".\"created_at\", \"public\".\"plantas\".\"updated_at\", \"public\".\"plantas\".\"deleted_at\", \"public\".\"plantas\".\"numero_uc\" FROM \"public\".\"plantas\" WHERE \"public\".\"plantas\".\"id\" IN ($1) OFFSET $2"
    [35mparams[39m: "[\"cmhbyqh6e00012faox255dzla \",0]"
    [35mduration[39m: 2
    [35mtarget[39m: "quaint::connector::metrics"
[2026-03-16 14:20:25.991] [34mDEBUG[39m: [36mundefined - Query executada[39m
    [35menv[39m: "test"
    [35mservice[39m: "aupus-service-api"
    [35mcontext[39m: "Database"
    [35mquery[39m: "INSERT INTO \"public\".\"historico_solicitacao_servico\" (\"id\",\"solicitacao_id\",\"acao\",\"usuario_nome\",\"usuario_id\",\"data\",\"observacoes\",\"status_anterior\",\"status_novo\") VALUES ($1,$2,$3,$4,$5,$6,$7,CAST($8::text AS \"public\".\"StatusSolicitacaoServico\"),CAST($9::text AS \"public\".\"StatusSolicitacaoServico\")) RETURNING \"public\".\"historico_solicitacao_servico\".\"id\", \"public\".\"historico_solicitacao_servico\".\"solicitacao_id\", \"public\".\"historico_solicitacao_servico\".\"acao\", \"public\".\"historico_solicitacao_servico\".\"usuario\", \"public\".\"historico_solicitacao_servico\".\"usuario_nome\", \"public\".\"historico_solicitacao_servico\".\"usuario_id\", \"public\".\"historico_solicitacao_servico\".\"data\", \"public\".\"historico_solicitacao_servico\".\"observacoes\", \"public\".\"historico_solicitacao_servico\".\"status_anterior\"::text, \"public\".\"historico_solicitacao_servico\".\"status_novo\"::text, \"public\".\"historico_solicitacao_servico\".\"dados_extras\""
    [35mparams[39m: "[\"cmmtg8tj7000n2fcwnhly95w4\",\"cmmtg8tfx000j2fcwgowy68o9\",\"ENVIO_ANALISE\",\"Sistema\",\"k6g72ojagrl415bsak6y68qi96\",\"2026-03-16 17:20:25.988 UTC\",\"Solicitação enviada para análise\",\"RASCUNHO\",\"AGUARDANDO\"]"
    [35mduration[39m: 4
    [35mtarget[39m: "quaint::connector::metrics"
[2026-03-16 14:20:26.014] [34mDEBUG[39m: [36mundefined - Query executada[39m
    [35menv[39m: "test"
    [35mservice[39m: "aupus-service-api"
    [35mcontext[39m: "Database"
    [35mquery[39m: "COMMIT"
    [35mparams[39m: "[]"
    [35mduration[39m: 21
    [35mtarget[39m: "quaint::connector::metrics"
[2026-03-16 14:20:26.029] [34mDEBUG[39m: [36mundefined - Query executada[39m
    [35menv[39m: "test"
    [35mservice[39m: "aupus-service-api"
    [35mcontext[39m: "Database"
    [35mquery[39m: "SELECT \"public\".\"usuarios\".\"id\", \"public\".\"usuarios\".\"concessionaria_atual_id\", \"public\".\"usuarios\".\"organizacao_atual_id\", \"public\".\"usuarios\".\"nome\", \"public\".\"usuarios\".\"email\", \"public\".\"usuarios\".\"telefone\", \"public\".\"usuarios\".\"instagram\", \"public\".\"usuarios\".\"status\", \"public\".\"usuarios\".\"cpf_cnpj\", \"public\".\"usuarios\".\"cidade\", \"public\".\"usuarios\".\"estado\", \"public\".\"usuarios\".\"endereco\", \"public\".\"usuarios\".\"cep\", \"public\".\"usuarios\".\"deleted_by\", \"public\".\"usuarios\".\"senha\", \"public\".\"usuarios\".\"remember_token\", \"public\".\"usuarios\".\"deleted_at\", \"public\".\"usuarios\".\"created_at\", \"public\".\"usuarios\".\"updated_at\", \"public\".\"usuarios\".\"role\", \"public\".\"usuarios\".\"manager_id\", \"public\".\"usuarios\".\"is_active\", \"public\".\"usuarios\".\"pix\", \"public\".\"usuarios\".\"avatar_url\", \"public\".\"usuarios\".\"created_by\" FROM \"public\".\"usuarios\" WHERE (\"public\".\"usuarios\".\"id\" = $1 AND \"public\".\"usuarios\".\"deleted_at\" IS NULL) LIMIT $2 OFFSET $3"
    [35mparams[39m: "[\"k6g72ojagrl415bsak6y68qi96\",1,0]"
    [35mduration[39m: 2
    [35mtarget[39m: "quaint::connector::metrics"
[2026-03-16 14:20:26.033] [34mDEBUG[39m: [36mundefined - Query executada[39m
    [35menv[39m: "test"
    [35mservice[39m: "aupus-service-api"
    [35mcontext[39m: "Database"
    [35mquery[39m: "SELECT \"public\".\"usuarios\".\"id\", \"public\".\"usuarios\".\"concessionaria_atual_id\", \"public\".\"usuarios\".\"organizacao_atual_id\", \"public\".\"usuarios\".\"nome\", \"public\".\"usuarios\".\"email\", \"public\".\"usuarios\".\"telefone\", \"public\".\"usuarios\".\"instagram\", \"public\".\"usuarios\".\"status\", \"public\".\"usuarios\".\"cpf_cnpj\", \"public\".\"usuarios\".\"cidade\", \"public\".\"usuarios\".\"estado\", \"public\".\"usuarios\".\"endereco\", \"public\".\"usuarios\".\"cep\", \"public\".\"usuarios\".\"deleted_by\", \"public\".\"usuarios\".\"senha\", \"public\".\"usuarios\".\"remember_token\", \"public\".\"usuarios\".\"deleted_at\", \"public\".\"usuarios\".\"created_at\", \"public\".\"usuarios\".\"updated_at\", \"public\".\"usuarios\".\"role\", \"public\".\"usuarios\".\"manager_id\", \"public\".\"usuarios\".\"is_active\", \"public\".\"usuarios\".\"pix\", \"public\".\"usuarios\".\"avatar_url\", \"public\".\"usuarios\".\"created_by\" FROM \"public\".\"usuarios\" WHERE (\"public\".\"usuarios\".\"id\" = $1 AND \"public\".\"usuarios\".\"deleted_at\" IS NULL) LIMIT $2 OFFSET $3"
    [35mparams[39m: "[\"k6g72ojagrl415bsak6y68qi96\",1,0]"
    [35mduration[39m: 1
    [35mtarget[39m: "quaint::connector::metrics"
[2026-03-16 14:20:26.037] [34mDEBUG[39m: [36mundefined - Query executada[39m
    [35menv[39m: "test"
    [35mservice[39m: "aupus-service-api"
    [35mcontext[39m: "Database"
    [35mquery[39m: "SELECT \"public\".\"model_has_roles\".\"role_id\", \"public\".\"model_has_roles\".\"model_id\", \"public\".\"model_has_roles\".\"model_type\" FROM \"public\".\"model_has_roles\" WHERE (\"public\".\"model_has_roles\".\"model_id\" = $1 AND \"public\".\"model_has_roles\".\"model_type\" = $2) LIMIT $3 OFFSET $4"
    [35mparams[39m: "[\"k6g72ojagrl415bsak6y68qi96\",\"App\Models\User\",1,0]"
    [35mduration[39m: 2
    [35mtarget[39m: "quaint::connector::metrics"
[2026-03-16 14:20:26.039] [34mDEBUG[39m: [36mundefined - Query executada[39m
    [35menv[39m: "test"
    [35mservice[39m: "aupus-service-api"
    [35mcontext[39m: "Database"
    [35mquery[39m: "SELECT \"public\".\"roles\".\"id\", \"public\".\"roles\".\"name\", \"public\".\"roles\".\"guard_name\", \"public\".\"roles\".\"created_at\", \"public\".\"roles\".\"updated_at\" FROM \"public\".\"roles\" WHERE \"public\".\"roles\".\"id\" IN ($1) OFFSET $2"
    [35mparams[39m: "[1,0]"
    [35mduration[39m: 1
    [35mtarget[39m: "quaint::connector::metrics"
[2026-03-16 14:20:26.041] [34mDEBUG[39m: [36mundefined - Query executada[39m
    [35menv[39m: "test"
    [35mservice[39m: "aupus-service-api"
    [35mcontext[39m: "Database"
    [35mquery[39m: "SELECT \"public\".\"role_has_permissions\".\"permission_id\", \"public\".\"role_has_permissions\".\"role_id\" FROM \"public\".\"role_has_permissions\" WHERE \"public\".\"role_has_permissions\".\"role_id\" IN ($1) OFFSET $2"
    [35mparams[39m: "[1,0]"
    [35mduration[39m: 1
    [35mtarget[39m: "quaint::connector::metrics"
[2026-03-16 14:20:26.042] [34mDEBUG[39m: [36mundefined - Query executada[39m
    [35menv[39m: "test"
    [35mservice[39m: "aupus-service-api"
    [35mcontext[39m: "Database"
    [35mquery[39m: "SELECT \"public\".\"permissions\".\"id\", \"public\".\"permissions\".\"name\", \"public\".\"permissions\".\"guard_name\", \"public\".\"permissions\".\"created_at\", \"public\".\"permissions\".\"updated_at\", \"public\".\"permissions\".\"display_name\", \"public\".\"permissions\".\"description\" FROM \"public\".\"permissions\" WHERE \"public\".\"permissions\".\"id\" IN ($1,$2,$3,$4,$5,$6,$7,$8,$9,$10,$11,$12,$13,$14,$15,$16,$17,$18,$19,$20,$21,$22) OFFSET $23"
    [35mparams[39m: "[1,2,3,4,5,6,7,8,9,10,11,12,13,14,15,16,17,18,19,20,21,22,0]"
    [35mduration[39m: 1
    [35mtarget[39m: "quaint::connector::metrics"
[2026-03-16 14:20:26.047] [34mDEBUG[39m: [36mundefined - Query executada[39m
    [35menv[39m: "test"
    [35mservice[39m: "aupus-service-api"
    [35mcontext[39m: "Database"
    [35mquery[39m: "SELECT \"public\".\"model_has_permissions\".\"permission_id\", \"public\".\"model_has_permissions\".\"model_id\", \"public\".\"model_has_permissions\".\"model_type\" FROM \"public\".\"model_has_permissions\" WHERE (\"public\".\"model_has_permissions\".\"model_id\" = $1 AND \"public\".\"model_has_permissions\".\"model_type\" = $2) OFFSET $3"
    [35mparams[39m: "[\"k6g72ojagrl415bsak6y68qi96\",\"App\Models\User\",0]"
    [35mduration[39m: 2
    [35mtarget[39m: "quaint::connector::metrics"
[2026-03-16 14:20:26.055] [34mDEBUG[39m: [36mundefined - Query executada[39m
    [35menv[39m: "test"
    [35mservice[39m: "aupus-service-api"
    [35mcontext[39m: "Database"
    [35mquery[39m: "SELECT \"public\".\"solicitacoes_servico\".\"id\", \"public\".\"solicitacoes_servico\".\"numero\", \"public\".\"solicitacoes_servico\".\"titulo\", \"public\".\"solicitacoes_servico\".\"descricao\", \"public\".\"solicitacoes_servico\".\"tipo\"::text, \"public\".\"solicitacoes_servico\".\"prioridade\"::text, \"public\".\"solicitacoes_servico\".\"status\"::text, \"public\".\"solicitacoes_servico\".\"origem\"::text, \"public\".\"solicitacoes_servico\".\"planta_id\", \"public\".\"solicitacoes_servico\".\"area\", \"public\".\"solicitacoes_servico\".\"local_especifico\", \"public\".\"solicitacoes_servico\".\"equipamento_id\", \"public\".\"solicitacoes_servico\".\"solicitante_nome\", \"public\".\"solicitacoes_servico\".\"solicitante_email\", \"public\".\"solicitacoes_servico\".\"solicitante_telefone\", \"public\".\"solicitacoes_servico\".\"solicitante_departamento\", \"public\".\"solicitacoes_servico\".\"solicitante_id\", \"public\".\"solicitacoes_servico\".\"data_necessidade\", \"public\".\"solicitacoes_servico\".\"prazo_esperado\", \"public\".\"solicitacoes_servico\".\"data_inicio_previsto\", \"public\".\"solicitacoes_servico\".\"data_fim_previsto\", \"public\".\"solicitacoes_servico\".\"tempo_estimado\", \"public\".\"solicitacoes_servico\".\"custo_estimado\", \"public\".\"solicitacoes_servico\".\"analisado_por_id\", \"public\".\"solicitacoes_servico\".\"data_analise\", \"public\".\"solicitacoes_servico\".\"observacoes_analise\", \"public\".\"solicitacoes_servico\".\"aprovado_por_id\", \"public\".\"solicitacoes_servico\".\"data_aprovacao\", \"public\".\"solicitacoes_servico\".\"observacoes_aprovacao\", \"public\".\"solicitacoes_servico\".\"rejeitado_por_id\", \"public\".\"solicitacoes_servico\".\"data_rejeicao\", \"public\".\"solicitacoes_servico\".\"motivo_rejeicao\", \"public\".\"solicitacoes_servico\".\"cancelado_por_id\", \"public\".\"solicitacoes_servico\".\"data_cancelamento\", \"public\".\"solicitacoes_servico\".\"motivo_cancelamento\", \"public\".\"solicitacoes_servico\".\"concluido_por_id\", \"public\".\"solicitacoes_servico\".\"data_conclusao\", \"public\".\"solicitacoes_servico\".\"observacoes_conclusao\", \"public\".\"solicitacoes_servico\".\"programacao_os_id\", \"public\".\"solicitacoes_servico\".\"os_id\", \"public\".\"solicitacoes_servico\".\"observacoes\", \"public\".\"solicitacoes_servico\".\"requisitos_especiais\", \"public\".\"solicitacoes_servico\".\"riscos_identificados\", \"public\".\"solicitacoes_servico\".\"created_at\", \"public\".\"solicitacoes_servico\".\"updated_at\", \"public\".\"solicitacoes_servico\".\"deleted_at\", \"public\".\"solicitacoes_servico\".\"local\", \"public\".\"solicitacoes_servico\".\"data_solicitacao\", \"public\".\"solicitacoes_servico\".\"prazo_execucao\", \"public\".\"solicitacoes_servico\".\"data_prevista_inicio\", \"public\".\"solicitacoes_servico\".\"data_prevista_fim\", \"public\".\"solicitacoes_servico\".\"justificativa\", \"public\".\"solicitacoes_servico\".\"beneficios_esperados\", \"public\".\"solicitacoes_servico\".\"riscos_nao_execucao\", \"public\".\"solicitacoes_servico\".\"materiais_necessarios\", \"public\".\"solicitacoes_servico\".\"ferramentas_necessarias\", \"public\".\"solicitacoes_servico\".\"mao_obra_necessaria\", \"public\".\"solicitacoes_servico\".\"departamento\", \"public\".\"solicitacoes_servico\".\"contato\", \"public\".\"solicitacoes_servico\".\"analisado_por_nome\", \"public\".\"solicitacoes_servico\".\"parecer_tecnico\", \"public\".\"solicitacoes_servico\".\"aprovado_por_nome\", \"public\".\"solicitacoes_servico\".\"sugestoes_alternativas\", \"public\".\"solicitacoes_servico\".\"cancelado_por_nome\", \"public\".\"solicitacoes_servico\".\"ordem_servico_id\" FROM \"public\".\"solicitacoes_servico\" WHERE (\"public\".\"solicitacoes_servico\".\"id\" = $1 AND 1=1) LIMIT $2 OFFSET $3"
    [35mparams[39m: "[\"cmmtg8tfx000j2fcwgowy68o9\",1,0]"
    [35mduration[39m: 3
    [35mtarget[39m: "quaint::connector::metrics"
[2026-03-16 14:20:26.057] [34mDEBUG[39m: [36mundefined - Query executada[39m
    [35menv[39m: "test"
    [35mservice[39m: "aupus-service-api"
    [35mcontext[39m: "Database"
    [35mquery[39m: "SELECT \"public\".\"plantas\".\"id\", \"public\".\"plantas\".\"nome\", \"public\".\"plantas\".\"cnpj\", \"public\".\"plantas\".\"localizacao\", \"public\".\"plantas\".\"horario_funcionamento\", \"public\".\"plantas\".\"logradouro\", \"public\".\"plantas\".\"bairro\", \"public\".\"plantas\".\"cidade\", \"public\".\"plantas\".\"uf\", \"public\".\"plantas\".\"cep\", \"public\".\"plantas\".\"proprietario_id\", \"public\".\"plantas\".\"created_at\", \"public\".\"plantas\".\"updated_at\", \"public\".\"plantas\".\"deleted_at\", \"public\".\"plantas\".\"numero_uc\" FROM \"public\".\"plantas\" WHERE \"public\".\"plantas\".\"id\" IN ($1) OFFSET $2"
    [35mparams[39m: "[\"cmhbyqh6e00012faox255dzla \",0]"
    [35mduration[39m: 2
    [35mtarget[39m: "quaint::connector::metrics"
[2026-03-16 14:20:26.058] [34mDEBUG[39m: [36mundefined - Query executada[39m
    [35menv[39m: "test"
    [35mservice[39m: "aupus-service-api"
    [35mcontext[39m: "Database"
    [35mquery[39m: "SELECT \"public\".\"anexos_solicitacao_servico\".\"id\", \"public\".\"anexos_solicitacao_servico\".\"solicitacao_id\", \"public\".\"anexos_solicitacao_servico\".\"nome_original\", \"public\".\"anexos_solicitacao_servico\".\"nome_arquivo\", \"public\".\"anexos_solicitacao_servico\".\"caminho\", \"public\".\"anexos_solicitacao_servico\".\"tamanho\", \"public\".\"anexos_solicitacao_servico\".\"mime_type\", \"public\".\"anexos_solicitacao_servico\".\"descricao\", \"public\".\"anexos_solicitacao_servico\".\"tipo_documento\", \"public\".\"anexos_solicitacao_servico\".\"uploaded_por\", \"public\".\"anexos_solicitacao_servico\".\"uploaded_por_id\", \"public\".\"anexos_solicitacao_servico\".\"uploaded_at\", \"public\".\"anexos_solicitacao_servico\".\"deleted_at\" FROM \"public\".\"anexos_solicitacao_servico\" WHERE \"public\".\"anexos_solicitacao_servico\".\"solicitacao_id\" IN ($1) OFFSET $2"
    [35mparams[39m: "[\"cmmtg8tfx000j2fcwgowy68o9\",0]"
    [35mduration[39m: 1
    [35mtarget[39m: "quaint::connector::metrics"
[2026-03-16 14:20:26.061] [34mDEBUG[39m: [36mundefined - Query executada[39m
    [35menv[39m: "test"
    [35mservice[39m: "aupus-service-api"
    [35mcontext[39m: "Database"
    [35mquery[39m: "SELECT \"public\".\"historico_solicitacao_servico\".\"id\", \"public\".\"historico_solicitacao_servico\".\"solicitacao_id\", \"public\".\"historico_solicitacao_servico\".\"acao\", \"public\".\"historico_solicitacao_servico\".\"usuario\", \"public\".\"historico_solicitacao_servico\".\"usuario_nome\", \"public\".\"historico_solicitacao_servico\".\"usuario_id\", \"public\".\"historico_solicitacao_servico\".\"data\", \"public\".\"historico_solicitacao_servico\".\"observacoes\", \"public\".\"historico_solicitacao_servico\".\"status_anterior\"::text, \"public\".\"historico_solicitacao_servico\".\"status_novo\"::text, \"public\".\"historico_solicitacao_servico\".\"dados_extras\" FROM \"public\".\"historico_solicitacao_servico\" WHERE \"public\".\"historico_solicitacao_servico\".\"solicitacao_id\" IN ($1) ORDER BY \"public\".\"historico_solicitacao_servico\".\"data\" DESC OFFSET $2"
    [35mparams[39m: "[\"cmmtg8tfx000j2fcwgowy68o9\",0]"
    [35mduration[39m: 2
    [35mtarget[39m: "quaint::connector::metrics"
[2026-03-16 14:20:26.064] [34mDEBUG[39m: [36mundefined - Query executada[39m
    [35menv[39m: "test"
    [35mservice[39m: "aupus-service-api"
    [35mcontext[39m: "Database"
    [35mquery[39m: "SELECT \"public\".\"comentarios_solicitacao_servico\".\"id\", \"public\".\"comentarios_solicitacao_servico\".\"solicitacao_id\", \"public\".\"comentarios_solicitacao_servico\".\"comentario\", \"public\".\"comentarios_solicitacao_servico\".\"autor\", \"public\".\"comentarios_solicitacao_servico\".\"autor_id\", \"public\".\"comentarios_solicitacao_servico\".\"tipo\", \"public\".\"comentarios_solicitacao_servico\".\"privado\", \"public\".\"comentarios_solicitacao_servico\".\"created_at\", \"public\".\"comentarios_solicitacao_servico\".\"updated_at\", \"public\".\"comentarios_solicitacao_servico\".\"deleted_at\" FROM \"public\".\"comentarios_solicitacao_servico\" WHERE \"public\".\"comentarios_solicitacao_servico\".\"solicitacao_id\" IN ($1) ORDER BY \"public\".\"comentarios_solicitacao_servico\".\"created_at\" DESC OFFSET $2"
    [35mparams[39m: "[\"cmmtg8tfx000j2fcwgowy68o9\",0]"
    [35mduration[39m: 2
    [35mtarget[39m: "quaint::connector::metrics"
[2026-03-16 14:20:26.069] [34mDEBUG[39m: [36mundefined - Query executada[39m
    [35menv[39m: "test"
    [35mservice[39m: "aupus-service-api"
    [35mcontext[39m: "Database"
    [35mquery[39m: "BEGIN"
    [35mparams[39m: "[]"
    [35mduration[39m: 2
    [35mtarget[39m: "quaint::connector::metrics"
[2026-03-16 14:20:26.099] [34mDEBUG[39m: [36mundefined - Query executada[39m
    [35menv[39m: "test"
    [35mservice[39m: "aupus-service-api"
    [35mcontext[39m: "Database"
    [35mquery[39m: "UPDATE \"public\".\"solicitacoes_servico\" SET \"status\" = CAST($1::text AS \"public\".\"StatusSolicitacaoServico\"), \"analisado_por_nome\" = $2, \"analisado_por_id\" = $3, \"data_analise\" = $4, \"observacoes_analise\" = $5, \"updated_at\" = $6 WHERE (\"public\".\"solicitacoes_servico\".\"id\" = $7 AND 1=1) RETURNING \"public\".\"solicitacoes_servico\".\"id\", \"public\".\"solicitacoes_servico\".\"numero\", \"public\".\"solicitacoes_servico\".\"titulo\", \"public\".\"solicitacoes_servico\".\"descricao\", \"public\".\"solicitacoes_servico\".\"tipo\"::text, \"public\".\"solicitacoes_servico\".\"prioridade\"::text, \"public\".\"solicitacoes_servico\".\"status\"::text, \"public\".\"solicitacoes_servico\".\"origem\"::text, \"public\".\"solicitacoes_servico\".\"planta_id\", \"public\".\"solicitacoes_servico\".\"area\", \"public\".\"solicitacoes_servico\".\"local_especifico\", \"public\".\"solicitacoes_servico\".\"equipamento_id\", \"public\".\"solicitacoes_servico\".\"solicitante_nome\", \"public\".\"solicitacoes_servico\".\"solicitante_email\", \"public\".\"solicitacoes_servico\".\"solicitante_telefone\", \"public\".\"solicitacoes_servico\".\"solicitante_departamento\", \"public\".\"solicitacoes_servico\".\"solicitante_id\", \"public\".\"solicitacoes_servico\".\"data_necessidade\", \"public\".\"solicitacoes_servico\".\"prazo_esperado\", \"public\".\"solicitacoes_servico\".\"data_inicio_previsto\", \"public\".\"solicitacoes_servico\".\"data_fim_previsto\", \"public\".\"solicitacoes_servico\".\"tempo_estimado\", \"public\".\"solicitacoes_servico\".\"custo_estimado\", \"public\".\"solicitacoes_servico\".\"analisado_por_id\", \"public\".\"solicitacoes_servico\".\"data_analise\", \"public\".\"solicitacoes_servico\".\"observacoes_analise\", \"public\".\"solicitacoes_servico\".\"aprovado_por_id\", \"public\".\"solicitacoes_servico\".\"data_aprovacao\", \"public\".\"solicitacoes_servico\".\"observacoes_aprovacao\", \"public\".\"solicitacoes_servico\".\"rejeitado_por_id\", \"public\".\"solicitacoes_servico\".\"data_rejeicao\", \"public\".\"solicitacoes_servico\".\"motivo_rejeicao\", \"public\".\"solicitacoes_servico\".\"cancelado_por_id\", \"public\".\"solicitacoes_servico\".\"data_cancelamento\", \"public\".\"solicitacoes_servico\".\"motivo_cancelamento\", \"public\".\"solicitacoes_servico\".\"concluido_por_id\", \"public\".\"solicitacoes_servico\".\"data_conclusao\", \"public\".\"solicitacoes_servico\".\"observacoes_conclusao\", \"public\".\"solicitacoes_servico\".\"programacao_os_id\", \"public\".\"solicitacoes_servico\".\"os_id\", \"public\".\"solicitacoes_servico\".\"observacoes\", \"public\".\"solicitacoes_servico\".\"requisitos_especiais\", \"public\".\"solicitacoes_servico\".\"riscos_identificados\", \"public\".\"solicitacoes_servico\".\"created_at\", \"public\".\"solicitacoes_servico\".\"updated_at\", \"public\".\"solicitacoes_servico\".\"deleted_at\", \"public\".\"solicitacoes_servico\".\"local\", \"public\".\"solicitacoes_servico\".\"data_solicitacao\", \"public\".\"solicitacoes_servico\".\"prazo_execucao\", \"public\".\"solicitacoes_servico\".\"data_prevista_inicio\", \"public\".\"solicitacoes_servico\".\"data_prevista_fim\", \"public\".\"solicitacoes_servico\".\"justificativa\", \"public\".\"solicitacoes_servico\".\"beneficios_esperados\", \"public\".\"solicitacoes_servico\".\"riscos_nao_execucao\", \"public\".\"solicitacoes_servico\".\"materiais_necessarios\", \"public\".\"solicitacoes_servico\".\"ferramentas_necessarias\", \"public\".\"solicitacoes_servico\".\"mao_obra_necessaria\", \"public\".\"solicitacoes_servico\".\"departamento\", \"public\".\"solicitacoes_servico\".\"contato\", \"public\".\"solicitacoes_servico\".\"analisado_por_nome\", \"public\".\"solicitacoes_servico\".\"parecer_tecnico\", \"public\".\"solicitacoes_servico\".\"aprovado_por_nome\", \"public\".\"solicitacoes_servico\".\"sugestoes_alternativas\", \"public\".\"solicitacoes_servico\".\"cancelado_por_nome\", \"public\".\"solicitacoes_servico\".\"ordem_servico_id\""
    [35mparams[39m: "[\"EM_ANALISE\",\"Admin\",\"k6g72ojagrl415bsak6y68qi96\",\"2026-03-16 17:20:26.071 UTC\",\"Em análise\",\"2026-03-16 17:20:26.074 UTC\",\"cmmtg8tfx000j2fcwgowy68o9\"]"
    [35mduration[39m: 23
    [35mtarget[39m: "quaint::connector::metrics"
[2026-03-16 14:20:26.103] [34mDEBUG[39m: [36mundefined - Query executada[39m
    [35menv[39m: "test"
    [35mservice[39m: "aupus-service-api"
    [35mcontext[39m: "Database"
    [35mquery[39m: "SELECT \"public\".\"solicitacoes_servico\".\"id\", \"public\".\"solicitacoes_servico\".\"numero\", \"public\".\"solicitacoes_servico\".\"titulo\", \"public\".\"solicitacoes_servico\".\"descricao\", \"public\".\"solicitacoes_servico\".\"tipo\"::text, \"public\".\"solicitacoes_servico\".\"prioridade\"::text, \"public\".\"solicitacoes_servico\".\"status\"::text, \"public\".\"solicitacoes_servico\".\"origem\"::text, \"public\".\"solicitacoes_servico\".\"planta_id\", \"public\".\"solicitacoes_servico\".\"area\", \"public\".\"solicitacoes_servico\".\"local_especifico\", \"public\".\"solicitacoes_servico\".\"equipamento_id\", \"public\".\"solicitacoes_servico\".\"solicitante_nome\", \"public\".\"solicitacoes_servico\".\"solicitante_email\", \"public\".\"solicitacoes_servico\".\"solicitante_telefone\", \"public\".\"solicitacoes_servico\".\"solicitante_departamento\", \"public\".\"solicitacoes_servico\".\"solicitante_id\", \"public\".\"solicitacoes_servico\".\"data_necessidade\", \"public\".\"solicitacoes_servico\".\"prazo_esperado\", \"public\".\"solicitacoes_servico\".\"data_inicio_previsto\", \"public\".\"solicitacoes_servico\".\"data_fim_previsto\", \"public\".\"solicitacoes_servico\".\"tempo_estimado\", \"public\".\"solicitacoes_servico\".\"custo_estimado\", \"public\".\"solicitacoes_servico\".\"analisado_por_id\", \"public\".\"solicitacoes_servico\".\"data_analise\", \"public\".\"solicitacoes_servico\".\"observacoes_analise\", \"public\".\"solicitacoes_servico\".\"aprovado_por_id\", \"public\".\"solicitacoes_servico\".\"data_aprovacao\", \"public\".\"solicitacoes_servico\".\"observacoes_aprovacao\", \"public\".\"solicitacoes_servico\".\"rejeitado_por_id\", \"public\".\"solicitacoes_servico\".\"data_rejeicao\", \"public\".\"solicitacoes_servico\".\"motivo_rejeicao\", \"public\".\"solicitacoes_servico\".\"cancelado_por_id\", \"public\".\"solicitacoes_servico\".\"data_cancelamento\", \"public\".\"solicitacoes_servico\".\"motivo_cancelamento\", \"public\".\"solicitacoes_servico\".\"concluido_por_id\", \"public\".\"solicitacoes_servico\".\"data_conclusao\", \"public\".\"solicitacoes_servico\".\"observacoes_conclusao\", \"public\".\"solicitacoes_servico\".\"programacao_os_id\", \"public\".\"solicitacoes_servico\".\"os_id\", \"public\".\"solicitacoes_servico\".\"observacoes\", \"public\".\"solicitacoes_servico\".\"requisitos_especiais\", \"public\".\"solicitacoes_servico\".\"riscos_identificados\", \"public\".\"solicitacoes_servico\".\"created_at\", \"public\".\"solicitacoes_servico\".\"updated_at\", \"public\".\"solicitacoes_servico\".\"deleted_at\", \"public\".\"solicitacoes_servico\".\"local\", \"public\".\"solicitacoes_servico\".\"data_solicitacao\", \"public\".\"solicitacoes_servico\".\"prazo_execucao\", \"public\".\"solicitacoes_servico\".\"data_prevista_inicio\", \"public\".\"solicitacoes_servico\".\"data_prevista_fim\", \"public\".\"solicitacoes_servico\".\"justificativa\", \"public\".\"solicitacoes_servico\".\"beneficios_esperados\", \"public\".\"solicitacoes_servico\".\"riscos_nao_execucao\", \"public\".\"solicitacoes_servico\".\"materiais_necessarios\", \"public\".\"solicitacoes_servico\".\"ferramentas_necessarias\", \"public\".\"solicitacoes_servico\".\"mao_obra_necessaria\", \"public\".\"solicitacoes_servico\".\"departamento\", \"public\".\"solicitacoes_servico\".\"contato\", \"public\".\"solicitacoes_servico\".\"analisado_por_nome\", \"public\".\"solicitacoes_servico\".\"parecer_tecnico\", \"public\".\"solicitacoes_servico\".\"aprovado_por_nome\", \"public\".\"solicitacoes_servico\".\"sugestoes_alternativas\", \"public\".\"solicitacoes_servico\".\"cancelado_por_nome\", \"public\".\"solicitacoes_servico\".\"ordem_servico_id\" FROM \"public\".\"solicitacoes_servico\" WHERE \"public\".\"solicitacoes_servico\".\"id\" = $1 LIMIT $2 OFFSET $3"
    [35mparams[39m: "[\"cmmtg8tfx000j2fcwgowy68o9\",1,0]"
    [35mduration[39m: 3
    [35mtarget[39m: "quaint::connector::metrics"
[2026-03-16 14:20:26.105] [34mDEBUG[39m: [36mundefined - Query executada[39m
    [35menv[39m: "test"
    [35mservice[39m: "aupus-service-api"
    [35mcontext[39m: "Database"
    [35mquery[39m: "SELECT \"public\".\"plantas\".\"id\", \"public\".\"plantas\".\"nome\", \"public\".\"plantas\".\"cnpj\", \"public\".\"plantas\".\"localizacao\", \"public\".\"plantas\".\"horario_funcionamento\", \"public\".\"plantas\".\"logradouro\", \"public\".\"plantas\".\"bairro\", \"public\".\"plantas\".\"cidade\", \"public\".\"plantas\".\"uf\", \"public\".\"plantas\".\"cep\", \"public\".\"plantas\".\"proprietario_id\", \"public\".\"plantas\".\"created_at\", \"public\".\"plantas\".\"updated_at\", \"public\".\"plantas\".\"deleted_at\", \"public\".\"plantas\".\"numero_uc\" FROM \"public\".\"plantas\" WHERE \"public\".\"plantas\".\"id\" IN ($1) OFFSET $2"
    [35mparams[39m: "[\"cmhbyqh6e00012faox255dzla \",0]"
    [35mduration[39m: 2
    [35mtarget[39m: "quaint::connector::metrics"
[2026-03-16 14:20:26.111] [34mDEBUG[39m: [36mundefined - Query executada[39m
    [35menv[39m: "test"
    [35mservice[39m: "aupus-service-api"
    [35mcontext[39m: "Database"
    [35mquery[39m: "INSERT INTO \"public\".\"historico_solicitacao_servico\" (\"id\",\"solicitacao_id\",\"acao\",\"usuario_nome\",\"usuario_id\",\"data\",\"observacoes\",\"status_anterior\",\"status_novo\") VALUES ($1,$2,$3,$4,$5,$6,$7,CAST($8::text AS \"public\".\"StatusSolicitacaoServico\"),CAST($9::text AS \"public\".\"StatusSolicitacaoServico\")) RETURNING \"public\".\"historico_solicitacao_servico\".\"id\", \"public\".\"historico_solicitacao_servico\".\"solicitacao_id\", \"public\".\"historico_solicitacao_servico\".\"acao\", \"public\".\"historico_solicitacao_servico\".\"usuario\", \"public\".\"historico_solicitacao_servico\".\"usuario_nome\", \"public\".\"historico_solicitacao_servico\".\"usuario_id\", \"public\".\"historico_solicitacao_servico\".\"data\", \"public\".\"historico_solicitacao_servico\".\"observacoes\", \"public\".\"historico_solicitacao_servico\".\"status_anterior\"::text, \"public\".\"historico_solicitacao_servico\".\"status_novo\"::text, \"public\".\"historico_solicitacao_servico\".\"dados_extras\""
    [35mparams[39m: "[\"cmmtg8tmk000p2fcwqs3x9g87\",\"cmmtg8tfx000j2fcwgowy68o9\",\"INICIO_ANALISE\",\"Admin\",\"k6g72ojagrl415bsak6y68qi96\",\"2026-03-16 17:20:26.109 UTC\",\"Em análise\",\"AGUARDANDO\",\"EM_ANALISE\"]"
    [35mduration[39m: 2
    [35mtarget[39m: "quaint::connector::metrics"
[2026-03-16 14:20:26.143] [34mDEBUG[39m: [36mundefined - Query executada[39m
    [35menv[39m: "test"
    [35mservice[39m: "aupus-service-api"
    [35mcontext[39m: "Database"
    [35mquery[39m: "COMMIT"
    [35mparams[39m: "[]"
    [35mduration[39m: 31
    [35mtarget[39m: "quaint::connector::metrics"
[2026-03-16 14:20:26.162] [34mDEBUG[39m: [36mundefined - Query executada[39m
    [35menv[39m: "test"
    [35mservice[39m: "aupus-service-api"
    [35mcontext[39m: "Database"
    [35mquery[39m: "SELECT \"public\".\"usuarios\".\"id\", \"public\".\"usuarios\".\"concessionaria_atual_id\", \"public\".\"usuarios\".\"organizacao_atual_id\", \"public\".\"usuarios\".\"nome\", \"public\".\"usuarios\".\"email\", \"public\".\"usuarios\".\"telefone\", \"public\".\"usuarios\".\"instagram\", \"public\".\"usuarios\".\"status\", \"public\".\"usuarios\".\"cpf_cnpj\", \"public\".\"usuarios\".\"cidade\", \"public\".\"usuarios\".\"estado\", \"public\".\"usuarios\".\"endereco\", \"public\".\"usuarios\".\"cep\", \"public\".\"usuarios\".\"deleted_by\", \"public\".\"usuarios\".\"senha\", \"public\".\"usuarios\".\"remember_token\", \"public\".\"usuarios\".\"deleted_at\", \"public\".\"usuarios\".\"created_at\", \"public\".\"usuarios\".\"updated_at\", \"public\".\"usuarios\".\"role\", \"public\".\"usuarios\".\"manager_id\", \"public\".\"usuarios\".\"is_active\", \"public\".\"usuarios\".\"pix\", \"public\".\"usuarios\".\"avatar_url\", \"public\".\"usuarios\".\"created_by\" FROM \"public\".\"usuarios\" WHERE (\"public\".\"usuarios\".\"id\" = $1 AND \"public\".\"usuarios\".\"deleted_at\" IS NULL) LIMIT $2 OFFSET $3"
    [35mparams[39m: "[\"k6g72ojagrl415bsak6y68qi96\",1,0]"
    [35mduration[39m: 3
    [35mtarget[39m: "quaint::connector::metrics"
[2026-03-16 14:20:26.172] [34mDEBUG[39m: [36mundefined - Query executada[39m
    [35menv[39m: "test"
    [35mservice[39m: "aupus-service-api"
    [35mcontext[39m: "Database"
    [35mquery[39m: "SELECT \"public\".\"usuarios\".\"id\", \"public\".\"usuarios\".\"concessionaria_atual_id\", \"public\".\"usuarios\".\"organizacao_atual_id\", \"public\".\"usuarios\".\"nome\", \"public\".\"usuarios\".\"email\", \"public\".\"usuarios\".\"telefone\", \"public\".\"usuarios\".\"instagram\", \"public\".\"usuarios\".\"status\", \"public\".\"usuarios\".\"cpf_cnpj\", \"public\".\"usuarios\".\"cidade\", \"public\".\"usuarios\".\"estado\", \"public\".\"usuarios\".\"endereco\", \"public\".\"usuarios\".\"cep\", \"public\".\"usuarios\".\"deleted_by\", \"public\".\"usuarios\".\"senha\", \"public\".\"usuarios\".\"remember_token\", \"public\".\"usuarios\".\"deleted_at\", \"public\".\"usuarios\".\"created_at\", \"public\".\"usuarios\".\"updated_at\", \"public\".\"usuarios\".\"role\", \"public\".\"usuarios\".\"manager_id\", \"public\".\"usuarios\".\"is_active\", \"public\".\"usuarios\".\"pix\", \"public\".\"usuarios\".\"avatar_url\", \"public\".\"usuarios\".\"created_by\" FROM \"public\".\"usuarios\" WHERE (\"public\".\"usuarios\".\"id\" = $1 AND \"public\".\"usuarios\".\"deleted_at\" IS NULL) LIMIT $2 OFFSET $3"
    [35mparams[39m: "[\"k6g72ojagrl415bsak6y68qi96\",1,0]"
    [35mduration[39m: 3
    [35mtarget[39m: "quaint::connector::metrics"
[2026-03-16 14:20:26.182] [34mDEBUG[39m: [36mundefined - Query executada[39m
    [35menv[39m: "test"
    [35mservice[39m: "aupus-service-api"
    [35mcontext[39m: "Database"
    [35mquery[39m: "SELECT \"public\".\"model_has_roles\".\"role_id\", \"public\".\"model_has_roles\".\"model_id\", \"public\".\"model_has_roles\".\"model_type\" FROM \"public\".\"model_has_roles\" WHERE (\"public\".\"model_has_roles\".\"model_id\" = $1 AND \"public\".\"model_has_roles\".\"model_type\" = $2) LIMIT $3 OFFSET $4"
    [35mparams[39m: "[\"k6g72ojagrl415bsak6y68qi96\",\"App\Models\User\",1,0]"
    [35mduration[39m: 5
    [35mtarget[39m: "quaint::connector::metrics"
[2026-03-16 14:20:26.187] [34mDEBUG[39m: [36mundefined - Query executada[39m
    [35menv[39m: "test"
    [35mservice[39m: "aupus-service-api"
    [35mcontext[39m: "Database"
    [35mquery[39m: "SELECT \"public\".\"roles\".\"id\", \"public\".\"roles\".\"name\", \"public\".\"roles\".\"guard_name\", \"public\".\"roles\".\"created_at\", \"public\".\"roles\".\"updated_at\" FROM \"public\".\"roles\" WHERE \"public\".\"roles\".\"id\" IN ($1) OFFSET $2"
    [35mparams[39m: "[1,0]"
    [35mduration[39m: 3
    [35mtarget[39m: "quaint::connector::metrics"
[2026-03-16 14:20:26.191] [34mDEBUG[39m: [36mundefined - Query executada[39m
    [35menv[39m: "test"
    [35mservice[39m: "aupus-service-api"
    [35mcontext[39m: "Database"
    [35mquery[39m: "SELECT \"public\".\"role_has_permissions\".\"permission_id\", \"public\".\"role_has_permissions\".\"role_id\" FROM \"public\".\"role_has_permissions\" WHERE \"public\".\"role_has_permissions\".\"role_id\" IN ($1) OFFSET $2"
    [35mparams[39m: "[1,0]"
    [35mduration[39m: 4
    [35mtarget[39m: "quaint::connector::metrics"
[2026-03-16 14:20:26.197] [34mDEBUG[39m: [36mundefined - Query executada[39m
    [35menv[39m: "test"
    [35mservice[39m: "aupus-service-api"
    [35mcontext[39m: "Database"
    [35mquery[39m: "SELECT \"public\".\"permissions\".\"id\", \"public\".\"permissions\".\"name\", \"public\".\"permissions\".\"guard_name\", \"public\".\"permissions\".\"created_at\", \"public\".\"permissions\".\"updated_at\", \"public\".\"permissions\".\"display_name\", \"public\".\"permissions\".\"description\" FROM \"public\".\"permissions\" WHERE \"public\".\"permissions\".\"id\" IN ($1,$2,$3,$4,$5,$6,$7,$8,$9,$10,$11,$12,$13,$14,$15,$16,$17,$18,$19,$20,$21,$22) OFFSET $23"
    [35mparams[39m: "[1,2,3,4,5,6,7,8,9,10,11,12,13,14,15,16,17,18,19,20,21,22,0]"
    [35mduration[39m: 4
    [35mtarget[39m: "quaint::connector::metrics"
[2026-03-16 14:20:26.206] [34mDEBUG[39m: [36mundefined - Query executada[39m
    [35menv[39m: "test"
    [35mservice[39m: "aupus-service-api"
    [35mcontext[39m: "Database"
    [35mquery[39m: "SELECT \"public\".\"model_has_permissions\".\"permission_id\", \"public\".\"model_has_permissions\".\"model_id\", \"public\".\"model_has_permissions\".\"model_type\" FROM \"public\".\"model_has_permissions\" WHERE (\"public\".\"model_has_permissions\".\"model_id\" = $1 AND \"public\".\"model_has_permissions\".\"model_type\" = $2) OFFSET $3"
    [35mparams[39m: "[\"k6g72ojagrl415bsak6y68qi96\",\"App\Models\User\",0]"
    [35mduration[39m: 3
    [35mtarget[39m: "quaint::connector::metrics"
[2026-03-16 14:20:26.218] [34mDEBUG[39m: [36mundefined - Query executada[39m
    [35menv[39m: "test"
    [35mservice[39m: "aupus-service-api"
    [35mcontext[39m: "Database"
    [35mquery[39m: "SELECT \"public\".\"solicitacoes_servico\".\"id\", \"public\".\"solicitacoes_servico\".\"numero\", \"public\".\"solicitacoes_servico\".\"titulo\", \"public\".\"solicitacoes_servico\".\"descricao\", \"public\".\"solicitacoes_servico\".\"tipo\"::text, \"public\".\"solicitacoes_servico\".\"prioridade\"::text, \"public\".\"solicitacoes_servico\".\"status\"::text, \"public\".\"solicitacoes_servico\".\"origem\"::text, \"public\".\"solicitacoes_servico\".\"planta_id\", \"public\".\"solicitacoes_servico\".\"area\", \"public\".\"solicitacoes_servico\".\"local_especifico\", \"public\".\"solicitacoes_servico\".\"equipamento_id\", \"public\".\"solicitacoes_servico\".\"solicitante_nome\", \"public\".\"solicitacoes_servico\".\"solicitante_email\", \"public\".\"solicitacoes_servico\".\"solicitante_telefone\", \"public\".\"solicitacoes_servico\".\"solicitante_departamento\", \"public\".\"solicitacoes_servico\".\"solicitante_id\", \"public\".\"solicitacoes_servico\".\"data_necessidade\", \"public\".\"solicitacoes_servico\".\"prazo_esperado\", \"public\".\"solicitacoes_servico\".\"data_inicio_previsto\", \"public\".\"solicitacoes_servico\".\"data_fim_previsto\", \"public\".\"solicitacoes_servico\".\"tempo_estimado\", \"public\".\"solicitacoes_servico\".\"custo_estimado\", \"public\".\"solicitacoes_servico\".\"analisado_por_id\", \"public\".\"solicitacoes_servico\".\"data_analise\", \"public\".\"solicitacoes_servico\".\"observacoes_analise\", \"public\".\"solicitacoes_servico\".\"aprovado_por_id\", \"public\".\"solicitacoes_servico\".\"data_aprovacao\", \"public\".\"solicitacoes_servico\".\"observacoes_aprovacao\", \"public\".\"solicitacoes_servico\".\"rejeitado_por_id\", \"public\".\"solicitacoes_servico\".\"data_rejeicao\", \"public\".\"solicitacoes_servico\".\"motivo_rejeicao\", \"public\".\"solicitacoes_servico\".\"cancelado_por_id\", \"public\".\"solicitacoes_servico\".\"data_cancelamento\", \"public\".\"solicitacoes_servico\".\"motivo_cancelamento\", \"public\".\"solicitacoes_servico\".\"concluido_por_id\", \"public\".\"solicitacoes_servico\".\"data_conclusao\", \"public\".\"solicitacoes_servico\".\"observacoes_conclusao\", \"public\".\"solicitacoes_servico\".\"programacao_os_id\", \"public\".\"solicitacoes_servico\".\"os_id\", \"public\".\"solicitacoes_servico\".\"observacoes\", \"public\".\"solicitacoes_servico\".\"requisitos_especiais\", \"public\".\"solicitacoes_servico\".\"riscos_identificados\", \"public\".\"solicitacoes_servico\".\"created_at\", \"public\".\"solicitacoes_servico\".\"updated_at\", \"public\".\"solicitacoes_servico\".\"deleted_at\", \"public\".\"solicitacoes_servico\".\"local\", \"public\".\"solicitacoes_servico\".\"data_solicitacao\", \"public\".\"solicitacoes_servico\".\"prazo_execucao\", \"public\".\"solicitacoes_servico\".\"data_prevista_inicio\", \"public\".\"solicitacoes_servico\".\"data_prevista_fim\", \"public\".\"solicitacoes_servico\".\"justificativa\", \"public\".\"solicitacoes_servico\".\"beneficios_esperados\", \"public\".\"solicitacoes_servico\".\"riscos_nao_execucao\", \"public\".\"solicitacoes_servico\".\"materiais_necessarios\", \"public\".\"solicitacoes_servico\".\"ferramentas_necessarias\", \"public\".\"solicitacoes_servico\".\"mao_obra_necessaria\", \"public\".\"solicitacoes_servico\".\"departamento\", \"public\".\"solicitacoes_servico\".\"contato\", \"public\".\"solicitacoes_servico\".\"analisado_por_nome\", \"public\".\"solicitacoes_servico\".\"parecer_tecnico\", \"public\".\"solicitacoes_servico\".\"aprovado_por_nome\", \"public\".\"solicitacoes_servico\".\"sugestoes_alternativas\", \"public\".\"solicitacoes_servico\".\"cancelado_por_nome\", \"public\".\"solicitacoes_servico\".\"ordem_servico_id\" FROM \"public\".\"solicitacoes_servico\" WHERE (\"public\".\"solicitacoes_servico\".\"id\" = $1 AND 1=1) LIMIT $2 OFFSET $3"
    [35mparams[39m: "[\"cmmtg8tfx000j2fcwgowy68o9\",1,0]"
    [35mduration[39m: 4
    [35mtarget[39m: "quaint::connector::metrics"
[2026-03-16 14:20:26.222] [34mDEBUG[39m: [36mundefined - Query executada[39m
    [35menv[39m: "test"
    [35mservice[39m: "aupus-service-api"
    [35mcontext[39m: "Database"
    [35mquery[39m: "SELECT \"public\".\"plantas\".\"id\", \"public\".\"plantas\".\"nome\", \"public\".\"plantas\".\"cnpj\", \"public\".\"plantas\".\"localizacao\", \"public\".\"plantas\".\"horario_funcionamento\", \"public\".\"plantas\".\"logradouro\", \"public\".\"plantas\".\"bairro\", \"public\".\"plantas\".\"cidade\", \"public\".\"plantas\".\"uf\", \"public\".\"plantas\".\"cep\", \"public\".\"plantas\".\"proprietario_id\", \"public\".\"plantas\".\"created_at\", \"public\".\"plantas\".\"updated_at\", \"public\".\"plantas\".\"deleted_at\", \"public\".\"plantas\".\"numero_uc\" FROM \"public\".\"plantas\" WHERE \"public\".\"plantas\".\"id\" IN ($1) OFFSET $2"
    [35mparams[39m: "[\"cmhbyqh6e00012faox255dzla \",0]"
    [35mduration[39m: 3
    [35mtarget[39m: "quaint::connector::metrics"
[2026-03-16 14:20:26.224] [34mDEBUG[39m: [36mundefined - Query executada[39m
    [35menv[39m: "test"
    [35mservice[39m: "aupus-service-api"
    [35mcontext[39m: "Database"
    [35mquery[39m: "SELECT \"public\".\"anexos_solicitacao_servico\".\"id\", \"public\".\"anexos_solicitacao_servico\".\"solicitacao_id\", \"public\".\"anexos_solicitacao_servico\".\"nome_original\", \"public\".\"anexos_solicitacao_servico\".\"nome_arquivo\", \"public\".\"anexos_solicitacao_servico\".\"caminho\", \"public\".\"anexos_solicitacao_servico\".\"tamanho\", \"public\".\"anexos_solicitacao_servico\".\"mime_type\", \"public\".\"anexos_solicitacao_servico\".\"descricao\", \"public\".\"anexos_solicitacao_servico\".\"tipo_documento\", \"public\".\"anexos_solicitacao_servico\".\"uploaded_por\", \"public\".\"anexos_solicitacao_servico\".\"uploaded_por_id\", \"public\".\"anexos_solicitacao_servico\".\"uploaded_at\", \"public\".\"anexos_solicitacao_servico\".\"deleted_at\" FROM \"public\".\"anexos_solicitacao_servico\" WHERE \"public\".\"anexos_solicitacao_servico\".\"solicitacao_id\" IN ($1) OFFSET $2"
    [35mparams[39m: "[\"cmmtg8tfx000j2fcwgowy68o9\",0]"
    [35mduration[39m: 1
    [35mtarget[39m: "quaint::connector::metrics"
[2026-03-16 14:20:26.227] [34mDEBUG[39m: [36mundefined - Query executada[39m
    [35menv[39m: "test"
    [35mservice[39m: "aupus-service-api"
    [35mcontext[39m: "Database"
    [35mquery[39m: "SELECT \"public\".\"historico_solicitacao_servico\".\"id\", \"public\".\"historico_solicitacao_servico\".\"solicitacao_id\", \"public\".\"historico_solicitacao_servico\".\"acao\", \"public\".\"historico_solicitacao_servico\".\"usuario\", \"public\".\"historico_solicitacao_servico\".\"usuario_nome\", \"public\".\"historico_solicitacao_servico\".\"usuario_id\", \"public\".\"historico_solicitacao_servico\".\"data\", \"public\".\"historico_solicitacao_servico\".\"observacoes\", \"public\".\"historico_solicitacao_servico\".\"status_anterior\"::text, \"public\".\"historico_solicitacao_servico\".\"status_novo\"::text, \"public\".\"historico_solicitacao_servico\".\"dados_extras\" FROM \"public\".\"historico_solicitacao_servico\" WHERE \"public\".\"historico_solicitacao_servico\".\"solicitacao_id\" IN ($1) ORDER BY \"public\".\"historico_solicitacao_servico\".\"data\" DESC OFFSET $2"
    [35mparams[39m: "[\"cmmtg8tfx000j2fcwgowy68o9\",0]"
    [35mduration[39m: 2
    [35mtarget[39m: "quaint::connector::metrics"
[2026-03-16 14:20:26.230] [34mDEBUG[39m: [36mundefined - Query executada[39m
    [35menv[39m: "test"
    [35mservice[39m: "aupus-service-api"
    [35mcontext[39m: "Database"
    [35mquery[39m: "SELECT \"public\".\"comentarios_solicitacao_servico\".\"id\", \"public\".\"comentarios_solicitacao_servico\".\"solicitacao_id\", \"public\".\"comentarios_solicitacao_servico\".\"comentario\", \"public\".\"comentarios_solicitacao_servico\".\"autor\", \"public\".\"comentarios_solicitacao_servico\".\"autor_id\", \"public\".\"comentarios_solicitacao_servico\".\"tipo\", \"public\".\"comentarios_solicitacao_servico\".\"privado\", \"public\".\"comentarios_solicitacao_servico\".\"created_at\", \"public\".\"comentarios_solicitacao_servico\".\"updated_at\", \"public\".\"comentarios_solicitacao_servico\".\"deleted_at\" FROM \"public\".\"comentarios_solicitacao_servico\" WHERE \"public\".\"comentarios_solicitacao_servico\".\"solicitacao_id\" IN ($1) ORDER BY \"public\".\"comentarios_solicitacao_servico\".\"created_at\" DESC OFFSET $2"
    [35mparams[39m: "[\"cmmtg8tfx000j2fcwgowy68o9\",0]"
    [35mduration[39m: 3
    [35mtarget[39m: "quaint::connector::metrics"
[2026-03-16 14:20:26.233] [34mDEBUG[39m: [36mundefined - Query executada[39m
    [35menv[39m: "test"
    [35mservice[39m: "aupus-service-api"
    [35mcontext[39m: "Database"
    [35mquery[39m: "BEGIN"
    [35mparams[39m: "[]"
    [35mduration[39m: 2
    [35mtarget[39m: "quaint::connector::metrics"
[2026-03-16 14:20:26.243] [34mDEBUG[39m: [36mundefined - Query executada[39m
    [35menv[39m: "test"
    [35mservice[39m: "aupus-service-api"
    [35mcontext[39m: "Database"
    [35mquery[39m: "UPDATE \"public\".\"solicitacoes_servico\" SET \"status\" = CAST($1::text AS \"public\".\"StatusSolicitacaoServico\"), \"motivo_rejeicao\" = $2, \"sugestoes_alternativas\" = $3, \"updated_at\" = $4 WHERE (\"public\".\"solicitacoes_servico\".\"id\" = $5 AND 1=1) RETURNING \"public\".\"solicitacoes_servico\".\"id\", \"public\".\"solicitacoes_servico\".\"numero\", \"public\".\"solicitacoes_servico\".\"titulo\", \"public\".\"solicitacoes_servico\".\"descricao\", \"public\".\"solicitacoes_servico\".\"tipo\"::text, \"public\".\"solicitacoes_servico\".\"prioridade\"::text, \"public\".\"solicitacoes_servico\".\"status\"::text, \"public\".\"solicitacoes_servico\".\"origem\"::text, \"public\".\"solicitacoes_servico\".\"planta_id\", \"public\".\"solicitacoes_servico\".\"area\", \"public\".\"solicitacoes_servico\".\"local_especifico\", \"public\".\"solicitacoes_servico\".\"equipamento_id\", \"public\".\"solicitacoes_servico\".\"solicitante_nome\", \"public\".\"solicitacoes_servico\".\"solicitante_email\", \"public\".\"solicitacoes_servico\".\"solicitante_telefone\", \"public\".\"solicitacoes_servico\".\"solicitante_departamento\", \"public\".\"solicitacoes_servico\".\"solicitante_id\", \"public\".\"solicitacoes_servico\".\"data_necessidade\", \"public\".\"solicitacoes_servico\".\"prazo_esperado\", \"public\".\"solicitacoes_servico\".\"data_inicio_previsto\", \"public\".\"solicitacoes_servico\".\"data_fim_previsto\", \"public\".\"solicitacoes_servico\".\"tempo_estimado\", \"public\".\"solicitacoes_servico\".\"custo_estimado\", \"public\".\"solicitacoes_servico\".\"analisado_por_id\", \"public\".\"solicitacoes_servico\".\"data_analise\", \"public\".\"solicitacoes_servico\".\"observacoes_analise\", \"public\".\"solicitacoes_servico\".\"aprovado_por_id\", \"public\".\"solicitacoes_servico\".\"data_aprovacao\", \"public\".\"solicitacoes_servico\".\"observacoes_aprovacao\", \"public\".\"solicitacoes_servico\".\"rejeitado_por_id\", \"public\".\"solicitacoes_servico\".\"data_rejeicao\", \"public\".\"solicitacoes_servico\".\"motivo_rejeicao\", \"public\".\"solicitacoes_servico\".\"cancelado_por_id\", \"public\".\"solicitacoes_servico\".\"data_cancelamento\", \"public\".\"solicitacoes_servico\".\"motivo_cancelamento\", \"public\".\"solicitacoes_servico\".\"concluido_por_id\", \"public\".\"solicitacoes_servico\".\"data_conclusao\", \"public\".\"solicitacoes_servico\".\"observacoes_conclusao\", \"public\".\"solicitacoes_servico\".\"programacao_os_id\", \"public\".\"solicitacoes_servico\".\"os_id\", \"public\".\"solicitacoes_servico\".\"observacoes\", \"public\".\"solicitacoes_servico\".\"requisitos_especiais\", \"public\".\"solicitacoes_servico\".\"riscos_identificados\", \"public\".\"solicitacoes_servico\".\"created_at\", \"public\".\"solicitacoes_servico\".\"updated_at\", \"public\".\"solicitacoes_servico\".\"deleted_at\", \"public\".\"solicitacoes_servico\".\"local\", \"public\".\"solicitacoes_servico\".\"data_solicitacao\", \"public\".\"solicitacoes_servico\".\"prazo_execucao\", \"public\".\"solicitacoes_servico\".\"data_prevista_inicio\", \"public\".\"solicitacoes_servico\".\"data_prevista_fim\", \"public\".\"solicitacoes_servico\".\"justificativa\", \"public\".\"solicitacoes_servico\".\"beneficios_esperados\", \"public\".\"solicitacoes_servico\".\"riscos_nao_execucao\", \"public\".\"solicitacoes_servico\".\"materiais_necessarios\", \"public\".\"solicitacoes_servico\".\"ferramentas_necessarias\", \"public\".\"solicitacoes_servico\".\"mao_obra_necessaria\", \"public\".\"solicitacoes_servico\".\"departamento\", \"public\".\"solicitacoes_servico\".\"contato\", \"public\".\"solicitacoes_servico\".\"analisado_por_nome\", \"public\".\"solicitacoes_servico\".\"parecer_tecnico\", \"public\".\"solicitacoes_servico\".\"aprovado_por_nome\", \"public\".\"solicitacoes_servico\".\"sugestoes_alternativas\", \"public\".\"solicitacoes_servico\".\"cancelado_por_nome\", \"public\".\"solicitacoes_servico\".\"ordem_servico_id\""
    [35mparams[39m: "[\"REJEITADA\",\"Não atende aos critérios\",\"Revisar e reenviar\",\"2026-03-16 17:20:26.237 UTC\",\"cmmtg8tfx000j2fcwgowy68o9\"]"
    [35mduration[39m: 5
    [35mtarget[39m: "quaint::connector::metrics"
[2026-03-16 14:20:26.246] [34mDEBUG[39m: [36mundefined - Query executada[39m
    [35menv[39m: "test"
    [35mservice[39m: "aupus-service-api"
    [35mcontext[39m: "Database"
    [35mquery[39m: "SELECT \"public\".\"solicitacoes_servico\".\"id\", \"public\".\"solicitacoes_servico\".\"numero\", \"public\".\"solicitacoes_servico\".\"titulo\", \"public\".\"solicitacoes_servico\".\"descricao\", \"public\".\"solicitacoes_servico\".\"tipo\"::text, \"public\".\"solicitacoes_servico\".\"prioridade\"::text, \"public\".\"solicitacoes_servico\".\"status\"::text, \"public\".\"solicitacoes_servico\".\"origem\"::text, \"public\".\"solicitacoes_servico\".\"planta_id\", \"public\".\"solicitacoes_servico\".\"area\", \"public\".\"solicitacoes_servico\".\"local_especifico\", \"public\".\"solicitacoes_servico\".\"equipamento_id\", \"public\".\"solicitacoes_servico\".\"solicitante_nome\", \"public\".\"solicitacoes_servico\".\"solicitante_email\", \"public\".\"solicitacoes_servico\".\"solicitante_telefone\", \"public\".\"solicitacoes_servico\".\"solicitante_departamento\", \"public\".\"solicitacoes_servico\".\"solicitante_id\", \"public\".\"solicitacoes_servico\".\"data_necessidade\", \"public\".\"solicitacoes_servico\".\"prazo_esperado\", \"public\".\"solicitacoes_servico\".\"data_inicio_previsto\", \"public\".\"solicitacoes_servico\".\"data_fim_previsto\", \"public\".\"solicitacoes_servico\".\"tempo_estimado\", \"public\".\"solicitacoes_servico\".\"custo_estimado\", \"public\".\"solicitacoes_servico\".\"analisado_por_id\", \"public\".\"solicitacoes_servico\".\"data_analise\", \"public\".\"solicitacoes_servico\".\"observacoes_analise\", \"public\".\"solicitacoes_servico\".\"aprovado_por_id\", \"public\".\"solicitacoes_servico\".\"data_aprovacao\", \"public\".\"solicitacoes_servico\".\"observacoes_aprovacao\", \"public\".\"solicitacoes_servico\".\"rejeitado_por_id\", \"public\".\"solicitacoes_servico\".\"data_rejeicao\", \"public\".\"solicitacoes_servico\".\"motivo_rejeicao\", \"public\".\"solicitacoes_servico\".\"cancelado_por_id\", \"public\".\"solicitacoes_servico\".\"data_cancelamento\", \"public\".\"solicitacoes_servico\".\"motivo_cancelamento\", \"public\".\"solicitacoes_servico\".\"concluido_por_id\", \"public\".\"solicitacoes_servico\".\"data_conclusao\", \"public\".\"solicitacoes_servico\".\"observacoes_conclusao\", \"public\".\"solicitacoes_servico\".\"programacao_os_id\", \"public\".\"solicitacoes_servico\".\"os_id\", \"public\".\"solicitacoes_servico\".\"observacoes\", \"public\".\"solicitacoes_servico\".\"requisitos_especiais\", \"public\".\"solicitacoes_servico\".\"riscos_identificados\", \"public\".\"solicitacoes_servico\".\"created_at\", \"public\".\"solicitacoes_servico\".\"updated_at\", \"public\".\"solicitacoes_servico\".\"deleted_at\", \"public\".\"solicitacoes_servico\".\"local\", \"public\".\"solicitacoes_servico\".\"data_solicitacao\", \"public\".\"solicitacoes_servico\".\"prazo_execucao\", \"public\".\"solicitacoes_servico\".\"data_prevista_inicio\", \"public\".\"solicitacoes_servico\".\"data_prevista_fim\", \"public\".\"solicitacoes_servico\".\"justificativa\", \"public\".\"solicitacoes_servico\".\"beneficios_esperados\", \"public\".\"solicitacoes_servico\".\"riscos_nao_execucao\", \"public\".\"solicitacoes_servico\".\"materiais_necessarios\", \"public\".\"solicitacoes_servico\".\"ferramentas_necessarias\", \"public\".\"solicitacoes_servico\".\"mao_obra_necessaria\", \"public\".\"solicitacoes_servico\".\"departamento\", \"public\".\"solicitacoes_servico\".\"contato\", \"public\".\"solicitacoes_servico\".\"analisado_por_nome\", \"public\".\"solicitacoes_servico\".\"parecer_tecnico\", \"public\".\"solicitacoes_servico\".\"aprovado_por_nome\", \"public\".\"solicitacoes_servico\".\"sugestoes_alternativas\", \"public\".\"solicitacoes_servico\".\"cancelado_por_nome\", \"public\".\"solicitacoes_servico\".\"ordem_servico_id\" FROM \"public\".\"solicitacoes_servico\" WHERE \"public\".\"solicitacoes_servico\".\"id\" = $1 LIMIT $2 OFFSET $3"
    [35mparams[39m: "[\"cmmtg8tfx000j2fcwgowy68o9\",1,0]"
    [35mduration[39m: 2
    [35mtarget[39m: "quaint::connector::metrics"
[2026-03-16 14:20:26.248] [34mDEBUG[39m: [36mundefined - Query executada[39m
    [35menv[39m: "test"
    [35mservice[39m: "aupus-service-api"
    [35mcontext[39m: "Database"
    [35mquery[39m: "SELECT \"public\".\"plantas\".\"id\", \"public\".\"plantas\".\"nome\", \"public\".\"plantas\".\"cnpj\", \"public\".\"plantas\".\"localizacao\", \"public\".\"plantas\".\"horario_funcionamento\", \"public\".\"plantas\".\"logradouro\", \"public\".\"plantas\".\"bairro\", \"public\".\"plantas\".\"cidade\", \"public\".\"plantas\".\"uf\", \"public\".\"plantas\".\"cep\", \"public\".\"plantas\".\"proprietario_id\", \"public\".\"plantas\".\"created_at\", \"public\".\"plantas\".\"updated_at\", \"public\".\"plantas\".\"deleted_at\", \"public\".\"plantas\".\"numero_uc\" FROM \"public\".\"plantas\" WHERE \"public\".\"plantas\".\"id\" IN ($1) OFFSET $2"
    [35mparams[39m: "[\"cmhbyqh6e00012faox255dzla \",0]"
    [35mduration[39m: 1
    [35mtarget[39m: "quaint::connector::metrics"
[2026-03-16 14:20:26.250] [34mDEBUG[39m: [36mundefined - Query executada[39m
    [35menv[39m: "test"
    [35mservice[39m: "aupus-service-api"
    [35mcontext[39m: "Database"
    [35mquery[39m: "INSERT INTO \"public\".\"historico_solicitacao_servico\" (\"id\",\"solicitacao_id\",\"acao\",\"usuario_nome\",\"usuario_id\",\"data\",\"observacoes\",\"status_anterior\",\"status_novo\") VALUES ($1,$2,$3,$4,$5,$6,$7,CAST($8::text AS \"public\".\"StatusSolicitacaoServico\"),CAST($9::text AS \"public\".\"StatusSolicitacaoServico\")) RETURNING \"public\".\"historico_solicitacao_servico\".\"id\", \"public\".\"historico_solicitacao_servico\".\"solicitacao_id\", \"public\".\"historico_solicitacao_servico\".\"acao\", \"public\".\"historico_solicitacao_servico\".\"usuario\", \"public\".\"historico_solicitacao_servico\".\"usuario_nome\", \"public\".\"historico_solicitacao_servico\".\"usuario_id\", \"public\".\"historico_solicitacao_servico\".\"data\", \"public\".\"historico_solicitacao_servico\".\"observacoes\", \"public\".\"historico_solicitacao_servico\".\"status_anterior\"::text, \"public\".\"historico_solicitacao_servico\".\"status_novo\"::text, \"public\".\"historico_solicitacao_servico\".\"dados_extras\""
    [35mparams[39m: "[\"cmmtg8tqi000r2fcwfp1velap\",\"cmmtg8tfx000j2fcwgowy68o9\",\"REJEICAO\",\"Admin\",\"k6g72ojagrl415bsak6y68qi96\",\"2026-03-16 17:20:26.250 UTC\",\"Não atende aos critérios\",\"EM_ANALISE\",\"REJEITADA\"]"
    [35mduration[39m: 0
    [35mtarget[39m: "quaint::connector::metrics"
[2026-03-16 14:20:26.286] [34mDEBUG[39m: [36mundefined - Query executada[39m
    [35menv[39m: "test"
    [35mservice[39m: "aupus-service-api"
    [35mcontext[39m: "Database"
    [35mquery[39m: "COMMIT"
    [35mparams[39m: "[]"
    [35mduration[39m: 35
    [35mtarget[39m: "quaint::connector::metrics"
[2026-03-16 14:20:26.306] [34mDEBUG[39m: [36mundefined - Query executada[39m
    [35menv[39m: "test"
    [35mservice[39m: "aupus-service-api"
    [35mcontext[39m: "Database"
    [35mquery[39m: "DELETE FROM \"public\".\"solicitacoes_servico\" WHERE (\"public\".\"solicitacoes_servico\".\"id\" = $1 AND 1=1) RETURNING \"public\".\"solicitacoes_servico\".\"id\", \"public\".\"solicitacoes_servico\".\"numero\", \"public\".\"solicitacoes_servico\".\"titulo\", \"public\".\"solicitacoes_servico\".\"descricao\", \"public\".\"solicitacoes_servico\".\"tipo\"::text, \"public\".\"solicitacoes_servico\".\"prioridade\"::text, \"public\".\"solicitacoes_servico\".\"status\"::text, \"public\".\"solicitacoes_servico\".\"origem\"::text, \"public\".\"solicitacoes_servico\".\"planta_id\", \"public\".\"solicitacoes_servico\".\"area\", \"public\".\"solicitacoes_servico\".\"local_especifico\", \"public\".\"solicitacoes_servico\".\"equipamento_id\", \"public\".\"solicitacoes_servico\".\"solicitante_nome\", \"public\".\"solicitacoes_servico\".\"solicitante_email\", \"public\".\"solicitacoes_servico\".\"solicitante_telefone\", \"public\".\"solicitacoes_servico\".\"solicitante_departamento\", \"public\".\"solicitacoes_servico\".\"solicitante_id\", \"public\".\"solicitacoes_servico\".\"data_necessidade\", \"public\".\"solicitacoes_servico\".\"prazo_esperado\", \"public\".\"solicitacoes_servico\".\"data_inicio_previsto\", \"public\".\"solicitacoes_servico\".\"data_fim_previsto\", \"public\".\"solicitacoes_servico\".\"tempo_estimado\", \"public\".\"solicitacoes_servico\".\"custo_estimado\", \"public\".\"solicitacoes_servico\".\"analisado_por_id\", \"public\".\"solicitacoes_servico\".\"data_analise\", \"public\".\"solicitacoes_servico\".\"observacoes_analise\", \"public\".\"solicitacoes_servico\".\"aprovado_por_id\", \"public\".\"solicitacoes_servico\".\"data_aprovacao\", \"public\".\"solicitacoes_servico\".\"observacoes_aprovacao\", \"public\".\"solicitacoes_servico\".\"rejeitado_por_id\", \"public\".\"solicitacoes_servico\".\"data_rejeicao\", \"public\".\"solicitacoes_servico\".\"motivo_rejeicao\", \"public\".\"solicitacoes_servico\".\"cancelado_por_id\", \"public\".\"solicitacoes_servico\".\"data_cancelamento\", \"public\".\"solicitacoes_servico\".\"motivo_cancelamento\", \"public\".\"solicitacoes_servico\".\"concluido_por_id\", \"public\".\"solicitacoes_servico\".\"data_conclusao\", \"public\".\"solicitacoes_servico\".\"observacoes_conclusao\", \"public\".\"solicitacoes_servico\".\"programacao_os_id\", \"public\".\"solicitacoes_servico\".\"os_id\", \"public\".\"solicitacoes_servico\".\"observacoes\", \"public\".\"solicitacoes_servico\".\"requisitos_especiais\", \"public\".\"solicitacoes_servico\".\"riscos_identificados\", \"public\".\"solicitacoes_servico\".\"created_at\", \"public\".\"solicitacoes_servico\".\"updated_at\", \"public\".\"solicitacoes_servico\".\"deleted_at\", \"public\".\"solicitacoes_servico\".\"local\", \"public\".\"solicitacoes_servico\".\"data_solicitacao\", \"public\".\"solicitacoes_servico\".\"prazo_execucao\", \"public\".\"solicitacoes_servico\".\"data_prevista_inicio\", \"public\".\"solicitacoes_servico\".\"data_prevista_fim\", \"public\".\"solicitacoes_servico\".\"justificativa\", \"public\".\"solicitacoes_servico\".\"beneficios_esperados\", \"public\".\"solicitacoes_servico\".\"riscos_nao_execucao\", \"public\".\"solicitacoes_servico\".\"materiais_necessarios\", \"public\".\"solicitacoes_servico\".\"ferramentas_necessarias\", \"public\".\"solicitacoes_servico\".\"mao_obra_necessaria\", \"public\".\"solicitacoes_servico\".\"departamento\", \"public\".\"solicitacoes_servico\".\"contato\", \"public\".\"solicitacoes_servico\".\"analisado_por_nome\", \"public\".\"solicitacoes_servico\".\"parecer_tecnico\", \"public\".\"solicitacoes_servico\".\"aprovado_por_nome\", \"public\".\"solicitacoes_servico\".\"sugestoes_alternativas\", \"public\".\"solicitacoes_servico\".\"cancelado_por_nome\", \"public\".\"solicitacoes_servico\".\"ordem_servico_id\""
    [35mparams[39m: "[\"cmmtg8tfx000j2fcwgowy68o9\"]"
    [35mduration[39m: 15
    [35mtarget[39m: "quaint::connector::metrics"
[2026-03-16 14:20:26.320] [34mDEBUG[39m: [36mundefined - Query executada[39m
    [35menv[39m: "test"
    [35mservice[39m: "aupus-service-api"
    [35mcontext[39m: "Database"
    [35mquery[39m: "SELECT \"public\".\"usuarios\".\"id\", \"public\".\"usuarios\".\"concessionaria_atual_id\", \"public\".\"usuarios\".\"organizacao_atual_id\", \"public\".\"usuarios\".\"nome\", \"public\".\"usuarios\".\"email\", \"public\".\"usuarios\".\"telefone\", \"public\".\"usuarios\".\"instagram\", \"public\".\"usuarios\".\"status\", \"public\".\"usuarios\".\"cpf_cnpj\", \"public\".\"usuarios\".\"cidade\", \"public\".\"usuarios\".\"estado\", \"public\".\"usuarios\".\"endereco\", \"public\".\"usuarios\".\"cep\", \"public\".\"usuarios\".\"deleted_by\", \"public\".\"usuarios\".\"senha\", \"public\".\"usuarios\".\"remember_token\", \"public\".\"usuarios\".\"deleted_at\", \"public\".\"usuarios\".\"created_at\", \"public\".\"usuarios\".\"updated_at\", \"public\".\"usuarios\".\"role\", \"public\".\"usuarios\".\"manager_id\", \"public\".\"usuarios\".\"is_active\", \"public\".\"usuarios\".\"pix\", \"public\".\"usuarios\".\"avatar_url\", \"public\".\"usuarios\".\"created_by\" FROM \"public\".\"usuarios\" WHERE (\"public\".\"usuarios\".\"id\" = $1 AND \"public\".\"usuarios\".\"deleted_at\" IS NULL) LIMIT $2 OFFSET $3"
    [35mparams[39m: "[\"k6g72ojagrl415bsak6y68qi96\",1,0]"
    [35mduration[39m: 1
    [35mtarget[39m: "quaint::connector::metrics"
[2026-03-16 14:20:26.323] [34mDEBUG[39m: [36mundefined - Query executada[39m
    [35menv[39m: "test"
    [35mservice[39m: "aupus-service-api"
    [35mcontext[39m: "Database"
    [35mquery[39m: "SELECT \"public\".\"usuarios\".\"id\", \"public\".\"usuarios\".\"concessionaria_atual_id\", \"public\".\"usuarios\".\"organizacao_atual_id\", \"public\".\"usuarios\".\"nome\", \"public\".\"usuarios\".\"email\", \"public\".\"usuarios\".\"telefone\", \"public\".\"usuarios\".\"instagram\", \"public\".\"usuarios\".\"status\", \"public\".\"usuarios\".\"cpf_cnpj\", \"public\".\"usuarios\".\"cidade\", \"public\".\"usuarios\".\"estado\", \"public\".\"usuarios\".\"endereco\", \"public\".\"usuarios\".\"cep\", \"public\".\"usuarios\".\"deleted_by\", \"public\".\"usuarios\".\"senha\", \"public\".\"usuarios\".\"remember_token\", \"public\".\"usuarios\".\"deleted_at\", \"public\".\"usuarios\".\"created_at\", \"public\".\"usuarios\".\"updated_at\", \"public\".\"usuarios\".\"role\", \"public\".\"usuarios\".\"manager_id\", \"public\".\"usuarios\".\"is_active\", \"public\".\"usuarios\".\"pix\", \"public\".\"usuarios\".\"avatar_url\", \"public\".\"usuarios\".\"created_by\" FROM \"public\".\"usuarios\" WHERE (\"public\".\"usuarios\".\"id\" = $1 AND \"public\".\"usuarios\".\"deleted_at\" IS NULL) LIMIT $2 OFFSET $3"
    [35mparams[39m: "[\"k6g72ojagrl415bsak6y68qi96\",1,0]"
    [35mduration[39m: 1
    [35mtarget[39m: "quaint::connector::metrics"
[2026-03-16 14:20:26.325] [34mDEBUG[39m: [36mundefined - Query executada[39m
    [35menv[39m: "test"
    [35mservice[39m: "aupus-service-api"
    [35mcontext[39m: "Database"
    [35mquery[39m: "SELECT \"public\".\"model_has_roles\".\"role_id\", \"public\".\"model_has_roles\".\"model_id\", \"public\".\"model_has_roles\".\"model_type\" FROM \"public\".\"model_has_roles\" WHERE (\"public\".\"model_has_roles\".\"model_id\" = $1 AND \"public\".\"model_has_roles\".\"model_type\" = $2) LIMIT $3 OFFSET $4"
    [35mparams[39m: "[\"k6g72ojagrl415bsak6y68qi96\",\"App\Models\User\",1,0]"
    [35mduration[39m: 1
    [35mtarget[39m: "quaint::connector::metrics"
[2026-03-16 14:20:26.328] [34mDEBUG[39m: [36mundefined - Query executada[39m
    [35menv[39m: "test"
    [35mservice[39m: "aupus-service-api"
    [35mcontext[39m: "Database"
    [35mquery[39m: "SELECT \"public\".\"roles\".\"id\", \"public\".\"roles\".\"name\", \"public\".\"roles\".\"guard_name\", \"public\".\"roles\".\"created_at\", \"public\".\"roles\".\"updated_at\" FROM \"public\".\"roles\" WHERE \"public\".\"roles\".\"id\" IN ($1) OFFSET $2"
    [35mparams[39m: "[1,0]"
    [35mduration[39m: 2
    [35mtarget[39m: "quaint::connector::metrics"
[2026-03-16 14:20:26.330] [34mDEBUG[39m: [36mundefined - Query executada[39m
    [35menv[39m: "test"
    [35mservice[39m: "aupus-service-api"
    [35mcontext[39m: "Database"
    [35mquery[39m: "SELECT \"public\".\"role_has_permissions\".\"permission_id\", \"public\".\"role_has_permissions\".\"role_id\" FROM \"public\".\"role_has_permissions\" WHERE \"public\".\"role_has_permissions\".\"role_id\" IN ($1) OFFSET $2"
    [35mparams[39m: "[1,0]"
    [35mduration[39m: 2
    [35mtarget[39m: "quaint::connector::metrics"
[2026-03-16 14:20:26.333] [34mDEBUG[39m: [36mundefined - Query executada[39m
    [35menv[39m: "test"
    [35mservice[39m: "aupus-service-api"
    [35mcontext[39m: "Database"
    [35mquery[39m: "SELECT \"public\".\"permissions\".\"id\", \"public\".\"permissions\".\"name\", \"public\".\"permissions\".\"guard_name\", \"public\".\"permissions\".\"created_at\", \"public\".\"permissions\".\"updated_at\", \"public\".\"permissions\".\"display_name\", \"public\".\"permissions\".\"description\" FROM \"public\".\"permissions\" WHERE \"public\".\"permissions\".\"id\" IN ($1,$2,$3,$4,$5,$6,$7,$8,$9,$10,$11,$12,$13,$14,$15,$16,$17,$18,$19,$20,$21,$22) OFFSET $23"
    [35mparams[39m: "[1,2,3,4,5,6,7,8,9,10,11,12,13,14,15,16,17,18,19,20,21,22,0]"
    [35mduration[39m: 2
    [35mtarget[39m: "quaint::connector::metrics"
[2026-03-16 14:20:26.338] [34mDEBUG[39m: [36mundefined - Query executada[39m
    [35menv[39m: "test"
    [35mservice[39m: "aupus-service-api"
    [35mcontext[39m: "Database"
    [35mquery[39m: "SELECT \"public\".\"model_has_permissions\".\"permission_id\", \"public\".\"model_has_permissions\".\"model_id\", \"public\".\"model_has_permissions\".\"model_type\" FROM \"public\".\"model_has_permissions\" WHERE (\"public\".\"model_has_permissions\".\"model_id\" = $1 AND \"public\".\"model_has_permissions\".\"model_type\" = $2) OFFSET $3"
    [35mparams[39m: "[\"k6g72ojagrl415bsak6y68qi96\",\"App\Models\User\",0]"
    [35mduration[39m: 1
    [35mtarget[39m: "quaint::connector::metrics"
[2026-03-16 14:20:26.341] [34mDEBUG[39m: [36mundefined - Query executada[39m
    [35menv[39m: "test"
    [35mservice[39m: "aupus-service-api"
    [35mcontext[39m: "Database"
    [35mquery[39m: "BEGIN"
    [35mparams[39m: "[]"
    [35mduration[39m: 1
    [35mtarget[39m: "quaint::connector::metrics"
[2026-03-16 14:20:26.349] [34mDEBUG[39m: [36mundefined - Query executada[39m
    [35menv[39m: "test"
    [35mservice[39m: "aupus-service-api"
    [35mcontext[39m: "Database"
    [35mquery[39m: "SELECT \"public\".\"solicitacoes_servico\".\"id\", \"public\".\"solicitacoes_servico\".\"numero\", \"public\".\"solicitacoes_servico\".\"titulo\", \"public\".\"solicitacoes_servico\".\"descricao\", \"public\".\"solicitacoes_servico\".\"tipo\"::text, \"public\".\"solicitacoes_servico\".\"prioridade\"::text, \"public\".\"solicitacoes_servico\".\"status\"::text, \"public\".\"solicitacoes_servico\".\"origem\"::text, \"public\".\"solicitacoes_servico\".\"planta_id\", \"public\".\"solicitacoes_servico\".\"area\", \"public\".\"solicitacoes_servico\".\"local_especifico\", \"public\".\"solicitacoes_servico\".\"equipamento_id\", \"public\".\"solicitacoes_servico\".\"solicitante_nome\", \"public\".\"solicitacoes_servico\".\"solicitante_email\", \"public\".\"solicitacoes_servico\".\"solicitante_telefone\", \"public\".\"solicitacoes_servico\".\"solicitante_departamento\", \"public\".\"solicitacoes_servico\".\"solicitante_id\", \"public\".\"solicitacoes_servico\".\"data_necessidade\", \"public\".\"solicitacoes_servico\".\"prazo_esperado\", \"public\".\"solicitacoes_servico\".\"data_inicio_previsto\", \"public\".\"solicitacoes_servico\".\"data_fim_previsto\", \"public\".\"solicitacoes_servico\".\"tempo_estimado\", \"public\".\"solicitacoes_servico\".\"custo_estimado\", \"public\".\"solicitacoes_servico\".\"analisado_por_id\", \"public\".\"solicitacoes_servico\".\"data_analise\", \"public\".\"solicitacoes_servico\".\"observacoes_analise\", \"public\".\"solicitacoes_servico\".\"aprovado_por_id\", \"public\".\"solicitacoes_servico\".\"data_aprovacao\", \"public\".\"solicitacoes_servico\".\"observacoes_aprovacao\", \"public\".\"solicitacoes_servico\".\"rejeitado_por_id\", \"public\".\"solicitacoes_servico\".\"data_rejeicao\", \"public\".\"solicitacoes_servico\".\"motivo_rejeicao\", \"public\".\"solicitacoes_servico\".\"cancelado_por_id\", \"public\".\"solicitacoes_servico\".\"data_cancelamento\", \"public\".\"solicitacoes_servico\".\"motivo_cancelamento\", \"public\".\"solicitacoes_servico\".\"concluido_por_id\", \"public\".\"solicitacoes_servico\".\"data_conclusao\", \"public\".\"solicitacoes_servico\".\"observacoes_conclusao\", \"public\".\"solicitacoes_servico\".\"programacao_os_id\", \"public\".\"solicitacoes_servico\".\"os_id\", \"public\".\"solicitacoes_servico\".\"observacoes\", \"public\".\"solicitacoes_servico\".\"requisitos_especiais\", \"public\".\"solicitacoes_servico\".\"riscos_identificados\", \"public\".\"solicitacoes_servico\".\"created_at\", \"public\".\"solicitacoes_servico\".\"updated_at\", \"public\".\"solicitacoes_servico\".\"deleted_at\", \"public\".\"solicitacoes_servico\".\"local\", \"public\".\"solicitacoes_servico\".\"data_solicitacao\", \"public\".\"solicitacoes_servico\".\"prazo_execucao\", \"public\".\"solicitacoes_servico\".\"data_prevista_inicio\", \"public\".\"solicitacoes_servico\".\"data_prevista_fim\", \"public\".\"solicitacoes_servico\".\"justificativa\", \"public\".\"solicitacoes_servico\".\"beneficios_esperados\", \"public\".\"solicitacoes_servico\".\"riscos_nao_execucao\", \"public\".\"solicitacoes_servico\".\"materiais_necessarios\", \"public\".\"solicitacoes_servico\".\"ferramentas_necessarias\", \"public\".\"solicitacoes_servico\".\"mao_obra_necessaria\", \"public\".\"solicitacoes_servico\".\"departamento\", \"public\".\"solicitacoes_servico\".\"contato\", \"public\".\"solicitacoes_servico\".\"analisado_por_nome\", \"public\".\"solicitacoes_servico\".\"parecer_tecnico\", \"public\".\"solicitacoes_servico\".\"aprovado_por_nome\", \"public\".\"solicitacoes_servico\".\"sugestoes_alternativas\", \"public\".\"solicitacoes_servico\".\"cancelado_por_nome\", \"public\".\"solicitacoes_servico\".\"ordem_servico_id\" FROM \"public\".\"solicitacoes_servico\" WHERE \"public\".\"solicitacoes_servico\".\"numero\"::text LIKE $1 ORDER BY \"public\".\"solicitacoes_servico\".\"numero\" DESC LIMIT $2 OFFSET $3"
    [35mparams[39m: "[\"SSV-2026-%\",1,0]"
    [35mduration[39m: 3
    [35mtarget[39m: "quaint::connector::metrics"
[2026-03-16 14:20:26.355] [34mDEBUG[39m: [36mundefined - Query executada[39m
    [35menv[39m: "test"
    [35mservice[39m: "aupus-service-api"
    [35mcontext[39m: "Database"
    [35mquery[39m: "INSERT INTO \"public\".\"solicitacoes_servico\" (\"id\",\"numero\",\"titulo\",\"descricao\",\"tipo\",\"prioridade\",\"status\",\"origem\",\"planta_id\",\"solicitante_nome\",\"solicitante_id\",\"created_at\",\"updated_at\",\"local\",\"data_solicitacao\",\"justificativa\") VALUES ($1,$2,$3,$4,CAST($5::text AS \"public\".\"TipoSolicitacaoServico\"),CAST($6::text AS \"public\".\"PrioridadeSolicitacao\"),CAST($7::text AS \"public\".\"StatusSolicitacaoServico\"),CAST($8::text AS \"public\".\"OrigemSolicitacao\"),$9,$10,$11,$12,$13,$14,$15,$16) RETURNING \"public\".\"solicitacoes_servico\".\"id\""
    [35mparams[39m: "[\"cmmtg8ttd000t2fcwywdfs44s\",\"SSV-2026-0035\",\"Workflow Test - Cancelamento\",\"Teste de workflow com cancelamento\",\"MODIFICACAO\",\"MEDIA\",\"RASCUNHO\",\"PORTAL\",\"cmhbyqh6e00012faox255dzla \",\"Teste User\",\"k6g72ojagrl415bsak6y68qi96\",\"2026-03-16 17:20:26.353 UTC\",\"2026-03-16 17:20:26.353 UTC\",\"Teste\",\"2026-03-16 17:20:26.353 UTC\",\"Teste\"]"
    [35mduration[39m: 1
    [35mtarget[39m: "quaint::connector::metrics"
[2026-03-16 14:20:26.356] [34mDEBUG[39m: [36mundefined - Query executada[39m
    [35menv[39m: "test"
    [35mservice[39m: "aupus-service-api"
    [35mcontext[39m: "Database"
    [35mquery[39m: "SELECT \"public\".\"solicitacoes_servico\".\"id\", \"public\".\"solicitacoes_servico\".\"numero\", \"public\".\"solicitacoes_servico\".\"titulo\", \"public\".\"solicitacoes_servico\".\"descricao\", \"public\".\"solicitacoes_servico\".\"tipo\"::text, \"public\".\"solicitacoes_servico\".\"prioridade\"::text, \"public\".\"solicitacoes_servico\".\"status\"::text, \"public\".\"solicitacoes_servico\".\"origem\"::text, \"public\".\"solicitacoes_servico\".\"planta_id\", \"public\".\"solicitacoes_servico\".\"area\", \"public\".\"solicitacoes_servico\".\"local_especifico\", \"public\".\"solicitacoes_servico\".\"equipamento_id\", \"public\".\"solicitacoes_servico\".\"solicitante_nome\", \"public\".\"solicitacoes_servico\".\"solicitante_email\", \"public\".\"solicitacoes_servico\".\"solicitante_telefone\", \"public\".\"solicitacoes_servico\".\"solicitante_departamento\", \"public\".\"solicitacoes_servico\".\"solicitante_id\", \"public\".\"solicitacoes_servico\".\"data_necessidade\", \"public\".\"solicitacoes_servico\".\"prazo_esperado\", \"public\".\"solicitacoes_servico\".\"data_inicio_previsto\", \"public\".\"solicitacoes_servico\".\"data_fim_previsto\", \"public\".\"solicitacoes_servico\".\"tempo_estimado\", \"public\".\"solicitacoes_servico\".\"custo_estimado\", \"public\".\"solicitacoes_servico\".\"analisado_por_id\", \"public\".\"solicitacoes_servico\".\"data_analise\", \"public\".\"solicitacoes_servico\".\"observacoes_analise\", \"public\".\"solicitacoes_servico\".\"aprovado_por_id\", \"public\".\"solicitacoes_servico\".\"data_aprovacao\", \"public\".\"solicitacoes_servico\".\"observacoes_aprovacao\", \"public\".\"solicitacoes_servico\".\"rejeitado_por_id\", \"public\".\"solicitacoes_servico\".\"data_rejeicao\", \"public\".\"solicitacoes_servico\".\"motivo_rejeicao\", \"public\".\"solicitacoes_servico\".\"cancelado_por_id\", \"public\".\"solicitacoes_servico\".\"data_cancelamento\", \"public\".\"solicitacoes_servico\".\"motivo_cancelamento\", \"public\".\"solicitacoes_servico\".\"concluido_por_id\", \"public\".\"solicitacoes_servico\".\"data_conclusao\", \"public\".\"solicitacoes_servico\".\"observacoes_conclusao\", \"public\".\"solicitacoes_servico\".\"programacao_os_id\", \"public\".\"solicitacoes_servico\".\"os_id\", \"public\".\"solicitacoes_servico\".\"observacoes\", \"public\".\"solicitacoes_servico\".\"requisitos_especiais\", \"public\".\"solicitacoes_servico\".\"riscos_identificados\", \"public\".\"solicitacoes_servico\".\"created_at\", \"public\".\"solicitacoes_servico\".\"updated_at\", \"public\".\"solicitacoes_servico\".\"deleted_at\", \"public\".\"solicitacoes_servico\".\"local\", \"public\".\"solicitacoes_servico\".\"data_solicitacao\", \"public\".\"solicitacoes_servico\".\"prazo_execucao\", \"public\".\"solicitacoes_servico\".\"data_prevista_inicio\", \"public\".\"solicitacoes_servico\".\"data_prevista_fim\", \"public\".\"solicitacoes_servico\".\"justificativa\", \"public\".\"solicitacoes_servico\".\"beneficios_esperados\", \"public\".\"solicitacoes_servico\".\"riscos_nao_execucao\", \"public\".\"solicitacoes_servico\".\"materiais_necessarios\", \"public\".\"solicitacoes_servico\".\"ferramentas_necessarias\", \"public\".\"solicitacoes_servico\".\"mao_obra_necessaria\", \"public\".\"solicitacoes_servico\".\"departamento\", \"public\".\"solicitacoes_servico\".\"contato\", \"public\".\"solicitacoes_servico\".\"analisado_por_nome\", \"public\".\"solicitacoes_servico\".\"parecer_tecnico\", \"public\".\"solicitacoes_servico\".\"aprovado_por_nome\", \"public\".\"solicitacoes_servico\".\"sugestoes_alternativas\", \"public\".\"solicitacoes_servico\".\"cancelado_por_nome\", \"public\".\"solicitacoes_servico\".\"ordem_servico_id\" FROM \"public\".\"solicitacoes_servico\" WHERE \"public\".\"solicitacoes_servico\".\"id\" = $1 LIMIT $2 OFFSET $3"
    [35mparams[39m: "[\"cmmtg8ttd000t2fcwywdfs44s\",1,0]"
    [35mduration[39m: 1
    [35mtarget[39m: "quaint::connector::metrics"
[2026-03-16 14:20:26.358] [34mDEBUG[39m: [36mundefined - Query executada[39m
    [35menv[39m: "test"
    [35mservice[39m: "aupus-service-api"
    [35mcontext[39m: "Database"
    [35mquery[39m: "SELECT \"public\".\"plantas\".\"id\", \"public\".\"plantas\".\"nome\", \"public\".\"plantas\".\"cnpj\", \"public\".\"plantas\".\"localizacao\", \"public\".\"plantas\".\"horario_funcionamento\", \"public\".\"plantas\".\"logradouro\", \"public\".\"plantas\".\"bairro\", \"public\".\"plantas\".\"cidade\", \"public\".\"plantas\".\"uf\", \"public\".\"plantas\".\"cep\", \"public\".\"plantas\".\"proprietario_id\", \"public\".\"plantas\".\"created_at\", \"public\".\"plantas\".\"updated_at\", \"public\".\"plantas\".\"deleted_at\", \"public\".\"plantas\".\"numero_uc\" FROM \"public\".\"plantas\" WHERE \"public\".\"plantas\".\"id\" IN ($1) OFFSET $2"
    [35mparams[39m: "[\"cmhbyqh6e00012faox255dzla \",0]"
    [35mduration[39m: 1
    [35mtarget[39m: "quaint::connector::metrics"
[2026-03-16 14:20:26.362] [34mDEBUG[39m: [36mundefined - Query executada[39m
    [35menv[39m: "test"
    [35mservice[39m: "aupus-service-api"
    [35mcontext[39m: "Database"
    [35mquery[39m: "INSERT INTO \"public\".\"historico_solicitacao_servico\" (\"id\",\"solicitacao_id\",\"acao\",\"usuario_nome\",\"usuario_id\",\"data\",\"observacoes\",\"status_anterior\",\"status_novo\") VALUES ($1,$2,$3,$4,$5,$6,$7,$8,CAST($9::text AS \"public\".\"StatusSolicitacaoServico\")) RETURNING \"public\".\"historico_solicitacao_servico\".\"id\", \"public\".\"historico_solicitacao_servico\".\"solicitacao_id\", \"public\".\"historico_solicitacao_servico\".\"acao\", \"public\".\"historico_solicitacao_servico\".\"usuario\", \"public\".\"historico_solicitacao_servico\".\"usuario_nome\", \"public\".\"historico_solicitacao_servico\".\"usuario_id\", \"public\".\"historico_solicitacao_servico\".\"data\", \"public\".\"historico_solicitacao_servico\".\"observacoes\", \"public\".\"historico_solicitacao_servico\".\"status_anterior\"::text, \"public\".\"historico_solicitacao_servico\".\"status_novo\"::text, \"public\".\"historico_solicitacao_servico\".\"dados_extras\""
    [35mparams[39m: "[\"cmmtg8ttm000v2fcwck6urebu\",\"cmmtg8ttd000t2fcwywdfs44s\",\"CRIACAO\",\"Teste User\",\"k6g72ojagrl415bsak6y68qi96\",\"2026-03-16 17:20:26.362 UTC\",\"Solicitação criada\",null,\"RASCUNHO\"]"
    [35mduration[39m: 1
    [35mtarget[39m: "quaint::connector::metrics"
[2026-03-16 14:20:26.405] [34mDEBUG[39m: [36mundefined - Query executada[39m
    [35menv[39m: "test"
    [35mservice[39m: "aupus-service-api"
    [35mcontext[39m: "Database"
    [35mquery[39m: "COMMIT"
    [35mparams[39m: "[]"
    [35mduration[39m: 42
    [35mtarget[39m: "quaint::connector::metrics"
[2026-03-16 14:20:26.420] [34mDEBUG[39m: [36mundefined - Query executada[39m
    [35menv[39m: "test"
    [35mservice[39m: "aupus-service-api"
    [35mcontext[39m: "Database"
    [35mquery[39m: "SELECT \"public\".\"usuarios\".\"id\", \"public\".\"usuarios\".\"concessionaria_atual_id\", \"public\".\"usuarios\".\"organizacao_atual_id\", \"public\".\"usuarios\".\"nome\", \"public\".\"usuarios\".\"email\", \"public\".\"usuarios\".\"telefone\", \"public\".\"usuarios\".\"instagram\", \"public\".\"usuarios\".\"status\", \"public\".\"usuarios\".\"cpf_cnpj\", \"public\".\"usuarios\".\"cidade\", \"public\".\"usuarios\".\"estado\", \"public\".\"usuarios\".\"endereco\", \"public\".\"usuarios\".\"cep\", \"public\".\"usuarios\".\"deleted_by\", \"public\".\"usuarios\".\"senha\", \"public\".\"usuarios\".\"remember_token\", \"public\".\"usuarios\".\"deleted_at\", \"public\".\"usuarios\".\"created_at\", \"public\".\"usuarios\".\"updated_at\", \"public\".\"usuarios\".\"role\", \"public\".\"usuarios\".\"manager_id\", \"public\".\"usuarios\".\"is_active\", \"public\".\"usuarios\".\"pix\", \"public\".\"usuarios\".\"avatar_url\", \"public\".\"usuarios\".\"created_by\" FROM \"public\".\"usuarios\" WHERE (\"public\".\"usuarios\".\"id\" = $1 AND \"public\".\"usuarios\".\"deleted_at\" IS NULL) LIMIT $2 OFFSET $3"
    [35mparams[39m: "[\"k6g72ojagrl415bsak6y68qi96\",1,0]"
    [35mduration[39m: 2
    [35mtarget[39m: "quaint::connector::metrics"
[2026-03-16 14:20:26.426] [34mDEBUG[39m: [36mundefined - Query executada[39m
    [35menv[39m: "test"
    [35mservice[39m: "aupus-service-api"
    [35mcontext[39m: "Database"
    [35mquery[39m: "SELECT \"public\".\"usuarios\".\"id\", \"public\".\"usuarios\".\"concessionaria_atual_id\", \"public\".\"usuarios\".\"organizacao_atual_id\", \"public\".\"usuarios\".\"nome\", \"public\".\"usuarios\".\"email\", \"public\".\"usuarios\".\"telefone\", \"public\".\"usuarios\".\"instagram\", \"public\".\"usuarios\".\"status\", \"public\".\"usuarios\".\"cpf_cnpj\", \"public\".\"usuarios\".\"cidade\", \"public\".\"usuarios\".\"estado\", \"public\".\"usuarios\".\"endereco\", \"public\".\"usuarios\".\"cep\", \"public\".\"usuarios\".\"deleted_by\", \"public\".\"usuarios\".\"senha\", \"public\".\"usuarios\".\"remember_token\", \"public\".\"usuarios\".\"deleted_at\", \"public\".\"usuarios\".\"created_at\", \"public\".\"usuarios\".\"updated_at\", \"public\".\"usuarios\".\"role\", \"public\".\"usuarios\".\"manager_id\", \"public\".\"usuarios\".\"is_active\", \"public\".\"usuarios\".\"pix\", \"public\".\"usuarios\".\"avatar_url\", \"public\".\"usuarios\".\"created_by\" FROM \"public\".\"usuarios\" WHERE (\"public\".\"usuarios\".\"id\" = $1 AND \"public\".\"usuarios\".\"deleted_at\" IS NULL) LIMIT $2 OFFSET $3"
    [35mparams[39m: "[\"k6g72ojagrl415bsak6y68qi96\",1,0]"
    [35mduration[39m: 1
    [35mtarget[39m: "quaint::connector::metrics"
[2026-03-16 14:20:26.431] [34mDEBUG[39m: [36mundefined - Query executada[39m
    [35menv[39m: "test"
    [35mservice[39m: "aupus-service-api"
    [35mcontext[39m: "Database"
    [35mquery[39m: "SELECT \"public\".\"model_has_roles\".\"role_id\", \"public\".\"model_has_roles\".\"model_id\", \"public\".\"model_has_roles\".\"model_type\" FROM \"public\".\"model_has_roles\" WHERE (\"public\".\"model_has_roles\".\"model_id\" = $1 AND \"public\".\"model_has_roles\".\"model_type\" = $2) LIMIT $3 OFFSET $4"
    [35mparams[39m: "[\"k6g72ojagrl415bsak6y68qi96\",\"App\Models\User\",1,0]"
    [35mduration[39m: 2
    [35mtarget[39m: "quaint::connector::metrics"
[2026-03-16 14:20:26.433] [34mDEBUG[39m: [36mundefined - Query executada[39m
    [35menv[39m: "test"
    [35mservice[39m: "aupus-service-api"
    [35mcontext[39m: "Database"
    [35mquery[39m: "SELECT \"public\".\"roles\".\"id\", \"public\".\"roles\".\"name\", \"public\".\"roles\".\"guard_name\", \"public\".\"roles\".\"created_at\", \"public\".\"roles\".\"updated_at\" FROM \"public\".\"roles\" WHERE \"public\".\"roles\".\"id\" IN ($1) OFFSET $2"
    [35mparams[39m: "[1,0]"
    [35mduration[39m: 1
    [35mtarget[39m: "quaint::connector::metrics"
[2026-03-16 14:20:26.435] [34mDEBUG[39m: [36mundefined - Query executada[39m
    [35menv[39m: "test"
    [35mservice[39m: "aupus-service-api"
    [35mcontext[39m: "Database"
    [35mquery[39m: "SELECT \"public\".\"role_has_permissions\".\"permission_id\", \"public\".\"role_has_permissions\".\"role_id\" FROM \"public\".\"role_has_permissions\" WHERE \"public\".\"role_has_permissions\".\"role_id\" IN ($1) OFFSET $2"
    [35mparams[39m: "[1,0]"
    [35mduration[39m: 2
    [35mtarget[39m: "quaint::connector::metrics"
[2026-03-16 14:20:26.438] [34mDEBUG[39m: [36mundefined - Query executada[39m
    [35menv[39m: "test"
    [35mservice[39m: "aupus-service-api"
    [35mcontext[39m: "Database"
    [35mquery[39m: "SELECT \"public\".\"permissions\".\"id\", \"public\".\"permissions\".\"name\", \"public\".\"permissions\".\"guard_name\", \"public\".\"permissions\".\"created_at\", \"public\".\"permissions\".\"updated_at\", \"public\".\"permissions\".\"display_name\", \"public\".\"permissions\".\"description\" FROM \"public\".\"permissions\" WHERE \"public\".\"permissions\".\"id\" IN ($1,$2,$3,$4,$5,$6,$7,$8,$9,$10,$11,$12,$13,$14,$15,$16,$17,$18,$19,$20,$21,$22) OFFSET $23"
    [35mparams[39m: "[1,2,3,4,5,6,7,8,9,10,11,12,13,14,15,16,17,18,19,20,21,22,0]"
    [35mduration[39m: 2
    [35mtarget[39m: "quaint::connector::metrics"
[2026-03-16 14:20:26.442] [34mDEBUG[39m: [36mundefined - Query executada[39m
    [35menv[39m: "test"
    [35mservice[39m: "aupus-service-api"
    [35mcontext[39m: "Database"
    [35mquery[39m: "SELECT \"public\".\"model_has_permissions\".\"permission_id\", \"public\".\"model_has_permissions\".\"model_id\", \"public\".\"model_has_permissions\".\"model_type\" FROM \"public\".\"model_has_permissions\" WHERE (\"public\".\"model_has_permissions\".\"model_id\" = $1 AND \"public\".\"model_has_permissions\".\"model_type\" = $2) OFFSET $3"
    [35mparams[39m: "[\"k6g72ojagrl415bsak6y68qi96\",\"App\Models\User\",0]"
    [35mduration[39m: 1
    [35mtarget[39m: "quaint::connector::metrics"
[2026-03-16 14:20:26.449] [34mDEBUG[39m: [36mundefined - Query executada[39m
    [35menv[39m: "test"
    [35mservice[39m: "aupus-service-api"
    [35mcontext[39m: "Database"
    [35mquery[39m: "SELECT \"public\".\"solicitacoes_servico\".\"id\", \"public\".\"solicitacoes_servico\".\"numero\", \"public\".\"solicitacoes_servico\".\"titulo\", \"public\".\"solicitacoes_servico\".\"descricao\", \"public\".\"solicitacoes_servico\".\"tipo\"::text, \"public\".\"solicitacoes_servico\".\"prioridade\"::text, \"public\".\"solicitacoes_servico\".\"status\"::text, \"public\".\"solicitacoes_servico\".\"origem\"::text, \"public\".\"solicitacoes_servico\".\"planta_id\", \"public\".\"solicitacoes_servico\".\"area\", \"public\".\"solicitacoes_servico\".\"local_especifico\", \"public\".\"solicitacoes_servico\".\"equipamento_id\", \"public\".\"solicitacoes_servico\".\"solicitante_nome\", \"public\".\"solicitacoes_servico\".\"solicitante_email\", \"public\".\"solicitacoes_servico\".\"solicitante_telefone\", \"public\".\"solicitacoes_servico\".\"solicitante_departamento\", \"public\".\"solicitacoes_servico\".\"solicitante_id\", \"public\".\"solicitacoes_servico\".\"data_necessidade\", \"public\".\"solicitacoes_servico\".\"prazo_esperado\", \"public\".\"solicitacoes_servico\".\"data_inicio_previsto\", \"public\".\"solicitacoes_servico\".\"data_fim_previsto\", \"public\".\"solicitacoes_servico\".\"tempo_estimado\", \"public\".\"solicitacoes_servico\".\"custo_estimado\", \"public\".\"solicitacoes_servico\".\"analisado_por_id\", \"public\".\"solicitacoes_servico\".\"data_analise\", \"public\".\"solicitacoes_servico\".\"observacoes_analise\", \"public\".\"solicitacoes_servico\".\"aprovado_por_id\", \"public\".\"solicitacoes_servico\".\"data_aprovacao\", \"public\".\"solicitacoes_servico\".\"observacoes_aprovacao\", \"public\".\"solicitacoes_servico\".\"rejeitado_por_id\", \"public\".\"solicitacoes_servico\".\"data_rejeicao\", \"public\".\"solicitacoes_servico\".\"motivo_rejeicao\", \"public\".\"solicitacoes_servico\".\"cancelado_por_id\", \"public\".\"solicitacoes_servico\".\"data_cancelamento\", \"public\".\"solicitacoes_servico\".\"motivo_cancelamento\", \"public\".\"solicitacoes_servico\".\"concluido_por_id\", \"public\".\"solicitacoes_servico\".\"data_conclusao\", \"public\".\"solicitacoes_servico\".\"observacoes_conclusao\", \"public\".\"solicitacoes_servico\".\"programacao_os_id\", \"public\".\"solicitacoes_servico\".\"os_id\", \"public\".\"solicitacoes_servico\".\"observacoes\", \"public\".\"solicitacoes_servico\".\"requisitos_especiais\", \"public\".\"solicitacoes_servico\".\"riscos_identificados\", \"public\".\"solicitacoes_servico\".\"created_at\", \"public\".\"solicitacoes_servico\".\"updated_at\", \"public\".\"solicitacoes_servico\".\"deleted_at\", \"public\".\"solicitacoes_servico\".\"local\", \"public\".\"solicitacoes_servico\".\"data_solicitacao\", \"public\".\"solicitacoes_servico\".\"prazo_execucao\", \"public\".\"solicitacoes_servico\".\"data_prevista_inicio\", \"public\".\"solicitacoes_servico\".\"data_prevista_fim\", \"public\".\"solicitacoes_servico\".\"justificativa\", \"public\".\"solicitacoes_servico\".\"beneficios_esperados\", \"public\".\"solicitacoes_servico\".\"riscos_nao_execucao\", \"public\".\"solicitacoes_servico\".\"materiais_necessarios\", \"public\".\"solicitacoes_servico\".\"ferramentas_necessarias\", \"public\".\"solicitacoes_servico\".\"mao_obra_necessaria\", \"public\".\"solicitacoes_servico\".\"departamento\", \"public\".\"solicitacoes_servico\".\"contato\", \"public\".\"solicitacoes_servico\".\"analisado_por_nome\", \"public\".\"solicitacoes_servico\".\"parecer_tecnico\", \"public\".\"solicitacoes_servico\".\"aprovado_por_nome\", \"public\".\"solicitacoes_servico\".\"sugestoes_alternativas\", \"public\".\"solicitacoes_servico\".\"cancelado_por_nome\", \"public\".\"solicitacoes_servico\".\"ordem_servico_id\" FROM \"public\".\"solicitacoes_servico\" WHERE (\"public\".\"solicitacoes_servico\".\"id\" = $1 AND 1=1) LIMIT $2 OFFSET $3"
    [35mparams[39m: "[\"cmmtg8ttd000t2fcwywdfs44s\",1,0]"
    [35mduration[39m: 2
    [35mtarget[39m: "quaint::connector::metrics"
[2026-03-16 14:20:26.452] [34mDEBUG[39m: [36mundefined - Query executada[39m
    [35menv[39m: "test"
    [35mservice[39m: "aupus-service-api"
    [35mcontext[39m: "Database"
    [35mquery[39m: "SELECT \"public\".\"plantas\".\"id\", \"public\".\"plantas\".\"nome\", \"public\".\"plantas\".\"cnpj\", \"public\".\"plantas\".\"localizacao\", \"public\".\"plantas\".\"horario_funcionamento\", \"public\".\"plantas\".\"logradouro\", \"public\".\"plantas\".\"bairro\", \"public\".\"plantas\".\"cidade\", \"public\".\"plantas\".\"uf\", \"public\".\"plantas\".\"cep\", \"public\".\"plantas\".\"proprietario_id\", \"public\".\"plantas\".\"created_at\", \"public\".\"plantas\".\"updated_at\", \"public\".\"plantas\".\"deleted_at\", \"public\".\"plantas\".\"numero_uc\" FROM \"public\".\"plantas\" WHERE \"public\".\"plantas\".\"id\" IN ($1) OFFSET $2"
    [35mparams[39m: "[\"cmhbyqh6e00012faox255dzla \",0]"
    [35mduration[39m: 2
    [35mtarget[39m: "quaint::connector::metrics"
[2026-03-16 14:20:26.455] [34mDEBUG[39m: [36mundefined - Query executada[39m
    [35menv[39m: "test"
    [35mservice[39m: "aupus-service-api"
    [35mcontext[39m: "Database"
    [35mquery[39m: "SELECT \"public\".\"anexos_solicitacao_servico\".\"id\", \"public\".\"anexos_solicitacao_servico\".\"solicitacao_id\", \"public\".\"anexos_solicitacao_servico\".\"nome_original\", \"public\".\"anexos_solicitacao_servico\".\"nome_arquivo\", \"public\".\"anexos_solicitacao_servico\".\"caminho\", \"public\".\"anexos_solicitacao_servico\".\"tamanho\", \"public\".\"anexos_solicitacao_servico\".\"mime_type\", \"public\".\"anexos_solicitacao_servico\".\"descricao\", \"public\".\"anexos_solicitacao_servico\".\"tipo_documento\", \"public\".\"anexos_solicitacao_servico\".\"uploaded_por\", \"public\".\"anexos_solicitacao_servico\".\"uploaded_por_id\", \"public\".\"anexos_solicitacao_servico\".\"uploaded_at\", \"public\".\"anexos_solicitacao_servico\".\"deleted_at\" FROM \"public\".\"anexos_solicitacao_servico\" WHERE \"public\".\"anexos_solicitacao_servico\".\"solicitacao_id\" IN ($1) OFFSET $2"
    [35mparams[39m: "[\"cmmtg8ttd000t2fcwywdfs44s\",0]"
    [35mduration[39m: 2
    [35mtarget[39m: "quaint::connector::metrics"
[2026-03-16 14:20:26.457] [34mDEBUG[39m: [36mundefined - Query executada[39m
    [35menv[39m: "test"
    [35mservice[39m: "aupus-service-api"
    [35mcontext[39m: "Database"
    [35mquery[39m: "SELECT \"public\".\"historico_solicitacao_servico\".\"id\", \"public\".\"historico_solicitacao_servico\".\"solicitacao_id\", \"public\".\"historico_solicitacao_servico\".\"acao\", \"public\".\"historico_solicitacao_servico\".\"usuario\", \"public\".\"historico_solicitacao_servico\".\"usuario_nome\", \"public\".\"historico_solicitacao_servico\".\"usuario_id\", \"public\".\"historico_solicitacao_servico\".\"data\", \"public\".\"historico_solicitacao_servico\".\"observacoes\", \"public\".\"historico_solicitacao_servico\".\"status_anterior\"::text, \"public\".\"historico_solicitacao_servico\".\"status_novo\"::text, \"public\".\"historico_solicitacao_servico\".\"dados_extras\" FROM \"public\".\"historico_solicitacao_servico\" WHERE \"public\".\"historico_solicitacao_servico\".\"solicitacao_id\" IN ($1) ORDER BY \"public\".\"historico_solicitacao_servico\".\"data\" DESC OFFSET $2"
    [35mparams[39m: "[\"cmmtg8ttd000t2fcwywdfs44s\",0]"
    [35mduration[39m: 1
    [35mtarget[39m: "quaint::connector::metrics"
[2026-03-16 14:20:26.460] [34mDEBUG[39m: [36mundefined - Query executada[39m
    [35menv[39m: "test"
    [35mservice[39m: "aupus-service-api"
    [35mcontext[39m: "Database"
    [35mquery[39m: "SELECT \"public\".\"comentarios_solicitacao_servico\".\"id\", \"public\".\"comentarios_solicitacao_servico\".\"solicitacao_id\", \"public\".\"comentarios_solicitacao_servico\".\"comentario\", \"public\".\"comentarios_solicitacao_servico\".\"autor\", \"public\".\"comentarios_solicitacao_servico\".\"autor_id\", \"public\".\"comentarios_solicitacao_servico\".\"tipo\", \"public\".\"comentarios_solicitacao_servico\".\"privado\", \"public\".\"comentarios_solicitacao_servico\".\"created_at\", \"public\".\"comentarios_solicitacao_servico\".\"updated_at\", \"public\".\"comentarios_solicitacao_servico\".\"deleted_at\" FROM \"public\".\"comentarios_solicitacao_servico\" WHERE \"public\".\"comentarios_solicitacao_servico\".\"solicitacao_id\" IN ($1) ORDER BY \"public\".\"comentarios_solicitacao_servico\".\"created_at\" DESC OFFSET $2"
    [35mparams[39m: "[\"cmmtg8ttd000t2fcwywdfs44s\",0]"
    [35mduration[39m: 2
    [35mtarget[39m: "quaint::connector::metrics"
[2026-03-16 14:20:26.464] [34mDEBUG[39m: [36mundefined - Query executada[39m
    [35menv[39m: "test"
    [35mservice[39m: "aupus-service-api"
    [35mcontext[39m: "Database"
    [35mquery[39m: "BEGIN"
    [35mparams[39m: "[]"
    [35mduration[39m: 2
    [35mtarget[39m: "quaint::connector::metrics"
[2026-03-16 14:20:26.472] [34mDEBUG[39m: [36mundefined - Query executada[39m
    [35menv[39m: "test"
    [35mservice[39m: "aupus-service-api"
    [35mcontext[39m: "Database"
    [35mquery[39m: "UPDATE \"public\".\"solicitacoes_servico\" SET \"status\" = CAST($1::text AS \"public\".\"StatusSolicitacaoServico\"), \"updated_at\" = $2 WHERE (\"public\".\"solicitacoes_servico\".\"id\" = $3 AND 1=1) RETURNING \"public\".\"solicitacoes_servico\".\"id\", \"public\".\"solicitacoes_servico\".\"numero\", \"public\".\"solicitacoes_servico\".\"titulo\", \"public\".\"solicitacoes_servico\".\"descricao\", \"public\".\"solicitacoes_servico\".\"tipo\"::text, \"public\".\"solicitacoes_servico\".\"prioridade\"::text, \"public\".\"solicitacoes_servico\".\"status\"::text, \"public\".\"solicitacoes_servico\".\"origem\"::text, \"public\".\"solicitacoes_servico\".\"planta_id\", \"public\".\"solicitacoes_servico\".\"area\", \"public\".\"solicitacoes_servico\".\"local_especifico\", \"public\".\"solicitacoes_servico\".\"equipamento_id\", \"public\".\"solicitacoes_servico\".\"solicitante_nome\", \"public\".\"solicitacoes_servico\".\"solicitante_email\", \"public\".\"solicitacoes_servico\".\"solicitante_telefone\", \"public\".\"solicitacoes_servico\".\"solicitante_departamento\", \"public\".\"solicitacoes_servico\".\"solicitante_id\", \"public\".\"solicitacoes_servico\".\"data_necessidade\", \"public\".\"solicitacoes_servico\".\"prazo_esperado\", \"public\".\"solicitacoes_servico\".\"data_inicio_previsto\", \"public\".\"solicitacoes_servico\".\"data_fim_previsto\", \"public\".\"solicitacoes_servico\".\"tempo_estimado\", \"public\".\"solicitacoes_servico\".\"custo_estimado\", \"public\".\"solicitacoes_servico\".\"analisado_por_id\", \"public\".\"solicitacoes_servico\".\"data_analise\", \"public\".\"solicitacoes_servico\".\"observacoes_analise\", \"public\".\"solicitacoes_servico\".\"aprovado_por_id\", \"public\".\"solicitacoes_servico\".\"data_aprovacao\", \"public\".\"solicitacoes_servico\".\"observacoes_aprovacao\", \"public\".\"solicitacoes_servico\".\"rejeitado_por_id\", \"public\".\"solicitacoes_servico\".\"data_rejeicao\", \"public\".\"solicitacoes_servico\".\"motivo_rejeicao\", \"public\".\"solicitacoes_servico\".\"cancelado_por_id\", \"public\".\"solicitacoes_servico\".\"data_cancelamento\", \"public\".\"solicitacoes_servico\".\"motivo_cancelamento\", \"public\".\"solicitacoes_servico\".\"concluido_por_id\", \"public\".\"solicitacoes_servico\".\"data_conclusao\", \"public\".\"solicitacoes_servico\".\"observacoes_conclusao\", \"public\".\"solicitacoes_servico\".\"programacao_os_id\", \"public\".\"solicitacoes_servico\".\"os_id\", \"public\".\"solicitacoes_servico\".\"observacoes\", \"public\".\"solicitacoes_servico\".\"requisitos_especiais\", \"public\".\"solicitacoes_servico\".\"riscos_identificados\", \"public\".\"solicitacoes_servico\".\"created_at\", \"public\".\"solicitacoes_servico\".\"updated_at\", \"public\".\"solicitacoes_servico\".\"deleted_at\", \"public\".\"solicitacoes_servico\".\"local\", \"public\".\"solicitacoes_servico\".\"data_solicitacao\", \"public\".\"solicitacoes_servico\".\"prazo_execucao\", \"public\".\"solicitacoes_servico\".\"data_prevista_inicio\", \"public\".\"solicitacoes_servico\".\"data_prevista_fim\", \"public\".\"solicitacoes_servico\".\"justificativa\", \"public\".\"solicitacoes_servico\".\"beneficios_esperados\", \"public\".\"solicitacoes_servico\".\"riscos_nao_execucao\", \"public\".\"solicitacoes_servico\".\"materiais_necessarios\", \"public\".\"solicitacoes_servico\".\"ferramentas_necessarias\", \"public\".\"solicitacoes_servico\".\"mao_obra_necessaria\", \"public\".\"solicitacoes_servico\".\"departamento\", \"public\".\"solicitacoes_servico\".\"contato\", \"public\".\"solicitacoes_servico\".\"analisado_por_nome\", \"public\".\"solicitacoes_servico\".\"parecer_tecnico\", \"public\".\"solicitacoes_servico\".\"aprovado_por_nome\", \"public\".\"solicitacoes_servico\".\"sugestoes_alternativas\", \"public\".\"solicitacoes_servico\".\"cancelado_por_nome\", \"public\".\"solicitacoes_servico\".\"ordem_servico_id\""
    [35mparams[39m: "[\"AGUARDANDO\",\"2026-03-16 17:20:26.467 UTC\",\"cmmtg8ttd000t2fcwywdfs44s\"]"
    [35mduration[39m: 2
    [35mtarget[39m: "quaint::connector::metrics"
[2026-03-16 14:20:26.476] [34mDEBUG[39m: [36mundefined - Query executada[39m
    [35menv[39m: "test"
    [35mservice[39m: "aupus-service-api"
    [35mcontext[39m: "Database"
    [35mquery[39m: "SELECT \"public\".\"solicitacoes_servico\".\"id\", \"public\".\"solicitacoes_servico\".\"numero\", \"public\".\"solicitacoes_servico\".\"titulo\", \"public\".\"solicitacoes_servico\".\"descricao\", \"public\".\"solicitacoes_servico\".\"tipo\"::text, \"public\".\"solicitacoes_servico\".\"prioridade\"::text, \"public\".\"solicitacoes_servico\".\"status\"::text, \"public\".\"solicitacoes_servico\".\"origem\"::text, \"public\".\"solicitacoes_servico\".\"planta_id\", \"public\".\"solicitacoes_servico\".\"area\", \"public\".\"solicitacoes_servico\".\"local_especifico\", \"public\".\"solicitacoes_servico\".\"equipamento_id\", \"public\".\"solicitacoes_servico\".\"solicitante_nome\", \"public\".\"solicitacoes_servico\".\"solicitante_email\", \"public\".\"solicitacoes_servico\".\"solicitante_telefone\", \"public\".\"solicitacoes_servico\".\"solicitante_departamento\", \"public\".\"solicitacoes_servico\".\"solicitante_id\", \"public\".\"solicitacoes_servico\".\"data_necessidade\", \"public\".\"solicitacoes_servico\".\"prazo_esperado\", \"public\".\"solicitacoes_servico\".\"data_inicio_previsto\", \"public\".\"solicitacoes_servico\".\"data_fim_previsto\", \"public\".\"solicitacoes_servico\".\"tempo_estimado\", \"public\".\"solicitacoes_servico\".\"custo_estimado\", \"public\".\"solicitacoes_servico\".\"analisado_por_id\", \"public\".\"solicitacoes_servico\".\"data_analise\", \"public\".\"solicitacoes_servico\".\"observacoes_analise\", \"public\".\"solicitacoes_servico\".\"aprovado_por_id\", \"public\".\"solicitacoes_servico\".\"data_aprovacao\", \"public\".\"solicitacoes_servico\".\"observacoes_aprovacao\", \"public\".\"solicitacoes_servico\".\"rejeitado_por_id\", \"public\".\"solicitacoes_servico\".\"data_rejeicao\", \"public\".\"solicitacoes_servico\".\"motivo_rejeicao\", \"public\".\"solicitacoes_servico\".\"cancelado_por_id\", \"public\".\"solicitacoes_servico\".\"data_cancelamento\", \"public\".\"solicitacoes_servico\".\"motivo_cancelamento\", \"public\".\"solicitacoes_servico\".\"concluido_por_id\", \"public\".\"solicitacoes_servico\".\"data_conclusao\", \"public\".\"solicitacoes_servico\".\"observacoes_conclusao\", \"public\".\"solicitacoes_servico\".\"programacao_os_id\", \"public\".\"solicitacoes_servico\".\"os_id\", \"public\".\"solicitacoes_servico\".\"observacoes\", \"public\".\"solicitacoes_servico\".\"requisitos_especiais\", \"public\".\"solicitacoes_servico\".\"riscos_identificados\", \"public\".\"solicitacoes_servico\".\"created_at\", \"public\".\"solicitacoes_servico\".\"updated_at\", \"public\".\"solicitacoes_servico\".\"deleted_at\", \"public\".\"solicitacoes_servico\".\"local\", \"public\".\"solicitacoes_servico\".\"data_solicitacao\", \"public\".\"solicitacoes_servico\".\"prazo_execucao\", \"public\".\"solicitacoes_servico\".\"data_prevista_inicio\", \"public\".\"solicitacoes_servico\".\"data_prevista_fim\", \"public\".\"solicitacoes_servico\".\"justificativa\", \"public\".\"solicitacoes_servico\".\"beneficios_esperados\", \"public\".\"solicitacoes_servico\".\"riscos_nao_execucao\", \"public\".\"solicitacoes_servico\".\"materiais_necessarios\", \"public\".\"solicitacoes_servico\".\"ferramentas_necessarias\", \"public\".\"solicitacoes_servico\".\"mao_obra_necessaria\", \"public\".\"solicitacoes_servico\".\"departamento\", \"public\".\"solicitacoes_servico\".\"contato\", \"public\".\"solicitacoes_servico\".\"analisado_por_nome\", \"public\".\"solicitacoes_servico\".\"parecer_tecnico\", \"public\".\"solicitacoes_servico\".\"aprovado_por_nome\", \"public\".\"solicitacoes_servico\".\"sugestoes_alternativas\", \"public\".\"solicitacoes_servico\".\"cancelado_por_nome\", \"public\".\"solicitacoes_servico\".\"ordem_servico_id\" FROM \"public\".\"solicitacoes_servico\" WHERE \"public\".\"solicitacoes_servico\".\"id\" = $1 LIMIT $2 OFFSET $3"
    [35mparams[39m: "[\"cmmtg8ttd000t2fcwywdfs44s\",1,0]"
    [35mduration[39m: 2
    [35mtarget[39m: "quaint::connector::metrics"
[2026-03-16 14:20:26.479] [34mDEBUG[39m: [36mundefined - Query executada[39m
    [35menv[39m: "test"
    [35mservice[39m: "aupus-service-api"
    [35mcontext[39m: "Database"
    [35mquery[39m: "SELECT \"public\".\"plantas\".\"id\", \"public\".\"plantas\".\"nome\", \"public\".\"plantas\".\"cnpj\", \"public\".\"plantas\".\"localizacao\", \"public\".\"plantas\".\"horario_funcionamento\", \"public\".\"plantas\".\"logradouro\", \"public\".\"plantas\".\"bairro\", \"public\".\"plantas\".\"cidade\", \"public\".\"plantas\".\"uf\", \"public\".\"plantas\".\"cep\", \"public\".\"plantas\".\"proprietario_id\", \"public\".\"plantas\".\"created_at\", \"public\".\"plantas\".\"updated_at\", \"public\".\"plantas\".\"deleted_at\", \"public\".\"plantas\".\"numero_uc\" FROM \"public\".\"plantas\" WHERE \"public\".\"plantas\".\"id\" IN ($1) OFFSET $2"
    [35mparams[39m: "[\"cmhbyqh6e00012faox255dzla \",0]"
    [35mduration[39m: 2
    [35mtarget[39m: "quaint::connector::metrics"
[2026-03-16 14:20:26.485] [34mDEBUG[39m: [36mundefined - Query executada[39m
    [35menv[39m: "test"
    [35mservice[39m: "aupus-service-api"
    [35mcontext[39m: "Database"
    [35mquery[39m: "INSERT INTO \"public\".\"historico_solicitacao_servico\" (\"id\",\"solicitacao_id\",\"acao\",\"usuario_nome\",\"usuario_id\",\"data\",\"observacoes\",\"status_anterior\",\"status_novo\") VALUES ($1,$2,$3,$4,$5,$6,$7,CAST($8::text AS \"public\".\"StatusSolicitacaoServico\"),CAST($9::text AS \"public\".\"StatusSolicitacaoServico\")) RETURNING \"public\".\"historico_solicitacao_servico\".\"id\", \"public\".\"historico_solicitacao_servico\".\"solicitacao_id\", \"public\".\"historico_solicitacao_servico\".\"acao\", \"public\".\"historico_solicitacao_servico\".\"usuario\", \"public\".\"historico_solicitacao_servico\".\"usuario_nome\", \"public\".\"historico_solicitacao_servico\".\"usuario_id\", \"public\".\"historico_solicitacao_servico\".\"data\", \"public\".\"historico_solicitacao_servico\".\"observacoes\", \"public\".\"historico_solicitacao_servico\".\"status_anterior\"::text, \"public\".\"historico_solicitacao_servico\".\"status_novo\"::text, \"public\".\"historico_solicitacao_servico\".\"dados_extras\""
    [35mparams[39m: "[\"cmmtg8twy000x2fcwhlfild06\",\"cmmtg8ttd000t2fcwywdfs44s\",\"ENVIO_ANALISE\",\"Sistema\",\"k6g72ojagrl415bsak6y68qi96\",\"2026-03-16 17:20:26.482 UTC\",\"Solicitação enviada para análise\",\"RASCUNHO\",\"AGUARDANDO\"]"
    [35mduration[39m: 3
    [35mtarget[39m: "quaint::connector::metrics"
[2026-03-16 14:20:26.520] [34mDEBUG[39m: [36mundefined - Query executada[39m
    [35menv[39m: "test"
    [35mservice[39m: "aupus-service-api"
    [35mcontext[39m: "Database"
    [35mquery[39m: "COMMIT"
    [35mparams[39m: "[]"
    [35mduration[39m: 33
    [35mtarget[39m: "quaint::connector::metrics"
[2026-03-16 14:20:26.538] [34mDEBUG[39m: [36mundefined - Query executada[39m
    [35menv[39m: "test"
    [35mservice[39m: "aupus-service-api"
    [35mcontext[39m: "Database"
    [35mquery[39m: "SELECT \"public\".\"usuarios\".\"id\", \"public\".\"usuarios\".\"concessionaria_atual_id\", \"public\".\"usuarios\".\"organizacao_atual_id\", \"public\".\"usuarios\".\"nome\", \"public\".\"usuarios\".\"email\", \"public\".\"usuarios\".\"telefone\", \"public\".\"usuarios\".\"instagram\", \"public\".\"usuarios\".\"status\", \"public\".\"usuarios\".\"cpf_cnpj\", \"public\".\"usuarios\".\"cidade\", \"public\".\"usuarios\".\"estado\", \"public\".\"usuarios\".\"endereco\", \"public\".\"usuarios\".\"cep\", \"public\".\"usuarios\".\"deleted_by\", \"public\".\"usuarios\".\"senha\", \"public\".\"usuarios\".\"remember_token\", \"public\".\"usuarios\".\"deleted_at\", \"public\".\"usuarios\".\"created_at\", \"public\".\"usuarios\".\"updated_at\", \"public\".\"usuarios\".\"role\", \"public\".\"usuarios\".\"manager_id\", \"public\".\"usuarios\".\"is_active\", \"public\".\"usuarios\".\"pix\", \"public\".\"usuarios\".\"avatar_url\", \"public\".\"usuarios\".\"created_by\" FROM \"public\".\"usuarios\" WHERE (\"public\".\"usuarios\".\"id\" = $1 AND \"public\".\"usuarios\".\"deleted_at\" IS NULL) LIMIT $2 OFFSET $3"
    [35mparams[39m: "[\"k6g72ojagrl415bsak6y68qi96\",1,0]"
    [35mduration[39m: 2
    [35mtarget[39m: "quaint::connector::metrics"
[2026-03-16 14:20:26.543] [34mDEBUG[39m: [36mundefined - Query executada[39m
    [35menv[39m: "test"
    [35mservice[39m: "aupus-service-api"
    [35mcontext[39m: "Database"
    [35mquery[39m: "SELECT \"public\".\"usuarios\".\"id\", \"public\".\"usuarios\".\"concessionaria_atual_id\", \"public\".\"usuarios\".\"organizacao_atual_id\", \"public\".\"usuarios\".\"nome\", \"public\".\"usuarios\".\"email\", \"public\".\"usuarios\".\"telefone\", \"public\".\"usuarios\".\"instagram\", \"public\".\"usuarios\".\"status\", \"public\".\"usuarios\".\"cpf_cnpj\", \"public\".\"usuarios\".\"cidade\", \"public\".\"usuarios\".\"estado\", \"public\".\"usuarios\".\"endereco\", \"public\".\"usuarios\".\"cep\", \"public\".\"usuarios\".\"deleted_by\", \"public\".\"usuarios\".\"senha\", \"public\".\"usuarios\".\"remember_token\", \"public\".\"usuarios\".\"deleted_at\", \"public\".\"usuarios\".\"created_at\", \"public\".\"usuarios\".\"updated_at\", \"public\".\"usuarios\".\"role\", \"public\".\"usuarios\".\"manager_id\", \"public\".\"usuarios\".\"is_active\", \"public\".\"usuarios\".\"pix\", \"public\".\"usuarios\".\"avatar_url\", \"public\".\"usuarios\".\"created_by\" FROM \"public\".\"usuarios\" WHERE (\"public\".\"usuarios\".\"id\" = $1 AND \"public\".\"usuarios\".\"deleted_at\" IS NULL) LIMIT $2 OFFSET $3"
    [35mparams[39m: "[\"k6g72ojagrl415bsak6y68qi96\",1,0]"
    [35mduration[39m: 2
    [35mtarget[39m: "quaint::connector::metrics"
[2026-03-16 14:20:26.548] [34mDEBUG[39m: [36mundefined - Query executada[39m
    [35menv[39m: "test"
    [35mservice[39m: "aupus-service-api"
    [35mcontext[39m: "Database"
    [35mquery[39m: "SELECT \"public\".\"model_has_roles\".\"role_id\", \"public\".\"model_has_roles\".\"model_id\", \"public\".\"model_has_roles\".\"model_type\" FROM \"public\".\"model_has_roles\" WHERE (\"public\".\"model_has_roles\".\"model_id\" = $1 AND \"public\".\"model_has_roles\".\"model_type\" = $2) LIMIT $3 OFFSET $4"
    [35mparams[39m: "[\"k6g72ojagrl415bsak6y68qi96\",\"App\Models\User\",1,0]"
    [35mduration[39m: 1
    [35mtarget[39m: "quaint::connector::metrics"
[2026-03-16 14:20:26.550] [34mDEBUG[39m: [36mundefined - Query executada[39m
    [35menv[39m: "test"
    [35mservice[39m: "aupus-service-api"
    [35mcontext[39m: "Database"
    [35mquery[39m: "SELECT \"public\".\"roles\".\"id\", \"public\".\"roles\".\"name\", \"public\".\"roles\".\"guard_name\", \"public\".\"roles\".\"created_at\", \"public\".\"roles\".\"updated_at\" FROM \"public\".\"roles\" WHERE \"public\".\"roles\".\"id\" IN ($1) OFFSET $2"
    [35mparams[39m: "[1,0]"
    [35mduration[39m: 1
    [35mtarget[39m: "quaint::connector::metrics"
[2026-03-16 14:20:26.552] [34mDEBUG[39m: [36mundefined - Query executada[39m
    [35menv[39m: "test"
    [35mservice[39m: "aupus-service-api"
    [35mcontext[39m: "Database"
    [35mquery[39m: "SELECT \"public\".\"role_has_permissions\".\"permission_id\", \"public\".\"role_has_permissions\".\"role_id\" FROM \"public\".\"role_has_permissions\" WHERE \"public\".\"role_has_permissions\".\"role_id\" IN ($1) OFFSET $2"
    [35mparams[39m: "[1,0]"
    [35mduration[39m: 2
    [35mtarget[39m: "quaint::connector::metrics"
[2026-03-16 14:20:26.555] [34mDEBUG[39m: [36mundefined - Query executada[39m
    [35menv[39m: "test"
    [35mservice[39m: "aupus-service-api"
    [35mcontext[39m: "Database"
    [35mquery[39m: "SELECT \"public\".\"permissions\".\"id\", \"public\".\"permissions\".\"name\", \"public\".\"permissions\".\"guard_name\", \"public\".\"permissions\".\"created_at\", \"public\".\"permissions\".\"updated_at\", \"public\".\"permissions\".\"display_name\", \"public\".\"permissions\".\"description\" FROM \"public\".\"permissions\" WHERE \"public\".\"permissions\".\"id\" IN ($1,$2,$3,$4,$5,$6,$7,$8,$9,$10,$11,$12,$13,$14,$15,$16,$17,$18,$19,$20,$21,$22) OFFSET $23"
    [35mparams[39m: "[1,2,3,4,5,6,7,8,9,10,11,12,13,14,15,16,17,18,19,20,21,22,0]"
    [35mduration[39m: 2
    [35mtarget[39m: "quaint::connector::metrics"
[2026-03-16 14:20:26.559] [34mDEBUG[39m: [36mundefined - Query executada[39m
    [35menv[39m: "test"
    [35mservice[39m: "aupus-service-api"
    [35mcontext[39m: "Database"
    [35mquery[39m: "SELECT \"public\".\"model_has_permissions\".\"permission_id\", \"public\".\"model_has_permissions\".\"model_id\", \"public\".\"model_has_permissions\".\"model_type\" FROM \"public\".\"model_has_permissions\" WHERE (\"public\".\"model_has_permissions\".\"model_id\" = $1 AND \"public\".\"model_has_permissions\".\"model_type\" = $2) OFFSET $3"
    [35mparams[39m: "[\"k6g72ojagrl415bsak6y68qi96\",\"App\Models\User\",0]"
    [35mduration[39m: 1
    [35mtarget[39m: "quaint::connector::metrics"
[2026-03-16 14:20:26.567] [34mDEBUG[39m: [36mundefined - Query executada[39m
    [35menv[39m: "test"
    [35mservice[39m: "aupus-service-api"
    [35mcontext[39m: "Database"
    [35mquery[39m: "SELECT \"public\".\"solicitacoes_servico\".\"id\", \"public\".\"solicitacoes_servico\".\"numero\", \"public\".\"solicitacoes_servico\".\"titulo\", \"public\".\"solicitacoes_servico\".\"descricao\", \"public\".\"solicitacoes_servico\".\"tipo\"::text, \"public\".\"solicitacoes_servico\".\"prioridade\"::text, \"public\".\"solicitacoes_servico\".\"status\"::text, \"public\".\"solicitacoes_servico\".\"origem\"::text, \"public\".\"solicitacoes_servico\".\"planta_id\", \"public\".\"solicitacoes_servico\".\"area\", \"public\".\"solicitacoes_servico\".\"local_especifico\", \"public\".\"solicitacoes_servico\".\"equipamento_id\", \"public\".\"solicitacoes_servico\".\"solicitante_nome\", \"public\".\"solicitacoes_servico\".\"solicitante_email\", \"public\".\"solicitacoes_servico\".\"solicitante_telefone\", \"public\".\"solicitacoes_servico\".\"solicitante_departamento\", \"public\".\"solicitacoes_servico\".\"solicitante_id\", \"public\".\"solicitacoes_servico\".\"data_necessidade\", \"public\".\"solicitacoes_servico\".\"prazo_esperado\", \"public\".\"solicitacoes_servico\".\"data_inicio_previsto\", \"public\".\"solicitacoes_servico\".\"data_fim_previsto\", \"public\".\"solicitacoes_servico\".\"tempo_estimado\", \"public\".\"solicitacoes_servico\".\"custo_estimado\", \"public\".\"solicitacoes_servico\".\"analisado_por_id\", \"public\".\"solicitacoes_servico\".\"data_analise\", \"public\".\"solicitacoes_servico\".\"observacoes_analise\", \"public\".\"solicitacoes_servico\".\"aprovado_por_id\", \"public\".\"solicitacoes_servico\".\"data_aprovacao\", \"public\".\"solicitacoes_servico\".\"observacoes_aprovacao\", \"public\".\"solicitacoes_servico\".\"rejeitado_por_id\", \"public\".\"solicitacoes_servico\".\"data_rejeicao\", \"public\".\"solicitacoes_servico\".\"motivo_rejeicao\", \"public\".\"solicitacoes_servico\".\"cancelado_por_id\", \"public\".\"solicitacoes_servico\".\"data_cancelamento\", \"public\".\"solicitacoes_servico\".\"motivo_cancelamento\", \"public\".\"solicitacoes_servico\".\"concluido_por_id\", \"public\".\"solicitacoes_servico\".\"data_conclusao\", \"public\".\"solicitacoes_servico\".\"observacoes_conclusao\", \"public\".\"solicitacoes_servico\".\"programacao_os_id\", \"public\".\"solicitacoes_servico\".\"os_id\", \"public\".\"solicitacoes_servico\".\"observacoes\", \"public\".\"solicitacoes_servico\".\"requisitos_especiais\", \"public\".\"solicitacoes_servico\".\"riscos_identificados\", \"public\".\"solicitacoes_servico\".\"created_at\", \"public\".\"solicitacoes_servico\".\"updated_at\", \"public\".\"solicitacoes_servico\".\"deleted_at\", \"public\".\"solicitacoes_servico\".\"local\", \"public\".\"solicitacoes_servico\".\"data_solicitacao\", \"public\".\"solicitacoes_servico\".\"prazo_execucao\", \"public\".\"solicitacoes_servico\".\"data_prevista_inicio\", \"public\".\"solicitacoes_servico\".\"data_prevista_fim\", \"public\".\"solicitacoes_servico\".\"justificativa\", \"public\".\"solicitacoes_servico\".\"beneficios_esperados\", \"public\".\"solicitacoes_servico\".\"riscos_nao_execucao\", \"public\".\"solicitacoes_servico\".\"materiais_necessarios\", \"public\".\"solicitacoes_servico\".\"ferramentas_necessarias\", \"public\".\"solicitacoes_servico\".\"mao_obra_necessaria\", \"public\".\"solicitacoes_servico\".\"departamento\", \"public\".\"solicitacoes_servico\".\"contato\", \"public\".\"solicitacoes_servico\".\"analisado_por_nome\", \"public\".\"solicitacoes_servico\".\"parecer_tecnico\", \"public\".\"solicitacoes_servico\".\"aprovado_por_nome\", \"public\".\"solicitacoes_servico\".\"sugestoes_alternativas\", \"public\".\"solicitacoes_servico\".\"cancelado_por_nome\", \"public\".\"solicitacoes_servico\".\"ordem_servico_id\" FROM \"public\".\"solicitacoes_servico\" WHERE (\"public\".\"solicitacoes_servico\".\"id\" = $1 AND 1=1) LIMIT $2 OFFSET $3"
    [35mparams[39m: "[\"cmmtg8ttd000t2fcwywdfs44s\",1,0]"
    [35mduration[39m: 2
    [35mtarget[39m: "quaint::connector::metrics"
[2026-03-16 14:20:26.570] [34mDEBUG[39m: [36mundefined - Query executada[39m
    [35menv[39m: "test"
    [35mservice[39m: "aupus-service-api"
    [35mcontext[39m: "Database"
    [35mquery[39m: "SELECT \"public\".\"plantas\".\"id\", \"public\".\"plantas\".\"nome\", \"public\".\"plantas\".\"cnpj\", \"public\".\"plantas\".\"localizacao\", \"public\".\"plantas\".\"horario_funcionamento\", \"public\".\"plantas\".\"logradouro\", \"public\".\"plantas\".\"bairro\", \"public\".\"plantas\".\"cidade\", \"public\".\"plantas\".\"uf\", \"public\".\"plantas\".\"cep\", \"public\".\"plantas\".\"proprietario_id\", \"public\".\"plantas\".\"created_at\", \"public\".\"plantas\".\"updated_at\", \"public\".\"plantas\".\"deleted_at\", \"public\".\"plantas\".\"numero_uc\" FROM \"public\".\"plantas\" WHERE \"public\".\"plantas\".\"id\" IN ($1) OFFSET $2"
    [35mparams[39m: "[\"cmhbyqh6e00012faox255dzla \",0]"
    [35mduration[39m: 2
    [35mtarget[39m: "quaint::connector::metrics"
[2026-03-16 14:20:26.572] [34mDEBUG[39m: [36mundefined - Query executada[39m
    [35menv[39m: "test"
    [35mservice[39m: "aupus-service-api"
    [35mcontext[39m: "Database"
    [35mquery[39m: "SELECT \"public\".\"anexos_solicitacao_servico\".\"id\", \"public\".\"anexos_solicitacao_servico\".\"solicitacao_id\", \"public\".\"anexos_solicitacao_servico\".\"nome_original\", \"public\".\"anexos_solicitacao_servico\".\"nome_arquivo\", \"public\".\"anexos_solicitacao_servico\".\"caminho\", \"public\".\"anexos_solicitacao_servico\".\"tamanho\", \"public\".\"anexos_solicitacao_servico\".\"mime_type\", \"public\".\"anexos_solicitacao_servico\".\"descricao\", \"public\".\"anexos_solicitacao_servico\".\"tipo_documento\", \"public\".\"anexos_solicitacao_servico\".\"uploaded_por\", \"public\".\"anexos_solicitacao_servico\".\"uploaded_por_id\", \"public\".\"anexos_solicitacao_servico\".\"uploaded_at\", \"public\".\"anexos_solicitacao_servico\".\"deleted_at\" FROM \"public\".\"anexos_solicitacao_servico\" WHERE \"public\".\"anexos_solicitacao_servico\".\"solicitacao_id\" IN ($1) OFFSET $2"
    [35mparams[39m: "[\"cmmtg8ttd000t2fcwywdfs44s\",0]"
    [35mduration[39m: 2
    [35mtarget[39m: "quaint::connector::metrics"
[2026-03-16 14:20:26.575] [34mDEBUG[39m: [36mundefined - Query executada[39m
    [35menv[39m: "test"
    [35mservice[39m: "aupus-service-api"
    [35mcontext[39m: "Database"
    [35mquery[39m: "SELECT \"public\".\"historico_solicitacao_servico\".\"id\", \"public\".\"historico_solicitacao_servico\".\"solicitacao_id\", \"public\".\"historico_solicitacao_servico\".\"acao\", \"public\".\"historico_solicitacao_servico\".\"usuario\", \"public\".\"historico_solicitacao_servico\".\"usuario_nome\", \"public\".\"historico_solicitacao_servico\".\"usuario_id\", \"public\".\"historico_solicitacao_servico\".\"data\", \"public\".\"historico_solicitacao_servico\".\"observacoes\", \"public\".\"historico_solicitacao_servico\".\"status_anterior\"::text, \"public\".\"historico_solicitacao_servico\".\"status_novo\"::text, \"public\".\"historico_solicitacao_servico\".\"dados_extras\" FROM \"public\".\"historico_solicitacao_servico\" WHERE \"public\".\"historico_solicitacao_servico\".\"solicitacao_id\" IN ($1) ORDER BY \"public\".\"historico_solicitacao_servico\".\"data\" DESC OFFSET $2"
    [35mparams[39m: "[\"cmmtg8ttd000t2fcwywdfs44s\",0]"
    [35mduration[39m: 2
    [35mtarget[39m: "quaint::connector::metrics"
[2026-03-16 14:20:26.579] [34mDEBUG[39m: [36mundefined - Query executada[39m
    [35menv[39m: "test"
    [35mservice[39m: "aupus-service-api"
    [35mcontext[39m: "Database"
    [35mquery[39m: "SELECT \"public\".\"comentarios_solicitacao_servico\".\"id\", \"public\".\"comentarios_solicitacao_servico\".\"solicitacao_id\", \"public\".\"comentarios_solicitacao_servico\".\"comentario\", \"public\".\"comentarios_solicitacao_servico\".\"autor\", \"public\".\"comentarios_solicitacao_servico\".\"autor_id\", \"public\".\"comentarios_solicitacao_servico\".\"tipo\", \"public\".\"comentarios_solicitacao_servico\".\"privado\", \"public\".\"comentarios_solicitacao_servico\".\"created_at\", \"public\".\"comentarios_solicitacao_servico\".\"updated_at\", \"public\".\"comentarios_solicitacao_servico\".\"deleted_at\" FROM \"public\".\"comentarios_solicitacao_servico\" WHERE \"public\".\"comentarios_solicitacao_servico\".\"solicitacao_id\" IN ($1) ORDER BY \"public\".\"comentarios_solicitacao_servico\".\"created_at\" DESC OFFSET $2"
    [35mparams[39m: "[\"cmmtg8ttd000t2fcwywdfs44s\",0]"
    [35mduration[39m: 3
    [35mtarget[39m: "quaint::connector::metrics"
[2026-03-16 14:20:26.583] [34mDEBUG[39m: [36mundefined - Query executada[39m
    [35menv[39m: "test"
    [35mservice[39m: "aupus-service-api"
    [35mcontext[39m: "Database"
    [35mquery[39m: "BEGIN"
    [35mparams[39m: "[]"
    [35mduration[39m: 2
    [35mtarget[39m: "quaint::connector::metrics"
[2026-03-16 14:20:26.590] [34mDEBUG[39m: [36mundefined - Query executada[39m
    [35menv[39m: "test"
    [35mservice[39m: "aupus-service-api"
    [35mcontext[39m: "Database"
    [35mquery[39m: "UPDATE \"public\".\"solicitacoes_servico\" SET \"status\" = CAST($1::text AS \"public\".\"StatusSolicitacaoServico\"), \"analisado_por_nome\" = $2, \"analisado_por_id\" = $3, \"data_analise\" = $4, \"observacoes_analise\" = $5, \"updated_at\" = $6 WHERE (\"public\".\"solicitacoes_servico\".\"id\" = $7 AND 1=1) RETURNING \"public\".\"solicitacoes_servico\".\"id\", \"public\".\"solicitacoes_servico\".\"numero\", \"public\".\"solicitacoes_servico\".\"titulo\", \"public\".\"solicitacoes_servico\".\"descricao\", \"public\".\"solicitacoes_servico\".\"tipo\"::text, \"public\".\"solicitacoes_servico\".\"prioridade\"::text, \"public\".\"solicitacoes_servico\".\"status\"::text, \"public\".\"solicitacoes_servico\".\"origem\"::text, \"public\".\"solicitacoes_servico\".\"planta_id\", \"public\".\"solicitacoes_servico\".\"area\", \"public\".\"solicitacoes_servico\".\"local_especifico\", \"public\".\"solicitacoes_servico\".\"equipamento_id\", \"public\".\"solicitacoes_servico\".\"solicitante_nome\", \"public\".\"solicitacoes_servico\".\"solicitante_email\", \"public\".\"solicitacoes_servico\".\"solicitante_telefone\", \"public\".\"solicitacoes_servico\".\"solicitante_departamento\", \"public\".\"solicitacoes_servico\".\"solicitante_id\", \"public\".\"solicitacoes_servico\".\"data_necessidade\", \"public\".\"solicitacoes_servico\".\"prazo_esperado\", \"public\".\"solicitacoes_servico\".\"data_inicio_previsto\", \"public\".\"solicitacoes_servico\".\"data_fim_previsto\", \"public\".\"solicitacoes_servico\".\"tempo_estimado\", \"public\".\"solicitacoes_servico\".\"custo_estimado\", \"public\".\"solicitacoes_servico\".\"analisado_por_id\", \"public\".\"solicitacoes_servico\".\"data_analise\", \"public\".\"solicitacoes_servico\".\"observacoes_analise\", \"public\".\"solicitacoes_servico\".\"aprovado_por_id\", \"public\".\"solicitacoes_servico\".\"data_aprovacao\", \"public\".\"solicitacoes_servico\".\"observacoes_aprovacao\", \"public\".\"solicitacoes_servico\".\"rejeitado_por_id\", \"public\".\"solicitacoes_servico\".\"data_rejeicao\", \"public\".\"solicitacoes_servico\".\"motivo_rejeicao\", \"public\".\"solicitacoes_servico\".\"cancelado_por_id\", \"public\".\"solicitacoes_servico\".\"data_cancelamento\", \"public\".\"solicitacoes_servico\".\"motivo_cancelamento\", \"public\".\"solicitacoes_servico\".\"concluido_por_id\", \"public\".\"solicitacoes_servico\".\"data_conclusao\", \"public\".\"solicitacoes_servico\".\"observacoes_conclusao\", \"public\".\"solicitacoes_servico\".\"programacao_os_id\", \"public\".\"solicitacoes_servico\".\"os_id\", \"public\".\"solicitacoes_servico\".\"observacoes\", \"public\".\"solicitacoes_servico\".\"requisitos_especiais\", \"public\".\"solicitacoes_servico\".\"riscos_identificados\", \"public\".\"solicitacoes_servico\".\"created_at\", \"public\".\"solicitacoes_servico\".\"updated_at\", \"public\".\"solicitacoes_servico\".\"deleted_at\", \"public\".\"solicitacoes_servico\".\"local\", \"public\".\"solicitacoes_servico\".\"data_solicitacao\", \"public\".\"solicitacoes_servico\".\"prazo_execucao\", \"public\".\"solicitacoes_servico\".\"data_prevista_inicio\", \"public\".\"solicitacoes_servico\".\"data_prevista_fim\", \"public\".\"solicitacoes_servico\".\"justificativa\", \"public\".\"solicitacoes_servico\".\"beneficios_esperados\", \"public\".\"solicitacoes_servico\".\"riscos_nao_execucao\", \"public\".\"solicitacoes_servico\".\"materiais_necessarios\", \"public\".\"solicitacoes_servico\".\"ferramentas_necessarias\", \"public\".\"solicitacoes_servico\".\"mao_obra_necessaria\", \"public\".\"solicitacoes_servico\".\"departamento\", \"public\".\"solicitacoes_servico\".\"contato\", \"public\".\"solicitacoes_servico\".\"analisado_por_nome\", \"public\".\"solicitacoes_servico\".\"parecer_tecnico\", \"public\".\"solicitacoes_servico\".\"aprovado_por_nome\", \"public\".\"solicitacoes_servico\".\"sugestoes_alternativas\", \"public\".\"solicitacoes_servico\".\"cancelado_por_nome\", \"public\".\"solicitacoes_servico\".\"ordem_servico_id\""
    [35mparams[39m: "[\"EM_ANALISE\",\"Admin\",\"k6g72ojagrl415bsak6y68qi96\",\"2026-03-16 17:20:26.584 UTC\",\"Analisando\",\"2026-03-16 17:20:26.587 UTC\",\"cmmtg8ttd000t2fcwywdfs44s\"]"
    [35mduration[39m: 2
    [35mtarget[39m: "quaint::connector::metrics"
[2026-03-16 14:20:26.593] [34mDEBUG[39m: [36mundefined - Query executada[39m
    [35menv[39m: "test"
    [35mservice[39m: "aupus-service-api"
    [35mcontext[39m: "Database"
    [35mquery[39m: "SELECT \"public\".\"solicitacoes_servico\".\"id\", \"public\".\"solicitacoes_servico\".\"numero\", \"public\".\"solicitacoes_servico\".\"titulo\", \"public\".\"solicitacoes_servico\".\"descricao\", \"public\".\"solicitacoes_servico\".\"tipo\"::text, \"public\".\"solicitacoes_servico\".\"prioridade\"::text, \"public\".\"solicitacoes_servico\".\"status\"::text, \"public\".\"solicitacoes_servico\".\"origem\"::text, \"public\".\"solicitacoes_servico\".\"planta_id\", \"public\".\"solicitacoes_servico\".\"area\", \"public\".\"solicitacoes_servico\".\"local_especifico\", \"public\".\"solicitacoes_servico\".\"equipamento_id\", \"public\".\"solicitacoes_servico\".\"solicitante_nome\", \"public\".\"solicitacoes_servico\".\"solicitante_email\", \"public\".\"solicitacoes_servico\".\"solicitante_telefone\", \"public\".\"solicitacoes_servico\".\"solicitante_departamento\", \"public\".\"solicitacoes_servico\".\"solicitante_id\", \"public\".\"solicitacoes_servico\".\"data_necessidade\", \"public\".\"solicitacoes_servico\".\"prazo_esperado\", \"public\".\"solicitacoes_servico\".\"data_inicio_previsto\", \"public\".\"solicitacoes_servico\".\"data_fim_previsto\", \"public\".\"solicitacoes_servico\".\"tempo_estimado\", \"public\".\"solicitacoes_servico\".\"custo_estimado\", \"public\".\"solicitacoes_servico\".\"analisado_por_id\", \"public\".\"solicitacoes_servico\".\"data_analise\", \"public\".\"solicitacoes_servico\".\"observacoes_analise\", \"public\".\"solicitacoes_servico\".\"aprovado_por_id\", \"public\".\"solicitacoes_servico\".\"data_aprovacao\", \"public\".\"solicitacoes_servico\".\"observacoes_aprovacao\", \"public\".\"solicitacoes_servico\".\"rejeitado_por_id\", \"public\".\"solicitacoes_servico\".\"data_rejeicao\", \"public\".\"solicitacoes_servico\".\"motivo_rejeicao\", \"public\".\"solicitacoes_servico\".\"cancelado_por_id\", \"public\".\"solicitacoes_servico\".\"data_cancelamento\", \"public\".\"solicitacoes_servico\".\"motivo_cancelamento\", \"public\".\"solicitacoes_servico\".\"concluido_por_id\", \"public\".\"solicitacoes_servico\".\"data_conclusao\", \"public\".\"solicitacoes_servico\".\"observacoes_conclusao\", \"public\".\"solicitacoes_servico\".\"programacao_os_id\", \"public\".\"solicitacoes_servico\".\"os_id\", \"public\".\"solicitacoes_servico\".\"observacoes\", \"public\".\"solicitacoes_servico\".\"requisitos_especiais\", \"public\".\"solicitacoes_servico\".\"riscos_identificados\", \"public\".\"solicitacoes_servico\".\"created_at\", \"public\".\"solicitacoes_servico\".\"updated_at\", \"public\".\"solicitacoes_servico\".\"deleted_at\", \"public\".\"solicitacoes_servico\".\"local\", \"public\".\"solicitacoes_servico\".\"data_solicitacao\", \"public\".\"solicitacoes_servico\".\"prazo_execucao\", \"public\".\"solicitacoes_servico\".\"data_prevista_inicio\", \"public\".\"solicitacoes_servico\".\"data_prevista_fim\", \"public\".\"solicitacoes_servico\".\"justificativa\", \"public\".\"solicitacoes_servico\".\"beneficios_esperados\", \"public\".\"solicitacoes_servico\".\"riscos_nao_execucao\", \"public\".\"solicitacoes_servico\".\"materiais_necessarios\", \"public\".\"solicitacoes_servico\".\"ferramentas_necessarias\", \"public\".\"solicitacoes_servico\".\"mao_obra_necessaria\", \"public\".\"solicitacoes_servico\".\"departamento\", \"public\".\"solicitacoes_servico\".\"contato\", \"public\".\"solicitacoes_servico\".\"analisado_por_nome\", \"public\".\"solicitacoes_servico\".\"parecer_tecnico\", \"public\".\"solicitacoes_servico\".\"aprovado_por_nome\", \"public\".\"solicitacoes_servico\".\"sugestoes_alternativas\", \"public\".\"solicitacoes_servico\".\"cancelado_por_nome\", \"public\".\"solicitacoes_servico\".\"ordem_servico_id\" FROM \"public\".\"solicitacoes_servico\" WHERE \"public\".\"solicitacoes_servico\".\"id\" = $1 LIMIT $2 OFFSET $3"
    [35mparams[39m: "[\"cmmtg8ttd000t2fcwywdfs44s\",1,0]"
    [35mduration[39m: 2
    [35mtarget[39m: "quaint::connector::metrics"
[2026-03-16 14:20:26.596] [34mDEBUG[39m: [36mundefined - Query executada[39m
    [35menv[39m: "test"
    [35mservice[39m: "aupus-service-api"
    [35mcontext[39m: "Database"
    [35mquery[39m: "SELECT \"public\".\"plantas\".\"id\", \"public\".\"plantas\".\"nome\", \"public\".\"plantas\".\"cnpj\", \"public\".\"plantas\".\"localizacao\", \"public\".\"plantas\".\"horario_funcionamento\", \"public\".\"plantas\".\"logradouro\", \"public\".\"plantas\".\"bairro\", \"public\".\"plantas\".\"cidade\", \"public\".\"plantas\".\"uf\", \"public\".\"plantas\".\"cep\", \"public\".\"plantas\".\"proprietario_id\", \"public\".\"plantas\".\"created_at\", \"public\".\"plantas\".\"updated_at\", \"public\".\"plantas\".\"deleted_at\", \"public\".\"plantas\".\"numero_uc\" FROM \"public\".\"plantas\" WHERE \"public\".\"plantas\".\"id\" IN ($1) OFFSET $2"
    [35mparams[39m: "[\"cmhbyqh6e00012faox255dzla \",0]"
    [35mduration[39m: 2
    [35mtarget[39m: "quaint::connector::metrics"
[2026-03-16 14:20:26.601] [34mDEBUG[39m: [36mundefined - Query executada[39m
    [35menv[39m: "test"
    [35mservice[39m: "aupus-service-api"
    [35mcontext[39m: "Database"
    [35mquery[39m: "INSERT INTO \"public\".\"historico_solicitacao_servico\" (\"id\",\"solicitacao_id\",\"acao\",\"usuario_nome\",\"usuario_id\",\"data\",\"observacoes\",\"status_anterior\",\"status_novo\") VALUES ($1,$2,$3,$4,$5,$6,$7,CAST($8::text AS \"public\".\"StatusSolicitacaoServico\"),CAST($9::text AS \"public\".\"StatusSolicitacaoServico\")) RETURNING \"public\".\"historico_solicitacao_servico\".\"id\", \"public\".\"historico_solicitacao_servico\".\"solicitacao_id\", \"public\".\"historico_solicitacao_servico\".\"acao\", \"public\".\"historico_solicitacao_servico\".\"usuario\", \"public\".\"historico_solicitacao_servico\".\"usuario_nome\", \"public\".\"historico_solicitacao_servico\".\"usuario_id\", \"public\".\"historico_solicitacao_servico\".\"data\", \"public\".\"historico_solicitacao_servico\".\"observacoes\", \"public\".\"historico_solicitacao_servico\".\"status_anterior\"::text, \"public\".\"historico_solicitacao_servico\".\"status_novo\"::text, \"public\".\"historico_solicitacao_servico\".\"dados_extras\""
    [35mparams[39m: "[\"cmmtg8u07000z2fcwrrz6akf7\",\"cmmtg8ttd000t2fcwywdfs44s\",\"INICIO_ANALISE\",\"Admin\",\"k6g72ojagrl415bsak6y68qi96\",\"2026-03-16 17:20:26.599 UTC\",\"Analisando\",\"AGUARDANDO\",\"EM_ANALISE\"]"
    [35mduration[39m: 2
    [35mtarget[39m: "quaint::connector::metrics"
[2026-03-16 14:20:26.612] [34mDEBUG[39m: [36mundefined - Query executada[39m
    [35menv[39m: "test"
    [35mservice[39m: "aupus-service-api"
    [35mcontext[39m: "Database"
    [35mquery[39m: "COMMIT"
    [35mparams[39m: "[]"
    [35mduration[39m: 9
    [35mtarget[39m: "quaint::connector::metrics"
[2026-03-16 14:20:26.621] [34mDEBUG[39m: [36mundefined - Query executada[39m
    [35menv[39m: "test"
    [35mservice[39m: "aupus-service-api"
    [35mcontext[39m: "Database"
    [35mquery[39m: "SELECT \"public\".\"usuarios\".\"id\", \"public\".\"usuarios\".\"concessionaria_atual_id\", \"public\".\"usuarios\".\"organizacao_atual_id\", \"public\".\"usuarios\".\"nome\", \"public\".\"usuarios\".\"email\", \"public\".\"usuarios\".\"telefone\", \"public\".\"usuarios\".\"instagram\", \"public\".\"usuarios\".\"status\", \"public\".\"usuarios\".\"cpf_cnpj\", \"public\".\"usuarios\".\"cidade\", \"public\".\"usuarios\".\"estado\", \"public\".\"usuarios\".\"endereco\", \"public\".\"usuarios\".\"cep\", \"public\".\"usuarios\".\"deleted_by\", \"public\".\"usuarios\".\"senha\", \"public\".\"usuarios\".\"remember_token\", \"public\".\"usuarios\".\"deleted_at\", \"public\".\"usuarios\".\"created_at\", \"public\".\"usuarios\".\"updated_at\", \"public\".\"usuarios\".\"role\", \"public\".\"usuarios\".\"manager_id\", \"public\".\"usuarios\".\"is_active\", \"public\".\"usuarios\".\"pix\", \"public\".\"usuarios\".\"avatar_url\", \"public\".\"usuarios\".\"created_by\" FROM \"public\".\"usuarios\" WHERE (\"public\".\"usuarios\".\"id\" = $1 AND \"public\".\"usuarios\".\"deleted_at\" IS NULL) LIMIT $2 OFFSET $3"
    [35mparams[39m: "[\"k6g72ojagrl415bsak6y68qi96\",1,0]"
    [35mduration[39m: 1
    [35mtarget[39m: "quaint::connector::metrics"
[2026-03-16 14:20:26.625] [34mDEBUG[39m: [36mundefined - Query executada[39m
    [35menv[39m: "test"
    [35mservice[39m: "aupus-service-api"
    [35mcontext[39m: "Database"
    [35mquery[39m: "SELECT \"public\".\"usuarios\".\"id\", \"public\".\"usuarios\".\"concessionaria_atual_id\", \"public\".\"usuarios\".\"organizacao_atual_id\", \"public\".\"usuarios\".\"nome\", \"public\".\"usuarios\".\"email\", \"public\".\"usuarios\".\"telefone\", \"public\".\"usuarios\".\"instagram\", \"public\".\"usuarios\".\"status\", \"public\".\"usuarios\".\"cpf_cnpj\", \"public\".\"usuarios\".\"cidade\", \"public\".\"usuarios\".\"estado\", \"public\".\"usuarios\".\"endereco\", \"public\".\"usuarios\".\"cep\", \"public\".\"usuarios\".\"deleted_by\", \"public\".\"usuarios\".\"senha\", \"public\".\"usuarios\".\"remember_token\", \"public\".\"usuarios\".\"deleted_at\", \"public\".\"usuarios\".\"created_at\", \"public\".\"usuarios\".\"updated_at\", \"public\".\"usuarios\".\"role\", \"public\".\"usuarios\".\"manager_id\", \"public\".\"usuarios\".\"is_active\", \"public\".\"usuarios\".\"pix\", \"public\".\"usuarios\".\"avatar_url\", \"public\".\"usuarios\".\"created_by\" FROM \"public\".\"usuarios\" WHERE (\"public\".\"usuarios\".\"id\" = $1 AND \"public\".\"usuarios\".\"deleted_at\" IS NULL) LIMIT $2 OFFSET $3"
    [35mparams[39m: "[\"k6g72ojagrl415bsak6y68qi96\",1,0]"
    [35mduration[39m: 1
    [35mtarget[39m: "quaint::connector::metrics"
[2026-03-16 14:20:26.628] [34mDEBUG[39m: [36mundefined - Query executada[39m
    [35menv[39m: "test"
    [35mservice[39m: "aupus-service-api"
    [35mcontext[39m: "Database"
    [35mquery[39m: "SELECT \"public\".\"model_has_roles\".\"role_id\", \"public\".\"model_has_roles\".\"model_id\", \"public\".\"model_has_roles\".\"model_type\" FROM \"public\".\"model_has_roles\" WHERE (\"public\".\"model_has_roles\".\"model_id\" = $1 AND \"public\".\"model_has_roles\".\"model_type\" = $2) LIMIT $3 OFFSET $4"
    [35mparams[39m: "[\"k6g72ojagrl415bsak6y68qi96\",\"App\Models\User\",1,0]"
    [35mduration[39m: 1
    [35mtarget[39m: "quaint::connector::metrics"
[2026-03-16 14:20:26.629] [34mDEBUG[39m: [36mundefined - Query executada[39m
    [35menv[39m: "test"
    [35mservice[39m: "aupus-service-api"
    [35mcontext[39m: "Database"
    [35mquery[39m: "SELECT \"public\".\"roles\".\"id\", \"public\".\"roles\".\"name\", \"public\".\"roles\".\"guard_name\", \"public\".\"roles\".\"created_at\", \"public\".\"roles\".\"updated_at\" FROM \"public\".\"roles\" WHERE \"public\".\"roles\".\"id\" IN ($1) OFFSET $2"
    [35mparams[39m: "[1,0]"
    [35mduration[39m: 1
    [35mtarget[39m: "quaint::connector::metrics"
[2026-03-16 14:20:26.631] [34mDEBUG[39m: [36mundefined - Query executada[39m
    [35menv[39m: "test"
    [35mservice[39m: "aupus-service-api"
    [35mcontext[39m: "Database"
    [35mquery[39m: "SELECT \"public\".\"role_has_permissions\".\"permission_id\", \"public\".\"role_has_permissions\".\"role_id\" FROM \"public\".\"role_has_permissions\" WHERE \"public\".\"role_has_permissions\".\"role_id\" IN ($1) OFFSET $2"
    [35mparams[39m: "[1,0]"
    [35mduration[39m: 1
    [35mtarget[39m: "quaint::connector::metrics"
[2026-03-16 14:20:26.632] [34mDEBUG[39m: [36mundefined - Query executada[39m
    [35menv[39m: "test"
    [35mservice[39m: "aupus-service-api"
    [35mcontext[39m: "Database"
    [35mquery[39m: "SELECT \"public\".\"permissions\".\"id\", \"public\".\"permissions\".\"name\", \"public\".\"permissions\".\"guard_name\", \"public\".\"permissions\".\"created_at\", \"public\".\"permissions\".\"updated_at\", \"public\".\"permissions\".\"display_name\", \"public\".\"permissions\".\"description\" FROM \"public\".\"permissions\" WHERE \"public\".\"permissions\".\"id\" IN ($1,$2,$3,$4,$5,$6,$7,$8,$9,$10,$11,$12,$13,$14,$15,$16,$17,$18,$19,$20,$21,$22) OFFSET $23"
    [35mparams[39m: "[1,2,3,4,5,6,7,8,9,10,11,12,13,14,15,16,17,18,19,20,21,22,0]"
    [35mduration[39m: 1
    [35mtarget[39m: "quaint::connector::metrics"
[2026-03-16 14:20:26.636] [34mDEBUG[39m: [36mundefined - Query executada[39m
    [35menv[39m: "test"
    [35mservice[39m: "aupus-service-api"
    [35mcontext[39m: "Database"
    [35mquery[39m: "SELECT \"public\".\"model_has_permissions\".\"permission_id\", \"public\".\"model_has_permissions\".\"model_id\", \"public\".\"model_has_permissions\".\"model_type\" FROM \"public\".\"model_has_permissions\" WHERE (\"public\".\"model_has_permissions\".\"model_id\" = $1 AND \"public\".\"model_has_permissions\".\"model_type\" = $2) OFFSET $3"
    [35mparams[39m: "[\"k6g72ojagrl415bsak6y68qi96\",\"App\Models\User\",0]"
    [35mduration[39m: 1
    [35mtarget[39m: "quaint::connector::metrics"
[2026-03-16 14:20:26.641] [34mDEBUG[39m: [36mundefined - Query executada[39m
    [35menv[39m: "test"
    [35mservice[39m: "aupus-service-api"
    [35mcontext[39m: "Database"
    [35mquery[39m: "SELECT \"public\".\"solicitacoes_servico\".\"id\", \"public\".\"solicitacoes_servico\".\"numero\", \"public\".\"solicitacoes_servico\".\"titulo\", \"public\".\"solicitacoes_servico\".\"descricao\", \"public\".\"solicitacoes_servico\".\"tipo\"::text, \"public\".\"solicitacoes_servico\".\"prioridade\"::text, \"public\".\"solicitacoes_servico\".\"status\"::text, \"public\".\"solicitacoes_servico\".\"origem\"::text, \"public\".\"solicitacoes_servico\".\"planta_id\", \"public\".\"solicitacoes_servico\".\"area\", \"public\".\"solicitacoes_servico\".\"local_especifico\", \"public\".\"solicitacoes_servico\".\"equipamento_id\", \"public\".\"solicitacoes_servico\".\"solicitante_nome\", \"public\".\"solicitacoes_servico\".\"solicitante_email\", \"public\".\"solicitacoes_servico\".\"solicitante_telefone\", \"public\".\"solicitacoes_servico\".\"solicitante_departamento\", \"public\".\"solicitacoes_servico\".\"solicitante_id\", \"public\".\"solicitacoes_servico\".\"data_necessidade\", \"public\".\"solicitacoes_servico\".\"prazo_esperado\", \"public\".\"solicitacoes_servico\".\"data_inicio_previsto\", \"public\".\"solicitacoes_servico\".\"data_fim_previsto\", \"public\".\"solicitacoes_servico\".\"tempo_estimado\", \"public\".\"solicitacoes_servico\".\"custo_estimado\", \"public\".\"solicitacoes_servico\".\"analisado_por_id\", \"public\".\"solicitacoes_servico\".\"data_analise\", \"public\".\"solicitacoes_servico\".\"observacoes_analise\", \"public\".\"solicitacoes_servico\".\"aprovado_por_id\", \"public\".\"solicitacoes_servico\".\"data_aprovacao\", \"public\".\"solicitacoes_servico\".\"observacoes_aprovacao\", \"public\".\"solicitacoes_servico\".\"rejeitado_por_id\", \"public\".\"solicitacoes_servico\".\"data_rejeicao\", \"public\".\"solicitacoes_servico\".\"motivo_rejeicao\", \"public\".\"solicitacoes_servico\".\"cancelado_por_id\", \"public\".\"solicitacoes_servico\".\"data_cancelamento\", \"public\".\"solicitacoes_servico\".\"motivo_cancelamento\", \"public\".\"solicitacoes_servico\".\"concluido_por_id\", \"public\".\"solicitacoes_servico\".\"data_conclusao\", \"public\".\"solicitacoes_servico\".\"observacoes_conclusao\", \"public\".\"solicitacoes_servico\".\"programacao_os_id\", \"public\".\"solicitacoes_servico\".\"os_id\", \"public\".\"solicitacoes_servico\".\"observacoes\", \"public\".\"solicitacoes_servico\".\"requisitos_especiais\", \"public\".\"solicitacoes_servico\".\"riscos_identificados\", \"public\".\"solicitacoes_servico\".\"created_at\", \"public\".\"solicitacoes_servico\".\"updated_at\", \"public\".\"solicitacoes_servico\".\"deleted_at\", \"public\".\"solicitacoes_servico\".\"local\", \"public\".\"solicitacoes_servico\".\"data_solicitacao\", \"public\".\"solicitacoes_servico\".\"prazo_execucao\", \"public\".\"solicitacoes_servico\".\"data_prevista_inicio\", \"public\".\"solicitacoes_servico\".\"data_prevista_fim\", \"public\".\"solicitacoes_servico\".\"justificativa\", \"public\".\"solicitacoes_servico\".\"beneficios_esperados\", \"public\".\"solicitacoes_servico\".\"riscos_nao_execucao\", \"public\".\"solicitacoes_servico\".\"materiais_necessarios\", \"public\".\"solicitacoes_servico\".\"ferramentas_necessarias\", \"public\".\"solicitacoes_servico\".\"mao_obra_necessaria\", \"public\".\"solicitacoes_servico\".\"departamento\", \"public\".\"solicitacoes_servico\".\"contato\", \"public\".\"solicitacoes_servico\".\"analisado_por_nome\", \"public\".\"solicitacoes_servico\".\"parecer_tecnico\", \"public\".\"solicitacoes_servico\".\"aprovado_por_nome\", \"public\".\"solicitacoes_servico\".\"sugestoes_alternativas\", \"public\".\"solicitacoes_servico\".\"cancelado_por_nome\", \"public\".\"solicitacoes_servico\".\"ordem_servico_id\" FROM \"public\".\"solicitacoes_servico\" WHERE (\"public\".\"solicitacoes_servico\".\"id\" = $1 AND 1=1) LIMIT $2 OFFSET $3"
    [35mparams[39m: "[\"cmmtg8ttd000t2fcwywdfs44s\",1,0]"
    [35mduration[39m: 1
    [35mtarget[39m: "quaint::connector::metrics"
[2026-03-16 14:20:26.643] [34mDEBUG[39m: [36mundefined - Query executada[39m
    [35menv[39m: "test"
    [35mservice[39m: "aupus-service-api"
    [35mcontext[39m: "Database"
    [35mquery[39m: "SELECT \"public\".\"plantas\".\"id\", \"public\".\"plantas\".\"nome\", \"public\".\"plantas\".\"cnpj\", \"public\".\"plantas\".\"localizacao\", \"public\".\"plantas\".\"horario_funcionamento\", \"public\".\"plantas\".\"logradouro\", \"public\".\"plantas\".\"bairro\", \"public\".\"plantas\".\"cidade\", \"public\".\"plantas\".\"uf\", \"public\".\"plantas\".\"cep\", \"public\".\"plantas\".\"proprietario_id\", \"public\".\"plantas\".\"created_at\", \"public\".\"plantas\".\"updated_at\", \"public\".\"plantas\".\"deleted_at\", \"public\".\"plantas\".\"numero_uc\" FROM \"public\".\"plantas\" WHERE \"public\".\"plantas\".\"id\" IN ($1) OFFSET $2"
    [35mparams[39m: "[\"cmhbyqh6e00012faox255dzla \",0]"
    [35mduration[39m: 1
    [35mtarget[39m: "quaint::connector::metrics"
[2026-03-16 14:20:26.645] [34mDEBUG[39m: [36mundefined - Query executada[39m
    [35menv[39m: "test"
    [35mservice[39m: "aupus-service-api"
    [35mcontext[39m: "Database"
    [35mquery[39m: "SELECT \"public\".\"anexos_solicitacao_servico\".\"id\", \"public\".\"anexos_solicitacao_servico\".\"solicitacao_id\", \"public\".\"anexos_solicitacao_servico\".\"nome_original\", \"public\".\"anexos_solicitacao_servico\".\"nome_arquivo\", \"public\".\"anexos_solicitacao_servico\".\"caminho\", \"public\".\"anexos_solicitacao_servico\".\"tamanho\", \"public\".\"anexos_solicitacao_servico\".\"mime_type\", \"public\".\"anexos_solicitacao_servico\".\"descricao\", \"public\".\"anexos_solicitacao_servico\".\"tipo_documento\", \"public\".\"anexos_solicitacao_servico\".\"uploaded_por\", \"public\".\"anexos_solicitacao_servico\".\"uploaded_por_id\", \"public\".\"anexos_solicitacao_servico\".\"uploaded_at\", \"public\".\"anexos_solicitacao_servico\".\"deleted_at\" FROM \"public\".\"anexos_solicitacao_servico\" WHERE \"public\".\"anexos_solicitacao_servico\".\"solicitacao_id\" IN ($1) OFFSET $2"
    [35mparams[39m: "[\"cmmtg8ttd000t2fcwywdfs44s\",0]"
    [35mduration[39m: 1
    [35mtarget[39m: "quaint::connector::metrics"
[2026-03-16 14:20:26.647] [34mDEBUG[39m: [36mundefined - Query executada[39m
    [35menv[39m: "test"
    [35mservice[39m: "aupus-service-api"
    [35mcontext[39m: "Database"
    [35mquery[39m: "SELECT \"public\".\"historico_solicitacao_servico\".\"id\", \"public\".\"historico_solicitacao_servico\".\"solicitacao_id\", \"public\".\"historico_solicitacao_servico\".\"acao\", \"public\".\"historico_solicitacao_servico\".\"usuario\", \"public\".\"historico_solicitacao_servico\".\"usuario_nome\", \"public\".\"historico_solicitacao_servico\".\"usuario_id\", \"public\".\"historico_solicitacao_servico\".\"data\", \"public\".\"historico_solicitacao_servico\".\"observacoes\", \"public\".\"historico_solicitacao_servico\".\"status_anterior\"::text, \"public\".\"historico_solicitacao_servico\".\"status_novo\"::text, \"public\".\"historico_solicitacao_servico\".\"dados_extras\" FROM \"public\".\"historico_solicitacao_servico\" WHERE \"public\".\"historico_solicitacao_servico\".\"solicitacao_id\" IN ($1) ORDER BY \"public\".\"historico_solicitacao_servico\".\"data\" DESC OFFSET $2"
    [35mparams[39m: "[\"cmmtg8ttd000t2fcwywdfs44s\",0]"
    [35mduration[39m: 1
    [35mtarget[39m: "quaint::connector::metrics"
[2026-03-16 14:20:26.648] [34mDEBUG[39m: [36mundefined - Query executada[39m
    [35menv[39m: "test"
    [35mservice[39m: "aupus-service-api"
    [35mcontext[39m: "Database"
    [35mquery[39m: "SELECT \"public\".\"comentarios_solicitacao_servico\".\"id\", \"public\".\"comentarios_solicitacao_servico\".\"solicitacao_id\", \"public\".\"comentarios_solicitacao_servico\".\"comentario\", \"public\".\"comentarios_solicitacao_servico\".\"autor\", \"public\".\"comentarios_solicitacao_servico\".\"autor_id\", \"public\".\"comentarios_solicitacao_servico\".\"tipo\", \"public\".\"comentarios_solicitacao_servico\".\"privado\", \"public\".\"comentarios_solicitacao_servico\".\"created_at\", \"public\".\"comentarios_solicitacao_servico\".\"updated_at\", \"public\".\"comentarios_solicitacao_servico\".\"deleted_at\" FROM \"public\".\"comentarios_solicitacao_servico\" WHERE \"public\".\"comentarios_solicitacao_servico\".\"solicitacao_id\" IN ($1) ORDER BY \"public\".\"comentarios_solicitacao_servico\".\"created_at\" DESC OFFSET $2"
    [35mparams[39m: "[\"cmmtg8ttd000t2fcwywdfs44s\",0]"
    [35mduration[39m: 1
    [35mtarget[39m: "quaint::connector::metrics"
[2026-03-16 14:20:26.652] [34mDEBUG[39m: [36mundefined - Query executada[39m
    [35menv[39m: "test"
    [35mservice[39m: "aupus-service-api"
    [35mcontext[39m: "Database"
    [35mquery[39m: "BEGIN"
    [35mparams[39m: "[]"
    [35mduration[39m: 1
    [35mtarget[39m: "quaint::connector::metrics"
[2026-03-16 14:20:26.659] [34mDEBUG[39m: [36mundefined - Query executada[39m
    [35menv[39m: "test"
    [35mservice[39m: "aupus-service-api"
    [35mcontext[39m: "Database"
    [35mquery[39m: "UPDATE \"public\".\"solicitacoes_servico\" SET \"status\" = CAST($1::text AS \"public\".\"StatusSolicitacaoServico\"), \"aprovado_por_nome\" = $2, \"aprovado_por_id\" = $3, \"data_aprovacao\" = $4, \"observacoes_aprovacao\" = $5, \"updated_at\" = $6 WHERE (\"public\".\"solicitacoes_servico\".\"id\" = $7 AND 1=1) RETURNING \"public\".\"solicitacoes_servico\".\"id\", \"public\".\"solicitacoes_servico\".\"numero\", \"public\".\"solicitacoes_servico\".\"titulo\", \"public\".\"solicitacoes_servico\".\"descricao\", \"public\".\"solicitacoes_servico\".\"tipo\"::text, \"public\".\"solicitacoes_servico\".\"prioridade\"::text, \"public\".\"solicitacoes_servico\".\"status\"::text, \"public\".\"solicitacoes_servico\".\"origem\"::text, \"public\".\"solicitacoes_servico\".\"planta_id\", \"public\".\"solicitacoes_servico\".\"area\", \"public\".\"solicitacoes_servico\".\"local_especifico\", \"public\".\"solicitacoes_servico\".\"equipamento_id\", \"public\".\"solicitacoes_servico\".\"solicitante_nome\", \"public\".\"solicitacoes_servico\".\"solicitante_email\", \"public\".\"solicitacoes_servico\".\"solicitante_telefone\", \"public\".\"solicitacoes_servico\".\"solicitante_departamento\", \"public\".\"solicitacoes_servico\".\"solicitante_id\", \"public\".\"solicitacoes_servico\".\"data_necessidade\", \"public\".\"solicitacoes_servico\".\"prazo_esperado\", \"public\".\"solicitacoes_servico\".\"data_inicio_previsto\", \"public\".\"solicitacoes_servico\".\"data_fim_previsto\", \"public\".\"solicitacoes_servico\".\"tempo_estimado\", \"public\".\"solicitacoes_servico\".\"custo_estimado\", \"public\".\"solicitacoes_servico\".\"analisado_por_id\", \"public\".\"solicitacoes_servico\".\"data_analise\", \"public\".\"solicitacoes_servico\".\"observacoes_analise\", \"public\".\"solicitacoes_servico\".\"aprovado_por_id\", \"public\".\"solicitacoes_servico\".\"data_aprovacao\", \"public\".\"solicitacoes_servico\".\"observacoes_aprovacao\", \"public\".\"solicitacoes_servico\".\"rejeitado_por_id\", \"public\".\"solicitacoes_servico\".\"data_rejeicao\", \"public\".\"solicitacoes_servico\".\"motivo_rejeicao\", \"public\".\"solicitacoes_servico\".\"cancelado_por_id\", \"public\".\"solicitacoes_servico\".\"data_cancelamento\", \"public\".\"solicitacoes_servico\".\"motivo_cancelamento\", \"public\".\"solicitacoes_servico\".\"concluido_por_id\", \"public\".\"solicitacoes_servico\".\"data_conclusao\", \"public\".\"solicitacoes_servico\".\"observacoes_conclusao\", \"public\".\"solicitacoes_servico\".\"programacao_os_id\", \"public\".\"solicitacoes_servico\".\"os_id\", \"public\".\"solicitacoes_servico\".\"observacoes\", \"public\".\"solicitacoes_servico\".\"requisitos_especiais\", \"public\".\"solicitacoes_servico\".\"riscos_identificados\", \"public\".\"solicitacoes_servico\".\"created_at\", \"public\".\"solicitacoes_servico\".\"updated_at\", \"public\".\"solicitacoes_servico\".\"deleted_at\", \"public\".\"solicitacoes_servico\".\"local\", \"public\".\"solicitacoes_servico\".\"data_solicitacao\", \"public\".\"solicitacoes_servico\".\"prazo_execucao\", \"public\".\"solicitacoes_servico\".\"data_prevista_inicio\", \"public\".\"solicitacoes_servico\".\"data_prevista_fim\", \"public\".\"solicitacoes_servico\".\"justificativa\", \"public\".\"solicitacoes_servico\".\"beneficios_esperados\", \"public\".\"solicitacoes_servico\".\"riscos_nao_execucao\", \"public\".\"solicitacoes_servico\".\"materiais_necessarios\", \"public\".\"solicitacoes_servico\".\"ferramentas_necessarias\", \"public\".\"solicitacoes_servico\".\"mao_obra_necessaria\", \"public\".\"solicitacoes_servico\".\"departamento\", \"public\".\"solicitacoes_servico\".\"contato\", \"public\".\"solicitacoes_servico\".\"analisado_por_nome\", \"public\".\"solicitacoes_servico\".\"parecer_tecnico\", \"public\".\"solicitacoes_servico\".\"aprovado_por_nome\", \"public\".\"solicitacoes_servico\".\"sugestoes_alternativas\", \"public\".\"solicitacoes_servico\".\"cancelado_por_nome\", \"public\".\"solicitacoes_servico\".\"ordem_servico_id\""
    [35mparams[39m: "[\"APROVADA\",\"Admin\",\"k6g72ojagrl415bsak6y68qi96\",\"2026-03-16 17:20:26.652 UTC\",\"Aprovado\",\"2026-03-16 17:20:26.655 UTC\",\"cmmtg8ttd000t2fcwywdfs44s\"]"
    [35mduration[39m: 3
    [35mtarget[39m: "quaint::connector::metrics"
[2026-03-16 14:20:26.662] [34mDEBUG[39m: [36mundefined - Query executada[39m
    [35menv[39m: "test"
    [35mservice[39m: "aupus-service-api"
    [35mcontext[39m: "Database"
    [35mquery[39m: "SELECT \"public\".\"solicitacoes_servico\".\"id\", \"public\".\"solicitacoes_servico\".\"numero\", \"public\".\"solicitacoes_servico\".\"titulo\", \"public\".\"solicitacoes_servico\".\"descricao\", \"public\".\"solicitacoes_servico\".\"tipo\"::text, \"public\".\"solicitacoes_servico\".\"prioridade\"::text, \"public\".\"solicitacoes_servico\".\"status\"::text, \"public\".\"solicitacoes_servico\".\"origem\"::text, \"public\".\"solicitacoes_servico\".\"planta_id\", \"public\".\"solicitacoes_servico\".\"area\", \"public\".\"solicitacoes_servico\".\"local_especifico\", \"public\".\"solicitacoes_servico\".\"equipamento_id\", \"public\".\"solicitacoes_servico\".\"solicitante_nome\", \"public\".\"solicitacoes_servico\".\"solicitante_email\", \"public\".\"solicitacoes_servico\".\"solicitante_telefone\", \"public\".\"solicitacoes_servico\".\"solicitante_departamento\", \"public\".\"solicitacoes_servico\".\"solicitante_id\", \"public\".\"solicitacoes_servico\".\"data_necessidade\", \"public\".\"solicitacoes_servico\".\"prazo_esperado\", \"public\".\"solicitacoes_servico\".\"data_inicio_previsto\", \"public\".\"solicitacoes_servico\".\"data_fim_previsto\", \"public\".\"solicitacoes_servico\".\"tempo_estimado\", \"public\".\"solicitacoes_servico\".\"custo_estimado\", \"public\".\"solicitacoes_servico\".\"analisado_por_id\", \"public\".\"solicitacoes_servico\".\"data_analise\", \"public\".\"solicitacoes_servico\".\"observacoes_analise\", \"public\".\"solicitacoes_servico\".\"aprovado_por_id\", \"public\".\"solicitacoes_servico\".\"data_aprovacao\", \"public\".\"solicitacoes_servico\".\"observacoes_aprovacao\", \"public\".\"solicitacoes_servico\".\"rejeitado_por_id\", \"public\".\"solicitacoes_servico\".\"data_rejeicao\", \"public\".\"solicitacoes_servico\".\"motivo_rejeicao\", \"public\".\"solicitacoes_servico\".\"cancelado_por_id\", \"public\".\"solicitacoes_servico\".\"data_cancelamento\", \"public\".\"solicitacoes_servico\".\"motivo_cancelamento\", \"public\".\"solicitacoes_servico\".\"concluido_por_id\", \"public\".\"solicitacoes_servico\".\"data_conclusao\", \"public\".\"solicitacoes_servico\".\"observacoes_conclusao\", \"public\".\"solicitacoes_servico\".\"programacao_os_id\", \"public\".\"solicitacoes_servico\".\"os_id\", \"public\".\"solicitacoes_servico\".\"observacoes\", \"public\".\"solicitacoes_servico\".\"requisitos_especiais\", \"public\".\"solicitacoes_servico\".\"riscos_identificados\", \"public\".\"solicitacoes_servico\".\"created_at\", \"public\".\"solicitacoes_servico\".\"updated_at\", \"public\".\"solicitacoes_servico\".\"deleted_at\", \"public\".\"solicitacoes_servico\".\"local\", \"public\".\"solicitacoes_servico\".\"data_solicitacao\", \"public\".\"solicitacoes_servico\".\"prazo_execucao\", \"public\".\"solicitacoes_servico\".\"data_prevista_inicio\", \"public\".\"solicitacoes_servico\".\"data_prevista_fim\", \"public\".\"solicitacoes_servico\".\"justificativa\", \"public\".\"solicitacoes_servico\".\"beneficios_esperados\", \"public\".\"solicitacoes_servico\".\"riscos_nao_execucao\", \"public\".\"solicitacoes_servico\".\"materiais_necessarios\", \"public\".\"solicitacoes_servico\".\"ferramentas_necessarias\", \"public\".\"solicitacoes_servico\".\"mao_obra_necessaria\", \"public\".\"solicitacoes_servico\".\"departamento\", \"public\".\"solicitacoes_servico\".\"contato\", \"public\".\"solicitacoes_servico\".\"analisado_por_nome\", \"public\".\"solicitacoes_servico\".\"parecer_tecnico\", \"public\".\"solicitacoes_servico\".\"aprovado_por_nome\", \"public\".\"solicitacoes_servico\".\"sugestoes_alternativas\", \"public\".\"solicitacoes_servico\".\"cancelado_por_nome\", \"public\".\"solicitacoes_servico\".\"ordem_servico_id\" FROM \"public\".\"solicitacoes_servico\" WHERE \"public\".\"solicitacoes_servico\".\"id\" = $1 LIMIT $2 OFFSET $3"
    [35mparams[39m: "[\"cmmtg8ttd000t2fcwywdfs44s\",1,0]"
    [35mduration[39m: 2
    [35mtarget[39m: "quaint::connector::metrics"
[2026-03-16 14:20:26.664] [34mDEBUG[39m: [36mundefined - Query executada[39m
    [35menv[39m: "test"
    [35mservice[39m: "aupus-service-api"
    [35mcontext[39m: "Database"
    [35mquery[39m: "SELECT \"public\".\"plantas\".\"id\", \"public\".\"plantas\".\"nome\", \"public\".\"plantas\".\"cnpj\", \"public\".\"plantas\".\"localizacao\", \"public\".\"plantas\".\"horario_funcionamento\", \"public\".\"plantas\".\"logradouro\", \"public\".\"plantas\".\"bairro\", \"public\".\"plantas\".\"cidade\", \"public\".\"plantas\".\"uf\", \"public\".\"plantas\".\"cep\", \"public\".\"plantas\".\"proprietario_id\", \"public\".\"plantas\".\"created_at\", \"public\".\"plantas\".\"updated_at\", \"public\".\"plantas\".\"deleted_at\", \"public\".\"plantas\".\"numero_uc\" FROM \"public\".\"plantas\" WHERE \"public\".\"plantas\".\"id\" IN ($1) OFFSET $2"
    [35mparams[39m: "[\"cmhbyqh6e00012faox255dzla \",0]"
    [35mduration[39m: 1
    [35mtarget[39m: "quaint::connector::metrics"
[2026-03-16 14:20:26.668] [34mDEBUG[39m: [36mundefined - Query executada[39m
    [35menv[39m: "test"
    [35mservice[39m: "aupus-service-api"
    [35mcontext[39m: "Database"
    [35mquery[39m: "INSERT INTO \"public\".\"historico_solicitacao_servico\" (\"id\",\"solicitacao_id\",\"acao\",\"usuario_nome\",\"usuario_id\",\"data\",\"observacoes\",\"status_anterior\",\"status_novo\") VALUES ($1,$2,$3,$4,$5,$6,$7,CAST($8::text AS \"public\".\"StatusSolicitacaoServico\"),CAST($9::text AS \"public\".\"StatusSolicitacaoServico\")) RETURNING \"public\".\"historico_solicitacao_servico\".\"id\", \"public\".\"historico_solicitacao_servico\".\"solicitacao_id\", \"public\".\"historico_solicitacao_servico\".\"acao\", \"public\".\"historico_solicitacao_servico\".\"usuario\", \"public\".\"historico_solicitacao_servico\".\"usuario_nome\", \"public\".\"historico_solicitacao_servico\".\"usuario_id\", \"public\".\"historico_solicitacao_servico\".\"data\", \"public\".\"historico_solicitacao_servico\".\"observacoes\", \"public\".\"historico_solicitacao_servico\".\"status_anterior\"::text, \"public\".\"historico_solicitacao_servico\".\"status_novo\"::text, \"public\".\"historico_solicitacao_servico\".\"dados_extras\""
    [35mparams[39m: "[\"cmmtg8u2200112fcwx0mxnnsj\",\"cmmtg8ttd000t2fcwywdfs44s\",\"APROVACAO\",\"Admin\",\"k6g72ojagrl415bsak6y68qi96\",\"2026-03-16 17:20:26.666 UTC\",\"Aprovado\",\"EM_ANALISE\",\"APROVADA\"]"
    [35mduration[39m: 1
    [35mtarget[39m: "quaint::connector::metrics"
[2026-03-16 14:20:26.701] [34mDEBUG[39m: [36mundefined - Query executada[39m
    [35menv[39m: "test"
    [35mservice[39m: "aupus-service-api"
    [35mcontext[39m: "Database"
    [35mquery[39m: "COMMIT"
    [35mparams[39m: "[]"
    [35mduration[39m: 31
    [35mtarget[39m: "quaint::connector::metrics"
[2026-03-16 14:20:26.727] [34mDEBUG[39m: [36mundefined - Query executada[39m
    [35menv[39m: "test"
    [35mservice[39m: "aupus-service-api"
    [35mcontext[39m: "Database"
    [35mquery[39m: "SELECT \"public\".\"usuarios\".\"id\", \"public\".\"usuarios\".\"concessionaria_atual_id\", \"public\".\"usuarios\".\"organizacao_atual_id\", \"public\".\"usuarios\".\"nome\", \"public\".\"usuarios\".\"email\", \"public\".\"usuarios\".\"telefone\", \"public\".\"usuarios\".\"instagram\", \"public\".\"usuarios\".\"status\", \"public\".\"usuarios\".\"cpf_cnpj\", \"public\".\"usuarios\".\"cidade\", \"public\".\"usuarios\".\"estado\", \"public\".\"usuarios\".\"endereco\", \"public\".\"usuarios\".\"cep\", \"public\".\"usuarios\".\"deleted_by\", \"public\".\"usuarios\".\"senha\", \"public\".\"usuarios\".\"remember_token\", \"public\".\"usuarios\".\"deleted_at\", \"public\".\"usuarios\".\"created_at\", \"public\".\"usuarios\".\"updated_at\", \"public\".\"usuarios\".\"role\", \"public\".\"usuarios\".\"manager_id\", \"public\".\"usuarios\".\"is_active\", \"public\".\"usuarios\".\"pix\", \"public\".\"usuarios\".\"avatar_url\", \"public\".\"usuarios\".\"created_by\" FROM \"public\".\"usuarios\" WHERE (\"public\".\"usuarios\".\"id\" = $1 AND \"public\".\"usuarios\".\"deleted_at\" IS NULL) LIMIT $2 OFFSET $3"
    [35mparams[39m: "[\"k6g72ojagrl415bsak6y68qi96\",1,0]"
    [35mduration[39m: 2
    [35mtarget[39m: "quaint::connector::metrics"
[2026-03-16 14:20:26.734] [34mDEBUG[39m: [36mundefined - Query executada[39m
    [35menv[39m: "test"
    [35mservice[39m: "aupus-service-api"
    [35mcontext[39m: "Database"
    [35mquery[39m: "SELECT \"public\".\"usuarios\".\"id\", \"public\".\"usuarios\".\"concessionaria_atual_id\", \"public\".\"usuarios\".\"organizacao_atual_id\", \"public\".\"usuarios\".\"nome\", \"public\".\"usuarios\".\"email\", \"public\".\"usuarios\".\"telefone\", \"public\".\"usuarios\".\"instagram\", \"public\".\"usuarios\".\"status\", \"public\".\"usuarios\".\"cpf_cnpj\", \"public\".\"usuarios\".\"cidade\", \"public\".\"usuarios\".\"estado\", \"public\".\"usuarios\".\"endereco\", \"public\".\"usuarios\".\"cep\", \"public\".\"usuarios\".\"deleted_by\", \"public\".\"usuarios\".\"senha\", \"public\".\"usuarios\".\"remember_token\", \"public\".\"usuarios\".\"deleted_at\", \"public\".\"usuarios\".\"created_at\", \"public\".\"usuarios\".\"updated_at\", \"public\".\"usuarios\".\"role\", \"public\".\"usuarios\".\"manager_id\", \"public\".\"usuarios\".\"is_active\", \"public\".\"usuarios\".\"pix\", \"public\".\"usuarios\".\"avatar_url\", \"public\".\"usuarios\".\"created_by\" FROM \"public\".\"usuarios\" WHERE (\"public\".\"usuarios\".\"id\" = $1 AND \"public\".\"usuarios\".\"deleted_at\" IS NULL) LIMIT $2 OFFSET $3"
    [35mparams[39m: "[\"k6g72ojagrl415bsak6y68qi96\",1,0]"
    [35mduration[39m: 2
    [35mtarget[39m: "quaint::connector::metrics"
[2026-03-16 14:20:26.740] [34mDEBUG[39m: [36mundefined - Query executada[39m
    [35menv[39m: "test"
    [35mservice[39m: "aupus-service-api"
    [35mcontext[39m: "Database"
    [35mquery[39m: "SELECT \"public\".\"model_has_roles\".\"role_id\", \"public\".\"model_has_roles\".\"model_id\", \"public\".\"model_has_roles\".\"model_type\" FROM \"public\".\"model_has_roles\" WHERE (\"public\".\"model_has_roles\".\"model_id\" = $1 AND \"public\".\"model_has_roles\".\"model_type\" = $2) LIMIT $3 OFFSET $4"
    [35mparams[39m: "[\"k6g72ojagrl415bsak6y68qi96\",\"App\Models\User\",1,0]"
    [35mduration[39m: 2
    [35mtarget[39m: "quaint::connector::metrics"
[2026-03-16 14:20:26.742] [34mDEBUG[39m: [36mundefined - Query executada[39m
    [35menv[39m: "test"
    [35mservice[39m: "aupus-service-api"
    [35mcontext[39m: "Database"
    [35mquery[39m: "SELECT \"public\".\"roles\".\"id\", \"public\".\"roles\".\"name\", \"public\".\"roles\".\"guard_name\", \"public\".\"roles\".\"created_at\", \"public\".\"roles\".\"updated_at\" FROM \"public\".\"roles\" WHERE \"public\".\"roles\".\"id\" IN ($1) OFFSET $2"
    [35mparams[39m: "[1,0]"
    [35mduration[39m: 1
    [35mtarget[39m: "quaint::connector::metrics"
[2026-03-16 14:20:26.745] [34mDEBUG[39m: [36mundefined - Query executada[39m
    [35menv[39m: "test"
    [35mservice[39m: "aupus-service-api"
    [35mcontext[39m: "Database"
    [35mquery[39m: "SELECT \"public\".\"role_has_permissions\".\"permission_id\", \"public\".\"role_has_permissions\".\"role_id\" FROM \"public\".\"role_has_permissions\" WHERE \"public\".\"role_has_permissions\".\"role_id\" IN ($1) OFFSET $2"
    [35mparams[39m: "[1,0]"
    [35mduration[39m: 2
    [35mtarget[39m: "quaint::connector::metrics"
[2026-03-16 14:20:26.747] [34mDEBUG[39m: [36mundefined - Query executada[39m
    [35menv[39m: "test"
    [35mservice[39m: "aupus-service-api"
    [35mcontext[39m: "Database"
    [35mquery[39m: "SELECT \"public\".\"permissions\".\"id\", \"public\".\"permissions\".\"name\", \"public\".\"permissions\".\"guard_name\", \"public\".\"permissions\".\"created_at\", \"public\".\"permissions\".\"updated_at\", \"public\".\"permissions\".\"display_name\", \"public\".\"permissions\".\"description\" FROM \"public\".\"permissions\" WHERE \"public\".\"permissions\".\"id\" IN ($1,$2,$3,$4,$5,$6,$7,$8,$9,$10,$11,$12,$13,$14,$15,$16,$17,$18,$19,$20,$21,$22) OFFSET $23"
    [35mparams[39m: "[1,2,3,4,5,6,7,8,9,10,11,12,13,14,15,16,17,18,19,20,21,22,0]"
    [35mduration[39m: 1
    [35mtarget[39m: "quaint::connector::metrics"
[2026-03-16 14:20:26.751] [34mDEBUG[39m: [36mundefined - Query executada[39m
    [35menv[39m: "test"
    [35mservice[39m: "aupus-service-api"
    [35mcontext[39m: "Database"
    [35mquery[39m: "SELECT \"public\".\"model_has_permissions\".\"permission_id\", \"public\".\"model_has_permissions\".\"model_id\", \"public\".\"model_has_permissions\".\"model_type\" FROM \"public\".\"model_has_permissions\" WHERE (\"public\".\"model_has_permissions\".\"model_id\" = $1 AND \"public\".\"model_has_permissions\".\"model_type\" = $2) OFFSET $3"
    [35mparams[39m: "[\"k6g72ojagrl415bsak6y68qi96\",\"App\Models\User\",0]"
    [35mduration[39m: 1
    [35mtarget[39m: "quaint::connector::metrics"
[2026-03-16 14:20:26.758] [34mDEBUG[39m: [36mundefined - Query executada[39m
    [35menv[39m: "test"
    [35mservice[39m: "aupus-service-api"
    [35mcontext[39m: "Database"
    [35mquery[39m: "SELECT \"public\".\"solicitacoes_servico\".\"id\", \"public\".\"solicitacoes_servico\".\"numero\", \"public\".\"solicitacoes_servico\".\"titulo\", \"public\".\"solicitacoes_servico\".\"descricao\", \"public\".\"solicitacoes_servico\".\"tipo\"::text, \"public\".\"solicitacoes_servico\".\"prioridade\"::text, \"public\".\"solicitacoes_servico\".\"status\"::text, \"public\".\"solicitacoes_servico\".\"origem\"::text, \"public\".\"solicitacoes_servico\".\"planta_id\", \"public\".\"solicitacoes_servico\".\"area\", \"public\".\"solicitacoes_servico\".\"local_especifico\", \"public\".\"solicitacoes_servico\".\"equipamento_id\", \"public\".\"solicitacoes_servico\".\"solicitante_nome\", \"public\".\"solicitacoes_servico\".\"solicitante_email\", \"public\".\"solicitacoes_servico\".\"solicitante_telefone\", \"public\".\"solicitacoes_servico\".\"solicitante_departamento\", \"public\".\"solicitacoes_servico\".\"solicitante_id\", \"public\".\"solicitacoes_servico\".\"data_necessidade\", \"public\".\"solicitacoes_servico\".\"prazo_esperado\", \"public\".\"solicitacoes_servico\".\"data_inicio_previsto\", \"public\".\"solicitacoes_servico\".\"data_fim_previsto\", \"public\".\"solicitacoes_servico\".\"tempo_estimado\", \"public\".\"solicitacoes_servico\".\"custo_estimado\", \"public\".\"solicitacoes_servico\".\"analisado_por_id\", \"public\".\"solicitacoes_servico\".\"data_analise\", \"public\".\"solicitacoes_servico\".\"observacoes_analise\", \"public\".\"solicitacoes_servico\".\"aprovado_por_id\", \"public\".\"solicitacoes_servico\".\"data_aprovacao\", \"public\".\"solicitacoes_servico\".\"observacoes_aprovacao\", \"public\".\"solicitacoes_servico\".\"rejeitado_por_id\", \"public\".\"solicitacoes_servico\".\"data_rejeicao\", \"public\".\"solicitacoes_servico\".\"motivo_rejeicao\", \"public\".\"solicitacoes_servico\".\"cancelado_por_id\", \"public\".\"solicitacoes_servico\".\"data_cancelamento\", \"public\".\"solicitacoes_servico\".\"motivo_cancelamento\", \"public\".\"solicitacoes_servico\".\"concluido_por_id\", \"public\".\"solicitacoes_servico\".\"data_conclusao\", \"public\".\"solicitacoes_servico\".\"observacoes_conclusao\", \"public\".\"solicitacoes_servico\".\"programacao_os_id\", \"public\".\"solicitacoes_servico\".\"os_id\", \"public\".\"solicitacoes_servico\".\"observacoes\", \"public\".\"solicitacoes_servico\".\"requisitos_especiais\", \"public\".\"solicitacoes_servico\".\"riscos_identificados\", \"public\".\"solicitacoes_servico\".\"created_at\", \"public\".\"solicitacoes_servico\".\"updated_at\", \"public\".\"solicitacoes_servico\".\"deleted_at\", \"public\".\"solicitacoes_servico\".\"local\", \"public\".\"solicitacoes_servico\".\"data_solicitacao\", \"public\".\"solicitacoes_servico\".\"prazo_execucao\", \"public\".\"solicitacoes_servico\".\"data_prevista_inicio\", \"public\".\"solicitacoes_servico\".\"data_prevista_fim\", \"public\".\"solicitacoes_servico\".\"justificativa\", \"public\".\"solicitacoes_servico\".\"beneficios_esperados\", \"public\".\"solicitacoes_servico\".\"riscos_nao_execucao\", \"public\".\"solicitacoes_servico\".\"materiais_necessarios\", \"public\".\"solicitacoes_servico\".\"ferramentas_necessarias\", \"public\".\"solicitacoes_servico\".\"mao_obra_necessaria\", \"public\".\"solicitacoes_servico\".\"departamento\", \"public\".\"solicitacoes_servico\".\"contato\", \"public\".\"solicitacoes_servico\".\"analisado_por_nome\", \"public\".\"solicitacoes_servico\".\"parecer_tecnico\", \"public\".\"solicitacoes_servico\".\"aprovado_por_nome\", \"public\".\"solicitacoes_servico\".\"sugestoes_alternativas\", \"public\".\"solicitacoes_servico\".\"cancelado_por_nome\", \"public\".\"solicitacoes_servico\".\"ordem_servico_id\" FROM \"public\".\"solicitacoes_servico\" WHERE (\"public\".\"solicitacoes_servico\".\"id\" = $1 AND 1=1) LIMIT $2 OFFSET $3"
    [35mparams[39m: "[\"cmmtg8ttd000t2fcwywdfs44s\",1,0]"
    [35mduration[39m: 1
    [35mtarget[39m: "quaint::connector::metrics"
[2026-03-16 14:20:26.761] [34mDEBUG[39m: [36mundefined - Query executada[39m
    [35menv[39m: "test"
    [35mservice[39m: "aupus-service-api"
    [35mcontext[39m: "Database"
    [35mquery[39m: "SELECT \"public\".\"plantas\".\"id\", \"public\".\"plantas\".\"nome\", \"public\".\"plantas\".\"cnpj\", \"public\".\"plantas\".\"localizacao\", \"public\".\"plantas\".\"horario_funcionamento\", \"public\".\"plantas\".\"logradouro\", \"public\".\"plantas\".\"bairro\", \"public\".\"plantas\".\"cidade\", \"public\".\"plantas\".\"uf\", \"public\".\"plantas\".\"cep\", \"public\".\"plantas\".\"proprietario_id\", \"public\".\"plantas\".\"created_at\", \"public\".\"plantas\".\"updated_at\", \"public\".\"plantas\".\"deleted_at\", \"public\".\"plantas\".\"numero_uc\" FROM \"public\".\"plantas\" WHERE \"public\".\"plantas\".\"id\" IN ($1) OFFSET $2"
    [35mparams[39m: "[\"cmhbyqh6e00012faox255dzla \",0]"
    [35mduration[39m: 2
    [35mtarget[39m: "quaint::connector::metrics"
[2026-03-16 14:20:26.763] [34mDEBUG[39m: [36mundefined - Query executada[39m
    [35menv[39m: "test"
    [35mservice[39m: "aupus-service-api"
    [35mcontext[39m: "Database"
    [35mquery[39m: "SELECT \"public\".\"anexos_solicitacao_servico\".\"id\", \"public\".\"anexos_solicitacao_servico\".\"solicitacao_id\", \"public\".\"anexos_solicitacao_servico\".\"nome_original\", \"public\".\"anexos_solicitacao_servico\".\"nome_arquivo\", \"public\".\"anexos_solicitacao_servico\".\"caminho\", \"public\".\"anexos_solicitacao_servico\".\"tamanho\", \"public\".\"anexos_solicitacao_servico\".\"mime_type\", \"public\".\"anexos_solicitacao_servico\".\"descricao\", \"public\".\"anexos_solicitacao_servico\".\"tipo_documento\", \"public\".\"anexos_solicitacao_servico\".\"uploaded_por\", \"public\".\"anexos_solicitacao_servico\".\"uploaded_por_id\", \"public\".\"anexos_solicitacao_servico\".\"uploaded_at\", \"public\".\"anexos_solicitacao_servico\".\"deleted_at\" FROM \"public\".\"anexos_solicitacao_servico\" WHERE \"public\".\"anexos_solicitacao_servico\".\"solicitacao_id\" IN ($1) OFFSET $2"
    [35mparams[39m: "[\"cmmtg8ttd000t2fcwywdfs44s\",0]"
    [35mduration[39m: 2
    [35mtarget[39m: "quaint::connector::metrics"
[2026-03-16 14:20:26.765] [34mDEBUG[39m: [36mundefined - Query executada[39m
    [35menv[39m: "test"
    [35mservice[39m: "aupus-service-api"
    [35mcontext[39m: "Database"
    [35mquery[39m: "SELECT \"public\".\"historico_solicitacao_servico\".\"id\", \"public\".\"historico_solicitacao_servico\".\"solicitacao_id\", \"public\".\"historico_solicitacao_servico\".\"acao\", \"public\".\"historico_solicitacao_servico\".\"usuario\", \"public\".\"historico_solicitacao_servico\".\"usuario_nome\", \"public\".\"historico_solicitacao_servico\".\"usuario_id\", \"public\".\"historico_solicitacao_servico\".\"data\", \"public\".\"historico_solicitacao_servico\".\"observacoes\", \"public\".\"historico_solicitacao_servico\".\"status_anterior\"::text, \"public\".\"historico_solicitacao_servico\".\"status_novo\"::text, \"public\".\"historico_solicitacao_servico\".\"dados_extras\" FROM \"public\".\"historico_solicitacao_servico\" WHERE \"public\".\"historico_solicitacao_servico\".\"solicitacao_id\" IN ($1) ORDER BY \"public\".\"historico_solicitacao_servico\".\"data\" DESC OFFSET $2"
    [35mparams[39m: "[\"cmmtg8ttd000t2fcwywdfs44s\",0]"
    [35mduration[39m: 1
    [35mtarget[39m: "quaint::connector::metrics"
[2026-03-16 14:20:26.766] [34mDEBUG[39m: [36mundefined - Query executada[39m
    [35menv[39m: "test"
    [35mservice[39m: "aupus-service-api"
    [35mcontext[39m: "Database"
    [35mquery[39m: "SELECT \"public\".\"comentarios_solicitacao_servico\".\"id\", \"public\".\"comentarios_solicitacao_servico\".\"solicitacao_id\", \"public\".\"comentarios_solicitacao_servico\".\"comentario\", \"public\".\"comentarios_solicitacao_servico\".\"autor\", \"public\".\"comentarios_solicitacao_servico\".\"autor_id\", \"public\".\"comentarios_solicitacao_servico\".\"tipo\", \"public\".\"comentarios_solicitacao_servico\".\"privado\", \"public\".\"comentarios_solicitacao_servico\".\"created_at\", \"public\".\"comentarios_solicitacao_servico\".\"updated_at\", \"public\".\"comentarios_solicitacao_servico\".\"deleted_at\" FROM \"public\".\"comentarios_solicitacao_servico\" WHERE \"public\".\"comentarios_solicitacao_servico\".\"solicitacao_id\" IN ($1) ORDER BY \"public\".\"comentarios_solicitacao_servico\".\"created_at\" DESC OFFSET $2"
    [35mparams[39m: "[\"cmmtg8ttd000t2fcwywdfs44s\",0]"
    [35mduration[39m: 1
    [35mtarget[39m: "quaint::connector::metrics"
[2026-03-16 14:20:26.770] [34mDEBUG[39m: [36mundefined - Query executada[39m
    [35menv[39m: "test"
    [35mservice[39m: "aupus-service-api"
    [35mcontext[39m: "Database"
    [35mquery[39m: "BEGIN"
    [35mparams[39m: "[]"
    [35mduration[39m: 2
    [35mtarget[39m: "quaint::connector::metrics"
[2026-03-16 14:20:26.798] [34mDEBUG[39m: [36mundefined - Query executada[39m
    [35menv[39m: "test"
    [35mservice[39m: "aupus-service-api"
    [35mcontext[39m: "Database"
    [35mquery[39m: "UPDATE \"public\".\"solicitacoes_servico\" SET \"status\" = CAST($1::text AS \"public\".\"StatusSolicitacaoServico\"), \"motivo_cancelamento\" = $2, \"cancelado_por_nome\" = $3, \"cancelado_por_id\" = $4, \"data_cancelamento\" = $5, \"updated_at\" = $6 WHERE (\"public\".\"solicitacoes_servico\".\"id\" = $7 AND 1=1) RETURNING \"public\".\"solicitacoes_servico\".\"id\", \"public\".\"solicitacoes_servico\".\"numero\", \"public\".\"solicitacoes_servico\".\"titulo\", \"public\".\"solicitacoes_servico\".\"descricao\", \"public\".\"solicitacoes_servico\".\"tipo\"::text, \"public\".\"solicitacoes_servico\".\"prioridade\"::text, \"public\".\"solicitacoes_servico\".\"status\"::text, \"public\".\"solicitacoes_servico\".\"origem\"::text, \"public\".\"solicitacoes_servico\".\"planta_id\", \"public\".\"solicitacoes_servico\".\"area\", \"public\".\"solicitacoes_servico\".\"local_especifico\", \"public\".\"solicitacoes_servico\".\"equipamento_id\", \"public\".\"solicitacoes_servico\".\"solicitante_nome\", \"public\".\"solicitacoes_servico\".\"solicitante_email\", \"public\".\"solicitacoes_servico\".\"solicitante_telefone\", \"public\".\"solicitacoes_servico\".\"solicitante_departamento\", \"public\".\"solicitacoes_servico\".\"solicitante_id\", \"public\".\"solicitacoes_servico\".\"data_necessidade\", \"public\".\"solicitacoes_servico\".\"prazo_esperado\", \"public\".\"solicitacoes_servico\".\"data_inicio_previsto\", \"public\".\"solicitacoes_servico\".\"data_fim_previsto\", \"public\".\"solicitacoes_servico\".\"tempo_estimado\", \"public\".\"solicitacoes_servico\".\"custo_estimado\", \"public\".\"solicitacoes_servico\".\"analisado_por_id\", \"public\".\"solicitacoes_servico\".\"data_analise\", \"public\".\"solicitacoes_servico\".\"observacoes_analise\", \"public\".\"solicitacoes_servico\".\"aprovado_por_id\", \"public\".\"solicitacoes_servico\".\"data_aprovacao\", \"public\".\"solicitacoes_servico\".\"observacoes_aprovacao\", \"public\".\"solicitacoes_servico\".\"rejeitado_por_id\", \"public\".\"solicitacoes_servico\".\"data_rejeicao\", \"public\".\"solicitacoes_servico\".\"motivo_rejeicao\", \"public\".\"solicitacoes_servico\".\"cancelado_por_id\", \"public\".\"solicitacoes_servico\".\"data_cancelamento\", \"public\".\"solicitacoes_servico\".\"motivo_cancelamento\", \"public\".\"solicitacoes_servico\".\"concluido_por_id\", \"public\".\"solicitacoes_servico\".\"data_conclusao\", \"public\".\"solicitacoes_servico\".\"observacoes_conclusao\", \"public\".\"solicitacoes_servico\".\"programacao_os_id\", \"public\".\"solicitacoes_servico\".\"os_id\", \"public\".\"solicitacoes_servico\".\"observacoes\", \"public\".\"solicitacoes_servico\".\"requisitos_especiais\", \"public\".\"solicitacoes_servico\".\"riscos_identificados\", \"public\".\"solicitacoes_servico\".\"created_at\", \"public\".\"solicitacoes_servico\".\"updated_at\", \"public\".\"solicitacoes_servico\".\"deleted_at\", \"public\".\"solicitacoes_servico\".\"local\", \"public\".\"solicitacoes_servico\".\"data_solicitacao\", \"public\".\"solicitacoes_servico\".\"prazo_execucao\", \"public\".\"solicitacoes_servico\".\"data_prevista_inicio\", \"public\".\"solicitacoes_servico\".\"data_prevista_fim\", \"public\".\"solicitacoes_servico\".\"justificativa\", \"public\".\"solicitacoes_servico\".\"beneficios_esperados\", \"public\".\"solicitacoes_servico\".\"riscos_nao_execucao\", \"public\".\"solicitacoes_servico\".\"materiais_necessarios\", \"public\".\"solicitacoes_servico\".\"ferramentas_necessarias\", \"public\".\"solicitacoes_servico\".\"mao_obra_necessaria\", \"public\".\"solicitacoes_servico\".\"departamento\", \"public\".\"solicitacoes_servico\".\"contato\", \"public\".\"solicitacoes_servico\".\"analisado_por_nome\", \"public\".\"solicitacoes_servico\".\"parecer_tecnico\", \"public\".\"solicitacoes_servico\".\"aprovado_por_nome\", \"public\".\"solicitacoes_servico\".\"sugestoes_alternativas\", \"public\".\"solicitacoes_servico\".\"cancelado_por_nome\", \"public\".\"solicitacoes_servico\".\"ordem_servico_id\""
    [35mparams[39m: "[\"CANCELADA\",\"Não é mais necessário\",\"Admin\",\"k6g72ojagrl415bsak6y68qi96\",\"2026-03-16 17:20:26.771 UTC\",\"2026-03-16 17:20:26.773 UTC\",\"cmmtg8ttd000t2fcwywdfs44s\"]"
    [35mduration[39m: 24
    [35mtarget[39m: "quaint::connector::metrics"
[2026-03-16 14:20:26.801] [34mDEBUG[39m: [36mundefined - Query executada[39m
    [35menv[39m: "test"
    [35mservice[39m: "aupus-service-api"
    [35mcontext[39m: "Database"
    [35mquery[39m: "SELECT \"public\".\"solicitacoes_servico\".\"id\", \"public\".\"solicitacoes_servico\".\"numero\", \"public\".\"solicitacoes_servico\".\"titulo\", \"public\".\"solicitacoes_servico\".\"descricao\", \"public\".\"solicitacoes_servico\".\"tipo\"::text, \"public\".\"solicitacoes_servico\".\"prioridade\"::text, \"public\".\"solicitacoes_servico\".\"status\"::text, \"public\".\"solicitacoes_servico\".\"origem\"::text, \"public\".\"solicitacoes_servico\".\"planta_id\", \"public\".\"solicitacoes_servico\".\"area\", \"public\".\"solicitacoes_servico\".\"local_especifico\", \"public\".\"solicitacoes_servico\".\"equipamento_id\", \"public\".\"solicitacoes_servico\".\"solicitante_nome\", \"public\".\"solicitacoes_servico\".\"solicitante_email\", \"public\".\"solicitacoes_servico\".\"solicitante_telefone\", \"public\".\"solicitacoes_servico\".\"solicitante_departamento\", \"public\".\"solicitacoes_servico\".\"solicitante_id\", \"public\".\"solicitacoes_servico\".\"data_necessidade\", \"public\".\"solicitacoes_servico\".\"prazo_esperado\", \"public\".\"solicitacoes_servico\".\"data_inicio_previsto\", \"public\".\"solicitacoes_servico\".\"data_fim_previsto\", \"public\".\"solicitacoes_servico\".\"tempo_estimado\", \"public\".\"solicitacoes_servico\".\"custo_estimado\", \"public\".\"solicitacoes_servico\".\"analisado_por_id\", \"public\".\"solicitacoes_servico\".\"data_analise\", \"public\".\"solicitacoes_servico\".\"observacoes_analise\", \"public\".\"solicitacoes_servico\".\"aprovado_por_id\", \"public\".\"solicitacoes_servico\".\"data_aprovacao\", \"public\".\"solicitacoes_servico\".\"observacoes_aprovacao\", \"public\".\"solicitacoes_servico\".\"rejeitado_por_id\", \"public\".\"solicitacoes_servico\".\"data_rejeicao\", \"public\".\"solicitacoes_servico\".\"motivo_rejeicao\", \"public\".\"solicitacoes_servico\".\"cancelado_por_id\", \"public\".\"solicitacoes_servico\".\"data_cancelamento\", \"public\".\"solicitacoes_servico\".\"motivo_cancelamento\", \"public\".\"solicitacoes_servico\".\"concluido_por_id\", \"public\".\"solicitacoes_servico\".\"data_conclusao\", \"public\".\"solicitacoes_servico\".\"observacoes_conclusao\", \"public\".\"solicitacoes_servico\".\"programacao_os_id\", \"public\".\"solicitacoes_servico\".\"os_id\", \"public\".\"solicitacoes_servico\".\"observacoes\", \"public\".\"solicitacoes_servico\".\"requisitos_especiais\", \"public\".\"solicitacoes_servico\".\"riscos_identificados\", \"public\".\"solicitacoes_servico\".\"created_at\", \"public\".\"solicitacoes_servico\".\"updated_at\", \"public\".\"solicitacoes_servico\".\"deleted_at\", \"public\".\"solicitacoes_servico\".\"local\", \"public\".\"solicitacoes_servico\".\"data_solicitacao\", \"public\".\"solicitacoes_servico\".\"prazo_execucao\", \"public\".\"solicitacoes_servico\".\"data_prevista_inicio\", \"public\".\"solicitacoes_servico\".\"data_prevista_fim\", \"public\".\"solicitacoes_servico\".\"justificativa\", \"public\".\"solicitacoes_servico\".\"beneficios_esperados\", \"public\".\"solicitacoes_servico\".\"riscos_nao_execucao\", \"public\".\"solicitacoes_servico\".\"materiais_necessarios\", \"public\".\"solicitacoes_servico\".\"ferramentas_necessarias\", \"public\".\"solicitacoes_servico\".\"mao_obra_necessaria\", \"public\".\"solicitacoes_servico\".\"departamento\", \"public\".\"solicitacoes_servico\".\"contato\", \"public\".\"solicitacoes_servico\".\"analisado_por_nome\", \"public\".\"solicitacoes_servico\".\"parecer_tecnico\", \"public\".\"solicitacoes_servico\".\"aprovado_por_nome\", \"public\".\"solicitacoes_servico\".\"sugestoes_alternativas\", \"public\".\"solicitacoes_servico\".\"cancelado_por_nome\", \"public\".\"solicitacoes_servico\".\"ordem_servico_id\" FROM \"public\".\"solicitacoes_servico\" WHERE \"public\".\"solicitacoes_servico\".\"id\" = $1 LIMIT $2 OFFSET $3"
    [35mparams[39m: "[\"cmmtg8ttd000t2fcwywdfs44s\",1,0]"
    [35mduration[39m: 2
    [35mtarget[39m: "quaint::connector::metrics"
[2026-03-16 14:20:26.804] [34mDEBUG[39m: [36mundefined - Query executada[39m
    [35menv[39m: "test"
    [35mservice[39m: "aupus-service-api"
    [35mcontext[39m: "Database"
    [35mquery[39m: "SELECT \"public\".\"plantas\".\"id\", \"public\".\"plantas\".\"nome\", \"public\".\"plantas\".\"cnpj\", \"public\".\"plantas\".\"localizacao\", \"public\".\"plantas\".\"horario_funcionamento\", \"public\".\"plantas\".\"logradouro\", \"public\".\"plantas\".\"bairro\", \"public\".\"plantas\".\"cidade\", \"public\".\"plantas\".\"uf\", \"public\".\"plantas\".\"cep\", \"public\".\"plantas\".\"proprietario_id\", \"public\".\"plantas\".\"created_at\", \"public\".\"plantas\".\"updated_at\", \"public\".\"plantas\".\"deleted_at\", \"public\".\"plantas\".\"numero_uc\" FROM \"public\".\"plantas\" WHERE \"public\".\"plantas\".\"id\" IN ($1) OFFSET $2"
    [35mparams[39m: "[\"cmhbyqh6e00012faox255dzla \",0]"
    [35mduration[39m: 3
    [35mtarget[39m: "quaint::connector::metrics"
[2026-03-16 14:20:26.810] [34mDEBUG[39m: [36mundefined - Query executada[39m
    [35menv[39m: "test"
    [35mservice[39m: "aupus-service-api"
    [35mcontext[39m: "Database"
    [35mquery[39m: "INSERT INTO \"public\".\"historico_solicitacao_servico\" (\"id\",\"solicitacao_id\",\"acao\",\"usuario_nome\",\"usuario_id\",\"data\",\"observacoes\",\"status_anterior\",\"status_novo\") VALUES ($1,$2,$3,$4,$5,$6,$7,CAST($8::text AS \"public\".\"StatusSolicitacaoServico\"),CAST($9::text AS \"public\".\"StatusSolicitacaoServico\")) RETURNING \"public\".\"historico_solicitacao_servico\".\"id\", \"public\".\"historico_solicitacao_servico\".\"solicitacao_id\", \"public\".\"historico_solicitacao_servico\".\"acao\", \"public\".\"historico_solicitacao_servico\".\"usuario\", \"public\".\"historico_solicitacao_servico\".\"usuario_nome\", \"public\".\"historico_solicitacao_servico\".\"usuario_id\", \"public\".\"historico_solicitacao_servico\".\"data\", \"public\".\"historico_solicitacao_servico\".\"observacoes\", \"public\".\"historico_solicitacao_servico\".\"status_anterior\"::text, \"public\".\"historico_solicitacao_servico\".\"status_novo\"::text, \"public\".\"historico_solicitacao_servico\".\"dados_extras\""
    [35mparams[39m: "[\"cmmtg8u5z00132fcwyu2j1212\",\"cmmtg8ttd000t2fcwywdfs44s\",\"CANCELAMENTO\",\"Admin\",\"k6g72ojagrl415bsak6y68qi96\",\"2026-03-16 17:20:26.808 UTC\",\"Não é mais necessário\",\"APROVADA\",\"CANCELADA\"]"
    [35mduration[39m: 2
    [35mtarget[39m: "quaint::connector::metrics"
[2026-03-16 14:20:26.837] [34mDEBUG[39m: [36mundefined - Query executada[39m
    [35menv[39m: "test"
    [35mservice[39m: "aupus-service-api"
    [35mcontext[39m: "Database"
    [35mquery[39m: "COMMIT"
    [35mparams[39m: "[]"
    [35mduration[39m: 25
    [35mtarget[39m: "quaint::connector::metrics"
[2026-03-16 14:20:26.853] [34mDEBUG[39m: [36mundefined - Query executada[39m
    [35menv[39m: "test"
    [35mservice[39m: "aupus-service-api"
    [35mcontext[39m: "Database"
    [35mquery[39m: "DELETE FROM \"public\".\"solicitacoes_servico\" WHERE (\"public\".\"solicitacoes_servico\".\"id\" = $1 AND 1=1) RETURNING \"public\".\"solicitacoes_servico\".\"id\", \"public\".\"solicitacoes_servico\".\"numero\", \"public\".\"solicitacoes_servico\".\"titulo\", \"public\".\"solicitacoes_servico\".\"descricao\", \"public\".\"solicitacoes_servico\".\"tipo\"::text, \"public\".\"solicitacoes_servico\".\"prioridade\"::text, \"public\".\"solicitacoes_servico\".\"status\"::text, \"public\".\"solicitacoes_servico\".\"origem\"::text, \"public\".\"solicitacoes_servico\".\"planta_id\", \"public\".\"solicitacoes_servico\".\"area\", \"public\".\"solicitacoes_servico\".\"local_especifico\", \"public\".\"solicitacoes_servico\".\"equipamento_id\", \"public\".\"solicitacoes_servico\".\"solicitante_nome\", \"public\".\"solicitacoes_servico\".\"solicitante_email\", \"public\".\"solicitacoes_servico\".\"solicitante_telefone\", \"public\".\"solicitacoes_servico\".\"solicitante_departamento\", \"public\".\"solicitacoes_servico\".\"solicitante_id\", \"public\".\"solicitacoes_servico\".\"data_necessidade\", \"public\".\"solicitacoes_servico\".\"prazo_esperado\", \"public\".\"solicitacoes_servico\".\"data_inicio_previsto\", \"public\".\"solicitacoes_servico\".\"data_fim_previsto\", \"public\".\"solicitacoes_servico\".\"tempo_estimado\", \"public\".\"solicitacoes_servico\".\"custo_estimado\", \"public\".\"solicitacoes_servico\".\"analisado_por_id\", \"public\".\"solicitacoes_servico\".\"data_analise\", \"public\".\"solicitacoes_servico\".\"observacoes_analise\", \"public\".\"solicitacoes_servico\".\"aprovado_por_id\", \"public\".\"solicitacoes_servico\".\"data_aprovacao\", \"public\".\"solicitacoes_servico\".\"observacoes_aprovacao\", \"public\".\"solicitacoes_servico\".\"rejeitado_por_id\", \"public\".\"solicitacoes_servico\".\"data_rejeicao\", \"public\".\"solicitacoes_servico\".\"motivo_rejeicao\", \"public\".\"solicitacoes_servico\".\"cancelado_por_id\", \"public\".\"solicitacoes_servico\".\"data_cancelamento\", \"public\".\"solicitacoes_servico\".\"motivo_cancelamento\", \"public\".\"solicitacoes_servico\".\"concluido_por_id\", \"public\".\"solicitacoes_servico\".\"data_conclusao\", \"public\".\"solicitacoes_servico\".\"observacoes_conclusao\", \"public\".\"solicitacoes_servico\".\"programacao_os_id\", \"public\".\"solicitacoes_servico\".\"os_id\", \"public\".\"solicitacoes_servico\".\"observacoes\", \"public\".\"solicitacoes_servico\".\"requisitos_especiais\", \"public\".\"solicitacoes_servico\".\"riscos_identificados\", \"public\".\"solicitacoes_servico\".\"created_at\", \"public\".\"solicitacoes_servico\".\"updated_at\", \"public\".\"solicitacoes_servico\".\"deleted_at\", \"public\".\"solicitacoes_servico\".\"local\", \"public\".\"solicitacoes_servico\".\"data_solicitacao\", \"public\".\"solicitacoes_servico\".\"prazo_execucao\", \"public\".\"solicitacoes_servico\".\"data_prevista_inicio\", \"public\".\"solicitacoes_servico\".\"data_prevista_fim\", \"public\".\"solicitacoes_servico\".\"justificativa\", \"public\".\"solicitacoes_servico\".\"beneficios_esperados\", \"public\".\"solicitacoes_servico\".\"riscos_nao_execucao\", \"public\".\"solicitacoes_servico\".\"materiais_necessarios\", \"public\".\"solicitacoes_servico\".\"ferramentas_necessarias\", \"public\".\"solicitacoes_servico\".\"mao_obra_necessaria\", \"public\".\"solicitacoes_servico\".\"departamento\", \"public\".\"solicitacoes_servico\".\"contato\", \"public\".\"solicitacoes_servico\".\"analisado_por_nome\", \"public\".\"solicitacoes_servico\".\"parecer_tecnico\", \"public\".\"solicitacoes_servico\".\"aprovado_por_nome\", \"public\".\"solicitacoes_servico\".\"sugestoes_alternativas\", \"public\".\"solicitacoes_servico\".\"cancelado_por_nome\", \"public\".\"solicitacoes_servico\".\"ordem_servico_id\""
    [35mparams[39m: "[\"cmmtg8ttd000t2fcwywdfs44s\"]"
    [35mduration[39m: 10
    [35mtarget[39m: "quaint::connector::metrics"
[2026-03-16 14:20:26.871] [34mDEBUG[39m: [36mundefined - Query executada[39m
    [35menv[39m: "test"
    [35mservice[39m: "aupus-service-api"
    [35mcontext[39m: "Database"
    [35mquery[39m: "DELETE FROM \"public\".\"solicitacoes_servico\" WHERE \"public\".\"solicitacoes_servico\".\"id\" = $1"
    [35mparams[39m: "[\"cmmtg8sj500012fcwngsu1x7a\"]"
    [35mduration[39m: 14
    [35mtarget[39m: "quaint::connector::metrics"
[2026-03-16 14:20:26.877] [32mINFO[39m: [36mundefined - Métricas de queries antes de desconectar[39m
    [35menv[39m: "test"
    [35mservice[39m: "aupus-service-api"
    [35mcontext[39m: "Database"
    [35mmetrics[39m: {
      "totalQueries": 203,
      "slowQueries": 0,
      "errorCount": 0
    }
[2026-03-16 14:20:26.891] [32mINFO[39m: [36mundefined - Métricas de queries antes de desconectar[39m
    [35menv[39m: "test"
    [35mservice[39m: "aupus-service-api"
    [35mcontext[39m: "Database"
    [35mmetrics[39m: {
      "totalQueries": 204,
      "slowQueries": 0,
      "errorCount": 0
    }
